[Basic]
Win=GDI_FLAG
Lose=N_LOGO_L
Name=GDI Challenge 01
Theme=MOTIV
Player=GDI
Percent=0
GameMode=Custom Map
HomeCell=98
InitTime=10000
Official=yes
EndOfGame=no
FreeRadar=no
MaxPlayer=8
MinPlayer=2
SkipScore=no
TrainCrate=no
TruckCrate=no
AltHomeCell=99
OneTimeOnly=yes
CarryOverCap=0
NewINIFormat=4
NextScenario=Maps\Missions\gch2.map
SkipMapSelect=yes
CarryOverMoney=0.000000
AltNextScenario=
MultiplayerOnly=0
IceGrowthEnabled=yes
VeinGrowthEnabled=yes
TiberiumGrowthEnabled=yes
IgnoreGlobalAITriggers=no
TiberiumDeathToVisceroid=no

[CYBORG]
TiberiumHeal=no

[CYC2]
TiberiumHeal=no

[CYCCANN]
TiberiumHeal=no

[DETHBED]
TiberiumHeal=no

[DSHP]
Sight=0

[DTRUCK]
TiberiumHeal=no

[Easy]
Cost=1.0

[INFECT]
TiberiumHeal=no

[REAPER]
TiberiumHeal=no

[VIPER]
TiberiumHeal=no

[Preview]

[PreviewPack]

[01000002]
0=10,E3
Name=Nod Tank Hunters
Group=-1

[01000003]
Max=0
Full=no
Name=Nod Tank Hunters
Group=-1
House=Nod
Script=01000017
Whiner=no
Droppod=no
Suicide=no
Loadable=no
Prebuild=no
Priority=0
Waypoint=A
Annoyance=no
IonImmune=no
Recruiter=no
Reinforce=no
TaskForce=01000002
TechLevel=0
Aggressive=no
Autocreate=no
GuardSlower=no
OnTransOnly=no
AvoidThreats=yes
LooseRecruit=no
VeteranLevel=1
IsBaseDefense=no
OnlyTargetHouseEnemy=no
TransportsReturnOnUnload=no
AreTeamMembersRecruitable=no

[01000006]
0=10,NODFLAME
Name=Nod Incinerators
Group=-1

[01000007]
Max=0
Full=no
Name=Nod Incinerators
Group=-1
House=Nod
Script=01000017
Whiner=no
Droppod=no
Suicide=no
Loadable=no
Prebuild=no
Priority=0
Waypoint=A
Annoyance=no
IonImmune=no
Recruiter=no
Reinforce=no
TaskForce=01000006
TechLevel=0
Aggressive=no
Autocreate=no
GuardSlower=no
OnTransOnly=no
AvoidThreats=no
LooseRecruit=no
VeteranLevel=2
IsBaseDefense=no
OnlyTargetHouseEnemy=no
TransportsReturnOnUnload=no
AreTeamMembersRecruitable=no

[01000010]
0=1,DSHP
1=1,GREPAIR
Name=GDI Reinforcements: Repair Tank
Group=-1

[01000011]
0=3,5
1=8,1
2=3,6
Name=GDI Reinforcements Dropship 1

[01000012]
0=3,4
1=8,1
2=3,7
Name=GDI Reinforcements Dropship 2

[01000013]
Max=0
Full=no
Name=GDI Reinforcements: Repair Tank 1
Group=-1
House=GDI
Script=01000011
Whiner=no
Droppod=no
Suicide=no
Loadable=no
Prebuild=no
Priority=0
Waypoint=H
Annoyance=no
IonImmune=no
Recruiter=no
Reinforce=no
TaskForce=01000010
TechLevel=0
Aggressive=no
Autocreate=no
GuardSlower=no
OnTransOnly=no
AvoidThreats=no
LooseRecruit=no
VeteranLevel=1
IsBaseDefense=no
OnlyTargetHouseEnemy=no
TransportsReturnOnUnload=no
AreTeamMembersRecruitable=no

[01000016]
0=15,E1NOD
Name=Nod Militants
Group=-1

[01000017]
0=0,1
Name=Generic Attack Script

[01000018]
Max=0
Full=no
Name=Nod Militants
Group=-1
House=Nod
Script=01000017
Whiner=no
Droppod=no
Suicide=no
Loadable=no
Prebuild=no
Priority=0
Waypoint=A
Annoyance=no
IonImmune=no
Recruiter=no
Reinforce=no
TaskForce=01000016
TechLevel=0
Aggressive=no
Autocreate=no
GuardSlower=no
OnTransOnly=no
AvoidThreats=no
LooseRecruit=no
VeteranLevel=1
IsBaseDefense=no
OnlyTargetHouseEnemy=no
TransportsReturnOnUnload=no
AreTeamMembersRecruitable=no

[01000019]
Max=0
Full=no
Name=GDI Reinforcements: Repair Tank 2
Group=-1
House=GDI
Script=01000012
Whiner=no
Droppod=no
Suicide=no
Loadable=no
Prebuild=no
Priority=0
Waypoint=G
Annoyance=no
IonImmune=no
Recruiter=no
Reinforce=no
TaskForce=01000010
TechLevel=0
Aggressive=no
Autocreate=no
GuardSlower=no
OnTransOnly=no
AvoidThreats=no
LooseRecruit=no
VeteranLevel=1
IsBaseDefense=no
OnlyTargetHouseEnemy=no
TransportsReturnOnUnload=no
AreTeamMembersRecruitable=no

[01000022]
0=5,LTNK
Name=Nod Scorpions
Group=-1

[01000023]
Max=0
Full=no
Name=Nod Scorpions
Group=-1
House=Nod
Script=01000017
Whiner=no
Droppod=no
Suicide=no
Loadable=no
Prebuild=no
Priority=0
Waypoint=A
Annoyance=no
IonImmune=no
Recruiter=no
Reinforce=no
TaskForce=01000022
TechLevel=0
Aggressive=no
Autocreate=no
GuardSlower=no
OnTransOnly=no
AvoidThreats=no
LooseRecruit=no
VeteranLevel=1
IsBaseDefense=no
OnlyTargetHouseEnemy=no
TransportsReturnOnUnload=no
AreTeamMembersRecruitable=no

[01000026]
0=5,VIPER
Name=Nod Vipers
Group=-1

[01000027]
Max=0
Full=no
Name=Nod Vipers
Group=-1
House=Nod
Script=01000017
Whiner=no
Droppod=no
Suicide=no
Loadable=no
Prebuild=no
Priority=0
Waypoint=A
Annoyance=no
IonImmune=no
Recruiter=no
Reinforce=no
TaskForce=01000026
TechLevel=0
Aggressive=no
Autocreate=no
GuardSlower=no
OnTransOnly=no
AvoidThreats=yes
LooseRecruit=no
VeteranLevel=1
IsBaseDefense=no
OnlyTargetHouseEnemy=no
TransportsReturnOnUnload=no
AreTeamMembersRecruitable=no

[01000030]
0=6,DETHBED
Name=Nod  Cleaver Drones
Group=-1

[01000031]
Max=0
Full=no
Name=Nod Cleavers
Group=-1
House=Nod
Script=01000017
Whiner=no
Droppod=no
Suicide=no
Loadable=no
Prebuild=no
Priority=0
Waypoint=A
Annoyance=no
IonImmune=no
Recruiter=no
Reinforce=no
TaskForce=01000030
TechLevel=0
Aggressive=no
Autocreate=no
GuardSlower=no
OnTransOnly=no
AvoidThreats=yes
LooseRecruit=no
VeteranLevel=1
IsBaseDefense=no
OnlyTargetHouseEnemy=no
TransportsReturnOnUnload=no
AreTeamMembersRecruitable=no

[01000036]
0=1,DSHP
1=3,GOLIA
Name=GDI Reinforcements: Goliaths
Group=-1

[01000037]
Max=0
Full=no
Name=GDI Reinforcements: Goliaths 1
Group=-1
House=GDI
Script=01000011
Whiner=no
Droppod=no
Suicide=no
Loadable=no
Prebuild=no
Priority=0
Waypoint=H
Annoyance=no
IonImmune=no
Recruiter=no
Reinforce=no
TaskForce=01000036
TechLevel=0
Aggressive=no
Autocreate=no
GuardSlower=no
OnTransOnly=no
AvoidThreats=no
LooseRecruit=no
VeteranLevel=1
IsBaseDefense=no
OnlyTargetHouseEnemy=no
TransportsReturnOnUnload=no
AreTeamMembersRecruitable=no

[01000038]
Max=0
Full=no
Name=GDI Reinforcements: Goliaths 2
Group=-1
House=GDI
Script=01000012
Whiner=no
Droppod=no
Suicide=no
Loadable=no
Prebuild=no
Priority=0
Waypoint=G
Annoyance=no
IonImmune=no
Recruiter=no
Reinforce=no
TaskForce=01000036
TechLevel=0
Aggressive=no
Autocreate=no
GuardSlower=no
OnTransOnly=no
AvoidThreats=no
LooseRecruit=no
VeteranLevel=1
IsBaseDefense=no
OnlyTargetHouseEnemy=no
TransportsReturnOnUnload=no
AreTeamMembersRecruitable=no

[01000041]
0=5,FTNK
Name=Nod Inferno
Group=-1

[01000042]
Max=0
Full=no
Name=Nod Inferno
Group=-1
House=Nod
Script=01000017
Whiner=no
Droppod=no
Suicide=no
Loadable=no
Prebuild=no
Priority=0
Waypoint=A
Annoyance=no
IonImmune=no
Recruiter=no
Reinforce=no
TaskForce=01000041
TechLevel=0
Aggressive=no
Autocreate=no
GuardSlower=no
OnTransOnly=no
AvoidThreats=yes
LooseRecruit=no
VeteranLevel=2
IsBaseDefense=no
OnlyTargetHouseEnemy=no
TransportsReturnOnUnload=no
AreTeamMembersRecruitable=no

[01000045]
0=5,HTNK
Name=Nod Eclipses
Group=-1

[01000046]
Max=0
Full=no
Name=Nod Eclipses
Group=-1
House=Nod
Script=01000017
Whiner=no
Droppod=no
Suicide=no
Loadable=no
Prebuild=no
Priority=0
Waypoint=A
Annoyance=no
IonImmune=no
Recruiter=no
Reinforce=no
TaskForce=01000045
TechLevel=0
Aggressive=no
Autocreate=no
GuardSlower=no
OnTransOnly=no
AvoidThreats=no
LooseRecruit=no
VeteranLevel=1
IsBaseDefense=no
OnlyTargetHouseEnemy=no
TransportsReturnOnUnload=no
AreTeamMembersRecruitable=no

[01000051]
0=1,DSHP
1=3,RLTNK
Name=GDI Reinforcements: Railgun Tanks
Group=-1

[01000052]
Max=0
Full=no
Name=GDI Reinforcements: Railgun Tanks 1
Group=-1
House=GDI
Script=01000011
Whiner=no
Droppod=no
Suicide=no
Loadable=no
Prebuild=no
Priority=0
Waypoint=H
Annoyance=no
IonImmune=no
Recruiter=no
Reinforce=no
TaskForce=01000051
TechLevel=0
Aggressive=no
Autocreate=no
GuardSlower=no
OnTransOnly=no
AvoidThreats=no
LooseRecruit=no
VeteranLevel=1
IsBaseDefense=no
OnlyTargetHouseEnemy=no
TransportsReturnOnUnload=no
AreTeamMembersRecruitable=no

[01000053]
Max=0
Full=no
Name=GDI Reinforcements: Railgun Tanks 2
Group=-1
House=GDI
Script=01000012
Whiner=no
Droppod=no
Suicide=no
Loadable=no
Prebuild=no
Priority=0
Waypoint=G
Annoyance=no
IonImmune=no
Recruiter=no
Reinforce=no
TaskForce=01000051
TechLevel=0
Aggressive=no
Autocreate=no
GuardSlower=no
OnTransOnly=no
AvoidThreats=no
LooseRecruit=no
VeteranLevel=1
IsBaseDefense=no
OnlyTargetHouseEnemy=no
TransportsReturnOnUnload=no
AreTeamMembersRecruitable=no

[01000054]
0=5,APACHE
Name=Nod Hornets
Group=-1

[01000055]
0=5,HOWITZ
Name=Nod Hammerheads
Group=-1

[01000056]
Max=0
Full=no
Name=Nod Hammerheads
Group=-1
House=Nod
Script=01000017
Whiner=no
Droppod=no
Suicide=no
Loadable=no
Prebuild=no
Priority=0
Waypoint=A
Annoyance=no
IonImmune=no
Recruiter=no
Reinforce=no
TaskForce=01000055
TechLevel=0
Aggressive=no
Autocreate=no
GuardSlower=no
OnTransOnly=no
AvoidThreats=no
LooseRecruit=no
VeteranLevel=1
IsBaseDefense=no
OnlyTargetHouseEnemy=no
TransportsReturnOnUnload=no
AreTeamMembersRecruitable=no

[01000061]
0=5,STNK
Name=Nod Shadows
Group=-1

[01000062]
Max=0
Full=no
Name=Nod Shadows
Group=-1
House=Nod
Script=01000017
Whiner=no
Droppod=no
Suicide=no
Loadable=no
Prebuild=no
Priority=0
Waypoint=A
Annoyance=no
IonImmune=no
Recruiter=no
Reinforce=no
TaskForce=01000061
TechLevel=0
Aggressive=no
Autocreate=no
GuardSlower=no
OnTransOnly=no
AvoidThreats=yes
LooseRecruit=no
VeteranLevel=1
IsBaseDefense=no
OnlyTargetHouseEnemy=no
TransportsReturnOnUnload=no
AreTeamMembersRecruitable=no

[01000065]
0=3,SUBARTY
Name=Nod Moles
Group=-1

[01000066]
Max=0
Full=no
Name=Nod Moles
Group=-1
House=Nod
Script=01000017
Whiner=no
Droppod=no
Suicide=no
Loadable=no
Prebuild=no
Priority=0
Waypoint=A
Annoyance=no
IonImmune=no
Recruiter=no
Reinforce=no
TaskForce=01000065
TechLevel=0
Aggressive=no
Autocreate=no
GuardSlower=no
OnTransOnly=no
AvoidThreats=no
LooseRecruit=no
VeteranLevel=1
IsBaseDefense=no
OnlyTargetHouseEnemy=no
TransportsReturnOnUnload=no
AreTeamMembersRecruitable=no

[01000071]
0=1,DSHP
1=3,MLRSW
Name=GDI Reinforcements: MLRS Walkers
Group=-1

[01000072]
Max=0
Full=no
Name=GDI Reinforcements: MLRS 1
Group=-1
House=GDI
Script=01000011
Whiner=no
Droppod=no
Suicide=no
Loadable=no
Prebuild=no
Priority=0
Waypoint=H
Annoyance=no
IonImmune=no
Recruiter=no
Reinforce=no
TaskForce=01000071
TechLevel=0
Aggressive=no
Autocreate=no
GuardSlower=no
OnTransOnly=no
AvoidThreats=no
LooseRecruit=no
VeteranLevel=1
IsBaseDefense=no
OnlyTargetHouseEnemy=no
TransportsReturnOnUnload=no
AreTeamMembersRecruitable=no

[01000073]
Max=0
Full=no
Name=GDI Reinforcements: MLRS 2
Group=-1
House=GDI
Script=01000012
Whiner=no
Droppod=no
Suicide=no
Loadable=no
Prebuild=no
Priority=0
Waypoint=G
Annoyance=no
IonImmune=no
Recruiter=no
Reinforce=no
TaskForce=01000071
TechLevel=0
Aggressive=no
Autocreate=no
GuardSlower=no
OnTransOnly=no
AvoidThreats=no
LooseRecruit=no
VeteranLevel=1
IsBaseDefense=no
OnlyTargetHouseEnemy=no
TransportsReturnOnUnload=no
AreTeamMembersRecruitable=no

[01000074]
0=8,CYBORG
Name=Nod Vulcan Cyborgs
Group=-1

[01000075]
Max=0
Full=no
Name=Nod Vulcan Cyborgs
Group=-1
House=Nod
Script=01000017
Whiner=no
Droppod=no
Suicide=no
Loadable=no
Prebuild=no
Priority=0
Waypoint=A
Annoyance=no
IonImmune=no
Recruiter=no
Reinforce=no
TaskForce=01000074
TechLevel=0
Aggressive=no
Autocreate=no
GuardSlower=no
OnTransOnly=no
AvoidThreats=no
LooseRecruit=no
VeteranLevel=1
IsBaseDefense=no
OnlyTargetHouseEnemy=no
TransportsReturnOnUnload=no
AreTeamMembersRecruitable=no

[01000078]
0=6,CYCCANN
Name=Nod Cannon Cyborgs
Group=-1

[01000079]
Max=0
Full=no
Name=Nod Cannon Cyborg
Group=-1
House=Nod
Script=01000017
Whiner=no
Droppod=no
Suicide=no
Loadable=no
Prebuild=no
Priority=0
Waypoint=A
Annoyance=no
IonImmune=no
Recruiter=no
Reinforce=no
TaskForce=01000078
TechLevel=0
Aggressive=no
Autocreate=no
GuardSlower=no
OnTransOnly=no
AvoidThreats=no
LooseRecruit=no
VeteranLevel=1
IsBaseDefense=no
OnlyTargetHouseEnemy=no
TransportsReturnOnUnload=no
AreTeamMembersRecruitable=no

[01000084]
0=1,DSHP
1=1,MMKII
Name=GDI Reinforcement: Mammoth Walker
Group=-1

[01000085]
Max=0
Full=no
Name=GDI Reinforcements: Mammoth
Group=-1
House=GDI
Script=01000141
Whiner=no
Droppod=no
Suicide=no
Loadable=no
Prebuild=no
Priority=0
Waypoint=H
Annoyance=no
IonImmune=no
Recruiter=no
Reinforce=no
TaskForce=01000084
TechLevel=0
Aggressive=no
Autocreate=no
GuardSlower=no
OnTransOnly=no
AvoidThreats=no
LooseRecruit=no
VeteranLevel=1
IsBaseDefense=no
OnlyTargetHouseEnemy=no
TransportsReturnOnUnload=no
AreTeamMembersRecruitable=no

[01000087]
0=4,REAPER
Name=Nod Reapers
Group=-1

[01000090]
Max=0
Full=no
Name=Nod Reapers
Group=-1
House=Nod
Script=01000017
Whiner=no
Droppod=no
Suicide=no
Loadable=no
Prebuild=no
Priority=0
Waypoint=A
Annoyance=no
IonImmune=no
Recruiter=no
Reinforce=no
TaskForce=01000087
TechLevel=0
Aggressive=no
Autocreate=no
GuardSlower=no
OnTransOnly=no
AvoidThreats=no
LooseRecruit=no
VeteranLevel=1
IsBaseDefense=no
OnlyTargetHouseEnemy=no
TransportsReturnOnUnload=no
AreTeamMembersRecruitable=no

[01000091]
0=3,CYCCANN
1=1,CYC2
2=1,INFECT
Name=Nod Final Wave
Group=-1

[01000092]
Max=0
Full=no
Name=Nod Final Wave
Group=-1
House=Nod
Script=01000017
Whiner=no
Droppod=no
Suicide=no
Loadable=no
Prebuild=no
Priority=0
Waypoint=A
Annoyance=no
IonImmune=no
Recruiter=no
Reinforce=no
TaskForce=01000091
TechLevel=0
Aggressive=no
Autocreate=no
GuardSlower=no
OnTransOnly=no
AvoidThreats=no
LooseRecruit=no
VeteranLevel=1
IsBaseDefense=no
OnlyTargetHouseEnemy=no
TransportsReturnOnUnload=no
AreTeamMembersRecruitable=no

[01000141]
0=3,98
1=8,1
2=3,6
Name=GDI Reinforcement Dropship Final

[Actions]
01000000=4,80,1,01000018,0,0,0,0,A,80,1,01000018,0,0,0,0,B,80,1,01000018,0,0,0,0,C,80,1,01000018,0,0,0,0,D
01000004=4,80,1,01000003,0,0,0,0,A,80,1,01000003,0,0,0,0,B,80,1,01000003,0,0,0,0,C,80,1,01000003,0,0,0,0,D
01000008=4,80,1,01000007,0,0,0,0,A,80,1,01000007,0,0,0,0,B,80,1,01000007,0,0,0,0,C,80,1,01000007,0,0,0,0,D
01000014=5,17,0,98,0,0,0,0,A,17,0,8,0,0,0,0,A,17,0,9,0,0,0,0,A,17,0,10,0,0,0,0,A,17,0,11,0,0,0,0,A
01000020=2,80,1,01000013,0,0,0,0,H,80,1,01000019,0,0,0,0,G
01000024=4,80,1,01000023,0,0,0,0,A,80,1,01000023,0,0,0,0,B,80,1,01000023,0,0,0,0,C,80,1,01000023,0,0,0,0,D
01000028=4,80,1,01000027,0,0,0,0,A,80,1,01000027,0,0,0,0,B,80,1,01000027,0,0,0,0,C,80,1,01000027,0,0,0,0,D
01000032=4,80,1,01000031,0,0,0,0,A,80,1,01000031,0,0,0,0,B,80,1,01000031,0,0,0,0,C,80,1,01000031,0,0,0,0,D
01000034=2,80,1,01000037,0,0,0,0,H,80,1,01000038,0,0,0,0,G
01000039=1,2,0,0,0,0,0,0,A
01000043=4,80,1,01000042,0,0,0,0,A,80,1,01000042,0,0,0,0,B,80,1,01000042,0,0,0,0,C,80,1,01000042,0,0,0,0,D
01000047=4,80,1,01000046,0,0,0,0,A,80,1,01000046,0,0,0,0,B,80,1,01000046,0,0,0,0,C,80,1,01000046,0,0,0,0,D
01000049=2,80,1,01000052,0,0,0,0,H,80,1,01000053,0,0,0,0,G
01000057=4,80,1,01000056,0,0,0,0,A,80,1,01000056,0,0,0,0,B,80,1,01000056,0,0,0,0,C,80,1,01000056,0,0,0,0,D
01000059=1,16,0,0,0,0,0,0,A
01000063=4,80,1,01000062,0,0,0,0,A,80,1,01000062,0,0,0,0,B,80,1,01000062,0,0,0,0,C,80,1,01000062,0,0,0,0,D
01000067=4,80,1,01000066,0,0,0,0,A,80,1,01000066,0,0,0,0,B,80,1,01000066,0,0,0,0,C,80,1,01000066,0,0,0,0,D
01000069=2,80,1,01000072,0,0,0,0,H,80,1,01000073,0,0,0,0,G
01000076=4,80,1,01000075,0,0,0,0,A,80,1,01000075,0,0,0,0,B,80,1,01000075,0,0,0,0,C,80,1,01000075,0,0,0,0,D
01000080=4,80,1,01000079,0,0,0,0,A,80,1,01000079,0,0,0,0,B,80,1,01000079,0,0,0,0,C,80,1,01000079,0,0,0,0,D
01000082=1,80,1,01000085,0,0,0,0,H
01000088=4,80,1,01000090,0,0,0,0,A,80,1,01000090,0,0,0,0,B,80,1,01000090,0,0,0,0,C,80,1,01000090,0,0,0,0,D
01000093=5,80,1,01000092,0,0,0,0,A,80,1,01000092,0,0,0,0,B,80,1,01000092,0,0,0,0,C,80,1,01000092,0,0,0,0,D,21,0,98=01-I378,0,0,0,0,A
01000095=1,1,0,0,0,0,0,0,A
01000097=1,53,2,01000095,0,0,0,0,A
01000099=1,46,0,0,0,0,0,0,A
01000101=2,47,0,0,0,0,0,0,A,11,0,2,0,0,0,0,A
01000103=1,11,0,104,0,0,0,0,A
01000105=1,53,2,01000107,0,0,0,0,A
01000107=5,53,2,01000109,0,0,0,0,A,54,2,01000107,0,0,0,0,A,73,0,95,0,0,0,0,A,72,0,1070000000,0,0,0,0,A,71,0,1019000000,0,0,0,0,A
01000109=2,53,2,01000111,0,0,0,0,A,54,2,01000109,0,0,0,0,A
01000111=5,53,2,01000113,0,0,0,0,A,54,2,01000111,0,0,0,0,A,73,0,40,0,0,0,0,A,72,0,1070000000,0,0,0,0,A,71,0,1019000000,0,0,0,0,A
01000113=2,53,2,01000107,0,0,0,0,A,54,2,01000113,0,0,0,0,A
01000115=1,1,0,0,0,0,0,0,A
01000117=1,21,0,89=01-I342,0,0,0,0,A
01000119=1,21,0,402=99-N460,0,0,0,0,A
01000121=1,21,0,406=01-N468,0,0,0,0,A
01000123=1,21,0,91=01-I352,0,0,0,0,A
01000125=1,21,0,95=01-I364,0,0,0,0,A
01000127=1,21,0,93=01-I360,0,0,0,0,A
01000129=1,53,2,01000117,0,0,0,0,A
01000131=1,53,2,01000119,0,0,0,0,A
01000133=1,53,2,01000121,0,0,0,0,A
01000135=1,53,2,01000123,0,0,0,0,A
01000137=1,53,2,01000125,0,0,0,0,A
01000139=1,53,2,01000127,0,0,0,0,A

[Briefing]
1=GDI Challenge 01:@@
2=Successfully survive the incoming waves of enemy Nod units. The challenge will be
3=completed once all enemy waves have been defeated. If all GDI forces are destroyed
4=you will fail the challenge. Reinforcements are available dependent on your performance.
5=Good luck.@@
6=@@
7=@@

[Events]
01000000=1,13,0,15
01000004=1,13,0,60
01000008=1,13,0,140
01000014=1,13,0,0
01000020=1,16,0,140
01000024=1,13,0,340
01000028=1,13,0,550
01000032=1,13,0,650
01000034=1,16,0,200
01000039=1,11,0,0
01000043=1,13,0,800
01000047=1,13,0,1000
01000049=1,16,0,240
01000057=1,13,0,1100
01000059=1,13,0,0
01000063=1,13,0,1250
01000067=1,13,0,1750
01000069=1,16,0,280
01000076=1,13,0,1350
01000080=1,13,0,1500
01000082=1,16,0,340
01000088=1,13,0,1900
01000093=1,13,0,2100
01000095=1,11,0,1
01000097=1,13,0,2100
01000099=1,13,0,0
01000101=1,13,0,15
01000103=1,13,0,10
01000105=1,13,0,2
01000107=1,13,0,32
01000109=1,46,0,95
01000111=1,13,0,32
01000113=1,45,0,40
01000115=1,13,0,5
01000117=1,13,0,5
01000119=1,13,0,5
01000121=1,13,0,5
01000123=1,13,0,5
01000125=1,13,0,5
01000127=1,13,0,5
01000129=1,16,0,5
01000131=1,16,0,10
01000133=1,16,0,15
01000135=1,16,0,20
01000137=1,16,0,25
01000139=1,16,0,30

[GDI]
IQ=0
Edge=North
Side=GDI
Color=Gold
Allies=GDI,GT,Neutral
Credits=0
ActsLike=0
NodeCount=0
TechLevel=10
PercentBuilt=100
PlayerControl=no

[GDIA]
IQ=5
Edge=North
Side=GDIA
Color=Gold
Allies=GDIA
Credits=0
ActsLike=0
NodeCount=0
TechLevel=10
PercentBuilt=100
PlayerControl=no

[GDIB]
IQ=5
Edge=North
Side=GDIB
Color=Gold
Allies=GDIB
Credits=0
ActsLike=0
NodeCount=0
TechLevel=10
PercentBuilt=100
PlayerControl=no

[GT]
IQ=0
Edge=West
Side=GDI
Color=DarkBlue
Allies=GT,GDI,Neutral
Credits=0
ActsLike=0
NodeCount=0
TechLevel=10
PercentBuilt=100
PlayerControl=yes

[Houses]
0=GDI
1=Nod
2=TMF
3=GDIA
4=GDIB
5=NodA
6=NodB
7=Neutral
8=Special
9=GT

[Infantry]
0=GDI,E1,256,64,66,1,Guard,64,None,0,-1,0,1,0
1=GDI,E1,256,64,66,2,Guard,64,None,0,-1,0,1,0
2=GDI,E1,256,64,65,1,Guard,64,None,0,-1,0,1,0
3=GDI,E1,256,64,65,2,Guard,64,None,0,-1,0,1,0
4=GDI,E1,256,64,64,1,Guard,64,None,0,-1,0,1,0
5=GDI,E1,256,64,64,2,Guard,64,None,0,-1,0,1,0
6=GDI,E1,256,64,67,1,Guard,64,None,0,-1,0,1,0
7=GDI,E1,256,64,67,2,Guard,64,None,0,-1,0,1,0
8=GDI,E1,256,68,67,1,Guard,64,None,0,-1,0,1,0
9=GDI,E1,256,68,67,2,Guard,64,None,0,-1,0,1,0
10=GDI,E1,256,68,66,1,Guard,64,None,0,-1,0,1,0
11=GDI,E1,256,68,66,2,Guard,64,None,0,-1,0,1,0
12=GDI,E1,256,68,65,1,Guard,64,None,0,-1,0,1,0
13=GDI,E1,256,68,65,2,Guard,64,None,0,-1,0,1,0
14=GDI,E1,256,68,64,1,Guard,64,None,0,-1,0,1,0
15=GDI,E1,256,68,64,2,Guard,64,None,0,-1,0,1,0
16=GT,GTMILIT,256,66,67,1,Guard,64,None,0,-1,0,1,0
17=GT,GTMILIT,256,66,67,2,Guard,64,None,0,-1,0,1,0
18=GT,GTEXO,256,72,69,0,Guard,64,None,0,-1,0,1,0
19=GT,GTHEAVY,256,72,67,0,Guard,64,None,0,-1,0,1,0
20=GT,GTHEAVY,256,66,71,0,Guard,64,None,0,-1,0,1,0
21=GT,GTHEAVY,256,72,63,0,Guard,64,None,0,-1,0,1,0
22=GT,GTEXO,256,72,61,0,Guard,64,None,0,-1,0,1,0
23=GT,MEDICG,256,66,66,1,Guard,64,None,0,-1,0,1,0
24=GT,GTHEAVY,256,60,67,1,Guard,64,None,0,-1,0,1,0
25=GT,GTHEAVY,256,66,59,0,Guard,64,None,0,-1,0,1,0
26=GT,GTHEAVY,256,60,63,1,Guard,64,None,0,-1,0,1,0
27=GT,GTEXO,256,60,69,1,Guard,64,None,0,-1,0,1,0
28=GT,MEDICG,256,66,66,2,Guard,64,None,0,-1,0,1,0
29=GT,MEDICG,256,66,64,1,Guard,64,None,0,-1,0,1,0
30=GT,MEDICG,256,66,64,2,Guard,64,None,0,-1,0,1,0
31=GT,GTEXO,256,60,61,1,Guard,64,None,0,-1,0,1,0
32=GDI,E1,256,64,63,1,Guard,64,None,0,-1,0,1,0
33=GDI,E1,256,64,63,2,Guard,64,None,0,-1,0,1,0
34=GDI,E1,256,68,63,1,Guard,64,None,0,-1,0,1,0
35=GDI,E1,256,68,63,2,Guard,64,None,0,-1,0,1,0
36=GT,GTMILIT,256,66,63,1,Guard,64,None,0,-1,0,1,0
37=GT,GTMILIT,256,66,63,2,Guard,64,None,0,-1,0,1,0
38=GT,GTHEAVY,256,63,71,1,Guard,64,None,0,-1,0,1,0
39=GT,GTHEAVY,256,69,71,0,Guard,64,None,0,-1,0,1,0
40=GT,GTHEAVY,256,69,59,0,Guard,64,None,0,-1,0,1,0
41=GT,GTHEAVY,256,63,59,0,Guard,64,None,0,-1,0,1,0
42=GT,GTEXO,256,66,65,1,Guard,64,None,0,-1,0,1,0
43=GT,GTEXO,256,66,65,2,Guard,64,None,0,-1,0,1,0
44=GDI,E2,256,60,59,1,Guard,64,None,0,-1,0,1,0
45=GDI,E2,256,60,59,2,Guard,64,None,0,-1,0,1,0
46=GDI,E2,256,72,72,0,Guard,64,None,0,-1,0,1,0
47=GDI,E2,256,73,71,0,Guard,64,None,0,-1,0,1,0
48=GDI,E2,256,72,59,1,Guard,64,None,0,-1,0,1,0
49=GDI,E2,256,72,59,2,Guard,64,None,0,-1,0,1,0
50=GDI,E2,256,60,71,1,Guard,64,None,0,-1,0,1,0
51=GDI,E2,256,60,71,2,Guard,64,None,0,-1,0,1,0
52=GT,GTEXO,256,65,71,0,Guard,64,None,0,-1,0,1,0
53=GT,GTEXO,256,65,59,0,Guard,64,None,0,-1,0,1,0
54=GDI,SNIPER,256,63,62,0,Guard,64,None,0,-1,0,1,0
55=GDI,SNIPER,256,69,68,0,Guard,64,None,0,-1,0,1,0
56=GT,GTEXO,256,72,65,0,Guard,64,None,0,-1,0,1,0
57=GT,GTEXO,256,67,71,0,Guard,64,None,0,-1,0,1,0
58=GT,GTEXO,256,67,59,0,Guard,64,None,0,-1,0,1,0
59=GT,GTEXO,256,60,65,0,Guard,64,None,0,-1,0,1,0
60=GT,GTHEAVY,256,60,66,0,Guard,64,None,0,-1,0,1,0
61=GT,GTHEAVY,256,60,64,0,Guard,64,None,0,-1,0,1,0
62=GT,GTHEAVY,256,72,66,0,Guard,64,None,0,-1,0,1,0
63=GT,GTHEAVY,256,72,64,0,Guard,64,None,0,-1,0,1,0

[IsoMapPack5]
0=sg4AIA0BAEEAlgAAAAAFAAIAQQCW6wFAAKDrAUIAo6sBAwBA4wQDAEIoKwBBAJnhBD/7Bg
1=MAQ/sGBAA/7wUEAEMoKwBCAJq4BgIEAEAAm+kBPuQIAgQARACl9AIBQQA5J5MUBQA95wgF
2=AD4oKAAniQEFKJACAgUAQwCepwgFAEH4EQIFAEUApvQCAUIAKwLdCkTpDAYoXQEGKDMBBg
3=A9+xwGAD8oKQBB6xcGADzoFwIGAEYApKsMBgBE9g0GALQNAwEFAAYAQ4EPBWkBReMPBwBG
4=4xoHAED2IwcAJ4gBAgcAPgCcvAoCBwA8AJ3pATvjDwcARSgpAEf5JwfADwECBQAHwQ8GaQ
5=FEjRAKaQE9KA0CP+gBAggARQCYqwwIAD7nHggAQecTCAA78x8IAEYoKQA67xAIAD0oKQA/
6=4jAIACdHCQgASPUjCMQTAgcFAAgApRMLaQE8KDkCQCgpAEfrAQkAO+8mCQBFKCgAJycFCQ
7=A69xgJAEIoKQA/5ykJAD3kKQIJADwAoaceCQBDKCkARCgpAEniOwkAJ38FCQA5KDkCPigo
8=ACe+AgkAJ/8KCQBI4wQKADr/FQoASSgoACfXBQoAQvEqCih/BQoAO/8VCgA/KCsAOQCfqx
9=cKADj0LgIKAD4AovUCQSgpAEgoKQBK9EQCCgBDADCzYQoARIgBAggFAAoAJwIGCgAnlggK
10=ACduAwoAJy8GCwBAbA1viQsAOOEaCygbCQsAOftICwBC4zALAEkoKQA64xoLAEYoKAAnZw
11=0LADfrFwsAS+8xCwA99BgLCwA+AC0CAAAEBQALAD+JAQhoAQRHAC8CAAAGaQFIiQEMaAGl
12=HgFoAaUeCWkBO+U0CyjfBgsASvcCDABJ52AMADznNAwASygpAELrFwwAOOuQDABFKCgAJ8
13=cODABK8ksMACeHBgwANu8bDAA9lBgBAQUADM0bBWgBrRsJaQFAgQQNaAG5HAdoAbgclAK5
14=HAJ0ArkcCmkBNyhAAyf/CgwAOihVAEYoKQBM6wENAEfsPAENADYA3cUNKBcODQBL9SMNKH
15=cEDQA6+1MNAEwoKQA151UNADkoKQA36YUNKCMVDQBN7TwNyCIBAgUADckiBmgBqSIKaAGp
16=Ig5pAUiYPYkBSYkBFHUCSokBGmgBtSMDaAG1IwtpATgoxAMn8w4NAEIoVAAn2BYBDgA1AN
17=8gDgA3KCkAOSgpADb7Xg4AOigpADsoKAAn9RQOKF8XDgBM40YOADT3Iw4AQSgpADjvRw4A
18=Rf1iDih5FQ7UIwEHBQAO0WELaAG1Iw9pAUicIIgBtSMVdAK1IxtpAUuBBCFpAU2JAS1pAU
19=6JATNoAbknBGgBuScMaAEnqRAOKH8QDwBG/68PADTyHw8AJ/8gDwA17WgPKO8TDwA3/yAP
20=ADkoKAAniyIPAEf/IA8AM/8gDwA9KCkAPudKDwBIKCkAT/BsCw8AOgAsAgAAAwUADwA7iQ
21=EGaQE8iQEJaAG1IxZoAbUjHGgBtSMiaQFMiSIoaAGhJS5oAaElNGgBoSUFaAGhJQ1pAUWF
22=rRVpATbySw8AJ/YJDwAnPx4QADPrbxAANCgpAEooKQA1/ysQAD4oKAAn1xsQAEjvcxAAT+
23=gtARAARgAlVyEQAEDnlxAAP/t0EABNKCkATigpAEz/KxAANvMqEAAy8yoQAEPndhAASSgp
24=ADjr/hAAOZwrAQEFABDBMARoAaEwB2gBoTAKaAGpLSNoAbknDmgBuScWaAEnPRMQKKEaEC
25=gFFxAoIwoQAFDoLQIRAEwAMWAoBAQAEQBLADLoASdQBQERADIA1XsRKKEPESh/BREARutZ
26=EQBOKCkATygpAE33LhEANvcuEQA/KCkAQvdaEQAz/ysRADQoKQBFKCkAMft/EQBEKCkAR+
27=MwEQBQKCkAOe0xEdwrAQUFABHBXAhoAb0rC2kBPY0xDmsBQAAxJCMgEQBBiQEDdAInfQUR
28=KHsKEQBDKCQFJ2cjEQBJKFUAUegBAhIASQAqvysSAEooKQBNKCkATigrAEwALe8FSwAu6Q
29=FP8zUSAEjzNRIARngDItshEgAx8TUSKN8GEgAzKFUANCgpAETrZBIAUCgpADX+NhIAJ9kW
30=EijhIhIoKSwSKAsHEgBF42cSAEf3ORIAOP82EgA9KCkAUSgpADDrOBIAN/OYEgA6KCkAOy
31=goACdzKhIAUvppEgCwNQEBBQAS0TUEaQFCnTYHaQFDiAEDCgUAEwBNoCUEBAATAE8AKXAB
32=aQE29y4TADooKQA7KCsASQAv7QU34zATADwoKQA17zETADkoKQBIoJZpDEu0GGkBSrSGaQ
33=FMpFVpAU6kVWkBRWwNdTkTKDUHEyg1BxMoNwcTADDzNRMAP/NsEwBQKCkANPNsEwA495wT
34=AD0oKQBE/zYTAFEoKQBD+zITAC+8FXknU7AUaQFA4DACEwBGAC63ZRMAR4kBA2AEoWcFaA
35=GtMQhoASd3MBMAUv9iFAA2pB4CBAAUADooKQBLKCkAN/M1FAA/+DICFAA1ACtoBHkGOSgr
36=ADsALPUCT+9oFABK6DgCFAA8ADDhBDDpOBR4SPUCUChVAC/3ORQAPigpAEnjOxQATKBnbR
37=BOuCdpAU35PRSod3c5FABBYAyoASeNBxQoYwcUAFPvcxQAM+M7FAAx9TkUKAkHFCgLBxQA
38=NKAPAgUAFABDKCkAUus4FABC6zgUAFT9NhTdNgF4Br02BGkBSIk4B2gBJ0ZAFAAnERMVKI
39=UGFSg6DRUAJ4cGFQA78zUVADTzNRUAQSgpAEIoKAAn3wYVADDzNRUAQCgpAFAoKQAvrCkC
40=BAAVADUoKQA/4zsVAEsoKQAx6zgVAEMoKQBRKCkALvc5FQAzKCkAPuM7FQBKKCgAJRgqYA
41=8lWDJoAQROACkCAAAEaQFPiQEIaAGQtm08FShjBxUAUrREAgUAFQA943IVAFPyNRUAJ5c0
42=FQA88zUVAFUmpSAV0TUCZAixNQVoAbE1CGgBJ7IGFQAnZS4VKB8aFQBU/W0WuCQEAAAEAB
43=YAUfM1FgAy+zIWADgoKQBHKCkAVCgpAC7/bRYAPygpAEsoKQAx/zYWADcoKQA7KCkAQygp
44=ADP3ORYAOSgoACd7FRYARP82FgBIKCkAVSgpAEbrOBYAUygpADa8K3gcJawsaQE1vCtpAT
45=C8mWkBQbxiaQFNlTkBaAGtPAVoAa08CWkBUIEEDWkBNLAqaAEl4DhoASWUNGgBJeA4aAGY
46=kmlDFqgfqQFW84IWAD3jfRYAUuvoFgA+pxMFABYoYQcWKGEHFihhPhegImE7F7RXqQE1qw
47=wEABfokGgBJRw7aQFUKIEARP9BFwA9+z0XAD4oKAAnDSMXKA8jFwBSKIEAVigpAEb/QRcA
48=PKwedQ1IKCkAUSgpAFUoKQA/8kAXACfrIxcAUyhVAC+kWHEJLKweaQFXKCkAK/NAFwAupC
49=FhBDC03mkBQLwraAElsEhpATn5thcmFC91AjT3RBcATCgpAFAoKQA6pDRsBaFGBmgBoUYK
50=awFCACpk5GgBJYwzaAElPCloASXERWkBQ+dKFwBNKCgAJ1oRFwAn6RgYJrhJAgQAGABI6z
51=gYAEkoKAAnvyMYAE8oVQAs7zwYACrzNRgARSgpAC//NhgAVvfpGABE5zQYACvtMRhgk2QL
52=bRBX4esYJjwpdQIypNloASXMO2kBMKxdaQE4pKJpAUwoKQAxJIwodAIlSDBpATUoVQA2KC
53=kAS6jdYAQlEClpAVH3ORgAP/M1GABBKCgAJ88lGABUKFQAJWgpZAi9NgFoAQI5AOQTAHtp
54=GAA6iQEGdQI7iQEMaQE8iQESaAEl7D9oASW8I2gBJ2EHGCYgNnQCJVRNaQFT+z0YAFUoKA
55=An5QcYrC53hhgAWGwuaQEZrDllExmgOKgBI2QkqAEldzAEABkm7EpoASWAN2kBVqwIaQEt
56=rAhpAS4oKQAs5j8ZACcTHhkAS7DabQVOKCgAJWhgdQI17zwZAFQoKAAlBDhgBCVEKmkBQe
57=+1GQBMKCkAUCgpADHndhkAMygpAEDyQBkAJeBkcQlP5z8ZAFUmiy0ZAEjvPBkAMOJyGQCt
58=PAJ5BkOVAgdpAUSJAQxoAaU/AWgBpD+ABKU/DXQCpT8TaQE9kUAZaAEEUQDlEwAABmkBUo
59=gBkQlTiQESdQIy7jwZACcWGRkAJ1EQGfS9bQVJKKwAJ1MQGQBXKBAIKT0IWfUCGib4JQID
60=ABoANbCjaAElvCNpASivBQQAGqhAYUYapH6pATcogADcjm0FTChUACdaERoAJxsJGgBI/3
61=gaAE4oKAAl8GZlCFXrsRoAS+88GgA24TsaJkAkbAUnrxYaAEf7PRoAKu9+GgAu+z0aAC3z
62=+xoARigoACfLNRoATShVACvrQxoALygoAKlDAWEPMZFABmgBtUQDaAG1RAhoAbVEDWoBPw
63=AjIG1oAaFGAmgBoEaMBaFGDnQCoUYUaAGhRhppAVCIQ4APrUcHdAKsR4gMrUcTdAIn7Qga
64=JnxHdAInlQgaJrAndAInlggaACeXCBoAWbgnAgUAGgBauNcDBQAbADQAhEIBAwAbACVQPG
65=kBN6SBaQE4+UgbJtxIdAIl3EhpATO47WsBNQA4fERoAScJEhsodhobACcJEhso7wgbACok
66=EDQBBAAbACdbERsAR+OIGwAr50obAC/5SBsmZHB5BkjnShsAVSgpACnvRxsAJ7AfbQUo7k
67=cbACfXEBsAVPVEGyY0SW0FQuOIGwBFKCgAoUYCYAShRgdpATKNRwxoAaFGCWgBoUYOaAGh
68=RgFpAUCNRwVrASwAHrvMGwAtiQEGdQIuiAGQCbFLA3QCsEucCrFLD3QCsUsVaAGxSxtoAa
69=VKCGgBpEqMEKVKFHQCJYxfaQFN840bAFpgOHvMGwBZpCl1RFikKWkBV6AlaQFbJrEyHCY8
70=PwIDABwAOKCLaQFMKCgAJeQ+dAIlhCdoASVsL2kBRyQAJ2kBSigpADe0LnUCJqcTBAAcqF
71=Z5lRysT6gBJxUkHCiYOgABHABWAC0AAAAABAAcAFcAMQAAABEAAL8OACAIAAQAHAAqAJkA
72=AACJAT4oKwApAJr1AkIoKwAnAJz1AkUoKQBOKCkAUCgrACsAne8FLwCe6wE9AKDrAT8Ao+
73=kBQygrADkApPQCCTAAKgIAAAMEABwAMYkBCGkBMokBDWgBBEAAKwIAAAZpAUGJAQpoAQQs
74=AB4TAAABaQEtiQEHaQEuiAGYBgM6AOQTAACNBTuJARBhBDyJARZoAQRRAOUTAAAJaQFSiQ
75=EPaQFTiQEVaAEBNAA5J80mRCgpAEYoKQBPKCkAVCgpAFUoKQBZcBwEAAAFABwAWigpAFso
76=KQBcKCkAWLgnBAUAHQA4ACl8AgQDAB0ANAAq6QFJKCsARwAr9wJLACzrAUgALesBNQAu6Q
77=FKKCsATAAw9wIzADLrATcAm+sBNgCi6QElYAFjRh0ARigpAFisEAIEAB0AXCgpAF0oKQBX
78=rBBjBFkAMWAHaQFbtA1rAUMAmPUCRaAPdQI/5kodACdzCR0AJ/NLHQA5tCNtBT0oKQBOKC
79=sARACh/QomtBhvBTAApvQCsUsJdAKxSw5oAbFLB2gBAVUALgKbPR0AVokBA3QCvUwCaAG9
80=TAhoAbxMhQgviU4UdAIBKAAgE4dVHQApiQEMdQIqiQESaQEriQEYaAG5UwtoAblTEWgBuV
81=MXaAG5UwpoAblTEGgBuVMWaQE+/0wdAEEoKQBCKCkATSgoACemCh0AJ6UKHShPCh4ANHgk
82=BAAAAwAeAEgoKQBJKCkASigpAEv7Ux4AOaQ/eAYnTwoeADiwQHUCM/dPHgA6vEF1AjK8QW
83=kBN6Q/aQE1sIJpATaoF2kBJKAPAgQAHgAmKCgAiEt7Ux4AQChVAEEoKQBNKCkATigpAE8o
84=KwBdAChwAX0KWrQYaQFcuGlpAVm0GGkBW7QYaQFerGhpAUP+Vx4AJ58UHgA/81YeAFD7Ux
85=4AQueiHgA++1MeACWkHnEJKygpADwoKQBYKCkATOpZHgClVQF4BqVVBGkBV5FWB2gBsVYD
86=aAGxVgloAbFWD2gBsVYVaQEwnVcbaQEnmFOcCqhZkAmpWQ1gBKlZE2gBrVIRaAGtUhdpAV
87=SVpx1pATuoOGkBPSgoACciFR4AJyMVHgBR4wQfAD6sMQIDAB8APygpADLjnh8AOrgyYQRL
88=KCsASAAvdDl1Ajv/TB8AQCgpAEwoKQA99E8CHwBHADP5Bje44mUINazhawE2AJ/hBDikjH
89=UCSrgyawE5AKXhBDOV0wB0AsjHaQFJrBtoASf/Ch8ARHAGf1cfAFEoKADQxAIEAB8AW+NR
90=HwBc604fAFj2px8AJ8MeHwBFvBV5BiXvUh8AK6RrdQI8KCkAQ/tTHwAkrBthBE4oKQBUKC
91=kAI/NWHwBTsB9tBU3/Vx8AUigpAEbz+x8AWSgpADCgJXkGT6AlaQFVKCgAvVcFdAK9Vwho
92=AaVVEGgBpVUWaAG5UwJoAbhTjAW5Uw50ArlTFGkBLLQuaQEtKCkAMSgoACfLFB8AUChVAF
93=2sMQIFAB8AXigpAF/rASAAOKgBAgMAIAA+KCgAJ58UIABLKFUATP+kIABD61kgAEQoKQA9
94=91ogAEgoKQA6pD9pDD8oKQAyqJB1Aju8QWkBQCgpAEXjXCAAMeNcIABCKCkANrBAeQZKKC
95=gAsVYBdQI0nVcFaQE1qCJpATcoKQA5KCkAIrgcAQQAIAAnTxUgAFq8FXUCW6QTawElAJZ0
96=BWkBJLBsaQFYKCkAI/9XIAArKCkARigpADD2WiAAJyoLIAAnRyogAFSgGn0KWeNcIAAs81
97=YgAFcoKQAv81YgAFYoKQAm81YgAC37UyAARygoAARRAC0CAAAEaQxSiQEIaAGlVRFoAblT
98=A2gBuVMJaAG5Uw9oAblTFWgBJ/YJIAAnlR4gKCMKIABTqC1sBSc+KSAAJ3kKICh6CiAAKX
99=kKYGAtIsMpIABcpwgFACGoQHP7IQA5owQDACEo/wohADrnVSEAPygpAEbnVSEARygpADHm
100=VSEAJ/4KIQAnGyohAEX3siEASPNWIQBD4rQhACcbKiEAQv+vIQBKrDxlEza85mkBSaiQaQ
101=FErIlrATcAKWwxaQE4iQEIaAGpWQJoAalZBmkBNZVaCmkBI7AfAQQAIQAnVSEhKP8gIQBa
102=sB9hBF64aWkBXaAoaQFU/68hAE7/VyEAJedVIQAw41EhACbjUSEAPCgpAE2gGnEJIfdPIQ
103=A7KCkAIuJRIQAnyhQhACfIFAIhAC0ALCTDNCEALokBBnEJL4kBCWkBVokBA2kBV4gBgQRY
104=iAGBBFCdVwFgBLVaBWgBtFqBBFOBBA10ArVaBGgBtVoKaAG1WhBoAbVaFmkBK6hOaAEn/R
105=UhKHMqIQBZKIAAJ9IKIQAn0wohAGGkNHFWW6wFaAEnKwsiADIk1yYDACIo0goiACdHKiIA
106=Q/tTIgA/41EiAD3jUSIAM+FRIih7ICIAPKw8fQox71IiAEm4PXUCRKw8aQFKtDlpAUW8g2
107=kBNoFRAWgBuVMFaAG5UwlpATmBBA1oAblTB2gBuVMLaAEERgAhEwAADGkBR4kBEmgBJZgv
108=aQFIqCJpASGgJQEEACIAJ6U2IiiDLCIAOyiBAEIoKAAnrxYiAF2gJWUIWqAlaQFeKCkAW+
109=dgIgBfKCkAYigpAGGsJnkGIqAlaAEnKxYiAE2gJXUCMKh6aQEjJoMhIgAoKCkAJ+dgIgBM
110=KCkAIKx+egYkACOgJWkBKSgpACyVWgF0Ar1iBGgBvWIHaAG9YgppAVUorACoZIwFqGSMBa
111=hkjQVZjQUNeAa1ZQJoAbVlBmgBtGWMBbVlDnQCJIE3HWkBKrA1aQFBKCkATigoACfZCyIo
112=rxYjADWwNQIDACMAPSgoACf3NSMAKuuxIwA7KCkAQSgpAEIoKAAnrywjAECgO3wKJ9ssIw
113=A8/2IjAEMoKQA062QjACe4PXkGKygoACczLSMAJrBAYQQpKCkAM+9oIwBJpKJgBCXUR2gB
114=tWUCaAG1ZQZoAbVlCmkBPiM1MwBpAT+JAQNpAUSdYgFpAUWJAQdoAaFnDWgBoWcTaQFIgQ
115=QZaAEntQwjKOEXIyjiDCMAJ7Y4IwAntTgjJn88BAAjKLdDIwBgvCt1AluwKmkBXygpAGIo
116=KQBdsCphBGEoKQBjpCl1AiK4imkBIKDgaQEorCZpASPvaCMAVO9oIwAf62QjADHrZCMAUC
117=gpACwmtTgj3cUFcAm9YghoAb1iC2kBMI1dDmgBvGKMBbxijAW8YowFvGKMBbFhB3gGsGGA
118=BLFhD3UCMu5dIwAn/kEjACc7IyMAXuEEJPiVAQMAJADYlWgBJzMtJAAnqPN1AiSgMGkBJS
119=gpACwoKQBNKCkANLScbQUruDJpAUwoKQAmuDJ1Air7XiQALaQ0dQJOKCkAI+NcJAAp41wk
120=ADmkNG0FSaQ0aQE4vPxoASdfQyQAQ6Q0dQI9pDRoAa1dAWgBrV0EaQFAmV4HaAG5XgJoAb
121=leCGgBuV4OaAG5XhRoAbleGmgBJxZFJAAnFy8kADq0LmEEPCgoAMyUdQJKKFUAHqiQAgQA
122=JAAfKCgAJzoNJAAnHTAkoCIiSTskKEowJAAlsFNkCCX0KmgB3PxpAWIoXQFjrDx1AlDjyi
123=QAMSajJSQAIP5iJAAniwwkAFf3yCQALrQuZQgvJscvJAAwKCkAUSgpAFIoKAAnHzAkAFgm
124=+yUkAFywNXEJMufOJABTKCsAXwAxJMdQJABgiQEDbAUngU0kKK0LJCjrIyQAWrwrbAUpBQ
125=xkvyAFACUkEDUCAAADACUoDhglACeROSUokTklKF8MJQAtuCd5Bk4oKQAw82ElAFIoKQBT
126=KCkAI+hkcGklX1klADT/YiUAMedgJQBUKCkAL/JhJQAnM1klAFEoVAAleEx5ETW8NmkBOO
127=tkJQA7sDV1AkKsMWkBQaibaQEmoDBoASfHRSUAPKAwdAKhZwJoAaFnBWgBoWcIaAECNgAd
128=EwClKTeJAQZ0Aq1oCWgBrWgPaAGtaBVoAa1oG2kBJLA1aQElKCgAJaQrdAInUTwlKGYNJQ
129=AlnEthBEwo2QBNKCgAJw0NJSgPDSUAVrNABAAlKOMMJQBjuJV1AmSgMGkBV+tkJQAo9sgl
130=ACcXGSUAUOPKJQBcoDB5Bli4lWkBLqwxaQEe72glAB8oKQAdpDRhBE+4MmgBJ/slJQBVsJ
131=h3AlkAMLNhJQBaiQEIdAKpZAFoAalkBGkBYZVlB2kBYokBCmgBJ78YJQBdoCV0AieLDCUA
132=ZbcjBQAmqFZhOyYknEGoASdJRiYoiwwmAFK7BgMAJiiLDCYAKOdgJgApKCkAMigpAFUoKQ
133=AvvA1lCFEoKQAnuDJ1AjEoKQBOKCkAVCgpACP7aSYAKigoACd3XCYAT6A7cQlWKCgAIsAz
134=n1cmACa0OWEEOygpAEOgO3UCNaA7aAEnhzImADSoOHQCJy89JgAl/20mACSgO2EEOigoAC
135=UMLnUCTaSiaQEs43ImAEUoKQBTKCkAQLxBbwVBAC8i2G5pAUKJAQxpATyZPQBpAT2JAQNo
136=Abl0AWgBuXQHaQE4hXYNaQE5iQETaAGldhBoAaV2FmgBpXYcaQE/rEdoAScWDiYAJ70NJi
137=a8RAIEACYAZKQ0aQFltC5pAR0mw0omAB8oKQAe/9AmAFwoKAAnvQ0mKLtfJgBX52smAByg
138=MH0KWygqAF0AJbtqJgBevJlgBK1oAWgBrWgJaAGhZwVoAaFnCGoBLgAld3ImAFgoKQBiKC
139=kAYygpAGanYAUAJyi1DCcmpCsCAwAnACMmWj0nAGjri04nAC7nYCcAUCgpAC2sJnkGTygp
140=AFYoKQAv41wnAFEoKQAlJnclJwBXqC1kCCI8PtUNRbAqdQJTKCkAQ6ibdQIs+14nADQoKQ
141=A752AnAEnnYCcAJqAweQZNKCkARKibdQIqrDFpATIoKQBSKCkAK6Q0YQQzKCkAVCgpAEj2
142=ZScAJfBbbQVV92UnAEv/YicAQIVgAWAEvWIHaAG9Yg1oAbxigAS9YgR1Aj6IZI0FP4kBCn
143=QCtWUCaAG1ZQhoAbRlAAEOAwAnADkAHRMAABQDACcAOgAdEQAA9g4AIAACEwAAGgMAJwAo
144=AB8TAAAGAwAnACmJAQxoAQRHACETAAAXaAEEJwA5JwAAAGkBMSgpADUoKQBKKCkATCgqAB
145=4AgAACBAAnAGGFAQBpAWQoKwBmACpwAXcCZQAt6wFnADHrARwAmekBICgrAB8AmvcCWwCc
146=6wEdAJ3rARsAoukBYigrAGMAo/cCIQCl6AEEWQAwAgAAAm0QWokBCmgBA1wA9RMAAJ0VXY
147=kBBHUCXokBCGkBX4kBDGkBWKQeaQFg6QEouBltJii4GakBM3gOqQE8KCkARSgpAEgoKQBJ
148=KCkASigpAFAoKwBXAClwAQQDACgAJQAr6QE0tCN1AlUoKwBSAJvhBDusJmEERigpAEsoKw
149=AqAJ7tBSwoKQAyKCkARCgrAFEAoO0FP6gtfQo1qC1pAUAoKQBWtC53Ak4ApvgGAS4AKgKQ
150=SwIoAEwALukBTYkBA2wFBEIALwIAAA5pAUOJARRoAQQ9ADECAAAFaQE+iQEIaAEDNgAdEw
151=AAmQY3iQEJdQI4iQEPaQE5iQEVaQE6iQEbaQEnmV4BaAGxYQdoAbFhDWkBJqA7aQErKCkA
152=LygpADAoKQBBKCkARygpAE8oKQBTKCkAVCgpABpgImtOKAAbKCkAHCgpAB0oKQBYKCkAZi
153=gpAGewTgIEACgAaLBOawFjAJhoBGkBW7w2aQEivDZrASMAoeEEZCgrAGEApPUCJLw2bQVl
154=KCgABB8ALQIAAAR1AiCJAQhoAblpA2gBuWkLaAG5aQFoAblpBWgBuWkJaAG5aQ1pAWCFax
155=FpAR60I2kBISgpAGLrASkALGgUe2kpADAoKAAnkw0pAFaoBAQDACkAJQAuaARpAVe0BWkB
156=HaAlawEcADLhBCQoKQBLvI5hBFEoKQA752spAEAoKQBSqJBtBTWoLWkBRigpAEq0LnUCPK
157=gtaQE9KCkAUO9oKQA+42cpACasMW0FQaAwaQFMKCkAMfppKQC5aQFhBC+FawZoAblpBGkB
158=ToVrB2gBpWsPaAGlaxVpAUSRbBtpAUWJASFpAUeJAS1pAUiJATNoAbFsCmgBsWwQaAGxbB
159=ZoAbFsHGgBsWwCaAGxbAhoAbFsDmkBKpVwFGkBK4kBGmgBBFMA4xMAABJpAVSJARhpAS2w
160=QGkBMigpADQoKQA2KCkAPygpAEkoKAAnQw4pAFUoVQAZaEB2cCkAJ0EOKShCDikAJ/gaAi
161=kAZgAodAUCBAApAGiosWkBZahOawFnAC/hBGG0RHUCY6ixaQEisK5pAWKwQGkBHplpAWgB
162=sWwFaAGxbAlpASGBBA1oAb1tBGgBvW0MaAG9bQJoAb1tBmgBvW0KaAG9bQ5oAb1tEmkBI7
163=wgaAEnUxspAFsoVQBpeBkEAAAFACoAM6z3AgIAKgA0KCkAPCgpAEAoKQBBKCkANbxteQY9
164=KCkAQigpADKob2EEOygpAD8oKAAnzQ8quJ16fyoAJ7McKgBLsBQCAwAqAB24MmkBVigpAB
165=u4EXUCJP/mKgAc/4MqABq0DWEEJu9+KgA+/3gqAEooKQAl53YqADf7dCoAOSgpAE8oKQBV
166=KCkAJ/F3KsV2AnQNpXYHaQEwkXcMaAG44oAEvXgFdAK9eAhoAbF3FmgBsXccaAGxdyJpAU
167=aFdihoAb14LmgBvXg0aAG85pwKvXgRdAKxdx1oAaV2CWgBpXYPaAGldhVoAaV2G2kBUZh0
168=lRhSiQENdAK9eBNoAb14GWkBMbBLaQFQKCgAJxcOKgBXtzkEACooEykqAGIoVQBk/G0BKg
169=BlAJTAbQVoKCoAZwCAwnUCY/9tKgAiqDh1Ali4MmoBGAAjXCJoAbVwAmgBtXAGaAG1cApo
170=AbVwDmgBtXAFaAG1cA1qAVsAImkpFWgBoXIDaAGhcgdoAaFyC2gBoXIPaAGhchNoASdCDi
171=oAKekNarAfdXBmqBcCBQArAEKgXAICACsAPqBcaQE1sGRpAT0oKQAyrF11AjsoKQA/KCkA
172=NuNyKwBLKCkAMbxieQY6KCkASigpADS4EWEEQSgpADywKnUCM6w8aQFAKCgAJZAjAgMAKw
173=BErBtoAScrLCsAJaStdQIjrBtpAR2gGmkBVigpABq0GHUCJryvaQEetBhpAVcoKQAZqBd1
174=AiIoKwAkADl0EHUCN7i2aQE5uLZpAU8oKQBVpEp1AkXz+ysAOLC5dQJGKCkATigpAE33hi
175=sAG6AlbQUoKCkALSgpAEfphSvJhQNsBamFCGgBqYUNaAGt7ARoAbl0EGgBuXQWaAG5dBxp
176=AVCNcwJoAaR2kAmldg50AqV2FGgBpXYaaQEsvDZpAUMoKAAnYh0rACcHOCsAGHwod+krAF
177=woKQBkpFUCBAArAFgmcyorAGPjcisAXrAfYQRgKCkAWbwgdQIXpEpoAa1zB2gBrXMLaAGt
178=cw9pAWGR5QRpAWKJAQhoAbl0DmgBuXQWaQFdoBppAV8oKQBrqBdxbGakP2kBabg9aQFltD
179=lpAWqwFGkBZ6QIaQFo6wEsADWwCQICACwAPygpADe0WnUCTCgpADG003UCNqBcaQFCKCkA
180=SygpAEq4XmEEO7heaQE4rF1pAUMoKQBNKCkASbheYQQ6vKRpAUG4HGkBNCRMK2kBQKQeaQ
181=EzqFlpATKwH2kBPZ0rBGkBPokBCGkBPLAfaAElSCUCAwAsAEewH2kBTigpAB6oQ3UCJCgo
182=ACejOywAGagiYQQmKCkAI6QedQIitBhrASgAlmQLaQEbvExpAS3m+iwAJ388LABFpB5hBD
183=nreiwATygrABwAn/EJLLwgbQVEKCkAKagidQInqCJpAR28QWkBKigpAC4oKAAnUjwsAKl6
184=CWwFqXoOaAG5dANoAbh0gAS5dA90Arl0FWgBuXQbaAEnmzosAEagMHUCSCgpABd4GW1zLC
185=ibDiwAJShVAFkoKQBkvEwCBAAsAGWsR2kBXqQpaQFgtERpAVj/eCwAXKwmdQJdKCkAXygp
186=AFugJWEEFuN9LAAhKCkAH+J9LAC9eAVsBb14CWkBY51MDWkBIKwbaQFaKCgAJ7McLABsoB
187=oCBQAsAGa8umkBaagXaQFopBNpAWe0OWkBa7gRAgUALQA0pAgCAgAtADYoKAAldEZ1Ajiw
188=VmkBQygpADDrei0ASCgpADu8V20FTCQMI2kBMf94LQBJKCkATSQ4I2EEKqAwaQEp83ctAC
189=8oKQBHKCkAQLhebQVBsDVoASWcKmkBS6wbaQFCrFJpATyRKgFoAal6BWgBqXoJaQE/gQQN
190=aAEl9DVoASdyHy0AJWxQdAInzQ8tuBkivy4tAEa4JwIDAC0AVSgoACf7Dy0AJaAlYQRYKC
191=kAWSgpACO4J2EEJLhTaQFXKCkAGbwNdQImKCkAWrgndQIYoCVoASd/EC0AOahDdQJEKCkA
192=LP2DLSiqEC0AJyMgLQAcuEh5BiikYGkBK6BcaQFOKCkAOqgtdAK1ewRoAbV7CmgBtXsQaA
193=G1exZoAbV7HGkBHaBcaAEnclYtACdTPC0AViiAACehDy0o8zotAGW4UwIEAC0AXLREaQEW
194=uBxpAV+sn2kBIawbaQFdKCkAFayfdQIgrBtpAWCJQwJoAaV2BmgBpXYKaAGldg5pAR+wFG
195=kBIigoACe/OS0AXihUACcdDy0oHw8tAG2sR21zaLwVaQFrKCkAZqQIdAInPx4tAGn1Ai68
196=agQAAAIALgBCJJQpaQEqtCNpAUwoKQAutE91AjkoKQA6KCkAKaxSYQRHKCkAQfd7LgA4uF
197=NhBC+sUmgBJw8uLgBDoBJ1Ai24U2kBN7gyaQFLKCkAQLxMdQJJpJdpATa4MmkBMrCYaQFK
198=KCkAMbA1dQJIKCkAMyS4SXQCuX8CaAG5fwZoAbl/CmgBuX8OawE0AJ0ioFxpATWIAZgGJ8
199=4PLgAnbS8uKM8PLgBWvDYCAwAuAFq8K2kBH6QpaQEeoCVpASOgJWkBGf/8LgAg/nguACfr
200=Li4AGPf/LgAbsEB5BiwoKQBFKCgAJ3MfLgBYrCZtBSSkomgBJ7o+LgAl7Cl0AqV2BWgBpX
201=YLaAGldhFoAaV2F2gBpXYdawElAPNgJWkBJogBhQgniQEKdAInSw8uACi4U3QCJxsfLgBE
202=KFUATSgpAE4oKQBXKCgAJ84PLgAnfTwuKH88LgAVJGwkAgQALgBftJxoASf7Dy4AXON9Lg
203=AUtCNgBCfDHi4AYLCYdAIEXQAoAgAAE2kBXokBHGgBuX8HaAG5fwtoAbl/D2gBJ01XLih2
204=Oy4AJ6MPLgButEQCBQAuAGuwFGkBaLheaQFstFpoAScnPC4AbaQTdwJnACsiRGECBQAvAD
205=uxCQIimCWoTmkBKft0LwAtKCkAQOd2LwBMoFFtBUi0T2kBQft0LwBNoFF1Ake0T2kBN/vt
206=LwA2qBd1AjO0T2gBJbxlaQFJoBppATn/eC8AL7QudAIlODlpATCsG2gB1MhoAbl0B2gBuX
207=QLaAG5dA9oAbl0AWgBuXQDaQEuoEZoASUcRmgBJ0YfLwAn6i4vACWIb2AEJ8cOLwAh5XYv
208=KGcuLwAgrCYCAwAvACLzdy8AG6gidQJPqCJoASfjLS8AJLQjdAInWz0vAFgoVQAsrFJgBC
209=c7Li8AQ6wmdQJEvEFpAVAoKQBRKCkAGqCeYAQnax4vAEIoVQAduKBhBFKoLWkBViMlRwBp
210=AVeJAQhoAal6AWgBqXoGaAGpegtpASiVexBoASUoY2gB1N5oASV8R2gBJ5IuLwAnSg8vAC
211=eqaC8AJ6toLwBZvDZ4BmyKI6JyLwAnzQ8vKEIvLwAnsT0vKM8PLwAUoDABBAAvACfPDy8A
212=YahOdAInO1ovAGO8IHUCW5V7AmkBXIkBC2gBuX8UaAG5fx1pAV+BBCZoASdZdC8oSw8vAG
213=+gcm1zZqA7aAEnLz0vAGqosXQCvXgBaQFoiXoFaAEEawAsAgAAA2kBbIkBBmkBbYkBCWgB
214=J50fMLhQffwwKBUvMCgXLzAAOLsRAgAwKKkQMCZcWXUCTCiBAEDjiDAATSgoACctETAoLx
215=EwAEj4iiIUMCOQe3EJK/eGMAAvoFx0AiXoOWkBM/OCMABLKCkAPyQ8NGEEMCMdZwBpATGJ
216=AQNpAUqYU5cCPACUdEN1Aj2IAQ0DAgAwAD4AlBMAAAYCADAAEQAA9A4AIA0yADknAAAAAg
217=AwADUAOScAqQE3KCkAOigqABoAgAACAwAwACyFAQBpAUEoKQBEKCkATigpAFAoKwBaAClw
218=AXsGGQAr6wEcAJrpAUUoKQBYKCsAHQCd4QQkKCsAQwCe9QJVKCsAIwCh9wIfAKLpASIoKw
219=AgAKP3AkYApekBWSgoAARRACwCAAADcRRSiQEGaQFTiQEJaAEEVgAwAgAAAWkBV4gBlAIE
220=JQDzEwAAAnUCJokBB2kBJ4kBDGkBKIkBEWkBG7AqaQEeKCkAISgpAEIoKQBHKCkATygpAF
221=QoKQASbBgEAAAEADAAEygpABQoKQAXKCkAGCgrAGQALXABewZlADHpARW0LnUCFqgtaQFh
222=KCkAYKQpdwJbAChgJWkBXIkBDGkBXYkBFWkBXokBHmkBX4kBJ2kBYqgXaQFjKCkAZmQQBA
223=AABQAwAG8oKQBwKCsAagCccAFgBARnACsCAAACaQFoiQEGaQFpiQEKaQFrkTUEaQFsiQEH
224=aQFtiAGBBG6IAQMNBQAxAD90CnteMQBJKCkAQKRVBAIAMQAsACp8AmkBQygpAEcoKQBMuG
225=FhBCuwKmsBLQAu+QZIKCsAKgAv9wJNADDpAUSgMHsGQgAy9QJGKCsAKQAz9wIvAJvpATm4
226=XnsGLgCg9QI0KCkANbBhYQQ7vDZpATakYGkBPCgrADAALnRadQIxiQEEaQEyiQEHaQFKjV
227=0BaQFLiQEJawE3ACB0TmkBOIkBBmkBOokBEmgBAz0AlBMAAJEJPogBkQkzpD9hBBxgFwQA
228=AAMAMQAdKCkAHigpAB8oKQAhKCkARSgpAFUoKQBYKCkAWSgrABoAKHABaQxapDRpARusMW
229=kBW6AwaQEZqC1pASC8K2kBTrAqaQFP64UxAFCZSAF0ArWGBGgBtYYHaAG1hgppAVSNBQ1o
230=AaGIAmgBoIiDBCIA8mQpdQIjiQEFaQEkiAGABKWMA3QCpYwIaAGkjJwKpYwSdQJBvCtoAS
231=d9EDEofhAxACd/EDEAFWwjYogxACd/EDEAZChVABGstQIEADEAZbgnaQFmrCZrAWIApnQF
232=aAGlgQ1oAaWBFmgBpYEfaAGlgShpAWCRgjFoAQQWACkCAAAEaQEXiQEIaQFhtBhoASepED
233=EofhAxACd/EDEAcWQQYogxACeqEDEAvYMHYH29gwtoAb2DBWgBvYMIaAG8g4AEvYMOdQJn
234=rxAFADKoH2uFMgA1tA0CAgAyAETrhTIATCgpAEH/gzIAKrgnbQVGKCkAQLgJdQJC/4MyAC
235=68r3QCJ6MPMgA2rJ91AjwoKQA0tLJ1AjP0ewIyAD8ApGwTdQJDKCgAtXsCdAK1ewVoAbV7
236=CGgBtHuABLV7CnQCtXsBaAG1ewdpATmVew1oAaF9E2kBO5UCGWgBrH6IDKx+iwxHAJ5gXG
237=EESIkBA2kBSYkBBmkBK6gtaQEsKCkAT3gZfoMyACcqITIAJ88PMgAc93syAB0oKQBbrDEC
238=AwAyAB7jfTIAG/d7MgBOuCdhBCj3ezIATSgpAFgoKQBZoKltBSGwKmkBKeeBMgBaKCgApY
239=EFYASlgQhoAaWBC2gBpYEOaAGlgQNoAaSBgASlgQF0AqWBBmgBpIGABLl/CXQCuH+RCR+s
240=JnUCICgpACUoKQBFKCgAJ1EQMihSEDIAJ1MQMgBitC4CBAAyAGakKWkBb7RaaAEnUxAyAH
241=DngTIAbqzWYQQaoCVpAVz+gzIAsYIXdAKxgiBoAbGCKWgBsYIyaQEVhYEBaAG9gwVoAb2D
242=CWkBGIEEDWkBZIHVA2kBGbgcaAEnAhEyACcDETIAZSiBABC4HHV7bCgoACcvETIAcihXAG
243=oAmXABbQVnqENpAWioQ2kBaSgpAGug63UCbb8gBQAzJJwgYYgzrP+oASPwJagBjP+oAYD+
244=qQE0eA6pAUAoKAAnsxEzAEW4MgICADMATygpAETnjDMAKueMMwBGKCkAULw2eQYpvDZpAU
245=4oKQA295EzAC//jjMAP6BnbQVDKCkAPLDldQJCtCNpAT7jkzMALbwgdQI3tGVoAb2OA2gB
246=vY4LaAGxjQhoAbGNDmgBsY0UaAGxjRpoAbmKAWgBuYoEaAG5igdoASdbETMALqQ/dAInuz
247=MzAD0oVADc5mEEIKgtAgMAMwBSKCkAUygpAFrzjTMAWag7bQUf840zAFu0PHUCHv+OMwAo
248=JAAndQIhsCppAU24J2kBWCgpACakKXUCVCgpACe8THUCUbAqaQFVsCpoAbmKBGgBuYoMaA
249=G5igJoAbmKB2gBuIqBBCUjrSERdAInJxAzABunHgQAMyZ8JmgBJZAuaQESvCBoASerEDMA
250=caBRdQJutN5pAXCsUmkBE6AlaQFqoFFpAXIoKQBpoFF1AhG4J2kBGrgnawEZAJ9sE2kBGL
251=xMaQEcqCJpAWIoKAC9jhh0Ar2OIWgBvY4qaAG9jjNpAWEjXSI8aAGpkAJoAamQBmgBqZAK
252=aQFjnY4BaAGpkARpAWWVAgdpAVywS2gBJ7MRMwBoYBcityIzAGuwbH2DbbhpaQFnsEBpAW
253=y4PWkBD6AaaQFz6QE0tEx9gzQoXyI0ADaoDAICADQAPCgpAD4oKAAn5zM0AFCovG0FTbw2
254=aQFMsDVpAU72hjQAJwozNAAnWzI0AC2wo2wFJ+MiNABCsDV1AkS8V2kBLqAaaQFBKCkARS
255=gpACy0OWEEQCgpADSkHnQCJeQ+aQE9I9k3AGgBrYkEaAGtiQxoASQNIwNoAbmKCWgBuYoP
256=aAG5ihVoAbmKG2sBMQCaJLciNAAyiAGFCDOJAQZgBLGNBWgBsY0IaAEnsxE0AEOkP3QCJR
257=A/aAElED9oAScPIzQAWaAwAgMANAAftGVpAVGoQ2kBIaQpaQEo94Y0AFSgRnUCJqBGaQFS
258=pClpAVMoKQAgpCl0Ar2DBWgBvYMNaQFYI1U3FWgBqYUDaAGphQhoAaiFjAWphRJ1Aie4HG
259=gBJyYxNAAl/zYEADQmkC5pAWq4HGkBcigpAGeoTnUCaCgpAG0oKQBmoFFhBGmgUWkBbigp
260=ABTviTQAbPeGNAAT94Y0ABq4U3kGHCgpABm8K3UCYrAqaQEbrCZpAVsoKQBauCd1Alyw+2
261=kBFqxSaQFvKCkAcSgpAB20smAEqZAZaAGpkCJoAamQK2gBqZA0aAG5igJoAbmKBWgBuYoI
262=awEXAOx4U2kBGIkBBmgBJ74jNAAnsxE0ABGsfgEFADQAJdwnaQFzsB9pAQ+4SGkBDrgcaQ
263=F0uBxpAWuvPAUANaQxcY01uC+oASc9NDUoshE1ACeGETUAJ+IiNQAlxFABAgA1ACUQP2kB
264=RrAUaAElxC9pAVC8DWkBK6w8aQEnsMRpAVEoKQBUKCkAJrBAYQRTKCkAKrxBdwIvAJh8DW
265=kBQrwgaQFEsGxpATS8QWkBSOeXNQBDvEF1AkkoKQBOuD11AjC4PWkBSigoAK2UAXUCPpmV
266=BWgBrZQNaQFMqG9oAbmVBGgBuZUKaAG5lRBoAbmVFmgBuZUcaAG4lYgMuJWECLmVB2AEJ0
267=c1NQA2tDl0AidjEjUATShUACfpIzUo6yM1AFqgcgIDADUAWbgyaQEfuEBoAScXRTUAHrQu
268=dQIhqC1pASjvlDUAVbxMdQJWvExpASKsJmgBoZMOaAGhkxZoAbWRCWgBtJGABLWRE3UCKb
269=QYaAElYEkBBAA1ACV0UWkBbXw+IrdDNQBuKCgAJSBBYQRruBxpARSosWkBaqQeaQFyKCkA
270=bLAfdQJztE9pAWLnjDUAFrhIdQJcKCkAbygpAHEoKQBjJjgjATUAZAAjFFt4BiV8MWkBYa
271=wmaQFnKCkAabgndQJluCdoAbGNGmgBsY0jaAGxjSxoAaGIAWgBoYgHaQEZjYkNaQEaiQET
272=aQEbiQEZaQEVvCtpAR0oKQBgKCkADrAqaYUPKCgAbZUAIr8jNQB0vG1hBBGkHmkBEKAaaQ
273=ESoBppAXUoKQANs2wFADYkrC19jjYo6SM2KL8jNgBDow8CADYohxE2AE0oVQBUsM9hBFK4
274=PWkBJrg9aQErKCkAJ7g9dQJRKCkAU6Q/dQIopD9pATSsG2kBTqA7aQEvuF5pAUQoKQBIKC
275=kANbgcYQQ8uBxoAbWGAmgBtYYGaQE/gYgKaQFBlYYAaQFCiQEIaAG5ig5oAbmKFmgBAS0A
276=MQIjd2c2AC6JAQN1AkaIAYUIR4gBlAKljBdgBKWMHWgBpIyYEaWMBXQCpIyADyfXaDYAOL
277=xBYQQ5KCkAQCgpAEkoKQBKKCgAJ28kNgBQKFUAH7w2AQMANgAnYhI2ACd/RzYAHrA1YQQh
278=sCppAVYoKQAjpLh1AlkoKQBatC51AiSgZ2kBKSSsQmgBqZAPaQEiuBFoASdDRTYAKihVAF
279=UoKQBYKCgAJUBbAgQANgBhtBhoASdrVTYAZShUACVIMGAEJShCaQFuKIAAJzcSNgByrGBh
280=BHOsYGkBb6StaQFjtE9pAWkoKAAnS2c2AHGo/mEEXKAlaQFw/442ABWgcnUCXigoACdyNT
281=YAJVxDYQRfuCdpAWYjSUYEaQFniQEIaAGxjQJoAbCNlQIZmYoOdAKxjRRoAbGNGmkBXaQp
282=aAEnhhE2ACcDaTYAaiiAACWIImwFJ+sjNgB0uCd3hg0AlnABaQF1oCVpARKstWkBEbB3aQ
283=EMtERpAQ6oImkBdqBGaQEPpB5pARPqATcAIvx0kWw3vDNtlDek4agBJyVHNyi7EjcAN3wS
284=oQQ5KCgAJTR1AgIANwBKKFQAJQhUdQIp55c3ACooKAAnExM3ACj7lTcAVCgpACvnlzcAVe
285=eXNwA8vCB9Ck4oKQA1rEd0AiVgVGkBO6giaQE6qENpAT20I2kBTygpADP+mTcAsZgHYASx
286=mAtoAbGYAWgBsZgJaAGxmA9oAaSXgASllwR1Ai+YlZEJMIkBCnQCvJmMBbyZjQVIgASNBU
287=mIAY8FUQCAdNJ5BlKJAQNpAVOJAQZpATGwS2gBJz4TNwAnERM3KII3NwAlaFVtBUwo2AAn
288=uhI3ACflajco5hI3ACeySDcAJ4dINwBZoDACAwA3ACMkRCppAVqkdmkBWLzmaAEnZ3s3AF
289=esMXUCJbQuaQEkuBFoAQABVgA5JwAAAAMANwAWAAAAAAAABBEAANQOACADADcAXgAAYAAC
290=BAA3AF9iAQAAaQFkKCkAbCgpAHAoKQBxKCsAcgApcAF7BhQAK+sBaQCY6wFtAJrrARwAnO
291=sBYwCd6QFvKCsAYgCf9wJgAKDrAWEAoekBaigpAG4oKwBrAKPgBARlACkCAAABeRFmiQEF
292=aQFniQEJaQFoiQENaAEEFwDsEwAAA2kBGIgBgQQZiQEPdQIaiQEVaQEbiQEbaAECFQA5Jw
293=ChJR0oKQBcKCkAXSgpAAt8EgQAAAUANwAOKCkADygpABAoKQARKCkAEigrAHUAlnABZQh2
294=KCkAdygpAAyoLWMEDQCb7QV0pCl1AnOkKWkBE6QTAgUAOAAsZAUEAAACADgAMCgpADgoKQ
295=A8KCkAQCgpAEMoKQBFKCkARigpAEkoKQBOKCkAUCgrACcAKHABYQ8oKCsAVQAt9wIpAC/r
296=AVYAMesBJgAz6QE1sB9lCD2wH2sBMwCZ4QRPvEx1Ak2wS2kBMqgiaQE0KCkATCgpADakSm
297=EEPigpAEsoKwAxAKLpDEooKwBEAKT1AlQoKwA3AKX1Aj8oKAAEOQAsAgAAA2kMOokBBmkB
298=O4kBCWgBBEEAMAIAAAJpAUKJAQpoAQQuADECAAAFaQEviQEIaQFHiAGVAkiIAZQCBFEAgB
299=MAAAFhBFKJAQRpAVOJAQdpASqwQGkBKygpAC0oKQAgYBcEAAADADgAIigpACQoKQBaKCkA
300=H6x+bQVbqDhpAVy8NmkBJawxaQFYKCsAIwCebAh3AiEApukBV6wQdQJZKCkAXXgDf204AG
301=EoKAAnjxI4ABW4SAIEADgAbigpAG8oKwASACpgB2EEEygpAG2sYHUCcSgpABa0T3UCcCgp
302=AHKwZHcCEQAy8wkUADnpARy0T2EEYrgcaQFpKCkAYKQedQJrKCkAG6xzdQIdvExpAR7/mT
303=gAXrQjdAKpmwJoAambBmgBqZsKaAG9mQRoAbyZlAK9mRB0Ar2ZFmkBX7wraQFjKCkAaCgp
304=AGooKQBsKCkACnwdfpk4ACcSEzgAJxMTOAAMrHNljHQoKAAn5xI4AHOkdmEEDawmaQF1KC
305=kAdygpAAu0I2EEDqgiaQF46QE5sDJxmDmgTqgBgIWpATe8FQICADkAPygpAEgoKQBKKCkA
306=SygpACysR3kGLSgpAFao3XUCKbheaQErrEdpAS6gRmkBNLgcaQFEKCkAVCgpAE+44mEENb
307=i2aQFMoEZpATK0RGkBPSgpAFWwH3UCRfuKOQBQKCgABEcAKAIAABJgBLGNBGgBsY0HaAGx
308=jQppATydjg1oAb2OA2gBvY4LaAGtiQJpAVKBiAVoAa2JCGgBJy8ROQAvtER1AjYoKQA4KC
309=kAPigpAEAoKQBDKCkARigpAEkoKQBNKCkATigpACGzNQMAOSiPEjkAIyhVAF2gfWAEJ48S
310=OQBc75Q5AB2oRmEEXigpABy0e3UCWLxXaQElsDVpASa8xWkBJ6R2aQFZKCkAWigpAFewxG
311=EEIKTDaQEosDVpAVsoKQAkrBt0AicnJjkAY6AaAgQAOQBlKCkAFKBRdQJtKCkAEaxSdQIW
312=KCkAcbBkdQJwqOhpARu8TGkBaaTkaQEevExpAWIoKQBntHB1AmisG2gBqZAHaQESgdUAaQ
313=ETiQEIaAEEagDmEwAADGkBa4kBEmkBbIkBGGgBrZQLaAGtlBFoAa2UF2kBF6giaQFgKCkA
314=YSgpAGQoKQAJtCMCBQA5AA0oKQB5qDh1Ag6ob2kBeCgpAAvzjTkAcygpAAygcm0FdLQjaQ
315=F2qCJpAQqoImkBbqw8aQFyKCkAD7h0dQJvKCkAELwVdAIlEClpAXUoVQB36QE6uFBymDoA
316=J1MmOgA9rBsBAgA6ACdSJjoAJyYmOgAnPxM6AE8orQAq8pg6ACcTEzoALrREcQkrtERpAS
317=m0RGgBJ6MlOgBMpCl1AlSgJWkBNLxiaQFVrCZpAUSsJmkBU7RlaAEndyU6AE24SHUCQ6wm
318=aQFLKCkAUigpADe4J2EEMaxoaQFOoGdoAaGeE2kBSI2fHGgBrZ8FaAGtnwhoAa2fC2gBrZ
319=8OaAEEPgAtAgAABGkBP4gBjAWkopQCpaIMYAQnlxM6ADCwNXUCMygoACcSEzoAJxMTOgBQ
320=KIEAUSgoACcTEzoAJbA1AgMAOgBZKCkAHvOYOgBiKCkAHLw2bQUd/5k6AF4oKwAfAC5sCG
321=EEX+ubOgBjKCkAYbhLYQQgpIFoASd/JjoAJqxddQIsrF1pAV2gMGkBLaAwaQEilcgDaQEj
322=iQEGaQFahSkEaQFbiQEIaQEnI50qAGkBKIgBmAYn7hM6ACcKKDoAJUQ1bAUnsyc6ABW8IA
323=EEADoAJ8MTOgAUsB91Am0oKQAWvCB1Am6wH2kBZ6RVaQEbuBxpARisUmkBZigpABegUXUC
324=ZSgpABmsUnQCrZ8BaAGtnwlpAWiUnJUCaYkBB3QCpaINaAGlohNoAaWiGWkBGqhDaAEnwx
325=M6AAhsOSLOJToAJzs5OgB4oHIBBQA6ACeWEzoAJzM4OgAOuHRhBG+4dGkBCrAfaQEPuHRp
326=AXC4dGkBd7g9aQENvCBpAQmwH2kBcaQ/aQF6KCkAdSScKnUCcpFAA2kBc4kBBmkBdIkBCW
327=gBJxsUOgB2pB4CBQA7ADS4HAICADsANigoACOALXugOwA6KFQAJ286OwBEKFQAJ+8TOwBN
328=KFQAJxc6OwBUKFUAUeWiOyhHFDsAUCYvJzsALqxHeRFSJlsnOwAtoGd1AjG0yGkBN6xoaA
329=EnAyc7ADWwS3UCUygpAFUoKQAyuCdhBEWFlwJpAUaJAQtoAambFGgBqZsdaQFJgQQmaQE9
330=hWsBaAGxmAVoAbGYCWkBQIEEDWgBvJmABLyZlQJDgfYVYAQnaRM7KGoTOwAnahM7ACcvJz
331=sAO7w2eQZLKCkATygpAB2oLQIDADsAHygpAGCwd3UCYqgtaQFfpHZpARy0LmkBYSgpAGO0
332=03UCG6AwaAEn5xI7AF2gMHUCLLRaaQFYKCkAK7xXdAInUyY7ACGNUgF0ArGYBGgBsZgHaQ
333=EkgQQKaQEliQENaQFZkCqYBrWcBXQCtZwJaQFcgASMBaCejAWgnokMKYyfiQwqiAGJDB64
334=J2UIJigpAF4oKQAapCkBBAA7ACdHFDsAbShVAG6kKWEEEbgnaQFv7587ABC4J3UCGaBRaQ
335=FnKCkAFbh/dQIWuFNoAQFlACoCI8hLAjsAFwAu6QEYiQEDYAS5oAJoAbmgCmgBuKCUArmg
336=CHQCuaAOaAG5oBRpAWydpBppARSkHmkBZigpAAe4HGiFJ0YUOwAn3Sc7KHEUOygJKDso2k
337=07ACfTTDsAePOjOwB556I7AAq4SGkMDCgpAHAoKQB2tCNhBHus4WkBcYlDAWgBrZ8EaAGt
338=nwdoAa2fCmkBdY0FDWkBD6wbaQF66QE8tDZjnjwAO6QeAgIAPABBKCgAJ8ETPCiHJzwAVP
339=+ZPABQJEgweQYsvG1pAVcoKQBSJPwgdQJTtHBpAVasR2kBLbQQaQFV7588AFi4SHUCK7hI
340=aQE3rMtpATGkKWkBTCgpADCsy3UCL7gnaAEnVk08ACcrTTwAM7AqYQQ4tE9oAbGjA2gBsa
341=MMaAGxoxVoAbGjHmgBsaMnawE5ACtkVWgBvaQCaAG9pAZoAb2kCmgBvaQOaAGwo4gBsaMW
342=dwI8AGHwCQI0AB4TAKU0NYgBkQkyqDhsBSf7OzwAOihUACceOzwAJx47PAAnnRQ8KJ4UPA
343=AifVkAIgVOPLQ2qQFioDsCAwA8ABukNGkBGqwxaQFdqNJpASC4MmkBXrj4aQFfKCkAISQM
344=I3UCHrQuaQEmKCkAYKAwdQJRsPtoAb2kBWgBvaQIaAG9pAtoAb2kDmgBvaQCaAG9pAZoAb
345=2kCmgBvKSMBbCjnAqwo50KHLgnbAUl2DdoASWjXAQAPCh/PDwAZ6hkdQJvoCVpARCgJWkB
346=D6AlagEVACOgXGkBbaxSaQEUsMRpAWS8IGkBbrwgaAG5oAFoAbigiAG5oAR1AhmFogdoAa
347=WiA2gBpaILaAGkopQCpaIJdAKlog9oAaWiFWgBpaIbaQEWvCBoASdHFDwABqQeAQUAPAAn
348=RxQ8AHmwQHUCCvecPAAMKCkAeygpAHa0RG0Fd7DlaQFwuMFpAXqwd2kBC6xHaAEnNyg8AA
349=24SHUCB6wmaQF8rCZoAaWiBWgBpaIIaAGlogtoAaWiDmkBDrgcaQFxKCkAeOkBPSj5Oz0o
350=RhQ9ACdNYj0oNSg9KFI8PQAnCSg9KMsUPQAqrGsCAgA9AFEoKQBX56I9AFDnoj0AK7hIbQ
351=VW56I9AFMkXCJ1AlgoKQApvEx1AlUmLz09AFIkrFh1AjAk6C5pAUywNWkBL7gyaQExKCkA
352=M7gydQIyoDBpAS6kVWkBTaAwaAGxow1oAbGjFmgBsaMfaAGxoyhpAUojESkxaAG9pAFpAT
353=qJpgVoAb2kB2gBvaQLaAG9pA9oAbykiwE8AFiwowI9ADsAX+gBvKScCrykkQk2iKaRFDeJ
354=ARNxCTiJARlrASwAnLurPQAtiQECdAInlyk9ABy7XgMAPSjpTz0o6089AF4ogQBgKCkAYa
355=A7eQYbqDhpAWK8NmkBGrA1aQEmoDBpAR6gMGkBIbxiaQFdKCkAJKCIdQIlpDRpAR2kNGkB
356=J6Q0aAElfGhoAaWiB2gBpaILaAGlog9oAQQfAC8CAAAGaQEgiQEMaQEosGFoASeKZD0AJT
357=RfdQIUpB4CBAA9ABYoKAAnH1E9AG+0WmEEELwgaQFwsPtpAQ+8IGkBFSToI2kBZCgpAG0o
358=KAClogJhBGYjjSgHaQFniQEMaAG8pIAEvaQFdAK9pAhoAb2kBGgBvKSYBrGjCnQCsaMQaA
359=GxoxZpARG8IGgBJ9JiPQAnp2I9AG4ogQAFvyAFAD0oyRQ9KOYoPQAnVWM9KBMpPQAMKNgA
360=J+12PSizPT0AB/enPQANqCJqDHoAI2R7aQF0qENpAXG8QWkBeCgpAAioQ3UCcigpAH3jqT
361=0AdeOpPQB2kUAGbQV3iQEMaQFzuBxpAXsoKQB86QE+oJsitCIPPgArAAAAAAAAAgA+AC8A
362=AAAAEQAAAA8AIAUAAAIAPgAxAIAAAgIAPgAyhQEAaQEzKCkAQCgpAEEoKQBDKCkARCgpAE
363=UoKQBQKCsAUgApcAF9ClcoKwApACv1AlYoKwBMAJn3Ak0Am+sBMACc6wFLAKLrAToApOsB
364=TwCm6AEERwAoAgAAF3UNSIkBIGkBSYkBKWkBSokBMmgBBDkAKwIAAAJpATuJAQpoAQI8AF
365=UCALcjPQBc6QE+KCsAQgBh9wI/AGLoAQE0AB4T0Qk1iQEIcQk2iQEOaQE3iQEUaAEELACc
366=EwAAAWkBLYkBA2gBAS4AOSfBDzgoKQBGKCkATigpAFEoKQAiaB8EAAADAD4AXCgrABwAKH
367=ABdQJfKCkAYaAwdwJeACzjBB0AL+kBYCgqABsAmEBvBScAmOEEVKQ0dwIkAJ33AlMAoOsB
368=WgCh6QEjsDVtBVkoKwBbAKPjBCgApekBVSgoAAQeAC8CAAABeQYfiQEHaQEgiQENaQEhsB
369=9pASUoKQAmKCkAWCgpAF0oKQARbA0EAAAEAD4AGCgpABkoKQBwtCNhBBCsUmsBbQCaaARp
370=AWSkHmsBFQCe9wJuAJ/pAWK8IGEEaigpAGOoInUCa7AfaQEXvFdpAW+wH2gBBGUAKgIAAA
371=NpAWaJAQhpAWeJAQ1oAQMTADACAACJARSJARV0AgRoAOYTAAAFaQFsiQEdaQESsB9pARYo
372=KQAaKCkAaSgpAARsGAQAAAUAPgAFKCkABigpAAcoKQAJKCkACigrAH0AlnABZQhyoEZpAQ
373=2gRmkBdLgnaQEIuCdpAXkoKQAOpCl1AnwoKQAMpCl1AnsoKQBzsCp1An6wKmkBD6QpaAEE
374=eAAuAgAAB2kBdY1HAWkBdogBlQJ3iQENdQILvCBpAXEoKQB66wE/AC1kG3OCPwAuKCkAPy
375=goACefFD8ATyhVACqobwECAD8AJxgUAj8AVQAqaAR1AlgoKQBXsAx1AlawDGkBK6ByaQFZ
376=tLVpASi0tWkBVCgrACkAOf0KOvenPwBN96c/ADCgMHkGL6QpaQE5rHNpAVCsUmgBoakYaA
377=GhqSFoAaGpKmgBoakzaQFLjao8aAGhqQtoAScgFQI/AEIAVrykAj8APgBY6QFD76o/AEUo
378=KwBEAF7jBEEAX+kBRuStAj8APQCf9AKlrQl0DaWtD2gBpa0VaQE4ka4baAEBMQCLE5urPw
379=AyiQEEdQIziQEIaQE0iQEMaQEspD9pAUwoKAAn/hU/ACf/FT8AI2wuf68/ACUoKQBaKCkA
380=YbiKAgMAPwAduIppAWAoKQBd6LECPwBeADBgB2EEJ6g4aQFTqDhpAVsoKQAmvDZ1Ah+8Nm
381=gBvaQOaQEhgVwUaQEiiQEaaQEeoBppASQoKQBcKCkAEmQQf6Q/ABUoKQBfKCkAbygoACfL
382=FD8AELBWAgQAPwAPrFJpARe4f2kBaigpAG60GHUCa6xSaQFipIFqARYAgMppAWkoKQAYrH
383=51AhGkHmkBGax+aQEcJCAgaQFlKCgAoakJdAKhqQ5pAWOJIgZpAWSJAQxoAbirgAS5qxZ0
384=AifLFD8AG6AldQJoKCkAbCgpAG0oKQADoCUBBQA/ACd5FT8oehU/ACd6FT8AJ3sVPwAIKN
385=kADSgpAHUoKQB7560/AHywKmkMfSgpAH4oKQAMuEhhBHKoLWkBDqgtaQFxvCtpAQq8K2kB
386=CygpAAm8THUCeigpAH/wrgY/AHMALQIAAARhBHSJAQhpAXadrwJoAaWtDmkBeIktFGkBeY
387=gBARoFAEC8X3mrQLBIqAGIYagBJ+8pQABCvCABAgBAACfvKUAAUShVAFfzrkAAKahvbAUn
388=/xVAAFkoVQAotHBhBCsoKQBUKCkAVqwTYQRY67FAAE0kTCB1AjqoWWkBULwraQEvvCtpAU
389=+k2WkBTrAqaQEtvFdoAaWtGWgBpa0iaAGlrStoAaWtNGgBpa09aQE876pAAD0oKwBDAFmw
390=owJAAEUAW+kBP/urQAA77KoCQABAAGDhBD7uqkAAraoKaAytqhBoAa2qFmkBOI2qHGgBra
391=oBaAGtqgVoAa2qCWgBraoNaQE5vGJoASdOK0AAJ3sVQABVKIAAnONtqkAoTytAAF28NgID
392=AEAAHLzmaQEdqEZpAWH3p0AAG6iQdQJgJiMrQAAnsDV0AicjFUAAH7w2dQJTvDZpAR68Ym
393=gBraoPaAGtqhVpASKdVxtpASOJASFpASWJAS1pASaJATNoASenFUAAWrgcdAInpRVAKKcV
394=QAAXqFkBBABAACdzKkAAGihVAF4oKQBlKCkAZigpAGwoKQBvvFdxCQ+gJWkBcKAlaQEOoC
395=VpARGohWkBaSgpABasJnUCbqAlagFnAMO0QABotFp1AhC8g2kBbSgpABOsXXUCXygpAGKV
396=IwF0AqmxB2gBqbENaQEUoCVpARgoKQBqKCkAaygoAH1YACL2KkAAJ9EVQCjRFUAo0RVAKN
397=EVQCimFUAAJ04rQAAnTytAAAukKW2UfyZPK0AAcagidQIMoEZpAXsoKQCA86NAAHKFogFg
398=BL2kBWgBvaQJaQF1gQQNaAG9pA9oAb2kFWgBvaQbaQF6jSYhaQF8iQEtaQF9iQEzaQF+iQ
399=E5aQEHtCNpAQ0oKQB26QFBoEN5q0Ggm6kBPaQeAQIAQQAnPj9BACc/P0EAKqhvYQRTKCgA
400=JyMVQQBY96dBAFWwDG0FKSZ7K0EAUigpAFkoKQAruFNtBVQoKQBWpFV1Alom/ytBADq823
401=UCLawxaQFPoDBpATusUmgBJ3srQQA8uDJ0ArGuGmgBsa4jaAGxrixoAbGuNWsBPgBXfEtr
402=AUMAWukBQe+qQQBCKCkAP+OpQQBAKCsASwAdJO8pQQBNiQEMcQlOiQESaAGlrRFoAaWtF2
403=gBpa0daAGlrQJoAaWtBmgBpa0KaAGlrQ5oAScjQUEAMLg9dQI1KCkARCgoACcpFkEoKRZB
404=KHsrQQAdvEECAwBBAB8oKQAgKCkAG7g9YQRdtDlpAV6wNWkBHrgyaQEnKCkAWygpAFewgm
405=AEuasWaQEiiVkcaAG5qyJpASSVAihoAaWtLmgBpa00aQEcrBtoASdPK0EAD7wVAgQAQQAQ
406=KCgAJxtAQQBhKFUAYygpAGooKQBtJFQhZQhvvNBpAQ6wH2kBbKxdaQFuoGppARG0hmkBXy
407=TQIGkBE+OpQQAWKCkAZ6giYQRpKCkAEqhZdQIV76pBAGCoWXUCGrgnaQFiKCgAoakOdQJl
408=jSYUaQFmiQEaaAEnexVBABesJnUCGSgoACd6K0EAJ6cVQQABqCIBBQBBAGRhka5BKNEVQS
409=jRFUEo0RVBKNMVQQAMKAUBcCgpAHcoKQB/JnsrQQCAKCgAJ9MVQQAJJEglbRAItCNpAQe0
410=I2kBfigpAAqgJXUCgSgpAAsjQUUAdAKhtAJoAaG0BmgBobQKaAGhtA5oAbWyFmgBtbIcaA
411=G1siJpAXudKyhoAaG0LmgBobQ0aAEnKhZBACcpFkK8SX2vQqSqqAEnp0FCADW0IwECAEIA
412=J+9VQgBJKFUAUygpAFW4CWwFJ1UWQihXFkIAWaRVYQRa+6tCADy4U3UCLaxSagErAJz8aQ
413=E3KCkALLQudQI9KCkAL7QudQJHKCkASLQudQJKuFNpAVQoKQAwJPw2dQI4KCkAPigqADkA
414=IiVHAGEEOokBA2kBPyafVkIAQiZNQUIoIEECQgBEAF1kVG0FRiakKwJCADsAY/QCJ4MWQg
415=BB7rVCAK21AXkGTIG0B2gBubYNaAG5thNoAbSymBG0sowFtbILYAS1sg9rAVAAo6/AQgBR
416=iAGZBlKJAQZhBDaob2kBTygoACfRFUIoekFCACKhWAAigSxCKIMsQgBdsEABAwBCACf/V0
417=IAXvayQgAnp1dCAF/itEIAJ6dXQgBXpD9lCFaoOGkBILA1aQEiKCgAtbIjdAInTkFCACdy
418=VkIAJ9IrQgAnc1ZCAFusG3gGJ/4rQgBpIwAi00FCABS3GAQAQihXLEIAFihVAGgoKQAP97
419=JCAGy4XnkGEP+vQgBvoFx1Ag4kHDBpAW4oKQBguF51Ahom0ytCABEkVCF1AmKoImkBYbyO
420=aQEZtCNpARcjAScEaQEYiQEIaAG9rw9oAb2vFWgBva8baQFniYUhaQFpiQEtaQFqiQEzaQ
421=FriQE5aQFjrCZoAXBXka5CKNEVQijRFUIophVCACf3QEIAe6wmAgUAQgB8KCgAJ3sVQgBx
422=oNVhBAmoImkBfygpAAq0I3UCgagiaQFytHtpAXmoQ2kBfSgpAAcjbVATdQIIiQEcaAG9rw
423=FpAQyJsQZoAb2vB2gBva8LaAG9rw9pAXcjxVsAaQF4iQEIaQEFtCNoASXwRWkBcChUACmk
424=FSdPV0IAfuEEQ7yhca5DoEOpATSgJQICAEMARygpACmoTnUCLigpAC8oKAAne0FDAFa4uW
425=0FVygpAC28DXUCVaxzaQFYJtMrQwAqvFd1AjAoKQAorBN1AkiwNWkBN7gyaQFKuDJpAVQo
426=KQArJCghdQJJvFdpATbzuUMAMahZdQJTKCkAMqA7dAK9rwFoAb2vBGkBO4mxB2kBPyb/QU
427=MARCgpAEUoKQBGJtksQyKUamhYeAYn/1dDADzvtUMAPSb9V0MoBS1DKIMWQwBC7bVDzbUC
428=cAmttQhoAa21DmgBrbUUaQFPkbkaaAGosYAaqLGAGqixgBonrixDACcpbkMo0xVDAB64PQ
429=IDAEMAX7yOaQEfsDVpAR2wNWkBIiQMI2kBILhpaQEhvOZpASMoKQBaoDB0AiefbEMAJrhp
430=dQJdKCkAJKTkdAInGmxDACfTK0MAXqBcYAQnI1dDAGCoWQIEAEMAZCgpAGsoKQATrBtgBC
431=dOFUMAJ0dsQwASvFdhBBSkHmkBGqxSaQFh96dDABG0T3UCG7gcaQEcsEtpARaJpgFoAaGp
432=BWgBoakJaQEZgQQNaAGhqRZoAaGpHGgBoakiaQFoiaYoaAGtqi5oAa2qNGkBYqgiaAEnTR
433=VDKCEVQygjFUMAc6giAgUAQwB2KCgAJ5drQwBxJBQ6YQR5oDtoASeXVUMACrAfdQKAKCkA
434=DqhvdQJ0KCkAfCgpAG+gJWEEcCgpAG6oQ3UCD7gnaQF1KCkAeigoACdHbEMABZCuDwIFAE
435=MABgAoAgAACwUAQwAHABEAABYPACAIKAIAABQFAEMACABpAR1pAQmJASZoAQQLACoCAAAC
436=aQEMiQEHaQENiQEMaAEEdwAwAgAAAWkBeIkBCWgBBG0AOScAAABpAXsoKQB/6AEBRAA4AI
437=AAAgIARAA/hQEAaQFFKCkARigrAFQAKHABYQRXKCkAWCgrAC0AKeMEKgAr6QEwKCsAUwAs
438=9QJWKCsAVQAv9wJZADDrATYAmesBSACa6wE3AJvpAUkoKwAyAJz3AjUAoOsBPQCk6wE5AC
439=54J2kXOokBBWkBO4kBCGgBA0AAVQIAAJMfQwBY6wE8AFnrAT4AW+sBQQCf6QFCKCgABEwA
440=HRMAAAlxCU2JAQ9pAU6JARVpAU+JARtoAQRQAKMTAAACaQFRiAGZEVKIAZkRK6Q0YQQsKC
441=kAMSgpADMoKQA0KCkARCgpAEcoKQBKKCkASygpACFsIwMAAAMARABpRACpAV4oVQAfvDZj
442=BF8ALXwCawFgADHrAVsAmOkBXawxYQQirDFpASYoKQAouDJ3AlwAofsGLgCi6wEvAKPrAS
443=kApekBJYVgEnkGIKgXaQEjKCkAJCgpAFooKQAdfAcEAAAEAEQAZigpABGkVXcCbQAqfAJp
444=ARS4HGkBbLgcagESAIBRaQFupB5rARAAM/kGYaxSdQIcuBxrARoAnuMEaQCf6QFqKCkAYr
445=AfbQVjKCkAaLwgdQJrvCBpARW8V2kBZKgiawEWAC1oWWkBF4kBBmkBGIkBCmkBGYkBDmgB
446=BGcALwIAACNpARu0I2kBHigpAGUoKQAEdBVrhUQAbygpAHYoKwB+AJZwAQIFAEQADqQ/aQ
447=F6KCkAdKR2dQJ8KCkAfSgpAA+0RGEEdSgpAHu8IHUCc7wgaQETsB9pAX+wH2kBBZ1BA2kB
448=BokBDGkBB4kBFWgBtaceaAG1pydoAbSnmAa1pwh0ArWnDWgBtacCaAG1pwprAXEAMWB9aQ
449=FyiAGFCAqsJnUCcCgpAHnpAUW4RW2JRbhFqQE0cCepATYoKQA6KCkARCgoACfTFUUAUShV
450=ACu8VwECAEUAJ6YVRQAnexVFAFLvqkUALO+qRQBTqFl5BlYoKQAqrBN1AlUoKQA3tDl1Aj
451=2gXGkBSSgpADKgXHUCNSgpADioOHUCPrxXaQE5vDZpAUooKQBHjVIGdQJIiQEMawFBAFZo
452=LWsBQwBa6QE88K4CRQA/AF33AkUAYekBQP6vRQAnKxZFAEuFrQRwCbWyCmgBtbIQaAG1sh
453=ZoAbWyHGkBO6g4aQFQKCkAIKAwAgMARQAjKCkAJCgoAIzed6dFAC4oVQBXKCkAYLjiZQgf
454=qARrAR4AMmgEaQFdtC5pASaoLWkBKKhkaQFbKCkAL7CNdQIioDBpASegMGkBXigpAFq4aX
455=UCX6AwaAGtqhNqAVgAItEgAGkBWYkBCGkBIbAfaQFUKCkAXCgpAGNgF3urRQBsKCgAJyMV
456=RQBu46lFAG+4YQIEAEUAHKSBaQFqKCkAaaQedQJruBxpARW4HGkBG6jHaQFmoBppAR2gGm
457=kBZygoAKWiB3QCpaILaAGlog9pAWGJ/gBpAWKJAQNpARasG2kBGigpAGQoKAAnnxRFAGgo
458=VAAldCV5BgW8IAIFAEUAeygpAHwoKQB1rDxhBA+wH2kBDrAfaQF6sB9rARMAnWAHaQF+rD
459=xpARC0yGkBESgpABK4PXUCebQjaQEL96dFAHAoKQB2oCVgBLWnDWgBtacWaAG1px9oAbWn
460=KGkBCpmrMWgBtacJaAG1pw5oAbWnA2gBtacLaAGppgRpAXOVpwdpAXSJAQppAXGkKWkBfe
461=kBRrRif6RGADl0IKkBPCgpAD0oKQBBKCkAQygpAEooKQBQKCkAUrRwAgIARgAx86NGAC3n
462=okYALPugRgAwKCkAPqBReQY3uDJpATaoLWkBS7wraQFRKCgABDMALAIAAAN1AjSJAQZpAT
463=WJAQlpAUaNnwFoAaWiB2gBpaINawE/AFe3nEYARSZHKkYAQiZHKkYAQPykAkYARABf7AWh
464=ngtkCKGeEWgBoZ4XaAGhnh1pATi0LmkBOigoACcbFEYASShVAB+kKQEDAEYAJ+coRgBTKF
465=UAVSgpAFYoKQBfrNZ5Bh4koCVpAV6g1WkBYKAwaAEnPylGAC+wYXUCXbQuaQEosGFoAScS
466=KUYAJxMpRgAgoDBhBCORVgJpASSJAQtoAa2fFGkBJpUCHWkBJ4kBJmkBKYU0A2kBKokBBm
467=kBK4kBCWgBqaYBaAGoppUCIqAldAInyxRGAFcoVAAncypGABq0IwIEAEYAHCgoACfJKkYo
468=TxVGAG4ogQBvvFd5BhMm9ypGABSgynUCEqhnaQEVuIppAWu8V2kBG7gnaQEWoIhpARegiG
469=kBZLgnaQFtKCkAGLSGdAK1pwFoAbWnBGkBY4GpB2gBAmUAIBMAZ8NGAGaJAQZ1AmeJAQxp
470=AWiJARJpAWmJARhpARmgJWkBaigpAAawHwEFAEYAJxgqAUYAdAAlGipGACfvKUYAC6QebQ
471=UQKCkAcCgpABGkSmEEdaRKaQEMvCBpAXsoKQB8KCkAcSQ4I2EEDbwgaQF9KCgAtacXdAK1
472=pyBoAbWnKWgBtacyaAEEDgApAgAABGkBD4kBCGgBtKeUArWnDHQCtacFaAG0p4wFJ5cpRw
473=A3tCMBAgBHACfmPkcAJxMpRwBOKIEAMahvbQVSqPNpAVOo82kBS6AlaQFRoCVpAT6gRmkB
474=TKgiaQFQoEZpAU/7oEcATagidwI4AKZoD2kBQJkcBGkBQYkBCGkBMplpAWgBvKSABL2kB3
475=QCvaQKaQE2jQUNaQFIiaYOaQFJiQEUaQFKiQEaaQFC66ZHAEUoKwBGAFywowJHAEMAYukB
476=RygrADkAIXBWZQg6iQEGaQE7iQEMaQE8iQESaQE9iQEYaAEjSDwi3SdHrHCoASPYOKkBVH
477=QgqAEnNyhHAFwoVQBeqHoCAwBHAB6sCGkBG7gyaQEaqHppAR0oKQAgpDR0AidiKEcAJ2Mo
478=RwBaJMQkYQQfpDRoAaWiA2gBpaIMaAGlohVoAaWiHmgBpaInaQEogTABaAGxowRoAbGjB2
479=gBsaMKaQEsjQUNaAG9pAJoAbykgAQEIQDrEwAABnUCIogBjRBVrH51AlYoKQBdKCgAeDOb
480=ikcAFbgnAgQARwAYKCkAYCgpABKsXWEEb6xdaQFwsCppAWsk+CVpAW0oKQAW/6RHAGQoKQ
481=BqpCltBWy4XmkBX/OjRwBuuF50ArGjAmgBsaMFaAGxowhoAbGjAWgBsaMHaAGxow1oAbGj
482=E2gBsaMZaQEUvCBpARcoKAAnyxRHABwoVgB7ANOjRwBxJsEpRyifFEcADKwbAgUARwARKC
483=kAfOeiRwByoBpgBKmbGGgBqZshaAGpmypoAambM2kBDZV7AWgBtZwFaAG1nAlpARCBBA1o
484=AaCegASgnpUCeSMBMhVjBHMA7WQ+aQF0iQEGaQF1iQEMaQF2iQESaQELsx8FAEigZCK5KE
485=goWlNIACdiKEgAJ1tTSABTqG8CAgBIAFa06WkBMbRwaQEuoEZpAVcoKQAtsAx1AjAoKQBV
486=KCkATLAqYQRRKCkARKBGdQI/nSABaAGxowVoAbGjCWkBQoEEDWgBsKOABLGjCHQCsaMLaA
487=Gxow5pAUiZoA9oAbGjFWgBsaMbaQFLgQQhaQFNiQEtaQFOiQEzaQFGJmopSACkopAUpaIH
488=YASkooQTpaITdAKlohlpATesMWkBPigoACcnUkgATyhUACeHPUgAUihUACfLFEgAXSbnKE
489=gAGKQ0AgMASAAZKCkAHCgpAFwmPylIABusfm0FGrQ5aQEdKCkAXibDKUgAF7w2YQRaoOBp
490=ASC8NmkBW7xiaQEvrOFpAR60OWgBtacWaAG1px9oAbWnKGkBKCNpKTFoAbWnBWgBtacIaA
491=G1pwtoAbWnDmgBtacDaAG0p4AEtacHdAK1pw1pASOBqRNpAR+kKWgBJ2NUSABi86NIAGso
492=KQBuvCsCBABIAG8oKAAn9xRIAG2wKmEEcKwmaQFftCNoASefFEgAaihVABagJWEEFKAlaA
493=GtnwJoAa2fCGgBrZ8OaAGtnxRoAa2fGmkBE6AaaQEVKCkAYCgpAGEoKQBjKCkAbCgpAHKk
494=HnyDJ7ooSAAnNShIKEcUSABxtBhtBXukP2kBEKjoaAG5oCJoAbmgK2gBuaA0aQELmT09aA
495=GlogJoAaWiBmgBpaIKaAGtnw5oAa2fFmgBrZ8BaAGtnwdoAa2fDWgBrZ8TaQF3mKACGQUA
496=SQAndlFJACd1UUkoGxRJAEK8IAICAEkARygpAEgoKQBPKCkAV/OjSQAvsGx5BlQoKQAusG
497=x1AlMoKQAtsGx1AjAoKQBVKCkALLxtYQREpO9pAVGob2kBTKxHaQFDpO9pAUUkDC5pATOk
498=SmkBNygpAD4oKQBSuNdhBDEmGipJALGuAnQCsa4GaAGxrgpoAammFmgBqaYcaAGppiJoAa
499=mmLmgBqaY0aQFGJn1SScimiAyppghgBKmmDmgBqaYUaAGpphppATKkVWkBNSgoACdyFEkA
500=JUAkYQQZpDQBAwBJACW0OGgBJ/lRSSTgIyLDKUkAWyitAFy0OW0FGCTgQ2kBFySIQ2kBHq
501=AwaQEguF5qAR8AI/xiaQEbJOgjaQEasGFpARy4MmkBKqAwaAGlohdoAaWiIGgBpaIpaAGl
502=ojJoAbWcBGgBtZwMaAG1nAhoAbWcDmgBtZwUaQEkgZ4aaAEnWz1JAF2kHgEEAEkAJzYoSQ
503=AnqVJJKFs9SQBtqCJtBROoImkBEqgiaQFkJPAkaQFfJLQtaQEUvINpAWqkVWkBYaRVaQFe
504=tCNpAWKgUWkBZSgoAK2fCXQCrZ8PaAGtnxVoAa2fG2gBJ8ITSQAnf1JJAGu0RGEEDKxoeH
505=8nLydJAHGoOHUCeigpAAuwFHUCeSgpAHC8FXUCDbQ5aQEPtDlpAW4oKQAJiZssdAKhnjVo
506=AambB2gBpZcCaAGllwhoAaWXDmgBpZcUaAGllxppARCgGmkBbygpAHIoKQB46QFKqDUihS
507=dKJEgmqAEjHF2oASc5e0ooUTxKKO0TSih+PEoAJ5FlSihHFEoASbhIAgIASgBMKCgAJ3IU
508=SgAnSVFKKG9mSgAssG94Bidne0oAV7zmdQIzpEpoASZIUQoASgBFAJwAAAAAAgBKEQAA+w
509=4AIA0ANwCdAAAAAAIASgBDAJ4AywE1AJ/rATQAoekBNigrADAApPUCQSgpAE4oKwBIAKbg
510=BARLAC8CAAAjaAwEOQAhEwAAA2kBOokBCWkBO4kBD2kBPIkBFWkBPYkBG2gBAS0AjBPFEy
511=6JAQJ3AlMAk/UCVIgBnQpViQEGYAQBQAA5J9kGSigpAE0oKQBSKCkAGnQVBgAAAwBKAF0A
512=KnABawFcAC3rARkAL+sBXgAx6wEYADPrASoAmOsBHACc6QEfKCsAKwCj9AIEJQAoAgAAGG
513=kMJokBIWkBJ4kBKmkBKIkBM2kBKYkBPGgBBFgAMAIAAAVpAVmJAQ1pAVqJARVrASAA63wr
514=aQEhiQEJaQEiiQEPaQEjiAGNBSSJARt1Ahu8IGkBHSgpAB4oKQBbKCkAF2wYBAAABABKAG
515=ooKQBrKCsAEwArcAFjBGwALOsBbQAw6QEUoCVjBF8AmvcCYQCb6QFkKCkAFahObQVgKCsA
516=YwCi7QUWsCpgBARlACATAAAEaQFmiQEKaQFniQEQaQFoiQEWaQFpiQEcaQFirBtpAXF0Cg
517=YAAAUASgAPAJZwAWsBEQCZ6QENvBV1AguwFGkBbqw8awF5AJ3vBXgAoOkBDqgXYQQQKCkA
518=CrQYdQIStBhrAXMA7Wg4aQF0iQEJaQF1iQEPaQF2iQEVaQF3iQEbaQEMtBhpAW8oKQBwKC
519=kAcukBS6BZb35LADRoFKkBOCgpAEMoKQBLKCsAUAAocAEEAgBLAFYAKekBLLg9dQJPuD1p
520=AVGwDGkBQbgnaQE+uCdpAUUoKQA1uCd1Ak64J2kBMPeRSwAzKCkAQOOTSwA/pCltBUYoKQ
521=BNsCp1AkKwKmsBRwCl/BWpkAR0AqmQCmgBqZAQaAGpkBZoAamQHGgBqZABaAGpkANoAaiQ
522=lAKokJwKqZAHYwQxAJuvlEsAMokBAnUCNqwxaQE3KCkARCgpAEgoKQBJKCgAJxMTSwBMKF
523=QAJxMTSwBe+5VLABqgMAIDAEsAX/uVSwAZ+pVLACe7EksAHKQ0bQUfoDBpASsoKQAdvCt1
524=Ah4oKQAbqC11AlcoKQBbKCkAWKAwYQRcKCgArZ8ZdAKtnyJoAa2fK2gBrZ80aAGtnz1oAa
525=GeDmgBoZ4WaAGhngRoAaGeCmgBoZ4QaAGgnowFoZ4cdQJduCdpAWBgQ3+ZSwBjKCkAbKBc
526=AQQASwAnPxNLAA6kKXUCESgrAA0AMmAHdQIQKCkAFvecSwBhKCkAZKxdbQUUtFppARewKm
527=kBaSgpAGikKXUCYrgnaQEYqFlpAWooKAChngt0AqGeEWkBFbgcaQFlKCkAaygpAG1gF2Oe
528=SwBusBQCBQBLAAusc2kBD7AUaQESKCkAeCgpAHCgcmEEb6gXaQFxKCkAcqgXdQIMvBVoAb
529=WcBGgBtZwKaAG1nBBoAbWcFmgBtJwBHAUATKzIe5VMAD6oFwICAEwAPygpAEEoKQBFKCkA
530=TSgpAC3zmEwALigpAE7nl0wAVqxofQovrGhpAVIoKQBPtBB1AlewQGkBLKRraQFRKCkANb
531=AqdQJCKCkAQLBAdQJDoCVpAUsoKQBKpD91AkS4J2kBTCgpADakKXUCNyN1JQZpATiJAQxr
532=AUYAH7+OTABHiAGBBEiIAYAEoZ4RbwU8AJHtBT2JAQJ0AqibiAGpmwV0AqmbCGgBqZsBaA
533=GpmwNpATOwS2kBNCgpADkoKQA6KCgAJ2sTTAAepDQCAwBMAB8oKAAjICEiUyZMABywNWEE
534=GqTOaQEbvDZpAV+8NmkBHbA1aQFgpDRpAVy0WmkBKqz3aQFYrDFpASOg9mkBKSgpAF24Mn
535=UCXqAwaQFQJKQraQEkrDFoAambGmkBJiPVJiNoAambLGgBsZgPaAEEWgDnEwAABmkBW4kB
536=DGgBvZkFaAG9mQtoAb2ZEWkBKLgnaQEUoCUCBABMABUoKAAnfyZMABgoVQBoKCgAJ9cmTA
537=APJKQrZQgSKCkADqQpdQIRKCkAbCgrAA0ALngJYQQQKCkAEygpAG20LmEEDOeiTABhoDB1
538=AmQoKQBiuMx1Aha4imkBZbiKaQFmoDBpAWegMGkBayR8MWsBYwAeZClpARm0I2kBaSgpAG
539=90FXacTAAnhydMAG60DXmKcCgpAHIoKAChkwtgBKGTEWgBoZMXaAGhkx1pAXO0DQIFAE0A
540=ObQNAgIATQA6KCgAJ0olTQAnSiVNACdjEk0AUyitAFWsXWUIVigpAE6o0nUCUqRgaQFUpG
541=BpATC4XmkBV++UTQAv95FNAEC4XmEETLheaQE1oDBpAUKwH2kBRCgpADGwYXQCJ88lTQA0
542=75RNAD4oKQAysGFtBTaVkQFoAa2UB2gBrZQNaAGslIAErJSABKyUgQRJmZUTbQVKiQEZaA
543=G4lZgGuZUDdAIn3xFNADusMXUCQSgpAEUoKAAjTDd7ik0AHrwrAgMATQBgvCtpAR+kKWkB
544=G6QpaQEapClpAR0oKQApJKAwdQJeqLxpASomSyVNAFAoKQAjtC5gBCffEU0AKKBcdQInpC
545=lpAU8oKQArsCp1AlEoKQBfKCgAAiYAKgIAoxogACvpAVmZigF4BrGNB2gBsY0NaQFcgQQT
546=aQFdiQEZaQEhoCVpASIoKQAkKCkAJSgpACwoKQAuKCkADqhZAgQATQAWKCgAJzcSTQAZKF
547=UAHCgpAGEoKQBu95FNAG3/jk0ADbgyfQpv54xNAGWkVXUCZygpABPjiE0AErwrYQQRsCpp
548=ARTviU0AbLC5dwJpAB2viU0AaokBDHUCa4kBEmgBsY0HaQFknY4NaQEPsB9pARAoKAAn+y
549=VNABcoVAAnvzlNAGYoVQBoKCkAdLwgbYl1KCkAdigpAHG8FWEEc7igaAEnrjdNACetN060
550=ryLHJE4AN6QIAgIATgA7KCkAPSgoACceJU4AJx8lTgBEKIAAJ7sSTgA0oGdxCTUoKQBTKC
551=kAT6g4YQQw+5VOADP7lU4ATqA7YQQ2oDtpAVS8bWkBUKw8aQFSvG1pAUzymE4AJx8lTgAx
552=pD9hBEusPGkBPKAlaAG9jg5pATmBkxRpATqJARpoAbWRAmgBtZEIaAG0kZgGtJGYBrSRmQ
553=Y+vDZtBUIoKQBDKCgAJ98RTgBRpCkCAwBOAFUoKQBXKCkAH6AlYQRfoCVpAWCoImkBI/CN
554=cMElj0lOAF6kuGEEWLwgaQEkuF5pASKoImkBLigpAF0oKQAlsGFhBC8oKQBWuCd0AgQsAC
555=kCAAAEaQEtiQEIaAG9jgFpASeJkAZoAaiQlQIhlZEFdAK1kQJoAbSRhAi1kQ50ArWRFGgB
556=J5MjTgAqpCl1AisoKQAPryYEAE4o6iNOACUMT3QCJTwpaQERrFJpAW+ovGkBELwraQEOtE
557=9pARIoKQATJosiTgBsKCkAFKgtbQVt54xOABuk5HUCHLQuaQFhuCdpAR2stWkBbigoAAQW
558=ACwCAAADdQIXiQEGaQEYiQEJaQFonY4BaAGhkwdoAaGTDWgBoZMTaQFilZECaAGtlAhoAa
559=2UDmkBZYEEFGkBZokBGmgBJ8ckTgBnvCt1AnC8KwIFAE4AcygoACc3Ek4AcagiYAQngzdO
560=AHSkHgIFAE8AQrgGAQIATwAnIzZPAE8oVQAxuDJhBDIoKQBQpDR1AjesMWkBM6RgaQEw54
561=FPADYoKQBApO9hBEykE2kBPLBhaQFNuDJpAUO4XmkBQawxaQFEKCkATigoALWGD2AEtYYV
562=aAG1hhtpATuBiCFpAT2JAS1pAT6JATNpAT+JATloAaWMA2gBpYwJaAGkjIgMpIyIDKSMiQ
563=xLuDJsBSWMKAIDAE8AWKQpaQFfrCZpAR6wrmkBHyQ4LmkBHbTAaQEpoCVoASczIk8AJSZf
564=Ik8ALygpAFYoKQA0oDt5BlIoKQBUKCkAKqwmYQQrnYMBaAG1hgVoAbWGCWkBLoEEDWgBoY
565=gCaAGhiAdpASiNiQxoAayJgAStiQZ1AiKZigpoAbmKA2gBuIqIDLmKD3QCuYoVaAEkkSMb
566=aAEnOyNPADW8K3UCUSgpAFUoKQBXKCkAXigoACfjIk8AD7xXAgQATwATKCkAbueMTwAUqF
567=lhBBCoWWkBbygpABKoWXUCYSS4KGkBG6jdaQFtrDFpARq8V2kBYCgoACeHSE8AZ7gyYQQV
568=jYkBaAGxjQRoAbGNB2gBsY0KaQEZjQUNaAG9jgJoAb2OCGgBvY4OaAG9jhRpAWyNlBpoAb
569=2OCWgBvY4PaAG9jhVoAb2OG2kBEbxXaIUnTzZPAHK4U3UCdKStaQFzpK1oASeSI1AAJ7ci
570=UABCtC4CAgBQAEMoKAAiZC0j+2dQAE4oVQBBuDJtBUwoKQBQJjMiUAA4sDVhBEQoKABkY9
571=EJUSZfIlAAN7w2bQVA841QAEegMHQCtYYWaAG1hhxoAbWGImkBPJ2DKGgBoYguaAGhiDRo
572=Ab2DEGgBvIOQCbyDkQlFI11ZAGEERokBAmgBJ9cQUAAgqy0DAFC0gyKhMFC0g6gBI2RmqQ
573=FXKKwAJ0NFUAAevCBkCCdCRVAAJxM0UAA0vDZhBFS8V2kBUqixaQFWqFlpASmoWWkBI6wm
574=aQElKCkALygpAFOkP2EEWKzsaQE1sLlpAVUoKQAxsGF1AjImDyNQADYoKQBduDJhBFn6lV
575=AAuZUCdAK5lQZoAbmVCmgBrZQDaAGtlAhoAa2UDWgBoZMHaAGhkwtoAbSRhAi1kRB0ArWR
576=FmkBH+6JUAAnNhJQACUcO2AEJ7ERUCiTI1AAbrS9AgQAUAAUJLgoaQFisCppARu4J2gBJz
577=80UABtKFUAHCNpShJgBLGCBWgBsYIIaAGxggtoAbGCDmgBsYIDaAGxggloAbGCD2gBsYIV
578=aAGxghtoAbGCCmgBsYIQaAGxghZoAbGCHGkBGqgiaQFhKCkAEKxSAgUAUABysEtpAXP/g1
579=AAcbREdQJwvEFpAW+8QWkBE6Q/aQERvAppARLpAVEoo0ZRAEDqhVEAJ8NrUQBMtC4CAgBR
580=ADi0LmkBRCgpAD/viVEAQby6YQRRKCkAT+uFUQBHrDFhBDyoF2kBPagXaQE7qBdpAUmoF2
581=kBPrBWaAGxghFrAUoAkiT3VlEAS4kBAnQCsYIBaAGxggNoAQ85ADknAAAAAgBRACUAAAAA
582=AAARAADzDgAgAwMAUQAqAIAAaQE3hQEAaQFDKCkATigpAFIoKQBUKCkAVSgrAB8AKHABZQ
583=gjKCsAIgAs9wJgAC3rASAAL+kBJCgrAGEAMfcCHgAz6wEyAJjpAV0oKwA2AJz3AjQAnesB
584=KQCe6QFTKCkAVigpAFgoKwAzAKHtBV4oKwBfAKP3AkIApOgBBCcAKgIAAAltGyiJAQ5oAQ
585=RZAOcTAAAFaQFbiQERaQFciQEXaAEDLQDwEwAAkSouiQEGdQIviQEMaQEwiQESaQExiQEY
586=aAEBIQA5J9kGJigpACsoKQAsKCkANSgpAE0oKQBXKCkAWigpABV4GQQAAAQAUQAXKCkAGC
587=gpABooKQAbKCkAbSgrABQAK3ABZQhutDlpAW+8NmsBYgCa4QQWuCd1AhkoKQBmKCsAYwCl
588=7AUEHAAoAgAAE20FHYkBHGgBBGgAHRMAAARpAWmJAQppAWqJARBpAWuJARZpAWyIAZgGBG
589=UAHhMAABd1AmSwH2kBZygpAHB4DgQAAAUAUQByKCsAEwCbcAF1AnG0RGsBEgCf9wIRAKKr
590=AVIAPWABBAAAAgBSAEasXWkBRygpAD64XnUCRSgpAEysJncCOAAubAhpAUQoKQBIsGF3Aj
591=8AMOEENbwrdQJNKCsANAAy4QQ3KCkAQygpAEmoZHkGPKAaaQE5oDBoAQRKAJITAAABaQFL
592=iQEDaQE6oCVpATsoKQAlbA1rWVIAJigpACkoKAAnqxBSAFAoVQBRKCkAWbQjAwMAUgAiAI
593=AHawFiACpoBGkBJLBLaQFYrCZpAWGsJmkBIbQjaQFaKCkAY6gidQIg94ZSAF+gUXUCXaA7
594=aQEyqCJpAUL3hlIANrQjdwJBAKD5ESvzglIAXCgpACqwQG0FWygpACz3hlIAYLRaYAS5fw
595=FoAbl/B2gBuX8NaAG5fxNoAbl/GWsBUgD0t4ZSAFOJAQR1AlSJAQhpAVWJAQxpAVaJARBp
596=ASewNWkBKCgpADMoKQBAKCkATygoACerEFIAXihVAB90IGuFUgAjKCgAJycQUgBuKFUAb7
597=Q5AgQAUgAVuDJpARSsMWsBZgCWdAVpARa4MmkBGaAwaQEYsGxpAWcoKQAXtC51AmUoKQBk
598=tC51AmioLWkBGpWGAmkBG4kBC2gBuYoUaAG5ih1pAR6BBCZoAa2JEWgBrYkXaAGsiY0Faa
599=gidAIn1xBSAHF4GWOIUgASoBoBBQBSACcDEVMAOKAEAgIAUwBEuF5pAT6gJWkBNrheaQE0
600=uF5pAUgoKQA1uF51Ak0oKQA364VTAEX/g1MATqRgbQVDtC5pAUmkE2kBObheaQFKpClpAU
601=soKQBMvFd1Aj38gwJTADoAn2BRdQI7iQEDaQE8iQEGaAGUeHOCUwBcpB4CAwBTACekHmkB
602=XygpAGAoKQBhKCkAYigpACbvflMAVygpAF4oKQAlsEt9CigoKQBbKCkAIqgiYQRYKCkAYy
603=gpACG0I2EEJCgpAFooKQAyrCZhBEH3hlMALLgndQJd64VTAEbrhVMAQKQpYQRQKCkAP6RV
604=dQJPKCkAUagtdQIzvFdpAUcoKAC1hgJ0ArWGCGgBtYYOaAG1hhRoAbWGGmgBtYYBaAG1hg
605=VoAbWGCWgBtYYNaAG1hhFpASqgXGgBJ4MhUwBCKFQAJ6cgUwAZrDwCBABTAGgoKQBrqDh1
606=Am4oKQBqvDZ1Am0oKQAWsDV1AmwoKgBvAIjddQIVrDFpAWYksCdpAWesMWkBGKAwaQFZpF
607=VoAbl/A2gBuX8MaAG5fxVoAbl/HmgBuX8naQEfuBxpASAoKQAjKCgAJ/8gUwBlKFQAJ1IQ
608=UwAnUxBTABOkEwIFAFMAFKwFAgUAVAA2oCUCAgBUAEooKQBLKCkAT+eBVAA+431UAE4oKQ
609=A1oCVlCEkoKQA/735UAFAoKQA0uCdtBUgoKQBMtFp1Aj2oWWkBObyvaQE4sFZpATekVWkB
610=TaxSaAGlgQFoAaWBBGgBpYEHaAGQ+GWBVCT8IakBR7gcAgMAVABdqENpAVe4oGkBW6CeaQ
611=FctERpASm4HGkBJqhDaQFeKCkAJawbdQIoKCkAQaBGdQJRuBxpASy4MmkBRigpAEKkHnUC
612=Q7gcaAEEKwAvAgAABmgBAUQAMAIjDS5UZK0BAgAACHQCrXMDaAGtcwloAa1zD2gBrXMVaA
613=GtcxtoAa1zAmgBrHOIDK1zCnQCrXMOaAGtcxJoASfuHlQAJ+8eVAAgsCoCBABUAGIoKQBj
614=KCkAF6gtYQQYKCkAGSgpAGqgMGEEbSgpAGysMXUCGqAwaQEWvCtoAScYHwJUAFkAmXwNdQ
615=JnuEhpASGkomkBWCgoACfuHlQAJ+8eVAAn83dUAGEoKQBpKCkAIrgycQlaKCgAtXsNdAK1
616=exZoAbV7H2gBtXsoaQEfnfwxaAEnSw9UACSsc3UCXygpAGAoKQBoKCgAJZAjfXhvfB1r/l
617=QAa7AUdAIpoQ8VuAYCBQBVADaoLQICAFUANygpADgoKQBKKCkATSgpAE4oKQBPKCkATLxi
618=cQk/84JVADmkNHUCSygpAFCoZHUCQPOCVQA1qDh1AkkoKQA984JVAD68K2AEoX0CaAGhfQ
619=VoAaF9CGkBNLwgAgMAVQBCKCgAJ8tAVQBGKFQAJ6MPVQBcvEx5BlqgnmkBKahOaQFbJGQj
620=aQFZqIhpAVGwFGkBQfN3VQAyrJR1AjP36VUAUigpAEekNGEEVCgpACqVewF0AqF9B2kBLJ
621=UCDWkBRIx+gQRFiQEJdAKtfgRoAa1+CmgBrX4QaAGtfhZoAa1+HGgBqXoPaAGpehNpAUi0
622=RGkBUygoACeyPVUAJZw1AgQAVQBepCloASeiD1UAJ/MOVQAauCdhBG2kP2kBbKw8aQEn+3
623=RVACHr6FUAYSgoACU4RG0FZrwraQFpKCkAJv94VQBfKCkAYLSnbQUgrDFpASi4SGgBrXMX
624=aQEdlXAgaAGtcyloAa1zMmgBASMAKQIjlz9VACSJAQh3AmQALnyvaQFliQEDaQEirCZpAV
625=0oKQBjKCgAJ5Y/VQAnHQ9VJrAybXNrrBtoASXUMWgBJagxaQEWoBppARmgGmgBJ3cPVgA+
626=uDICAgBWADr7dFYAOygpAEGgXGEEQOd2VgA8+3RWAEywNWEEQvt0VgA5vDZ1AksoKQA9rB
627=t1Aj8oKAAj5D9v7FYANbsRAwBWJoAhaAEnNT5WKDc+VgBWsBRhBFooKAAnbA54A4D5YQRY
628=tBhpAVWokGkBKfp0VgAn4y1WACfndlYAVyTsM28FWQA5bBNpATPr81YARygpAFIoKQBUtM
629=htBUiwS2kBUygoACVcInUCOON9VgA0pDR1AkkoKACpeg51Ai2VexRpAS6JARpoAaF9AmgB
630=oX0KaAGpehFoAal6F2gBqXodaAEnrixWACevLFYANrgyYQRDKCkARigoACdeTlYAJ989Vg
631=BRKIAAJ6MPVgBpuDICBABWAGi0LmkBG6xHaQFqrEdpARq0RGkBYbykaQEhJOgjaQEmKCkA
632=XygpAGKwKmEEY6QpawFnAKZwNWgBsXcYaAGxdyFoAbF3KmgBsXczaQEihXYBaAG9eAVoAb
633=14CWkBJYEEDWgBqHqMBal6BHUCZpV7B2gBJw4uVgAndg9WACdrHlYAFmgUcfBWJgNTBQBW
634=JlgyaQFrKIEAbCgoACXYQmAEJfgwAgUAVwA/qC0CAgBXAEAoKQBBKCgAJw9PVwA9oDBtBU
635=KgMGkBPKAwaAGYZmFyV7gDqAEnsRxXJhwwAQMAVwAnq11XAFi0DXUCVLg9aAEndztXAFW4
636=CXUCWSgpAFwoKQAnrBBhBFcoKQBbKCkAOKhDYQRHoL9pAVIoKQAzpKJ1Ajok8EVpATm0RG
637=kBUSgpAEawo3UCTCgpAFAoKQBNpEphBCvn71cANSgpAEMoKQA75HYGVwBOACwCAAADeQZP
638=iQEGaQEshXYPaAG9eBVoAb14G2kBL4EEIWkBMYkBLWkBMokBM2gBoH2cCqF9C3cCSADoIl
639=xDaQFJiAGVDUqJAQx1AkuJARJpASn6dFcAJ8EeVyiXHlcAWrxMAgQAVwBhKCkAZygpAGgk
640=6CNhBBvj9lcAX+rzVwAnxw5XAGP7dFcAJrgyeQZeuDJpAV2oLWkBYKgtaAGldhloAaV2Im
641=gBpXYraAGldjRpASCd8T1oAbF3AmgBsXcGaAGxdwpoAaR2gASldgV0AqV2CGkBVrQjaQFi
642=KCgAJchAcGwlcGFpAWmoImkBaigoACebDlcAGSSAIWEEGqhDaQFroJMCBQBYAD64XgICAF
643=gAPaBcaAEnEEol0Fhrb1gAO6gMAgMAWAA8KCkAPygoACf3KlgAVKQ0bQUopDRpATXjZ1gA
644=UigpAEOkNGEETSgpACv711gAOrw2YQRHKCkAKqwbdQI2vDZpAVO4HGgBpWAEaAGlYAdpAV
645=CRYQppAVGJAQ1rATgALSLEJGkBOYkBCGgBqWQWaAGpZBxoAalkImkBMJ1iKGgBtWUuaAG1
646=ZTRoAbRljBC1ZQx0ArVlAWgBtGWEE7RlmBG1ZRNhBEyBZxloASfzOlgANKhDdQI3KCgAJ0
647=s7WABBKFQAJ90cWCacYQIEAFgAV7w2aQFYKCkAXSgpAF8oKQBmKCkAaSQMI3kGaCQkJmkB
648=GyQMI2kBaiT4JWkBGiQMI2kBIe9zWABjpD91AmC4PWkBXqA7aQEj73NYACC8pHUCIigpAB
649=/ndlgAZ6yfYQQkpD9pAWQoKAC9eBp0Ar14I2gBvXgsawFaADEkVyxYAFuJAQN3AmEAH3yZ
650=aQFiiQEGaQFliQEYaQElvCtoASWUYGkBVShUACcfD1gAWShVAFwoKAAnHg9YACePHVgAGb
651=8gBQBZtCtpb1mkc6gBJwEcWSbIbAEDAFkAJxcOWQBVpDR1AlSsCGkBKKQ0aQFWpDRoASeX
652=KVkAKvvXWQBDKCgAJ054WQAnbw5ZAEKkNGUIKfdwWQBBpDR1AkCkNGkBMKQ0aQE8KCgArX
653=MFdAKtcwhoAa1zC2gBrXMOaQE3gXIBaAG4dJgGuXQJdQI6gQQNaAGtcyNoAbxtlQJGI+k5
654=FXQCqW8CaAGob4APqG+UDalvFGAEqW8aaQErvDZoASakeA8AWQAuADknAAAAAwBZADEAOS
655=cRAACaDgAgCAAAAAMAWQAyADknyQE1KCkAOygpAD4oKQBEKCkARygpAFIoKQBTKCoAIQCA
656=AAIEAFkAJoUBAGkBVygpAFkoKQBfKCkAaCgpAGkoKwBqAClwAWcIGgAr6wEjAJzrAWcAne
657=sBYACe6wFmAKDrARwAoekBHSgrABsAovcCHgCj6wFYAKToAQMgACoCAACLFyUAK+gBBFoA
658=MQIAAAF5EVuJAQRpAVyJAQdpAV2JAQpoAQFhAB8TzQViiAGBBGOJAQ1hBGSJARNpAWWJAR
659=lpAR+kKWkBIigpACQoKQBeKCkAGXQVBAAABQBaAECoAQIDAFoARCgrAC0AKHABdQIuKCkA
660=UygrACwALOEEUigpAFUoKwAoAC/hBC8oKQBUKCsAVgAw4wQnADPrAUIAmOsBKgCZ6wEpAJ
661=rpATAoKQBNKCsANgCb4QQ8KCkAQ6w8dRgxqDhpATUoKQBOKCkATygpADSsPG0FOygpAFC4
662=PXUCR7g9awErAKXhDzIoKAAENwAtAgAAAmEEOIkBBmkBOYkBCmkBOokBDmgBA0UAMAIAAI
663=kBRokBFnUCPp1BAGkBP4kBA2gBA0gA6BMAAIkBSYkBCXUCSokBD2kBS4kBFWkBTIkBG2kB
664=M6Q/aQE9KCkAQSgpAFEoKQAfeBl/V1oAIigpACQoKAAnQw5aAFooVQBdKCkAYCgpAGcoKA
665=Anmw5aABu4SAIEAFoAaaBGaQEcqENpARq8QWkBWLxBaQEe83daAGYoKQAj83daAF+4Mm0F
666=WawxaAGhcgFpASGNcwZpASWMc5UCJokBBXQCrHOIAa1zCHQCoXICaAGgcpQCoXIOdAKhch
667=RoAaFyGmkBHbAqaAEn6w1bACqrIgMAW7qSAABpATIoVQA0KCkAQygoACdvDlsATrgneQYs
668=tJxpAS+4CWkBTbAqaQFRKCkAKbwrdQJPKCkAUvdwWwBVKCkAKKAwbQVUKCkAPKwxdQJH82
669=xbADasMXUCQigpAFAoKQBG72hbADOkNG0FPaQ0aAGpZAdoAalkC2gBqWQPaAGoZIgBvWIB
670=dAK9YgRpAUCIZIUIQYkBCnQCtGWBBEmQYZUCSokBEGAEtWUWaAG1ZRxpATC8NmkBMSgoAC
671=erG1sANyhUACfWG1sAJ4oMWwAnoxpbAFuoOAEEAFsAJwcMWwAdoDB1Ahy8K2kBX6CeaQEe
672=qJtpAWYoKQBYtC51Albj1VsAV6SXdQJeKCkALbQudQJdKCkAYLCYdQIfoDBpAS4oKQBnKC
673=sAWgCmcBdgBK1oAmgBrWgHaQEimWkMaQEljGiBBCaJAQZ1AieJAQpoAa1oA2gBrWgJaAGt
674=aA9oAa1oFWgBrWgbaQEjqC1oASWkIGkBXChVABtoFGXZXChnDVwANbQCAgMAXAA4KCkAPi
675=gpAEEoKQBGKCkAMOdrXABN52tcAFEoKQAp82xcAE8oKQAr82xcADGgO2EPLPtpXAAvrDx0
676=Aid/G1wANqA7dQIzoDtoASf7GlwAR6ibdQJQKCsARACfZBZ1Aju4PWkBQygpADK4PXUCOi
677=gpADegO3UCRSgoAK1oBXQCrWgIaQFJiWQLaQFKiQERaQFLiQEXaAG1ZR1pATSsMWkBOSgo
678=ACebGVwASChVAB5gF27LXAAnmxlcACMoVQAlKCkATigoACebGVwAZihUACdvGVwAHawxAg
679=QAXABgrJRpAVi8K2kBViQgIGkBVbgnaQEn72hcAFMoKQBUpClhBGEoKQAo42dcACSwmGAE
680=J5sZXABisCp0AqlkCGgBqWQNaQEmkWEHaQEtnfwAaQEuiAGMBbFhEHQCsWEWaAGxYRxoAQ
681=FbAOkTI2spXABciQEGdQJdiQEMaQFeiQESaQEgtC5oASW0LWkBVyhVAF8oKQAcsCoCBQBd
682=ADaoAQIDAF0ANygpADkoKQA6KCkAOygpAD8oKQBDKCkARygpACrna10AUCgpAEzgZwFdAD
683=IAJbsoXQAr42ddAE0oKwBSADF4CWUTKftpXQAxKCkATygpAFG0fm0FPLBAaQFC82xdADP3
684=010ARCgpAD24PW0FQSgpAEkoKQBA+2ldAEgoKQA+pD95BkooKwA0AC4i8C91AjWJAQNpAT
685=i0LmkBRSgpAEYoKQBLKCgAJ10MXbgkYWdduCSpAVRgIqkBVigoACfxGV0otwxdAB60LgIE
686=AF0AH6wIaQEdrCZrAScAlmwIaQEkrCZpASisJmkBYCgpAFO0kXUCVSgpACXna10AJqwmYQ
687=RfoCVpATDiZ10AqWQJdAKpZA5pAVcjVSwEaQFYiQEIaAG1ZQFoAbRlmAahygV0AqHKC2gB
688=rWgRaAGtaBdoAa1oHWgBoWcHaAGhZw1oAaFnE2gBJ+MMXQBOrDF1AlooKQBb6wFeAEhkJg
689=QAAAMAXgA5vCtpATooKQA9KCkAPigpAEYoKQBKKCkASygpAFLnzl4AMqibfQpRKCkAOKRC
690=dQI8KCkARSgpAEkoKQA7uD1tBT8oKQBHKCkATPNsXgAztDltBUIoKQBEKCgAtVoBYAS1Wg
691=RpATaBXAdoASdvJF4AQKAldAInqzFeAEMoVQAguycEAF6kG2pZXgAn4xdeAFMogAAnrwte
692=AGUoVQAirCZlCCMoKQAfuAl1AiG8IGkBJKQeaQEw8cReKL8YXgAoJvslXgAn52BeACW8g3
693=kGYeNcXgBjKCkAKe9dXgBiKCkAUO9dXgBaKCkAKryDcQkxKCkAZCgpAFaZXgFgBLFhBWgB
694=sWEJaQFZgQQNaAG9YgJoAb1iCmgBsMSUAq1dCHQCrV0OaAGtXRRpAV+dxRppASa4MmkBLC
695=gpAC8oKQBNKCkATygpAFUoKADT+wUAX7CKf2JfAEKwNQEDAF8AJ2cYXwA841xfAEUoKQBJ
696=KCkAO6g4eQY/KCkARygpADegO2MEMgAucAxpATjqWV8AJ2AzAV8AMQAjeDVhBFGsE2gBJz
697=MXXwBBoDB0AqFcAmgBoVwFaAGhXAhoASdFS18oZiNfAMTkAgQAXwBKcBFrWV8ATCgoACcr
698=C18AVShVAGIoKQBkKCkAIOtZXwAkpB59CiGsG2kBH7QYaAEnvyNfACXzVl8AMO+1XwBQKC
699=kAYSgpAFr3Wl8AY7R7cQkrJhckXwA9KCgAJZBEYAQlkERpAS//ul8ATSgpADrvXV8ARigp
700=AEsoKQBUKCkAJrQucQksKCgA1Ol1AiiNXQRpASmJAQhoAalkAmgBqWQGaAGpZApoAalkDm
701=gBqWQDaAGpZAtoAahklAKpZAl0AqlkD2gBqWQVaAGpZBtpASfvXV8AKigoACWQRHheJbMy
702=BQBgKAMyYABAtDkCAwBgADfhXGAoBgxgACfaC2AAJ9sLYABE4VxgKG8kYABBsJhxCUgoKQ
703=BFqEN0AidDJGAAP7REdQJHKCkAQrA1dQJDJEwraAEnhkhgACdDL2AANrgcYAQnZS5gKHFW
704=YKgUbl1gACVwNQIEAGAATelZYCgzF2AAUShVAFIoKAAn4yJgAGMoVQAkqHpxCSOwd2gBJ6
705=8LYABh77VgADr3WmAASygpACvjXGAARigoACfbC2AAVCZLMGAAMOdgYAA9KCkAUCgoACd3
706=MGAAOeu8YAA4pCllE0ooKQBisCp1AieRVgFoAalZBWgBqVkJaQEqgQQNaAGpWQdoAalZC2
707=gBqVkPaAGpWQRoAalZDGgBqFmUAqlZCnQCqVkQaAGpWRZoAalZHGgBJ18XYABMrDx0Aide
708=F2AAJ14XYADU9HRaJYReaAEn2wthADPjXGEANCgpADUoKQBE+F4CYQA3AC10PAMDAGEANg
709=Alxy9hAEIoKQA861lhAEkoKQA4JvMvYQAy61lhADsoKQBBKCkASCgpAEOkP3QNJ3VGYbQK
710=cVZhKNoWYQAlCDMCBABhAGFoFKEEI+BRAWEAIgCUyGEERvdPYQBaKCkAK/+vYQBLoA9tBV
711=MoKQA65kphACfLYWEAYihVAFXzrmEAVv9MYQAl80thAEUoKQBZKCkALOtOYQA++qthACd7
712=FWEAR/urYQBXKCkAWygoAKVVAnwVpVUGaAGlVQpoAaVVDmgBoVEFaAGhUQ1pAS8jHTsVaw
713=FMACAkmzphAE2IAZEJTokBDGEET4kBEmkBUIkBGGgBvVcLaAG9VxFoAb1XF2gBvVcdaAEl
714=XE5oASWkQWgBJcApaQFK9lphACVsW3QCJyc8YQBUKIEAWCgoACeDC2IAOPNWYgBCsPACAw
715=BiAET/V2IAN/NWYgBF+1NiADb3T2IAQ6A7eAaQXmVKYqQFqAEj0GOpAT3rTmIARigoACfK
716=FGIAJ54UYgAnAl5iACcabGIAJ9VdYij+CmIAJ1csYgAkoHICBABiACUoKQBZKCkAWigpAF
717=soKQBYsLx5BiakHmgBIk1LAKkXIqQedQI+Jl8tYgBT/WJiKFcWYgBV47RiACz/YmIASfte
718=YgBSKCkAP+dgYgBKKCgAJ3ZGYgAlmGZhDzXnYGIAJ+ZgYgAnvzliADwoVQBA+15iADImhl
719=NiALleB3AJuV4LaAG5Xg9oAQRHAC8CAAAGaQFIiQEMaAGlYA5oAaVgFmkBOSMNWgBpATqJ
720=AQNoAb1iAWgBvGKUDb1iDXQCvWITaQEr7lJiACWIWXQCJRg1aQFQKIEAXSgoACefYWMAQ6
721=g4AgMAYwBEKCgAJ4IsYwAn0yBjAEGom20FN7Q5aQFCuKNoASWTcAQAYygaH2MAJ81nYygh
722=CmMoIwpjAFisaHkGJqxoaQFcKCkALPVEYyjLNWMANetDYwA8KCkAPigoACd7FWMAVShVAD
723=Dn+mMASahvdQ1SKCoAKwAj5FR1Ai//TGMAKPJLYwAnKzdjACooVQAt40ZjAEaFPwFkCL1B
724=B2gBvUENaAGkP4AEpT8EdQI7kECMBbFAAnQCsUAIaAGxQA5oAbFAFGgBsaMaaAEBMQDuE5
725=dPYwAyiQEMdQIziQESaQE0iQEYaQEu/UFjJgAndAInnxRjAD8ogAAnnhRjACd9XWPwow0E
726=AGMAVgA5JwAAAAQAYwBXEQAAwQ4AIAgAOScAAAAEAGMAXigqACMAgAACBQBjACSFAQBpAS
727=UoKwBZAKBwAXcCWgCl6QFbpAgEBQBkAEIAKXQCBAMAZABBAC7rAUAAMukBNmABBAAABABk
728=AEQoKQBHKCkAUigpAFMoKQBdKCkAXigpAF8oKwAnAChwAX0KKCgpACkoKQBXKCsAWwAq7w
729=VWACzpAVy8FWcIKgAv9wJYADDpAVq0GGMEJgAz9wI8AJjrAT4AmesBSwCa6wEvAJvrAVUA
730=nesBKwCe6QE1KCsAPQCh9wIuAKLpAVQoKwA3AKT1AkMoKQBRKCkAP7gycRRMKCgABEgALw
731=IAAA51AkmJARRpAUqJARpoAQQ6ADECAAAFaQE7iQEIaAEETQAgEwAACWkBTokBD2kBT4kB
732=FWkBUIkBG2gBBDAA7hMAAAFpATGJAQdpATKJAQ1pATOJARNpATSJARlpASysR2kBLSgpAD
733=goKQA5KCkARSgpAEYoKAAnpgpkACekCgJkAFkAnGAlAgUAZQBBpD8CAwBlAEK0OWkBQKg4
734=aQE1ZAVvUmUAOygpAD0oKQBUKCgAJ/cJZQArvAoCBABlACwoKQAtKCkAWygpAFwoKQBV60
735=5lAC7/TGUAXSgpAFawFH0KKrAUaQFaKCkAN/NLZQBRKCkAL6QebQVDKCkAPPBLAmUAOQCf
736=fBhhBEa8eGkBOOtOZQBSKCkAOu9HZQBHKCkAUygoAKVKD2QIpUoVaAGlShtpAUuRSyFpAU
737=2JAS1pAU6JATNpAU+JATlpAUyZSARoAaVKHGgBpUoCaAGlSghoAaVKDmgBpUoUaAGlShpp
738=ATbrQ2UAPigpAD8oKQBEKCgAJ0UJZSjvCGUAJnokAABtRycoKACci7UCVyhVAFgoKAApyQ
739=kpqAwBBQBmACdzCWYAQawFAgQAZgBCKCkASCgpAFEoKQA740ZmADwoKQBTKCkAVaStcwku
740=ACtgB2kBOvNLZgBSKCkAPfNLZgBUKCkAXedKZgBD+0hmAEb7lWYAL+9HZgA5KCkARftIZg
741=A/40ZmAEQoKQA++JUCZgBAAKPlE0zvlGYAUCgoAAQ2ACwCAAADaRc3iQEGaQE4iQEJaAGx
742=SxZoAbFLHGgBsUsiaAGxSy5oAbFLNGgBrEecCqxHkAmtRw9gBK1HFWgBrUcbaQFHvDZpAU
743=8oKAAnPghmACc9CGa4L31BZrjJqQEtfB2pAVwoKQBZvCt9QVqgJWkBW7QjaQFWqCJoAQIo
744=ACsCAKUIV4mxAHUCWIkBA2kBK6QTaAHUpwIFAGcASrQNAQQAZwAnGwlnAD7jRmcAOqQWYQ
745=RSKCgAJxsJZwBU+0hnAC7v4WcAP+NGZwAt4+BnAD3vR2cAQOPgZwBFKCkARu/hZwBMKCkA
746=UOOTZwBBvCB5EUcoKQBIKCkATSgpAEvnSmcATqwmeQZC95FnAEkoKQA1jUcBYASxSwRoAb
747=FLB2gBsUsKaQE5jQUNaAGgRowFoEaABKFGEGAEoUYWaAGhRhxpAS+sMWkBQygoACeGEWcA
748=JxkJZyjtCGcowQhnrC56PWcAJbwjdDkn7whnAFusJnUCVrRwaAG1RAFpASmBRgVoAaBGlA
749=KhRgR1AlmNRwdpAVqJAQpoASntCDuoF3UCPOkBaCh/JmgARvJLaAAnqiZoACfnEmgASSiA
750=ACchCmgoIwpoAEzjUWgALLgfAgQAaABTKCkAP6QhdQJL5JcBaAA6AIBqdQJSKCkALftTaA
751=BN+1NoAFX85gJoADsAMWASeQYr8FYCaABUADn1Ak7nVWgAUOOeaABAqC15BkUoKQBP41Fo
752=ADTjUWgALqR2bQU19k9oAKlOBXQCqU4IaAGpTgtoAalODmsBLwAuYH1pATCJAQNpAUKJAQ
753=BpAUOIAZQCrFKECK1SEWAErVIXaQFBvDZoASXgIgIFAGgAVnwdcktoACfPGmgAWihVAFvm
754=SmgApUoCeAalSgZpASqRSwpoAaVKBWgBpUoIaAEpwAjb7QUAaSiqG2kAJ0EvaeBcAgQAaQ
755=A0/0FpAEcoKQBU45NpADzrQ2kAK+pDaQAnlwhpAE0oVQAz40ZpAEYoKQBKKCkAO+9HaQA1
756=40ZpAEgoKQBL70dpAD3vR2kAULi2fRUu90RpAECsJnUCRSgpAE4oKQAt4kZpACd3JWkALO
757=9HaQA3KCkAOf+ZaQBRKCkAMvNLaQBJKCgAoUYBYA+hRgRpATGVRAdoAaxHgASsR4EERCiA
758=ACdvJGkAOuFGaSiOEmkAJzsjaQBZ9URpKMMIaQBWtP9tPFW0GGgB0PtpAVewYWgBuUgHaA
759=G5SAtoASeXCGoAOqsMBABqKJUIaigzLWoAN+lDaigXJGoAQChVAE4oKQBPKCkAM/tIagBK
760=KCkANeNGagBIKCkANvdEagA7KCkARSgpAFMoKQAt40ZqADgoKQBBKCkAUCgpAD3nSmoARi
761=gpAFQoKQAr6+hqAD8oKQBNKCkAOeuQagAu80tqADIoKQBJKCkAUSgoALVEAnAqtUQFaAG1
762=RAhoAbREgAS0RIAEtESABCN0PHeGagA+pDQCBQBqAFUoKAAnLxFqAEy8YmEEVrwVaAHA9m
763=kBWPdEagA0qFl1Aln2RGoAJc8lBQBrKD0IayjzGWsAQuM7awBRKCkANuM7awA7KCkARSgp
764=AFMoKAAn5wdrADjnP2sAMuM7awBK/YNrKE82awBD9zlrAEkoKQBSKCkAM/c5awBL94ZrAC
765=3rOGsAQSgpAEgoKQBQKCgAJ18tawAwpGsCBABrAC+sJmkBMaAlaAEjkC95MmugF6kBPPoy
766=awAn4xdrAE0oVAAnSA8CawBWAJZ8AmktNPM1awBMrEd1AlWsEGgBJdBBaQFA/zZrAEcoKA
767=AnoA8GawA+ACkCAAAEbQU/iQEIaQE3pIxoASW4PmkBTihUACVvJAUAbKgqIgs+bAA57zxs
768=ADooKQAy9jlsACe7M2wAQ/c5bABJKCgAJ+MXbABF4ztsADbzNWwAOygoACfjF2wAUyhVAE
769=b3OWwANfM1bAA4KCkAUigpADCkKQIEAGwARLQjaQExuBxoASOESXE1bLARqQE3ZDGoASV4
770=QXwgJ2cNbABAsM91AkcoKQBVKCkANCQ0SWEEVigpAEHrOGwAM7hIYQQ8pBNpAU0oKAAl3E
771=h0AiUwLWkBSKhOaQE9lTkBaAGtPAVoAa08CWkBTiN4IIEET4gBgQRMsB9hBFDpAW2oKm88
772=bQAypCECBABtAEYoKQBDJlsnbQAvpEJhBEr7Mm0AM6wIdQJHKCkAQiaHJ20ALvsybQBJKC
773=kAROc0bQAwrF1kCCftP22kEG8xbQA0+TJtJuc+BQBtJlhIaAEl0CtoASVkI2gBJ+oubQAn
774=NQdtKMkUbSgnJm0ATeumbQA8pBNlCFEoKQBBsBR1AjckoEZpAUwkVCFoASd7FW0AOPI1bQ
775=CxNQJgBLE1BmgBsTUKaAGwNYAEsDWBBFCcNoMEOQAtvXhtIuAtAQIAAAh4BiXQIGkBQPc5
776=bgAw73NuADEoKAAn5x1uAEfndm4AQuM7bgAy4ztuAEH/Nm4AL/M1bgBErJQCBABuAEWkHm
777=kBQ6hZaQFGpB5oASOAWX02bijvE24AS+k4bigDBm4AUSTELwIFAG4ATe9obgA37zFuADwo
778=KQA+9y5uADasEHgGJbRDaAElpExpAVMogQA1sBR1AjsoKAAlDER1AlQkhCdpAUj3cG4ASi
779=gpAE6sG2METAAqInQwaAGxNQdoAbE1C2kBOJE1AWgBvTYFaQE6lQIJaQE0KLEGSesBbwBB
780=/aRvKK4sbwAnJxtvAEf/bW8AMvoybwAnDw1vAEKwCQEEAG8AJ847bwAnOQ1vpDx5Mm+oCa
781=gBI0Q2qAEnkg1vACU8YAIFAG8AP/02byY0KHQCJ2cNbwBKqEN1Akj3OW8APPc5bwA37Whv
782=Jig3bQU+86NvAFEoKQBU82xvAE/6PW8AJQBeeQZJ4ztvAFAoKQBL5jRvAKU0AW0FTZE1Bm
783=gBuTICaAG4MpQCuTIKdQI7hTQOaQE1pCloASdZHHAovyNwAEbtaHAoMSJwKFchcABEsB8C
784=BABwAEWkE2gBI8hiaS1woDioASelIHAoiwxwAFD1LnAmuz4FAHAoAQZwJtA2dQI3JCRHaQ
785=FI92VwAE/1LnAmaDRhBEr/K3AANuvScAA15SlwJiw9bQVH92VwADjpZHDdKwJgBL0rB2kB
786=ToktDGkBPSP5RgNpAT6JAQZpAT+JAQloAaAwmAahMAt0AqEwD2kBMSMMWpkGMogBnAontQ
787=xxKBsqcQBFoyUEAHEo2SFxKPoacQAnSRpxKNUFcShBGXEoQRlxJCBCeTJxKG0ZcSjXBXEA
788=T+NccQA2/ytxADgoKQBI/StxKHsKcQBB5ylxAELnKXEAUahDAQUAcQCxVgNoAbEqCGgBsS
789=oNaQE8mScBaAG9KwRpAT6VAgdoAb0rCmkBQJQCmAakKYAEpCmUAgJJAOoTALkcSokBBnkG
790=S4kBDGgBJ40ocSZAOgIFAHIAROHKcigXGXIARaCLAgQAcgBDpCxoASVoKWgBJahdZAgndS
791=VyJlAxdAInBQxyJuxKdAInBgxyACXkVHUCOKRraQFC9S5yKK8LcgA24zByADvnuHIAOeot
792=cgC9KwlkCL0rDmgBsSoFaAGxKghoAbEqC2gBsCqMBaQpiQEzmVMUYQQ0iQEaaAG9KwFoAb
793=0rB2gBvSsNaQFMiS0TaAElhEgCBQBzAEXtwHMoDRhzKOEXcyhVFnMoYR1zKDE4cyitFnPo
794=ZHwKJycFcwBC64VzADvrhXMAT/+vcwBB865zADrzVnMATigpAEPkKQJzAEgApnBvaAy9IB
795=VoAb0gG2kBNYkiIWkBN4kBLWkBOIkBM2kBOYkBOWgBrSYCaAGtJghoAa0mDmgBrSYUaQFN
796=mScaaAEnnktzACcVJHQoaz90AEXtUnQodg90ACcBPXQoowR0AE54GX9idABPKCkAO+9+dA
797=BB4yV0ADzrpnQAQPcjdAA99Xt0fMUMAgAAEwUAdABDACgCAAAcagFHACVMNgAEdABIACkC
798=AAAIBQB0ADQALwIAABwFABEAABMETwgAAnQANQAvAgAAIgUAdAA2AC8CAAAoaQE3iQEuaQ
799=E4iQE0aAEESQDqEwAAA2kBSokBCWkBS4kBD2kBTIkBFWkBTYkBG2gBBDoAOScAAABpAT/o
800=AQF1ADYAgAACBQB1ADeFAQBpATgoKQA8KCkAPygpAE4oKwA9AJpwAXsGOwCd6wE5AKDrAT
801=oAoesBRQCk6wE+AKXoAQRAACgCAAACZQhBiQELaQFCiQEUaQFDiQEdaQFEiQEmaAEERgAp
802=AgAAAWkBR4kBBWkBSIkBCWkBSYkBDWkBNZknI2gBrSYKaAGtJhBoAa0mFmgBrCYBHAUAdi
803=h1BHYodgR2ACd3BHYAOmwYcyp2ADsoKQA+KCsAOQCccAFxCUUoKAClHgN0AqUeDGgBpR4V
804=aAGlHh5oAaUeJ2gBpR4CaAGlHgZoAaUeCmgBATwALgKPPHYAPYgBiAyhRgVgBLEfC2gBsR
805=8RaAGxHxdoAbEfHWgBJ5UIdyjxA3co8gN3ACc/CHcASHAcfyB3AEwoKwA5AJhwAQIFAHcA
806=RfZEdwAnPwh3AEbrQ3cASigrAEkAovsGOwCj6QFHKCkAS+5HdwC5Jw1oDLknFmgBuScfaA
807=G5JyhoAbUjAWgBtSMEaQE+gSUHaQFA/WJ4KJkDeCiPB3gAQHARexx4AEYoKQBJKCkASigp
808=AEsoKQBH8x94ADvwQAJ4ADkAnmgEAgUAeABI7ht4ALUYF3QCtRggaAG1GClpAUWFYDJoAa
809=EaAmgBoRoFaAGhGghoAScLB3gAQe8beQA5eA51GHkobgN5ACfTCnkAQSiAACdDA3kASPc5
810=eQA74BoCeQA8AJ90BQIFAHkAP+9+eQA95zR5AEAoKQBJKCgAuRwYeAa5HCFoAbkcKmgBuR
811=wzaQFGhR48aQFH9Rh6KOkCeijrDXoAPXARbRt6KEEDeijdBnoobwN6AEcorAAnCwd6AD/n
812=NHoASCgpADzxNXrENAIZBQB6AKkXImgBqRcraAGpFzRoAagXAT0FAHsokgJ7ACdNFXsoGA
813=kCewA/AJlgEm0FSOOpewBH8yp7AD7rZHsAQCgpAD33ZXsAQflIe9EUGnAJsRQjaAGxFCxp
814=AUXlKXwoOQJ8KPkEfCj5BHwoow98AERoFH8rfABB/0F8AEf/FXwARf0VfCh3D3wAQuY/fA
815=Ankw18AEPtEH0o4QF9KOMBfQBC9Q19KKMEfQBF9w19AEH7Mn0AQ+MPfQBE9CMCfQA/ADGn
816=on0AQIgBAQMFAH4oiQF+KEMDfgBF9w1+AEPlP37FCAF4BqUIBGkBQZEJB2kBQvUYfyihBH
817=8o6QJ/KIsBfwBD/RV/2BECBQUAfwCwCQEIBQCAKKUKgCilCoAoMwGAAEPxFIHgBA4FAIEA
818=QgAAAAAAAAUAAAAAABEAAA==

[Lighting]
Red=.950000
Blue=1.100000
Green=0.950000
Level=0.015000
Ground=0.000000
IonRed=1.000000
Ambient=0.400000
IonBlue=1.400000
IonGreen=1.000000
IonLevel=0.010000
IonGround=0.000000
IonAmbient=0.380000
DominatorRed=0.850000
DominatorBlue=0.300000
DominatorGreen=0.200000
DominatorLevel=0.000000
DominatorGround=0.000000
DominatorAmbient=1.500000
DominatorAmbientChangeRate=0.001000

[Map]
Size=0,0,65,65
Theater=TEMPERATE
LocalSize=2,4,61,56

[Neutral]
IQ=5
Edge=North
Side=Neutral
Color=Grey
Allies=Neutral,GDI,GT,Nod
Credits=0
ActsLike=0
NodeCount=0
TechLevel=10
PercentBuilt=100
PlayerControl=no

[Nod]
IQ=5
Edge=North
Side=Nod
Color=DarkRed
Allies=Nod,Neutral
Credits=0
ActsLike=1
NodeCount=0
TechLevel=10
PercentBuilt=100
PlayerControl=no

[NodA]
IQ=5
Edge=North
Side=NodA
Color=DarkRed
Allies=NodA
Credits=0
ActsLike=0
NodeCount=0
TechLevel=10
PercentBuilt=100
PlayerControl=no

[NodB]
IQ=5
Edge=North
Side=NodB
Color=DarkRed
Allies=NodB
Credits=0
ActsLike=0
NodeCount=0
TechLevel=10
PercentBuilt=100
PlayerControl=no

[OverlayDataPack]
0=BQAAIP4AIACABQAAIP4AIACABQAAIP4AIACAJwAAIP5AGACFBgoOCgz++wEAhQEAAQAB/v
1=gDAIIGCv4HAACCAgz+uAEAgE0AACD+PQAAgQX+CQAAgQX+9QEAggcI/gcAAIICDf71AQCB
2=Bf4JAACBBf71AQCCAwj+BwAAggIJ/vgDAIUEAAQABP77AQCFAwoLCgn+uxMAgAUAACD+AC
3=AAgAUAACD+ACAAgAUAACD+ACAAgAUAACD+ACAAgAUAACD+ACAAgAUAACD+ACAAgAUAACD+
4=ACAAgAUAACD+ACAAgAUAACD+ACAAgAUAACD+ACAAgAUAACD+ACAAgAUAACD+ACAAgAUAAC
5=D+ACAAgAUAACD+ACAAgAUAACD+ACAAgAUAACD+ACAAgAUAACD+ACAAgAUAACD+ACAAgAUA
6=ACD+ACAAgAUAACD+ACAAgAUAACD+ACAAgAUAACD+ACAAgAUAACD+ACAAgAUAACD+ACAAgA
7=UAACD+ACAAgAUAACD+ACAAgAUAACD+ACAAgA==

[OverlayPack]
0=BQAAIP4AIP+AFwAAIP4+Ev+Br/4IBv+Brf4UBv+Brv6jAf+AEQAAIP4uEv+BsP4dBv+Bsf
1=6zB/+APQAAIP45Av+Brv4mAv+BsP67Af+Bsf4jEv/+BQAA/soB/4Gt/jAA/4UA/wD/AP74
2=A/+CAAD+BwD/ggAA/rgB/4BjAAAg/j0A/4EA/gkA/4EA/vUB/4IAAP4HAP+CAAD+9QH/gQ
3=D+CQD/gQD+9QH/ggAA/gcA/4IAAP7aA/+Br/4dAP+FAP8A/wD++wH//gUAAP4MBv+Br/4g
4=BP+Bsf7EAf+Brf7IB/+AEQAAIP4gEP+Brv4QAv+BsP7ODf+AEQAAIP5MBv+Brv7lA/+Br/
5=7NFf+AEQAAIP47AP+Bsf4MFP+Brf63C/+ABQAAIP4AIP+ABQAAIP4AIP+ABQAAIP4AIP+A
6=BQAAIP4AIP+ABQAAIP4AIP+ABQAAIP4AIP+ABQAAIP4AIP+ABQAAIP4AIP+ABQAAIP4AIP
7=+ABQAAIP4AIP+ABQAAIP4AIP+ABQAAIP4AIP+ABQAAIP4AIP+ABQAAIP4AIP+ABQAAIP4A
8=IP+ABQAAIP4AIP+ABQAAIP4AIP+ABQAAIP4AIP+ABQAAIP4AIP+ABQAAIP4AIP+ABQAAIP
9=4AIP+ABQAAIP4AIP+ABQAAIP4AIP+ABQAAIP4AIP+A

[ScriptTypes]
0=01000017
1=01000011
2=01000012
3=01000141

[Special]
IQ=5
Edge=North
Side=Special
Color=Grey
Allies=Special
Credits=0
ActsLike=0
NodeCount=0
TechLevel=10
PercentBuilt=100
PlayerControl=no

[SpecialFlags]
Inert=no
FogOfWar=no
IonStorms=no
MCVDeploy=no
Meteorites=no
Visceroids=yes
FixedAlliance=no
TiberiumGrows=yes
InitialVeteran=no
HarvesterImmune=no
TiberiumSpreads=yes
TiberiumExplosive=no
DestroyableBridges=yes

[Structures]
0=Neutral,CAFNCE,256,58,59,64,None,1,0,1,0,0,None,None,None,0,0
1=Neutral,CAFNCE,256,58,58,64,None,1,0,1,0,0,None,None,None,0,0
2=Neutral,CAFNCE,256,58,57,64,None,1,0,1,0,0,None,None,None,0,0
3=Neutral,CAFNCE,256,59,57,64,None,1,0,1,0,0,None,None,None,0,0
4=Neutral,CAFNCE,256,60,57,64,None,1,0,1,0,0,None,None,None,0,0
5=Neutral,LTWR02,256,59,72,64,None,1,0,1,0,0,None,None,None,0,0
6=Neutral,CAFNCE,256,74,59,64,None,1,0,1,0,0,None,None,None,0,0
7=Neutral,CAFNCE,256,74,58,64,None,1,0,1,0,0,None,None,None,0,0
8=Neutral,LTWR02,256,73,58,64,None,1,0,1,0,0,None,None,None,0,0
9=Neutral,LTWR01,256,73,72,64,None,1,0,1,0,0,None,None,None,0,0
10=Neutral,CAFNCE,256,74,73,64,None,1,0,1,0,0,None,None,None,0,0
11=Neutral,CAFNCE,256,74,72,64,None,1,0,1,0,0,None,None,None,0,0
12=Neutral,CAFNCE,256,74,71,64,None,1,0,1,0,0,None,None,None,0,0
13=Neutral,CAFNCE,256,73,73,64,None,1,0,1,0,0,None,None,None,0,0
14=Neutral,CAFNCE,256,72,73,64,None,1,0,1,0,0,None,None,None,0,0
15=Neutral,CAFNCE,256,58,70,64,None,1,0,1,0,0,None,None,None,0,0
16=Neutral,CAFNCE,256,58,71,64,None,1,0,1,0,0,None,None,None,0,0
17=Neutral,CAFNCE,256,58,73,64,None,1,0,1,0,0,None,None,None,0,0
18=Neutral,CAFNCE,256,59,73,64,None,1,0,1,0,0,None,None,None,0,0
19=Neutral,CAFNCE,256,60,75,64,None,1,0,1,0,0,None,None,None,0,0
20=Neutral,LTWR01,256,59,58,64,None,1,0,1,0,0,None,None,None,0,0
21=Neutral,CAFNCE,256,71,73,64,None,1,0,1,0,0,None,None,None,0,0
22=Neutral,CAFNCE,256,74,70,64,None,1,0,1,0,0,None,None,None,0,0
23=Neutral,CAFNCE,256,72,57,64,None,1,0,1,0,0,None,None,None,0,0
24=Neutral,CAFNCE,256,73,57,64,None,1,0,1,0,0,None,None,None,0,0
25=Neutral,CAFNCE,256,74,57,64,None,1,0,1,0,0,None,None,None,0,0
26=Neutral,CAFNCE,256,74,60,64,None,1,0,1,0,0,None,None,None,0,0
27=Neutral,CAFNCE,256,71,57,64,None,1,0,1,0,0,None,None,None,0,0
28=Neutral,CAFNCE,256,61,57,64,None,1,0,1,0,0,None,None,None,0,0
29=Neutral,CAFNCE,256,58,60,64,None,1,0,1,0,0,None,None,None,0,0
30=Neutral,CAFNCE,256,58,72,64,None,1,0,1,0,0,None,None,None,0,0
31=Neutral,CAFNCE,256,61,73,64,None,1,0,1,0,0,None,None,None,0,0
32=Neutral,INGALITE,256,66,65,64,None,1,0,1,0,0,None,None,None,0,0
33=Neutral,CAFNCE,256,60,73,64,None,1,0,1,0,0,None,None,None,0,0
34=Neutral,CAFNCE,256,60,74,64,None,1,0,1,0,0,None,None,None,0,0
35=Neutral,CAFNCE,256,57,71,64,None,1,0,1,0,0,None,None,None,0,0
36=Neutral,CAFNCE,256,56,71,64,None,1,0,1,0,0,None,None,None,0,0
37=Neutral,CAFNCE,256,60,56,64,None,1,0,1,0,0,None,None,None,0,0
38=Neutral,CAFNCE,256,60,55,64,None,1,0,1,0,0,None,None,None,0,0
39=Neutral,CAFNCE,256,57,59,64,None,1,0,1,0,0,None,None,None,0,0
40=Neutral,CAFNCE,256,56,59,64,None,1,0,1,0,0,None,None,None,0,0
41=Neutral,CAFNCE,256,72,74,64,None,1,0,1,0,0,None,None,None,0,0
42=Neutral,CAFNCE,256,72,75,64,None,1,0,1,0,0,None,None,None,0,0
43=Neutral,CAFNCE,256,75,71,64,None,1,0,1,0,0,None,None,None,0,0
44=Neutral,CAFNCE,256,76,71,64,None,1,0,1,0,0,None,None,None,0,0
45=Neutral,CAFNCE,256,75,59,64,None,1,0,1,0,0,None,None,None,0,0
46=Neutral,CAFNCE,256,76,59,64,None,1,0,1,0,0,None,None,None,0,0
47=Neutral,CAFNCE,256,72,56,64,None,1,0,1,0,0,None,None,None,0,0
48=Neutral,CAFNCE,256,72,55,64,None,1,0,1,0,0,None,None,None,0,0

[TMF]
IQ=5
Edge=North
Side=TMF
Color=Green
Allies=TMF
Credits=0
ActsLike=0
NodeCount=0
TechLevel=10
PercentBuilt=100
PlayerControl=no

[Tags]
01000001=0,Nod Militants 1,01000000
01000005=0,Nod Tank Hunters 1,01000004
01000009=0,Nod Incinerators 1,01000008
01000015=0,Reveal Start 1,01000014
01000021=0,Killed 140 Nod  1,01000020
01000025=0,Nod Scorpions 1,01000024
01000029=0,Nod Vipers 1,01000028
01000033=0,Nod Cleavers 1,01000032
01000035=0,Killed 200 Nod 1,01000034
01000040=0,Lose 1,01000039
01000044=0,Nod Inferno 1,01000043
01000048=0,Nod Eclipses 1,01000047
01000050=0,Killed 240 Nod 1,01000049
01000058=0,Nod Hammerheads 1,01000057
01000060=0,Reveal Map Debug Trigger 1,01000059
01000064=0,Nod Shadows 1,01000063
01000068=0,Nod Moles 1,01000067
01000070=0,Killed 280 Nod 1,01000069
01000077=0,Nod Vulcan Cyborgs 1,01000076
01000081=0,Nod Cannon Cyborgs 1,01000080
01000083=0,Killed 340 Nod 1,01000082
01000089=0,Nod Reapers 1,01000088
01000094=0,Nod Final Wave 1,01000093
01000096=0,Win 1,01000095
01000098=0,Enable Win 1,01000097
01000100=0,Lock Input 1,01000099
01000102=0,Unlock Input 1,01000101
01000104=0,Start Text Trigger 1,01000103
01000106=0,Start Day/Night Loop 1,01000105
01000108=2,Sunrise 1,01000107
01000110=2,Ambient Is Up 1,01000109
01000112=2,Sunset 1,01000111
01000114=2,Ambient Is Down 1,01000113
01000116=0,Testwin 1,01000115
01000118=0,CABAL Taunt Speech 1 1,01000117
01000120=0,CABAL Taunt Speech 2 1,01000119
01000122=0,CABAL Taunt Speech 3 1,01000121
01000124=0,CABAL Taunt Speech 4 1,01000123
01000126=0,CABAL Taunt Speech 5 1,01000125
01000128=0,CABAL Taunt Speech 6 1,01000127
01000130=0,Lost 5 Units 1,01000129
01000132=0,Lost 10 Units 1,01000131
01000134=0,Lost 15 Units 1,01000133
01000136=0,Lost 20 Units 1,01000135
01000138=0,Lost 25 Units 1,01000137
01000140=0,Lost 30 Units 1,01000139

[TaskForces]
0=01000016
1=01000002
2=01000006
3=01000010
4=01000022
5=01000026
6=01000030
7=01000036
8=01000041
9=01000045
10=01000051
11=01000054
12=01000055
13=01000061
14=01000065
15=01000071
16=01000074
17=01000078
18=01000084
19=01000087
20=01000091

[TeamTypes]
0=01000018
1=01000003
2=01000007
3=01000013
4=01000019
5=01000023
6=01000027
7=01000031
8=01000037
9=01000038
10=01000042
11=01000046
12=01000052
13=01000053
14=01000056
15=01000062
16=01000066
17=01000072
18=01000073
19=01000075
20=01000079
21=01000085
23=01000090
24=01000092

[Terrain]
13066=CACTI02
15069=LTREE10
17064=LTREE12
17073=LTREE08
20078=LTREE11
21061=LTREE08
26067=LTREE10
27052=LTREE09
29048=LTREE09
30079=LTREE12
30090=LTREE12
31073=LTREE12
31083=CACTI03
33085=LTREE08
34056=CACTI02
34067=LTREE10
34074=CACTI03
35089=LTREE09
36092=CACTI01
37058=CACTI01
37097=CACTI03
38087=LTREE11
39062=LTREE09
39076=CACTI02
40093=LTREE11
41077=LTREE08
42089=LTREE10
43083=CACTI01
44098=LTREE11
45034=CACTI03
45056=CACTI01
45063=CACTI03
47050=LTREE09
47061=LTREE08
47078=LTREE11
48029=LTREE09
48080=CACTI03
48099=LTREE11
49025=CACTI03
49069=CACTI02
49077=LTREE09
49090=LTREE11
51048=CACTI03
51075=LTREE09
51083=LTREE09
52033=CACTI03
52044=LTREE08
53094=CACTI02
54031=LTREE08
54091=LTREE12
54113=LTREE08
55037=CACTI02
55083=CACTI02
56021=LTREE12
56059=TNKTRP01
56061=TNKTRP01
56071=TNKTRP01
56073=TNKTRP01
57062=TNKTRP02
57064=TNKTRP02
57065=TNKTRP02
57066=TNKTRP02
57067=TNKTRP02
57069=TNKTRP02
57070=TNKTRP02
57084=LTREE08
58046=LTREE08
58057=TNKTRP01
58075=TNKTRP01
58115=CACTI01
59024=CACTI02
59081=CACTI01
59101=CACTI01
60039=LTREE09
60050=LTREE08
60057=TNKTRP01
60075=TNKTRP01
60092=LTREE10
60110=LTREE08
60116=LTREE10
61058=TNKTRP02
61074=TNKTRP02
62048=CACTI01
62058=TNKTRP02
62074=TNKTRP02
63017=LTREE09
63025=LTREE11
63085=CACTI03
64030=CACTI01
64058=TNKTRP02
64074=TNKTRP02
64079=LTREE09
64103=LTREE11
64111=LTREE11
65058=TNKTRP02
65074=TNKTRP02
65124=LTREE12
66029=CACTI03
66052=LTREE09
66058=TNKTRP02
66074=TNKTRP02
66089=LTREE11
67115=LTREE08
68058=TNKTRP02
68074=TNKTRP02
68093=LTREE12
68121=CACTI03
69029=LTREE10
69039=LTREE10
69046=LTREE12
69058=TNKTRP02
69074=TNKTRP02
69089=CACTI03
70015=LTREE12
70057=TNKTRP01
70075=TNKTRP01
70103=LTREE10
72057=TNKTRP01
72075=TNKTRP01
72117=CACTI02
73022=LTREE08
73041=LTREE11
73049=CACTI02
73062=TNKTRP02
73063=TNKTRP02
73065=TNKTRP02
73066=TNKTRP02
73067=TNKTRP02
73069=TNKTRP02
73070=TNKTRP02
73082=LTREE10
74059=TNKTRP01
74061=TNKTRP01
74071=TNKTRP01
74073=TNKTRP01
75016=CACTI01
75080=CACTI02
75096=LTREE08
75098=LTREE10
76038=CACTI02
76078=LTREE11
77109=LTREE09
78027=LTREE09
78030=CACTI03
78054=LTREE11
78090=LTREE12
79045=LTREE11
79058=CACTI01
79088=CACTI01
79104=LTREE11
80066=CACTI03
81061=LTREE10
81072=LTREE12
81102=CACTI02
82086=LTREE09
83025=LTREE09
83077=CACTI03
83105=CACTI01
84040=LTREE11
84067=LTREE09
84098=LTREE11
85034=LTREE10
85051=LTREE12
85058=LTREE08
86044=LTREE10
87093=CACTI01
87095=CACTI03
88064=CACTI03
88076=LTREE10
88091=LTREE12
89102=LTREE10
91037=CACTI01
91071=LTREE08
92045=LTREE08
92090=CACTI02
93068=LTREE09
93076=LTREE10
93082=LTREE12
94044=LTREE09
95038=LTREE12
95086=LTREE10
96092=LTREE11
97049=CACTI02
97055=LTREE09
98047=LTREE12
98068=LTREE08
99087=LTREE09
100058=CACTI01
100073=LTREE12
103045=CACTI03
103083=LTREE09
104067=CACTI02
104076=CACTI03
105055=LTREE10
106069=LTREE08
110054=CACTI02
110076=LTREE11
112053=CACTI01
114062=LTREE11
114075=LTREE10
116056=LTREE12
117069=LTREE08
119068=CACTI01
122068=LTREE09

[Triggers]
01000000=GDI,<none>,Nod Militants,0,1,1,1,0
01000004=GDI,<none>,Nod Tank Hunters,0,1,1,1,0
01000008=GDI,<none>,Nod Incinerators,0,1,1,1,0
01000014=GDI,<none>,Reveal Start,0,1,1,1,0
01000020=Nod,<none>,Killed 140 Nod ,0,1,1,1,0
01000024=GDI,<none>,Nod Scorpions,0,1,1,1,0
01000028=GDI,<none>,Nod Vipers,0,1,1,1,0
01000032=GDI,<none>,Nod Cleavers,0,1,1,1,0
01000034=Nod,<none>,Killed 200 Nod,0,1,1,1,0
01000039=GDI,<none>,Lose,0,1,1,1,0
01000043=GDI,<none>,Nod Inferno,0,1,1,1,0
01000047=GDI,<none>,Nod Eclipses,0,1,1,1,0
01000049=Nod,<none>,Killed 240 Nod,0,1,1,1,0
01000057=GDI,<none>,Nod Hammerheads,0,1,1,1,0
01000059=GDI,<none>,Reveal Map Debug Trigger,1,1,1,1,0
01000063=GDI,<none>,Nod Shadows,0,1,1,1,0
01000067=GDI,<none>,Nod Moles,0,1,1,1,0
01000069=Nod,<none>,Killed 280 Nod,0,1,1,1,0
01000076=GDI,<none>,Nod Vulcan Cyborgs,0,1,1,1,0
01000080=GDI,<none>,Nod Cannon Cyborgs,0,1,1,1,0
01000082=Nod,<none>,Killed 340 Nod,0,1,1,1,0
01000088=GDI,<none>,Nod Reapers,0,1,1,1,0
01000093=GDI,<none>,Nod Final Wave,0,1,1,1,0
01000095=GDI,<none>,Win,1,1,1,1,0
01000097=GDI,<none>,Enable Win,0,1,1,1,0
01000099=GDI,<none>,Lock Input,0,1,1,1,0
01000101=GDI,<none>,Unlock Input,0,1,1,1,0
01000103=GDI,<none>,Start Text Trigger,0,1,1,1,0
01000105=Neutral,<none>,Start Day/Night Loop,0,1,1,1,0
01000107=Neutral,<none>,Sunrise,1,1,1,1,0
01000109=Neutral,<none>,Ambient Is Up,1,1,1,1,0
01000111=Neutral,<none>,Sunset,1,1,1,1,0
01000113=Neutral,<none>,Ambient Is Down,1,1,1,1,0
01000115=GDI,<none>,Testwin,1,1,1,1,0
01000117=GDI,<none>,CABAL Taunt Speech 1,1,1,1,1,0
01000119=GDI,<none>,CABAL Taunt Speech 2,1,1,1,1,0
01000121=GDI,<none>,CABAL Taunt Speech 3,1,1,1,1,0
01000123=GDI,<none>,CABAL Taunt Speech 4,1,1,1,1,0
01000125=GDI,<none>,CABAL Taunt Speech 5,1,1,1,1,0
01000127=GDI,<none>,CABAL Taunt Speech 6,1,1,1,1,0
01000129=GDI,<none>,Lost 5 Units,0,1,1,1,0
01000131=GDI,<none>,Lost 10 Units,0,1,1,1,0
01000133=GDI,<none>,Lost 15 Units,0,1,1,1,0
01000135=GDI,<none>,Lost 20 Units,0,1,1,1,0
01000137=GDI,<none>,Lost 25 Units,0,1,1,1,0
01000139=GDI,<none>,Lost 30 Units,0,1,1,1,0

[Units]
0=GT,SONIC,256,71,70,96,Guard,None,0,-1,0,-1,1,0
1=GT,SONIC,256,61,70,160,Guard,None,0,-1,0,-1,1,0
2=GT,SONIC,256,61,60,224,Guard,None,0,-1,0,-1,1,0
3=GT,SONIC,256,71,60,32,Guard,None,0,-1,0,-1,1,0
4=GT,GTSGO,256,70,64,64,Guard,None,0,-1,0,-1,1,0
5=GDI,GOLIA,256,62,64,192,Guard,None,0,-1,0,-1,1,0
6=GDI,GOLIA,256,65,69,128,Guard,None,0,-1,0,-1,1,0
7=GT,GTSGO,256,67,69,128,Guard,None,0,-1,0,-1,1,0
8=GT,GTSGO,256,62,66,192,Guard,None,0,-1,0,-1,1,0
9=GDI,GOLIA,256,70,66,64,Guard,None,0,-1,0,-1,1,0
10=GDI,GOLIA,256,67,61,0,Guard,None,0,-1,0,-1,1,0
11=GT,GTSGO,256,65,61,0,Guard,None,0,-1,0,-1,1,0
12=GDI,KAZUAR,256,68,59,0,Guard,None,0,-1,0,-1,1,0
13=GDI,KAZUAR,256,64,71,128,Guard,None,0,-1,0,-1,1,0
14=GDI,KAZUAR,256,68,71,128,Guard,None,0,-1,0,-1,1,0
15=GDI,KAZUAR,256,64,59,0,Guard,None,0,-1,0,-1,1,0
16=GT,POLLY,256,60,68,192,Guard,None,0,-1,0,-1,1,0
17=GT,POLLY,256,60,62,192,Guard,None,0,-1,0,-1,1,0
18=GT,POLLY,256,72,62,64,Guard,None,0,-1,0,-1,1,0
19=GT,POLLY,256,72,68,64,Guard,None,0,-1,0,-1,1,0

[Waypoints]
0=66002
1=136070
2=70136
3=0067
4=55076
5=74057
6=16050
7=114081
8=65078
9=77066
10=54067
11=65054
98=65066
99=64066

[Digest]
1=hhRWLrnk+DRf7aA+3/n534/3CZ8=

