[Basic]
Win=N_LOGO_W
Lose=GDI_FLAG
Name=Nod Mission 04 A: Nod's Viper
Theme=VIPERBEA
Player=Nod
Percent=0
GameMode=Custom Map
HomeCell=98
InitTime=10000
Official=yes
EndOfGame=no
FreeRadar=yes
MaxPlayer=8
MinPlayer=2
SkipScore=no
TrainCrate=no
TruckCrate=no
AltHomeCell=99
OneTimeOnly=no
CarryOverCap=0
NewINIFormat=4
NextScenario=Maps\Missions\n4b.map
SkipMapSelect=yes
CarryOverMoney=0.000000
AltNextScenario=
MultiplayerOnly=1
IceGrowthEnabled=yes
VeinGrowthEnabled=yes
TiberiumGrowthEnabled=no
IgnoreGlobalAITriggers=no
TiberiumDeathToVisceroid=yes

[BUILDT02]
Sight=4
Nominal=no
Capturable=no

[CAARMR]
Armory=no
Nominal=no
Capturable=no

[CACRSH04]
Selectable=no
LegalTarget=no
InvisibleInGame=yes

[DSHP]
Name=Chinook
Image=TDNTRAN
AuxSound1=HELUP01
AuxSound2=HELDWN01
Trainable=no

[GARADR]
SuperWeapon=none

[GHUM]
Speed=6
Nominal=no

[GTCIVHO]
Sight=4
Nominal=no

[GTEXO]
Nominal=no

[GTFUS]
Nominal=no
Capturable=no

[GTHEAVY]
Sight=6
Nominal=no

[GTLTN]
Nominal=no

[GTMILIT]
Nominal=no

[GTTIBMON]
Nominal=no
Insignificant=no

[GTTRU]
Nominal=no

[GTUNI1]
Nominal=no
Insignificant=no

[GTUNI2]
Nominal=no
Insignificant=no

[NARADR]
SuperWeapon=none

[NODFLAME]
TechLevel=2
Prerequisite=NAHAND
CollateralDamageCoefficient=.04

[GAAGT]
Name=Advanced Guard Tower

[GAGUTO]
Name=Guard Tower

[NATURR]
Name=Turret

[Preview]
Size=0,0,120,60

[PreviewPack]

[01000002]
0=1,GTTRU
Name=GloboTech Trucks
Group=-1

[01000003]
0=3,4
1=3,5
2=3,6
3=3,7
4=3,8
5=3,9
6=3,11
Name=GloboTech Trucks

[01000010]
Max=5
Full=yes
Name=GT Truck 1
Group=-1
House=GT
Script=01000003
Whiner=no
Droppod=no
Suicide=no
Loadable=no
Prebuild=no
Priority=5
Waypoint=B
Annoyance=no
IonImmune=no
Recruiter=no
Reinforce=no
TaskForce=01000002
TechLevel=0
Aggressive=no
Autocreate=yes
GuardSlower=no
OnTransOnly=no
AvoidThreats=no
LooseRecruit=no
VeteranLevel=1
IsBaseDefense=no
OnlyTargetHouseEnemy=no
TransportsReturnOnUnload=no
AreTeamMembersRecruitable=no

[01000011]
Max=5
Full=yes
Name=GT Truck 2
Group=-1
House=GT
Script=01000003
Whiner=no
Droppod=no
Suicide=no
Loadable=no
Prebuild=no
Priority=5
Waypoint=C
Annoyance=no
IonImmune=no
Recruiter=no
Reinforce=no
TaskForce=01000002
TechLevel=0
Aggressive=no
Autocreate=yes
GuardSlower=no
OnTransOnly=no
AvoidThreats=no
LooseRecruit=no
VeteranLevel=1
IsBaseDefense=no
OnlyTargetHouseEnemy=no
TransportsReturnOnUnload=no
AreTeamMembersRecruitable=no

[01000012]
Max=5
Full=yes
Name=GT Truck 3
Group=-1
House=GT
Script=01000003
Whiner=no
Droppod=no
Suicide=no
Loadable=no
Prebuild=no
Priority=5
Waypoint=D
Annoyance=no
IonImmune=no
Recruiter=no
Reinforce=no
TaskForce=01000002
TechLevel=0
Aggressive=no
Autocreate=yes
GuardSlower=no
OnTransOnly=no
AvoidThreats=no
LooseRecruit=no
VeteranLevel=1
IsBaseDefense=no
OnlyTargetHouseEnemy=no
TransportsReturnOnUnload=no
AreTeamMembersRecruitable=no

[01000014]
0=2,E1
1=1,E2
Name=GDI Patroll Team 1
Group=-1

[01000015]
0=3,19
1=5,15
2=3,18
3=5,15
4=6,1
Name=GDI Patroll Script Waypoint 18

[01000016]
0=3,24
1=5,15
2=3,23
3=5,15
4=6,1
Name=GDI Patroll Script Waypoint 23

[01000017]
0=3,21
1=5,15
2=3,22
3=5,15
4=3,21
5=5,15
6=3,20
7=5,15
8=6,1
Name=GT Patroll Script Waypoint 20

[01000018]
0=1,VIPER
Name=Viper
Group=-1

[01000019]
0=1,NMCV
Name=MCV
Group=-1

[01000020]
0=3,E1NOD
1=2,E3
Name=3 Militants 2 Tank Hunters
Group=-1

[01000021]
0=3,26
1=50,350
Name=Viper Waypoint 25

[01000022]
0=3,30
1=50,350
Name=Viper Waypoint 29

[01000023]
0=3,28
1=9,0
Name=MCV

[01000024]
0=3,31
Name=Nod Starting Infantry Waypoint 27

[01000031]
Max=5
Full=yes
Name=GDI Patrol 1
Group=-1
House=GDI
Script=01000015
Whiner=no
Droppod=no
Suicide=no
Loadable=no
Prebuild=no
Priority=5
Waypoint=S
Annoyance=no
IonImmune=no
Recruiter=no
Reinforce=no
TaskForce=01000014
TechLevel=0
Aggressive=no
Autocreate=yes
GuardSlower=no
OnTransOnly=no
AvoidThreats=no
LooseRecruit=no
VeteranLevel=1
IsBaseDefense=no
OnlyTargetHouseEnemy=no
TransportsReturnOnUnload=no
AreTeamMembersRecruitable=no

[01000032]
Max=5
Full=yes
Name=GDI Patrol 2
Group=-1
House=GDI
Script=01000016
Whiner=no
Droppod=no
Suicide=no
Loadable=no
Prebuild=no
Priority=5
Waypoint=X
Annoyance=no
IonImmune=no
Recruiter=no
Reinforce=no
TaskForce=01000014
TechLevel=0
Aggressive=no
Autocreate=yes
GuardSlower=no
OnTransOnly=no
AvoidThreats=no
LooseRecruit=no
VeteranLevel=1
IsBaseDefense=no
OnlyTargetHouseEnemy=no
TransportsReturnOnUnload=no
AreTeamMembersRecruitable=no

[01000033]
Max=5
Full=yes
Name=GT Patrol 1
Group=-1
House=GT
Script=01000017
Whiner=no
Droppod=no
Suicide=no
Loadable=no
Prebuild=no
Priority=5
Waypoint=U
Annoyance=no
IonImmune=no
Recruiter=no
Reinforce=no
TaskForce=01000052
TechLevel=0
Aggressive=no
Autocreate=yes
GuardSlower=no
OnTransOnly=no
AvoidThreats=no
LooseRecruit=no
VeteranLevel=1
IsBaseDefense=no
OnlyTargetHouseEnemy=no
TransportsReturnOnUnload=no
AreTeamMembersRecruitable=no

[01000036]
Max=5
Full=yes
Name=Viper 1
Group=-1
House=Nod
Script=01000021
Whiner=no
Droppod=no
Suicide=no
Loadable=no
Prebuild=no
Priority=5
Waypoint=Z
Annoyance=no
IonImmune=no
Recruiter=no
Reinforce=no
TaskForce=01000018
TechLevel=0
Aggressive=no
Autocreate=yes
GuardSlower=no
OnTransOnly=no
AvoidThreats=no
LooseRecruit=no
VeteranLevel=1
IsBaseDefense=no
OnlyTargetHouseEnemy=no
TransportsReturnOnUnload=no
AreTeamMembersRecruitable=no

[01000037]
Max=5
Full=yes
Name=Viper 2
Group=-1
House=Nod
Script=01000022
Whiner=no
Droppod=no
Suicide=no
Loadable=no
Prebuild=no
Priority=5
Waypoint=AD
Annoyance=no
IonImmune=no
Recruiter=no
Reinforce=no
TaskForce=01000018
TechLevel=0
Aggressive=no
Autocreate=yes
GuardSlower=no
OnTransOnly=no
AvoidThreats=no
LooseRecruit=no
VeteranLevel=1
IsBaseDefense=no
OnlyTargetHouseEnemy=no
TransportsReturnOnUnload=no
AreTeamMembersRecruitable=no

[01000038]
Max=5
Full=yes
Name=3 Militants
Group=-1
House=Nod
Script=01000024
Whiner=no
Droppod=no
Suicide=no
Loadable=no
Prebuild=no
Priority=5
Waypoint=AB
Annoyance=no
IonImmune=no
Recruiter=no
Reinforce=no
TaskForce=01000020
TechLevel=0
Aggressive=no
Autocreate=yes
GuardSlower=no
OnTransOnly=no
AvoidThreats=no
LooseRecruit=no
VeteranLevel=1
IsBaseDefense=no
OnlyTargetHouseEnemy=no
TransportsReturnOnUnload=no
AreTeamMembersRecruitable=no

[01000039]
Max=5
Full=yes
Name=MCV
Group=-1
House=Nod
Script=01000023
Whiner=no
Droppod=no
Suicide=no
Loadable=no
Prebuild=no
Priority=5
Waypoint=AB
Annoyance=no
IonImmune=no
Recruiter=no
Reinforce=no
TaskForce=01000019
TechLevel=0
Aggressive=no
Autocreate=yes
GuardSlower=no
OnTransOnly=no
AvoidThreats=no
LooseRecruit=no
VeteranLevel=1
IsBaseDefense=no
OnlyTargetHouseEnemy=no
TransportsReturnOnUnload=no
AreTeamMembersRecruitable=no

[01000052]
0=2,GTMILIT
1=1,GTHEAVY
Name=GT Patroll Team
Group=-1

[01000064]
0=1,GTEXO
Name=GT Exo
Group=-1

[01000065]
0=3,41
1=0,1
Name=GT Exo Waypoint 41

[01000066]
Max=5
Full=yes
Name=GT Exo Waypoint 42
Group=-1
House=GT
Script=01000065
Whiner=no
Droppod=no
Suicide=no
Loadable=no
Prebuild=no
Priority=5
Waypoint=AQ
Annoyance=no
IonImmune=no
Recruiter=no
Reinforce=no
TaskForce=01000064
TechLevel=0
Aggressive=no
Autocreate=yes
GuardSlower=no
OnTransOnly=no
AvoidThreats=no
LooseRecruit=no
VeteranLevel=1
IsBaseDefense=no
OnlyTargetHouseEnemy=no
TransportsReturnOnUnload=no
AreTeamMembersRecruitable=no

[01000067]
Max=5
Full=yes
Name=GT Exo Waypoint 43
Group=-1
House=GT
Script=01000065
Whiner=no
Droppod=no
Suicide=no
Loadable=no
Prebuild=no
Priority=5
Waypoint=AR
Annoyance=no
IonImmune=no
Recruiter=no
Reinforce=no
TaskForce=01000064
TechLevel=0
Aggressive=no
Autocreate=yes
GuardSlower=no
OnTransOnly=no
AvoidThreats=no
LooseRecruit=no
VeteranLevel=1
IsBaseDefense=no
OnlyTargetHouseEnemy=no
TransportsReturnOnUnload=no
AreTeamMembersRecruitable=no

[01000072]
0=3,45
1=5,15
2=3,44
3=5,15
4=6,1
Name=GT Patroll Script Waypoint 44

[01000075]
Max=5
Full=yes
Name=GT Patrol 2
Group=-1
House=GT
Script=01000072
Whiner=no
Droppod=no
Suicide=no
Loadable=no
Prebuild=no
Priority=5
Waypoint=AS
Annoyance=no
IonImmune=no
Recruiter=no
Reinforce=no
TaskForce=01000052
TechLevel=0
Aggressive=no
Autocreate=yes
GuardSlower=no
OnTransOnly=no
AvoidThreats=no
LooseRecruit=no
VeteranLevel=1
IsBaseDefense=no
OnlyTargetHouseEnemy=no
TransportsReturnOnUnload=no
AreTeamMembersRecruitable=no

[01000076]
0=1,GTMILIT
Name=GT Peacekeeper
Group=-1

[01000077]
0=3,48
1=0,1
Name=GT Peacekeeper Waypoint 47

[01000078]
Max=5
Full=yes
Name=GT Peacekeeper Waypoint 47
Group=-1
House=GT
Script=01000077
Whiner=no
Droppod=no
Suicide=no
Loadable=no
Prebuild=no
Priority=5
Waypoint=AV
Annoyance=no
IonImmune=no
Recruiter=no
Reinforce=no
TaskForce=01000076
TechLevel=0
Aggressive=no
Autocreate=yes
GuardSlower=no
OnTransOnly=no
AvoidThreats=no
LooseRecruit=no
VeteranLevel=1
IsBaseDefense=no
OnlyTargetHouseEnemy=no
TransportsReturnOnUnload=no
AreTeamMembersRecruitable=no

[01000083]
0=1,LTNK
Name=Scorpion Tank
Group=-1

[01000084]
0=3,50
Name=Scorpion Waypoint 25

[01000085]
0=3,51
Name=Scorpion Waypoint 29

[01000086]
Max=5
Full=yes
Name=Scorpion Waypoint 25
Group=-1
House=Nod
Script=01000084
Whiner=no
Droppod=no
Suicide=no
Loadable=no
Prebuild=no
Priority=5
Waypoint=Z
Annoyance=no
IonImmune=no
Recruiter=no
Reinforce=no
TaskForce=01000083
TechLevel=0
Aggressive=no
Autocreate=yes
GuardSlower=no
OnTransOnly=no
AvoidThreats=no
LooseRecruit=no
VeteranLevel=1
IsBaseDefense=no
OnlyTargetHouseEnemy=no
TransportsReturnOnUnload=no
AreTeamMembersRecruitable=no

[01000087]
Max=5
Full=yes
Name=Scorpion Waypoint 29
Group=-1
House=Nod
Script=01000085
Whiner=no
Droppod=no
Suicide=no
Loadable=no
Prebuild=no
Priority=5
Waypoint=AD
Annoyance=no
IonImmune=no
Recruiter=no
Reinforce=no
TaskForce=01000083
TechLevel=0
Aggressive=no
Autocreate=yes
GuardSlower=no
OnTransOnly=no
AvoidThreats=no
LooseRecruit=no
VeteranLevel=1
IsBaseDefense=no
OnlyTargetHouseEnemy=no
TransportsReturnOnUnload=no
AreTeamMembersRecruitable=no

[01000092]
0=1,DSHP
1=1,TDFTNK
2=3,VIPER
Name=Chinook Drop
Group=-1

[01000093]
0=3,54
1=8,1
2=3,53
Name=Nod Chinook Reinforcements

[01000094]
Max=5
Full=yes
Name=Nod Reinforcements
Group=-1
House=Nod
Script=01000093
Whiner=no
Droppod=no
Suicide=no
Loadable=no
Prebuild=no
Priority=5
Waypoint=BB
Annoyance=no
IonImmune=no
Recruiter=no
Reinforce=no
TaskForce=01000092
TechLevel=0
Aggressive=no
Autocreate=yes
GuardSlower=no
OnTransOnly=no
AvoidThreats=no
LooseRecruit=no
VeteranLevel=3
IsBaseDefense=no
OnlyTargetHouseEnemy=no
TransportsReturnOnUnload=no
AreTeamMembersRecruitable=no

[01000103]
0=2,GTLTN
Name=2 GT Light Tanks
Group=-1

[01000104]
0=0,1
Name=Generic Attack Script

[01000105]
Max=5
Full=yes
Name=GT Light Tanks
Group=-1
House=GT
Script=01000104
Whiner=no
Droppod=no
Suicide=no
Loadable=no
Prebuild=no
Priority=5
Waypoint=BD
Annoyance=no
IonImmune=no
Recruiter=no
Reinforce=no
TaskForce=01000103
TechLevel=0
Aggressive=no
Autocreate=yes
GuardSlower=no
OnTransOnly=no
AvoidThreats=no
LooseRecruit=no
VeteranLevel=1
IsBaseDefense=no
OnlyTargetHouseEnemy=no
TransportsReturnOnUnload=no
AreTeamMembersRecruitable=no

[01000114]
0=3,57
1=5,15
2=3,58
3=5,15
4=3,57
5=5,15
6=3,56
7=5,15
8=6,1
Name=GDI Patroll Waypoint 56

[Actions]
01000000=3,3,0,0,0,0,0,0,A,13,0,0,0,0,0,0,A,74,0,0,0,0,0,0,A
01000004=1,16,0,0,0,0,0,0,A
01000013=9,17,0,2,0,0,0,0,A,48,0,3,0,0,0,0,C,80,1,01000010,0,0,0,0,B,80,1,01000011,0,0,0,0,C,80,1,01000012,0,0,0,0,D,11,0,952,0,0,0,0,A,17,0,3,0,0,0,0,A,17,0,1,0,0,0,0,A,55,0,0,0,0,0,0,C
01000025=4,46,0,0,0,0,0,0,A,17,0,31,0,0,0,0,A,17,0,98,0,0,0,0,A,17,0,27,0,0,0,0,A
01000027=2,11,0,958,0,0,0,0,A,53,2,01000112,0,0,0,0,A
01000029=1,2,0,1,0,0,0,0,A
01000034=3,80,1,01000031,0,0,0,0,S,80,1,01000032,0,0,0,0,X,80,1,01000033,0,0,0,0,U
01000040=3,80,1,01000036,0,0,0,0,Z,80,1,01000037,0,0,0,0,AD,53,2,01000029,0,0,0,0,A
01000042=1,80,1,01000038,0,0,0,0,AB
01000044=1,80,1,01000039,0,0,0,0,AB
01000046=3,11,0,2,0,0,0,0,A,47,0,0,0,0,0,0,A,21,0,212=01-N006,0,0,0,0,A
01000048=1,11,0,950,0,0,0,0,A
01000050=1,11,0,951,0,0,0,0,A
01000053=5,11,0,954,0,0,0,0,A,17,0,39,0,0,0,0,A,17,0,40,0,0,0,0,A,55,0,0,0,0,0,0,AN,53,2,01000000,0,0,0,0,A
01000055=9,11,0,953,0,0,0,0,A,17,0,37,0,0,0,0,A,17,0,38,0,0,0,0,A,55,0,0,0,0,0,0,G,53,2,01000090,0,0,0,0,A,53,2,01000099,0,0,0,0,A,53,2,01000101,0,0,0,0,A,53,2,01000000,0,0,0,0,A,54,2,01000110,0,0,0,0,A
01000057=1,11,0,955,0,0,0,0,A
01000059=1,11,0,955,0,0,0,0,A
01000061=1,16,0,0,0,0,0,0,A
01000068=4,80,1,01000066,0,0,0,0,AQ,80,1,01000067,0,0,0,0,AR,17,0,41,0,0,0,0,A,11,0,957,0,0,0,0,A
01000070=1,9,0,0,0,0,0,0,A
01000073=10,11,0,956,0,0,0,0,A,17,0,46,0,0,0,0,A,80,1,01000075,0,0,0,0,AS,53,2,01000079,0,0,0,0,A,17,0,49,0,0,0,0,A,17,0,44,0,0,0,0,A,17,0,45,0,0,0,0,A,55,0,0,0,0,0,0,AU,48,0,4,0,0,0,0,AU,53,2,01000106,0,0,0,0,A
01000079=1,80,1,01000078,0,0,0,0,AV
01000081=1,54,2,01000079,0,0,0,0,A
01000088=2,80,1,01000086,0,0,0,0,Z,80,1,01000087,0,0,0,0,AD
01000090=9,17,0,52,0,0,0,0,A,11,0,959,0,0,0,0,A,55,0,0,0,0,0,0,BA,54,2,01000099,0,0,0,0,A,48,0,4,0,0,0,0,BC,17,0,60,0,0,0,0,A,17,0,61,0,0,0,0,A,17,0,62,0,0,0,0,A,17,0,59,0,0,0,0,A
01000095=1,56,0,0,0,0,0,0,A
01000097=1,12,2,01000090,0,0,0,0,A
01000099=3,80,1,01000094,0,0,0,0,BB,55,0,0,0,0,0,0,BC,48,0,4,0,0,0,0,BC
01000101=1,53,2,01000099,0,0,0,0,BB
01000106=1,80,1,01000105,0,0,0,0,BD
01000108=1,54,2,01000106,0,0,0,0,A
01000110=6,11,0,953,0,0,0,0,A,53,2,01000000,0,0,0,0,A,53,2,01000101,0,0,0,0,A,53,2,01000099,0,0,0,0,A,53,2,01000090,0,0,0,0,A,54,2,01000055,0,0,0,0,A
01000112=1,1,0,1,0,0,0,0,A

[Briefing]
1= Потрясающе, Брат. Благодаря вашим быстрым действиям, мы смогли удержать эту базу и уничтожить остальную часть того 
2=города, в котором действовали повстанцы. Теперь пришло время принять меры против удивительно-воскресших ячеек 
3=сопротивления ГСБ. Разведка сообщила нам о недавно построенной базе снабжения ГСБ в этом регионе. Ваша задача состоит 
4=в её уничтожении настолько быстро, насколько это возможно.@@ Вам дано разрешение использовать наши новые Дроны Гадюка, 
5=Брат. Т.к. они беспилотные, то считайте их расходным материалом. У вражеской пехоты и шанса нет против их сдвоенных 
6=лазерных винтовок. Используйте их с умом.@@ Задача 1: Уничтожить базу снабжения ГСБ.@@

[CellTags]
24080=01000111
24081=01000111
24082=01000111
25079=01000111
25080=01000111
25081=01000111
25082=01000111
26078=01000111
26079=01000111
26080=01000111
26081=01000111
27077=01000111
27078=01000111
27079=01000111
27080=01000111
28076=01000111
28077=01000111
28078=01000111
28079=01000111
29075=01000111
29076=01000111
29077=01000111
29078=01000111
30074=01000111
30075=01000111
30076=01000111
30077=01000111
30078=01000111
30079=01000111
31070=01000111
31071=01000111
31072=01000111
31073=01000111
31074=01000111
31075=01000111
31076=01000111
32070=01000111
32071=01000111
32072=01000111
32073=01000111
32074=01000111
32075=01000111
87072=01000069
87073=01000069
87074=01000069
87075=01000069
87076=01000069
87077=01000069
87078=01000069
87079=01000069
87080=01000069
87081=01000069
87082=01000069
87083=01000069
88073=01000069
88074=01000069
88075=01000069
88076=01000069
88077=01000069
88078=01000069
88079=01000069
88080=01000069
88081=01000069
88082=01000069
88083=01000069
89064=01000063
89065=01000063
89066=01000063
89067=01000063
89068=01000063
89069=01000063
89070=01000063
89071=01000063
89072=01000063
89076=01000069
89077=01000069
90064=01000063
91064=01000063
92064=01000063
93064=01000063
94064=01000063
95064=01000063
96064=01000063
97064=01000063
98064=01000063
99064=01000063
100064=01000063
101064=01000063
101065=01000063
101066=01000063
101067=01000063
101068=01000063
101069=01000063
101070=01000063
101071=01000063

[Events]
01000000=1,13,0,30
01000004=1,13,0,0
01000013=1,1,0,1
01000025=1,13,0,0
01000027=1,11,0,0
01000029=1,11,0,1
01000034=1,13,0,0
01000040=1,13,0,20
01000042=1,13,0,10
01000044=1,13,0,25
01000046=1,13,0,40
01000048=1,13,0,3
01000050=1,13,0,20
01000053=1,4,0,0
01000055=1,4,0,0
01000057=1,13,0,50
01000059=1,13,0,220
01000061=1,13,0,0
01000068=1,1,0,1
01000070=1,10,0,0
01000073=1,4,0,0
01000079=1,51,0,50
01000081=1,48,0,0
01000088=1,13,0,27
01000090=1,13,0,45
01000095=1,11,0,10
01000097=1,36,0,0
01000099=1,13,0,60
01000101=1,36,0,0
01000106=1,13,0,200
01000108=1,48,0,0
01000110=1,1,0,1
01000112=1,13,0,20

[GDI]
IQ=5
000=GAPOWR,84,51
001=GAPOWR,93,49
002=GAPOWR,90,57
003=GAPOWR,88,40
004=GAPILE,96,44
005=GAREFN,78,43
006=GAWEAP,75,50
007=GASILO,101,63
008=GASILO,99,63
009=GAGUTO,71,40
010=GAGUTO,65,48
011=GAGUTO,89,73
Edge=North
Side=GDI
Color=Gold
Allies=GDI,GT,Neutral,GDILanding
Credits=300
ActsLike=0
NodeCount=12
TechLevel=2
PercentBuilt=100
PlayerControl=no

[GDIA]
IQ=5
Edge=North
Side=GDIA
Color=Gold
Allies=GDIA
Credits=0
ActsLike=0
NodeCount=0
TechLevel=10
PercentBuilt=100
PlayerControl=no

[GDIB]
IQ=5
Edge=North
Side=GDIB
Color=Gold
Allies=GDIB
Credits=0
ActsLike=0
NodeCount=0
TechLevel=10
PercentBuilt=100
PlayerControl=no

[GDILanding]
IQ=5
Edge=West
Side=GDI
Color=Gold
Allies=GDILanding,GDI,GT,Neutral
Credits=0
ActsLike=0
NodeCount=0
TechLevel=10
PercentBuilt=100
PlayerControl=no

[GT]
IQ=5
Edge=West
Side=GDI
Color=DarkBlue
Allies=GT,GDI,Neutral,GDILanding
Credits=0
ActsLike=0
NodeCount=0
TechLevel=10
PercentBuilt=100
PlayerControl=no

[Houses]
0=GDI
1=Nod
2=TMF
3=GDIA
4=GDIB
5=NodA
6=NodB
7=Neutral
8=Special
9=GT
10=GDILanding

[Infantry]
0=GDI,E1,256,84,43,0,Area Guard,64,None,0,-1,0,1,0
1=GDI,E1,256,84,44,0,Area Guard,64,None,0,-1,0,1,0
2=GDI,E1,256,85,44,0,Area Guard,64,None,0,-1,0,1,0
3=GDI,E1,256,88,51,0,Area Guard,64,None,0,-1,0,1,0
4=GDI,E1,256,88,50,0,Area Guard,64,None,0,-1,0,1,0
5=GDI,E1,256,89,51,0,Area Guard,64,None,0,-1,0,1,0
6=GDI,E1,256,78,49,0,Area Guard,64,None,0,-1,0,1,0
7=GDI,E1,256,80,49,0,Area Guard,64,None,0,-1,0,1,0
8=GDI,E1,256,78,42,0,Area Guard,64,None,0,-1,0,1,0
9=GDI,E1,256,79,42,0,Area Guard,64,None,0,-1,0,1,0
10=GDI,E1,256,81,32,0,Area Guard,64,None,0,-1,0,1,0
11=GDI,E1,256,80,32,0,Area Guard,64,None,0,-1,0,1,0
12=GDI,E1,256,85,49,0,Area Guard,64,None,0,-1,0,1,0
13=GDI,E1,256,102,49,0,Area Guard,64,None,0,-1,0,1,0
14=GDI,E1,256,94,42,0,Area Guard,64,None,0,-1,0,1,0
15=GDI,E1,256,99,46,0,Area Guard,64,None,0,-1,0,1,0
16=GDI,E1,256,100,46,0,Area Guard,64,None,0,-1,0,1,0
17=GDI,E1,256,96,74,0,Area Guard,64,None,0,-1,0,1,0
18=GDI,E1,256,96,73,1,Area Guard,64,None,0,-1,0,1,0
19=GDI,E1,256,95,73,1,Area Guard,64,None,0,-1,0,1,0
20=GDI,E1,256,101,71,0,Area Guard,64,None,0,-1,0,1,0
21=GDI,E1,256,101,70,0,Area Guard,64,None,0,-1,0,1,0
22=GDI,E2,256,95,74,0,Area Guard,64,None,0,-1,0,1,0
23=GDI,E2,256,102,71,0,Area Guard,64,None,0,-1,0,1,0
24=GDI,E2,256,94,43,0,Area Guard,64,None,0,-1,0,1,0
25=GDI,E2,256,92,47,0,Area Guard,64,None,0,-1,0,1,0
26=GDI,E2,256,80,42,0,Area Guard,64,None,0,-1,0,1,0
27=GDI,E2,256,78,28,0,Area Guard,64,None,0,-1,0,1,0
28=GDI,E2,256,78,27,0,Area Guard,64,None,0,-1,0,1,0
29=GDI,E2,256,79,27,0,Area Guard,64,None,0,-1,0,1,0
30=GDI,E2,256,73,20,0,Area Guard,64,None,0,-1,0,1,0
31=GDI,E2,256,72,19,0,Area Guard,64,None,0,-1,0,1,0
32=GDI,E2,256,71,25,0,Area Guard,64,None,0,-1,0,1,0
33=GDI,E2,256,77,54,0,Area Guard,64,None,0,-1,0,1,0
34=GDI,E2,256,79,54,0,Area Guard,64,None,0,-1,0,1,0
35=GDI,E2,256,76,55,0,Area Guard,64,None,0,-1,0,1,0
36=GDI,E1,149,52,83,0,Area Guard,64,None,0,-1,0,1,0
37=GDI,E1,149,42,73,0,Area Guard,64,None,0,-1,0,1,0
38=GDILanding,E1,256,46,41,0,Guard,64,None,0,-1,0,1,0
39=GDILanding,E1,256,46,42,0,Guard,64,None,0,-1,0,1,0
40=GDILanding,E1,256,40,37,0,Guard,64,None,0,-1,0,1,0
41=GDILanding,E1,256,40,44,0,Guard,64,None,0,-1,0,1,0
42=GDILanding,E1,256,41,44,0,Guard,64,None,0,-1,0,1,0
43=GDILanding,E1,256,40,45,0,Guard,64,None,0,-1,0,1,0

[IsoMapPack5]
0=6A4AIA0BADwAAAAAAAAKAAIAOwAo6QE8KCsAPQAvtwIDAD4oKwA9ADP1AjpgAQQAAAsAAw
1=A7KCkAPOsBBAA/8AkCBAA5ADB8AgIKAAQAPuYIBAAnBQEEKAYBBAApBQE9cAZoDAIFADgA
2=KXABAgoABQA5YAG0AicFAQUoBQEFKAYBBQApBQE+KNkAPygpAEDrAQYAN/8VBgA4/RUGKL
3=UBBii9AgYotQEGKLUBBii2AQYAJ7YBBgAntgEGACm1AUHjDwcANu8bBwA3KFUAOCgoACfF
4=AwcoDQIHKA0CBygNAgcoDQIHKA0CBygPAgcAQihfAUAA+3ABAgsABwBBiAEDAgsACAA1bA
5=JpQwgoZAICCABDACt/AgoACCiSAggAJ5ECCCihBAgokQIIKJECCCiRAggokQIIKJECCCiR
6=AggokgIIALEUAWQTsBQDAwsACQA0cBFzFAkARPw2AgkANQAsfAICCgAJADbrOAkAQ+lOCS
7=jpAgko6QIJKOkCCSjpAgko6QIJKOkCCSjpAgko6QIJKOkCCSjoAgIJAEAA+ngRfRVBiAEB
8=AwsACrARaRcKKBcDCgA180AKADZwBmFcCii9AgoovQIKKL0CCii9AgoovQIKKL0CCii9Ag
9=oovQIKKL0CCii/AgoAQyjhAUQoKQBFKCgAoRoBdBigGgMECwALADKjBAoACyhvAwsANO8x
10=CwA17TELKG0DCyhtAwsobQMLKG0DCyhtAwsobQMLKG0DCyhtAwsobQMLKBYDCwAnFgMLAC
11=cXAwsARrwVaBehGgJoAaEaBWgBAj8AgAIAYDADCwBCADkniwEMADG3GAkADCjFAwwoxwMM
12=ADTrOAwAR/VlDPtpCwAMKPEDDCjxAwwo8QMMKMUDDCjFAwwoxQMMKBUDDCgUAwIMAEAA+W
13=gaaQxBiQEEawE/AHm0GAIMAD4Ae+sBPQB86QE5+xwMAEMoKAApxQNE8R8NqB9zVg0AMWwN
14=qAEn5gcNAJzCtQJIKIAAJ0gEAg0ARgAqfAIECgANAEcALukBRawpdALfjgsADSihBA0ooQ
15=QNKHUEDSh1BA0oKQsNKCkLDckiAXAJqSIFawE9AHKwHwINAEMAdOsBPgB36QE57yYNADjg
16=JQINADwAfuMERAB/qQEOsOJlHg4odQQOKHUEDqQboAQndQQO/DYCCgAOAEd0IKAEJ88EDg
17=BJKFQAJ/sEDgBF5UoOKEUJDiihBA4ooQQOKA0NDijNBA4ozQQO1CMCAgsADgC1IwZpAT73
18=Iw4APfQjAg4AQwB25R5E9CMCDgA4AHr3Aj8AgekBPOFGDijhDA8ooQQPKKEEDyihBA8ooQ
19=QPKBkJDyh2BA8AJ3UEDyh3BA8ASuMlDwA180sPADYoKwA0AC1oBAIKAA8ARrQQaQE3qA9p
20=AUW8DWgBBC4AVAAAAAFoASdRGw8oAREPzCYBAwsAD80mB2sBQgBdsB8CDwA8AGHrAUMAYu
21=kBPfsnDwA++ycPADrjcg8AOf9MDwA75ykPAD/lKRCsGAIAAAUAEKwYYUYQKCYFEAAnQQ4Q
22=KCUFEKQbrAUnsRwQ70cKABDsR2kBR+voEABIKCkASSgpAEooKQA395wQAEugEmUIRrwNaw
23=EuAFC0LgIQAEAA+GgBAgsAEABBiQEEawFCAFm0IwIQAD0AXOkBO+cpEABF5ykQAD7kKQIQ
24=ADkAde0FOud2EAA47nMQACfYFgIQADwAn+0FQygkBSc/ExEALbQYAgUAEQAsrJ9oAagXAQ
25=EGABEooQQRKKMEEQA480sRADegMwIKABEATP8gEQA5tDF1AkvrIhEAMKxVdQIxiQECawEy
26=AEt0I2kBM4gBlwI0AE71Ai+FKQRgBM9dCwAR0SoBaAGxKgVrATsAV6ceEQBCKCsAPQBY9Q
27=JFKCkAQ/cuEQBEKCgAJ78YEQA693sRAEjkVQIRAEcAffEJPvcuEQBGKCkASfGjESgBBhIo
28=qwUSACy8NgIFABIAK7heaAGQwQIAAAYAEsElAWgBoSUDaAGgJZQCoCWUAqAllAKhJQVsBS
29=UHLQoAEuDraQFNaCpzYRIAOus4EgBM76oSADn3ORIAO+s4EgA1jTEEZwg2AGNsCGgBlDYi
30=eSASzDEBAgsAEsFcBmsBPABVoCUCEgBEAFbpAUP7MhIAPvQuAhIARgBe4QQ/710SAEcoKQ
31=BI67ESAEnnYBIAQrBWdQ1K94YSAD37XhIAResBEwAupB4CBQATAC8oKQAtpB51AjCkHmkB
32=K6zAaAEnswYTACrxNROkBXE1E/ONBgATpF20AtCNdAK5JwVoAScBBhOIKiPpORMoAwYTAD
33=omuygTADuwmwIKABMASrwNaQFJvA1rATYAUq8xEwA3pBN1Aji8IGkBOax+aAEn9TUTiGwj
34=LScT3DYBAwsAE902B2gBJ98GEwA+92UTAEX7lRMAQvO5EwBI87kTAEasEGUIQ+lkEyi3DB
35=MARKQTYAQnhwYUADDrkBQAKvYuFAAnAwYUACwoVQAttHACBQAUAC4oKQApoA91Ai+ob2gB
36=28EGABSkJnkyFCiFBhQm1DFgBCXMJWkBT2gqa2QUAEqkEwIKABQAQqBGaQFIKCgAJ+MMFA
37=A5/zYUAEkmWycUADrrOBQAQ+s4FAA/oBJxCUcoKAC1OQF0AgFAAIcBi0MUAEGIAZcCNwB4
38=aGRhBE2kHmkBTrAqaQE4+z0UADz/bRQAPSgrAD4AWmQIBAsAFABFAFvrATsAX+kBRqgMYA
39=QnkxgUAEu8CgILABUAMPdlFQAxoBoCBQAVACjnNBUAKSgoACc1BxUoNQcVKDcHFQAtKK0A
40=LigpAC/xoxWsI302FSjdBhUo3QYVKA0NFYjEjyYVADn/NhUAQygpAD3/NhUAPigpAEsoKQ
41=BKrBsCCgAVAD/rOBUATCgpAEj/2xUAPKwTbQVHrBNrATUAWnRHaQE2iQECawFAAPf1AkGJ
42=AQR1Aje8mWkBTbjMaQE4vFdoAcibaQFJtJxpAU8oKQBGoCV5MjrzzxUARSgpADuwCWAEJz
43=cHFgAxqyIFABYo3QYWKN0GFigVDhYo3QYWKN0GFijeBhYAJ98GFgAv6zgWACe4U2kMMKwQ
44=aAEllzQGABakJmM7FgBRsAECCQAWAETvMRYAPOvSFgBIKCgAJ3caFgBD8zUWADqgUQIKAB
45=YARSgoAAQ0AFcAAAACdAK5MgFoAawxiAGtMQV1AjeoF2kBTygpAEm0nHUCQrxiaQE4oJ5o
46=ASU4OWkBNqQeaQFOKCkAPawxdQJM/jYWACWgMHQCzNZpAVD9eBb8bXUCTahvaQFGuBECCw
47=AWADugRmkBR7sGCwAXKGMHFwAntxgFABcojQcXKI0HFyiNBxcojQcXKI0HFyiNBxcojQcX
48=KI8HFwAwtE9pDCakHmgBJ48HFwBSI9QwAQIGABcobw4XADvtPBcoYwcXADr3ORcARSgpAD
49=zrbxcARuM7FwBRnAoDAAoAFwAzjTwBaAG5PQNoAa08AmgBrTwGawFJADF0nGkBSogBjQU2
50=93AXAEIoKQBOKCkAPuc/FwA35z8XAEwoKQBPKCgA1N5pDEvmPxcAJag8dwI5AILtEDXiOx
51=cAJ9sWFwA9KFQAJeQzeAYnEwgXAEejBAsAGCi7BxgAJvk9GCjlBxgo5QcYKOUHGCjlBxgo
52=5QcYKOUHGCjlBxgouwcYAC4kzyUFABgo5wcYACXlPxi8oWl6GCRUIqkBU2SfqAG8NgEBBg
53=AYKFMxGABH/0EYAEbnPxgASOc/GAAzI0A6BQAKABgAUABdeAloAa08A2gBrTwHawE3AC6/
54=KxgAOIgBgASlPwFgBKU/BGkBS5BAmQZMiQEKdQJE5z8YAD6kHnUCTqxdaQE2qG9pAUIoKQ
55=A9JDAidQI8qCJoASeXHhgANPt/GAA6KCgAJycQGABFvHh4BifXJhgAO7g9dAIl/DZpAU/1
56=AhkoEwgZACXxQBkoPQgZKD0IGSg9CBkoPQgZKD0IGSg9CBkoPwgZAC+8jgIFABkALbwgaQ
57=EwuF5pASSkHmkBLqQTaQEyaDVlPxkoPggZACc9CBm4OqEEUCNATwMCBgAZAFG0I2gBJRck
58=CQAZJhQkawFCAJUibCRpAUOJAQRoAQM+AJYBAACJAT+JAQh1AkysEAIKABkAT4kMAGkBRi
59=QELGkBR4kBAmgBvUwBaQFF/0wZAEgmujMZALBLgASxSwRtBTmdTAdoAbFLBWgBsUsIaQE6
60=50oZAE0oKQA880sZADS8K20FPbAqaQFOKCkARP9MGQA7/0wZADXjRhkANrQueQZJ6wEaAD
61=AkrEICBQAaAC8kcCpoASX0VmkBJOFGGijtCBoo7QgaKO0IGijtCBoo7QgaKO0IGijDCBoA
62=K6wbaQwtKCkAI/dEGgAuqBdgBCeVCBooaQgaKGsIGgBVqzgGABrJOAFpAUUkKExoAbQ5lA
63=K1OQN1AlGkVWkBUKixaQFStCNrAUAAiHhIAggAGgBBiQEBaAGwS4gBuUgJdAK8TAIFCQAa
64=ALxMiQFJIwRDAwAKABoASokBAmoBNACQTmkBNYgBlwIzAFF8GHUCSCgpADz/TBoATigoAC
65=eHPRoAS/dPGgBEjV0JZQg9gVwBaAGsUogMrVIFdAKtUghpATrzSxoATefZGgA780saAEyo
66=IgIKABsALvdEGwAvJNwyAgUAGwAj9kQbACfBCBsowQgbKMEIGyjBCBsowQgbKMMIGwAquD
67=J9Ciy4EWkBIutDGwAruBF1Ai0oKAAiSVIAaYUbKD8IGwBWaCq1Ak8j4GMDAgYAGwA8I2RZ
68=iAGlNAF0AqU0A2gBpDSUAqQ0lAKkNJQCpDSIAaU/BngGoTAKaAGgMIgMvEGBBFG0e2EEUr
69=h0aQExrBtpAUUoKQBGJFQsdQIysGFpAVMoKQAwsB90Asj+aQFQKFQA06MHABvwo2gBvVcC
70=aAG9VwppAU6VIwBtPDuUI4kBSyRYJnUCNrBvaQFN6UMbJkhRdQJMrGhpATmoF2kBN7gRaQ
71=E66wEcAC4mfzEcACLtRxwoGQkcKBkJHCgZCRwoGQkcKBkJHCgZCRwosREcKLMRHAAp54wc
72=ACu0LgIFABwAIagtaQEtvBVoAQ40AAAAAAAABgAcADUAAAAAABEAAMkOACAEAAYAHABEAI
73=AAAgYAHABVhAGVAlYoKQBXKCgABFAAPgAAAAVsBQQ7AEYAAAABawFLAFDoAQNAAIgBAACF
74=CEGIAYAEBEIAlQEAAANtBUOJAQdoAQM+AJYBAACJAT+JAQt0AgFTAC4CxQhUiAGYBgFIAC
75=8C1Q1JiAGZBkqJAQ17BkYAdfsGRQB26QFRKCsAMQB39wJSAHnrATAAe+sBLwB+6QE8KCsA
76=PQB/9wIzAIDrAUcAgegBATIAOSfdFU+UIwUDCgAcAE0ATnQmaQFMlSMEawE2AFNgJWsBOg
77=Bd4AQEOQB4AgAAAHUCN6gMaQE4vAppAU7oAQIdAC4ALXgGBAUAHQAvADHrASEAcmQIdQIi
78=KCkAIygpACQoKQAlKCkAJigpACcoKQArKCkALLAqfQoqpClpASi4J2kBLSgpACCsJnUCKb
79=wVaQE1aBR/QR0AQigpAEkoKABkR5snHQBRKFUAUigoACciCh0AJyMKHQBYKIMARgAocAEE
80=BgAdAEUALOsBRwAv6AEEOwBAAAAAAmIETwCID2gBpTQBaAGlNAVoAQRAAAUBAAAEaQFBiQ
81=EIaAGsUowFrFKBBFWZUwdgBKFRDmkBS41SFGsBPQB0eDJpATGkKWkBMKQpaQEz71IdADLj
82=UR0APutOHQBDvEFtBTSwKmkBPCgpAD8oKQBEKCkASCgpADqQHwMACgAdAE6NUgRpATaMUp
83=UCN7gRdQI5uBFrATgAfWgXAgoAHgApvCsCBQAeAC0oKwAvACl8K3cCIAAr6QEooDB1Aiwo
84=KQAqrDF1Ai4oKAAnpgoeACemCh4AJ6YKHgAnpgoeACenCh4AIbAqcQkn9E8CHgArAHp8FX
85=UCH3ARa04eADAoKQA/KCgAJ3EJHigbCR4AWSiBAESoFwIGAB4ASLwVaQFFuAlrAUcAM3QF
86=aAGxSwNoAb0rBWgBvSsBaAGkSpQCpUoJdAK4SJQCuUgIdAK5SA9oAblIFWkBTIVKG2kBTY
87=kBIWkBT4kBLWkBUIkBM2kBUYkBOWkBM7x4aQE9KCkAMrgndQI+uD1pAUOkKWsBPAB8ZClp
88=AUIoKQBWKCkANPtTHgBXKCkAMetOHgA1KCkASSgpAFMoKQBGtFoBBwAeALlTAX9MOABPcC
89=ppATeZUwRpATmgOwIKAB8AK/ZPHwAnywkfACewNQIFAB8AKKQ0aQEsKCkALygpACq8NmEE
90=LigoACchCh8ocwkfACOkdm0FJCgpACUoKQAmrCZhBB5gF2pOHwAn9wkfAEEoVACUjqEEWi
91=hVAESsaAIGAB8ASKxoawE6AEdoBGgBqSIBaAGpIgVpAT+BkwJoAbFLBmgBoUYWaAGhRhxo
92=AaFGImkBTolDKGgBrUcuaAGtRzRpATL3RB8ANCgoACfvCB8AVihVAFcoKQAzqCJlCDwoKQ
93=BCsNp1Aj6gJWkBNfecHwBSKCkAWCgpADv/TB8AUSgpAFUoKQAxuMxxCVP3Tx8ASqRKdQI2
94=6/MfAFkoKwAtAIK2Wh8A1NNtBTDvUh8AQygpAFQoKAAlVCECBwAfAEWsEGgB1P9pATmQVg
95=MECgAgACT7UyAAJSgpACYoKQAj5FUCIAAgAC5sPAIFACAAJ/hTAiAAHwAy9QIhtLJhBCK4
96=J2kBHXgDekggACfLCSAAOihUACdzCSAAWyhUACecCQIgAEcAKnwCAgYAIABIrBBpAUagD2
97=gBoRoFawExAMXsBalOA3QCqU4HawEtABcksCd4GWkBAnUCL5UCBGkBMIkBBmsBKgAb7QUr
98=iAGNBSyIAYwFAygAJQEAAI0FKYkBCXkGVf9MIAA055cgAEL/TCAAUSgpAFIoKQBTKCkAVi
99=gpAFcoKQA1758gAFgoKQBK81YgADK8jm0QOygpAD0oKQBP81YgAFAoKQBUKCkATqBGZQg3
100=81YgAEEoKQBD/1cgAEz/VyAAOPNWIAAz41EgADYoKAAn9x8gAD4oVAAnpxUgAEsoVQBNKC
101=kAWSgpAEW0GAIHACEAIPtTIQAhKCkAIigpACP7UyEAH+umIQAcYENiUSEAJ00KIShNCiGo
102=mKEETSisACeGJyEAJxIeIQAn0wohAEX7UyEARCSkKwIGACEARuZVIQCtUgF1AjKZUwNpAU
103=GJAQBpAUKJAQJrASQAy2gPaQEliAGXAjcA0PUCOIgBlwI/AN31AkCIAZcCWwDqIrwuZQhc
104=iQEEawEzAAckjighAKRgmREujF2YEaVgBWwFpWAHawE5ABinYCEAOogBiQw7iAGdCjyJAQ
105=ZsBbRlnAq0ZZwKtGWfCj0AHPEJPogBkQkmgGeZBieIAZwKpGuMEKVrCmkMSudrIQBU52sh
106=ADXrZCEATygpADS0kXkGTigpAFgoKQBM72ghAFUoKQBQpJd5BkOoTmkBS+tkIQBJJJQpdQ
107=JI/2IhADb9YiEoBhchACf/ICEAVutZIQBX6wEiABtgOGlOIih5CiIoeQoiKHkKIiiXHiIA
108=ICjYACcnPCIARShUACftHiIjVCIjsTIiJPQ2tA20TwIBBgAiALVPA2gBtE+UArRPlAK0T5
109=QCtE+UArRPlAK0T5cCIQDpdBBxCSKJAQRpASOJAQhpAViJAQBpAVmIAYEEWogBgAS9VwJg
110=BL1XBWkBMpxXlA2oWZUCNJUCCWEEQ4gBkAmwVowFsFaEE7BWmAaxVgd4BqxSjAWsUowFrF
111=KMEKxSmAYBRgAsAiNHQCIAR4kBBmUISIgBjBABTgAtAiMjNiIAT4gBgRpU81YiAEv7UyIA
112=VSgpAErvUiIANvO5IgBM4lEiACfDPyIAU+NRIgBWKCkALPu2IgAvKCgAJzMiIgBS81YiAC
113=3nVSIAMSgoACdXLCIAKfy6ZKoln0AiACoo0QorKCkALigoACcGLSIAJwcXIwAadEFpTiMo
114=rQsjKK0LIyitCyMorQsjKK0LIyiuCyMAIsxCiVkjI9BCyAEnyyojAEsotQFcKCgAI9BCrR
115=BeKFcANwDMcAECBgAjADiJAQJoAb1XAWgBvVcFaAG9VwlpASSFVQ1oAahZjAWoWYwFqFmN
116=BVsorACxVgZ4BrFWCmkBNZFWDmkBQogBkAmoWZEJRJQCkQlFnEyABKFRBHgGoVEHaAGgUZ
117=0KSYwFkRRNgFGYBrhTnAq4U50KUIAEjQUp5FUi1CcjdEZ9Ci0oVQAvKCkAMCgpADEoKQBT
118=97IjAFb3WiMAVPurIwBX91ojADb7qyMAUSgpACr3WiMAKygpAC4oKQA54lwjACfbNyMAKO
119=uxIwAy91ojADooKAAnT0wjACXjXCMAPygpACbrWSMAOygpAEAoKQBKKCkATCgpAFIoKQBV
120=6wEkABloS2lOJCgFDCQoBQwkKAUMJCgFDCQoBQwkKAUMJCgFDCQoP0okAEwoiAEnjUkkKA
121=YtJAAnrwskAF8orQAnJJgkAgYAJAAmJGwvaQEoJspAJAC9YgF0Ar1iA2gBATYA4gCOnyQA
122=qWQCdAKpZAZoAalkCmgBvGKABLxigAS8YoAEpWALbAWlYA9oAbhejAW4Xo0FRYVgDmAEuV
123=4FaAG5XghoAbhekAm4XowFuF6MELhenAq4XpwKuF6NBVwjTUwAcQldiAGEHifaCyQAJ9oL
124=JAAn2wskADr7XiQAUygoACe3FyQAOfNhJAA/KCkAK+K/JAAlqFJhDy4oVAAn2k0kACdvOi
125=QAKftpJAAy+2kkAD0oKQAl52skACooKQAk92UkAEooKQBSKCkAO+fDJABA92UkAEsmQy8k
126=AFUoKAAnbS8kKBcvJABBKNkLUSgoACe/IyUAGPVPJShdDCUoXQwlKF0MJShdDCUoXQwlKK
127=0LJSjBVSUo5l8lACfBVSUorwslAGAo4QEp+14lACooKAAldEYCBgAlACYmX0MlACzwYSJI
128=PCXQTAIlACAA0XgJbQU1kWEBaAG9YgRpATeVAgdoAQRXAOcAAAAIaAG1ZQNoAbRlgASoZJ
129=QCqGSUArleC2wFuV4PawFGABUkI2IlAEeJAQZ0ArRamAa0WpkGUJC5mAa0WpAUtFqRFF6A
130=XJsGOwAwJHtBJQA8iAGdFTnrWSUAPygoACdXWCUAUupZJQAnxzolAC/7UyUAMigpADD7Uy
131=UAOigpAEAoKQBKKCgAJ5MYJQAk/1clAC3nwyUAPu/AJQAe/1clADgoKAAn608lAFooVQAz
132=4VwlKOsuJQAj/sUlACcXLyUAH+ZgJQAnozslAFsoVQA082ElACXuXSUAJxYkJQAnSVElKF
133=0MJSh1OyUobyQlACewzwIHACYAF2hLfcUmKLUMJii1DCYotQwmKLUMJii1TiYoiQwmI8Rc
134=I20kJiiLDCYAYSiIAXjlwAQldFwCBgAmACL6wSYAbGDABHSfyAElHFxtBSYkhD1pASwkhD
135=1oAalkAWkBIZVlA2gBtWUCaAG1ZQVpAVaIZIgBtWUJdQJYlQINawEyAPSnziYAM4kBBnUC
136=NIgBjQVFkGGUDalkBGAEqWQHaQFIgQQKaQFJiAGcCrximBG8YowQvWIIbAW8YpwKvGKVDR
137=7zYSYAOCgoACe1DCYotAxsIyUOZSYAJ+MMJgBa42cmAD73vSYAQvZlJgAnHzAmAB//YiYA
138=WygpADr/YiYAQCgoACcfXCYAUvdlJgBUKCkAHeNnJgAc/2ImADcoKQBfKCkAT/9iJgBQ+1
139=4mAGAoKQBNsFZhJTHxYSYovxgmAC/+YiYAJ3ZnJgAnZRgmKFI8JgAnfEfWrwAAcGEjtE+o
140=ASOQZqkBJ7gnYQQouBECBwAnABb1WicoDQ0nKA0NJygNDScoDQ0nKPkwJyjNMCcobRknKK
141=lHJyP4c4dgJwBUKLQBJzFvJyihJScokw0nAGIorAAiTDXFCC4mz1wnACXvaCcAJOxoAScA
142=QQAj7EkCBgAnAEIjnVYAaQFAJOw+aQFViWQCaAGtaAZoAa1oCmkBMYlkAWgBrWgEaAGtaA
143=doAaxojQU1jQUNdwIgAPdkFmkBIYgBmAYBSgAUASPxfCfRzwhgBKVrC2gBpWsOaAGgZ4QT
144=oGeJDBz3ZScAHSgoACc7DScANyhVAE0oKQBb6AENJwA4AHUCAAAABgAnAFoAdREAAD4PAC
145=AIAgAAAAYAJwBfAHbrATkAd+sBPQB46QFQKCsAHwB59QIwKCkAYCgrAD8AeuMEGwB86QEv
146=KCsAXAB99wI2AH7pAUQoKQBMKCkAWSgrAEUAf+0FTigrAF0AgfQCCToAOScAAAAGACcAQy
147=gpAEYoKQBPKCoAKwCAAAIHACcALIUBAGkBLSgrACMAYXwKdwInAHXpASgoKQAmpBNhBCms
148=EGkBKqgMAAQHACgAQABEAAAAAgIAKABBAE0AAAABawFCAE/pARW0DQIGACgAFigpABcoKQ
149=AYKCkAGSgpABooKQA+KCkAUygpAFcoKQBaKCkAYSgpAGIoKQBjKCsAIgApcAF7ES4ALusB
150=LQAy6QE/gRoAYQRDlRgEagFEAIwIawEwANHsBQRUAOYAAAAIdAIEVQDnAAAAA2kBVokBB2
151=sBMQD0dCNpATKJAQVrASAA93QjaQEhiAGUAgRJABQBAAABdQJKiQEGaQFLiQELawFcACVk
152=NGkBXigpAGAoKAABOwAwAs0QPIgBmwYcAHL5Bh0oKQBOKCkAUCgrABsAdO0FOSgpAE0oKQ
153=BF72goAB7vaCgAL+NnKAA3KCkAPetkKABbKCsANAB76QxGKCkATygpADPvaCgANedgKAA6
154=KCkAUSgrAFgAgPEJR7hTdSMfuFNpATYoKQA4KCkASCgpAEwoKQBSKCkAWSgpAF0oKQBfKC
155=gAJzgNAigAIwBXbBBzYSQAXOsBJQBg6wEnABdwYGEEKCgpACkoKQAqKCsAJgA97wUrAD6q
156=ASkArFICAQIAKQCtUgVpAUGsJmkBQKwmaQFCtCNpARR8VGqFKQBkCZWGKSgWDikAJxYOKQ
157=AnFg4pACcWDikAJxcOKQA9KDEBSCgpAFIoKAAnvQ0prGWhD2QoggAtAJyRAwYAKQAiAJCQ
158=awEjADFoBGsBRABU6wE+AF3oAb1tAWEEMYlvA2kBU4lvBWgBtXAJaQFVlQINaAGxbAJoAb
159=FsBmgBsGyUArFsB3QCsWwMawFeABp8NmkBYCgrAFwAG/cCXQAg6wFfACLrAWEAJugBtXAE
160=ZAi0cJ0KNfNsKQA3KCgAJxYOKQAnFw4pABy8r2UIHSgpAB4oKQAzKCkANCgpADkoKQBNKC
161=kATygpABvzdykAOvN3KQBYKCkARvN3KQAv690pAFEoKQA2qE5lEzgoKQBXKCkATKBRYQQu
162=qMdpATIoKQBWKCkAWvN3KQAf83cpAEXzbCkARygoACdDDikAWyhVACTobwIpACUAWmAwAg
163=cAKQAsvAprASsAGGRfawEmAHHoAQQnABMaAAAHdQIoiQENaQEpiQETaQEqiAEEGQcAKgA/
164=AHjPAwICACoAQbw2aQFCKCkAQygpAEC8K2MEYgAqfFcCBQAqAF+gXGkBYygpAF6kznUCYS
165=gpAElwBmNnKgBVKCkAWygoACc7DSoAZShXAC4AKHABAgYAKgAvKCkAMigpADMoKQAj6G8C
166=KgA0AC/5BiSkE2cILQAz9QI+kR8AdAKtcwFpAVKRbAJoAbVwBmgBtXAKaAGpbwNoAalvB2
167=gBvW0IaAG9bQ1oAQEwAIMBg5MqADGIAYsMXQAddDlgBLlpBWgBuGmZBj2d2xV2AiIAIwwj
168=aQE2rDFoASeTDSoARihVADXn2SoAV7A1bQU441wqAFgoKQA679YqAEwoKQBOKCkAUCgpAF
169=ooKQBF5mAqACdIGgUqABMAFyYAAJUYFIgBgSUViQEPbRAWiQEUaQEXiQEZaQEYiAGBMBmI
170=AYUIGogBhQgbiAGFCByIAYUIHYgBhQge9mUqACdbHCoAOShUACcvHCoATShUACcTKSoAUS
171=hVAFYoKAAnQw4qAFwoVQBgKCkALKyJbGgnFg4qALVwAXQCtXAIaAG1cA5oAbVwFGgBtXAa
172=aQElvAoCBwArAECMUgkFAgArAEMAlwEAAANpAUGgO2kBQqg4aQFjJLAnAgUAKwBI43IrAG
173=AoKQBeqNJhBF+8YmkBYSRgKGkBSbxiaQFH+3QrAGIkzCV1AjhsZWV2K7DXqQFZKFQAJ3Iq
174=KwAn8Q4rKPMOKwBmKK0AJLwVAgYAKwA0pBNoAamQA2kBOiOJLQBpATnn5CsAO6DudwJRAM
175=Z4CWsBTADYJO4pKwCkdoQIpXYHYAQEIAAFAQAABGkBIYkBCGgBuXQJaAG5dA5rAU0AF7t0
176=KwBOiQECdQJPiAGFCFCJAQZ1AkSYMosBXQAfv3grAFusJmAEvHicCr14FncCVgAx7QVXiA
177=GdFSKovGMEIwBi4QQ289orADX+eCsAJ3MqKwA389orAEYoKQAe73MrAB8kmCR9ClW8xWsB
178=PgCC6QwSjWgBdAKwd4AasXcLdAKxdxBoAbF3FWgBsXcaaAGwd4QIsHeECLB3hAiwd4QIsH
179=eECLB3hQhYuF5wCSeRDSuytgAAcGEj1DKoAZC2qwEwAPpwQGEEMYkBA2kBJbykaQEsrCZp
180=AS28IGgBrXMCaAEDKwB4FQAAiAG5dAl0Arl0D2gBuXQVaAG5dBtpAS68FQQHACwAPwBGdE
181=8DAgAsADkAI8AoaAG9VwFpAUKURIgBvXgEdQJBtIZpAUCwCWkBSbxiAgUALABd83csAGQo
182=KQBHtGVhBGP/eCwAXv94LABl/3gsAFz+eCwApVUHeQZFmREKawFiABxwQGsBYQAh6QFfvF
183=d0AsimaAHAnmkBEWwueX8sKK0sLCh3DywAZyiBACMkPD4CBgAsADSwFGsBJAAwaARpATOw
184=FGkBPoUpAGkBO6yMaQE4+n8sAK1+AXUCUpl/A2kBS5h/lAKkgZQCrX4FYAStfgloAbR7jA
185=W0e4wFtHuMBbV7B20FW+rzLAC9eA90ArB3hAixdwR1AliceJkGWYkBCnUCHqy1aAEntjgs
186=ACfvKSwAVbBAYAQnH0YsACL7dCwAUygoALl0AmwFuHSUDbl0DHQCuXQRaAG5dBZoAbl0G2
187=gBuHSECLh0hAi4dIQIuHSECLh0hAi4dIUINaRVcAknvzksAEooVQBUKCkAWigoACfyDiwA
188=pXYBYGeldgRrASUAWXRPaQEtrCZpAS4kYElpAS8k2CxrASYAdyR6KywAsXcDdAKxdwpoAb
189=F3EGgBsXcWaAGxdxxpASykEwIHAC0AOnhQBgAAAgAtADkAQr54LQChUQF0ArF3AmkBQfvt
190=LQA/uKt1AkCwFGgBtHsBBQMALdxtAwgEAC0ASvN3LQBmKCkAZygoACdLDy0AXPd7LQBJ93
191=stAGUoKQBL9HsCLQBoADlwFwEFAC0AqXoLawFfABdkKWkBYigpAGEkgDd1Al4kVDdpAWAo
192=KwBdACP7BmMAJOkBSLRPbQVkrCZpARB4Dnp/LQAnJxAtAEwoVQBRKCkAI76ZBgAirC0lUz
193=wtADiJLQB0AqF9AWkBPeN9LQAflfQCdAK9eAZpAVu4lWkBWiZDOi0AWagXdAKhcgVoAaFy
194=CGkBUyZXLC0AVSgpACLz5S0AN6A7bQUeJnsrLQBGKCkAVCbbNy0AIaQ/bQU2KCkATiavNy
195=0AUigqAE8AJYdTLQBWKCkANLAqZQg8KCgAtXsDdAK0e4gXtXsNdAK1exJoAbV7F2gBtXsc
196=aAG0e4QItHuECLR7hAi0e4QItHuECLR7hAgndQ8tKIMsLQBQpD9oDCMUUWXvLShpHi28t7
197=QCtXsCZGu1ewVoASfEOgItACQAX3BLdQIttC5pASysJmsBJwAZt3stACgoKQApKCkAKigr
198=ACYAP+8FKwBAqwEuAEEkBDgCAgAuAECwz2kBQqTOawE+AD+hfS7NfgN0AiWYW2kBQ7BWAg
199=MALgBEqAECBAAuAGioAQIFAC4ARvN3LgBMKCkATSgpAEXndi4ASygpAEeg4GUIXaAoaQFO
200=63ouAFwkQDp0AicfDy4AY/x4Ai4AYgAZeCdhBF4koEZpAWC8YmkBZOt6LgBl/3guAGfn+i
201=4ASKTObQVKtE9pAUmsPGkBYSgpAGYoKQAP63ouABAoKAAn+w8uADcoVQBYKCkAaSgpACS0
202=IwIGAC4AMigoACePPi4AM7QjYQQlqCJpAS+4S2kBPZ02AGgBoYgBagE6ACJ9XAJrATsAXH
203=wNaAGhiANoAaGIB2sBMACIJG8vLgAxiAGECCefHy4AVP2DLiirEC4AVihVACG003EJNCgp
204=AE8oKQBTKCgAJ4cRLgA2rF15Bjz7ii4ANfuKLgBQKCgAJ9BXAS4AVwDDiC4AWbA1ZAiphQ
205=RoAamFCWgBqYUOaAGphRNoAamFGGgBqYUdaAGohYQIqIWECKiFhAiohYQIqIWECKiFhAgn
206=sj0uACcyWS4AJ8kfLrzYcYIuvF+pAScm2FgiHUdeaFkCBwAuACbzgi4AKSTkM3QCJ+llLi
207=JkLSIkaHQCJ+MtLwBAoHICAgAvAD+JQwVqATgAI2hJaAEnHw8vAEGstQEDAC8AJdhYaQFF
208=o1EEAC/oemkBRKQWaQFHoFFpAU63DQUALygnEC8AXaAddQJg+nQvACfnHS8AZChVAF/zdy
209=8AY//xLwBlKCkAZ/94LwBh/3gvAGYoKQBKoFF1DUgkYDNpAUmsR2oBSwAjKG5pAUwkxCRo
210=ASW0Q2kBXut6LwAObGV6+C8AJ3UPLyh1Dy8och8vACcfDy8AaijZACm4JwIGAC8AKigpAC
211=4oKQAlpClhBC/3ey8AJrAqdQIrKCkAKOJ9LwDIymAErbUDaQE5gX0BaAGsfpUCNybQIAIv
212=ADAAzGwTYQQxiQECawEfAPv1AiCIAZUCW7QuYQRaJv8gLwBcJm9bLwAiqC1hBFEoKAAnKS
213=EvKKkQLyipEC8oqxAvAFco2QBQJhM/LwAhvDZ9CjQoKQBPKCkANSZfIi8AWSgpACOsPHkG
214=UigpAFi4PXUCHvyDYKYlq2gvADsoVQA9KCkAJKhDeAYBEgAWJiNTUi8AE4kBBXUCFIkBCm
215=kBFYkBD2kBFokBFGkBF4kBGWsBGAAY5QgZiAGFCBqIAYUIG4gBhQgciAGFCB2IAYUIM6xS
216=cAknUzEvADwoVAAnCGoCLwAnAFu1hjAo+A8CMAA4AEGk+gEwAD8AJRcvMABEoFEBAwAwAM
217=B9aQFDrFJpAUa0T2kBQaAwaQFCtC5pAUesBQIEADAASKwFaQFNJIAhAgUAMABcqAxpAUwk
218=rCFpAWi4BmkBXbheaQFOJAQiaQFpsAlpAVu4XmgBJwMRMABh94YwAGb3hjAAX7BWbQVn6I
219=UKMABiAB4CAAAABQAwABEAAPMOACANZAAfAgAAAAUAMABeACECAKsBSQB26wFKAHfoAQFL
220=ADknwQRjKCkAZSgqAA0AgAACBgAwAA6FAQBpAQ8oKQAQKCkAESgpAC4oKQBqKCkAaygrAC
221=cAKnABcQksKCsAJgAt9QIrKCoAKACYCW0FLSgrADcAQe8FPgBC6wE5AFPoAQQwAMwAAAAB
222=eQYxiQEDawEvAOvjBB8A++EEIIgBgwRPADF0I20FUIgBlwJTAHL1AlUoKwAiAHT1AjIoKQ
223=A1KCkAOygrAFIAde0FVCgpAFYoKQBRpDRhDyOkNGkBVygrAD0AeecIHgB66QFZKCsAPAB7
224=9wIpAHzrASoAf+kBMygpADYoKwAlAIDgBAESABYmzSYTiQEGbRAUiQELaQEViQEQaQEWiQ
225=EVaQEXiQEaawEYABjlCBmIAYUIGogBhQgbiAGFCByIAYUIHYgBhQghtE9xCSQoKQA0KCkA
226=OigpAFgoKQBa6wExAECsRwQCADEAQQAxeD1pAUQoKwBDADL1AjiZSANhBD+YSIsBRgApYA
227=QEAwAxAEIAeHQjawFFAILpAUioDAIEADEASbwKaQFHoARrAWQAKGQIAgUAMQBaoFxrAUsA
228=LPUCYygpAGmwCWEEW6BcawFlAC/vBUwAMOkBarQNYQRZtBhrAWAAGWQTawFnABrrAWYAG+
229=sBXgAe6QFhKCsAXQAj9wJoACbpAUqkHnEJXLAqaQFfKCkAYigpAAx8EgMAAAYAMQAnqRAx
230=KKoQMQAnqhAxACd+EDEAJycQMQBsKAQBqXoBcAmoeogBqHqJAR+ceJUNIIkBAm8FLADpbA
231=hpAS2JAQRpAS6JAQhoAax+hQgwmX8DdAKgfZQCoH2ZBlGNfgdhBFKJAQppASLvfjEAIygp
232=ACkoKQA1KCkAOygpADL3ezEAMygpAFfjfTEAJfd7MQAqKCkAPCgpAFOsMW0QVSgpADbngT
233=EAJO9+MQAoKCkAJ/h/AjEANAB9YDtnCCEAfukBMSgpADooKQAQ54ExAE0oKwBYAIH4BryD
234=lC68g4AlvYMMaAy9gxFoAb2DFmgBvYMbaAG8g4QIrH6UAgMZABkmAACRCRqIAZEJG4gBkQ
235=kciAGRCR60T3EJJigpACsoKQA9KCkATigpAFQoKQBW6wEyAEGgfQICADIARCgrAEMAK2RK
236=dAIEOABAAAAAAmsBbQBE6wE+AEXpAT+gJWEEQLwKaQFHrH4CAwAyAEa0e2kBSLB3aQFCuL
237=ZpAUW4BmkBSawQAgQAMgBe44gyAGIoKQBmKCkAZygpAEu4BgIFADIAaigpAFm0GHUCXfON
238=MgBhKCkAX+eMMgBoKCkAY/CNAjIAZQAzfCBnCGAAH3BAawFbACLpAVrjiDIAXOOIMgBKrB
239=ttBWmsG2gBJ6kQMiipEDIoURAyuA5tiTIofxAyADeAMAMABgAyAGyAMIkBPYAwiAF9DQC7
240=BjMASngybwU5AFBoF2sBMQBd6wE0AGPoAa2JAWAErYkDawEeANHgBLiKgAS5igVgBLmKCW
241=kBL4WMDWkBV7wgawFYACR0I2gBuIqYBrmKCHQCJwMRMgAl64UyACcoKQAoKCkAKigoACcG
242=IjIAJwYiMgAnByIyACTnjDIAKSgpAE0oKQA7/44yABDnjDIAPO+JMgA1vDZxFA/viTIAVC
243=gpAA77ijIAUigpACbnjDIATigpAEz7ijIAKyavITIATygpAFYoKQALvOZgD6SMjDGkjIwm
244=pIyILaWMEmwFpYwXaAGljBxoAaSMhAikjJQCpIyQCaSMkAmkjJAJpIyQCScHIjIANrxXfA
245=on2yEyAGT3AjMAbnhFBAAAAQAzAG288WgBJy8RMwBCpIECAgAzAEGkgWkBQ7z8aQFHsIJp
246=AUakCGgBvY4DaAG5XgFoAbheiAEi4CFzXQAzAKRglAKkYJgGpGCVAj+4PWUIPrw2aAEnux
247=IzAEi0hgIDADMARbyZaQFJvhUEAHQKIxwlaQFa/44zAGAoKQBpKCkAXOeMMwBLpAgCBQAz
248=AFvnjDMAXah9dQJhKCkAaigpAFn/jjMAXygpAGgoKAABTACVASPfMjMATYkBBHEJCqwxAg
249=YAMwALKCgAJ18iMwA2KFQAuYoBbQVllYYAaQFmiQECawE7AEt0BWkBPIgBlwI1AE/1AjqF
250=jARjBDQAUfUCMPONMwBkKCkAaygpAGfqkDMAsI2NEB+djgNwCbyOlA29jgZ0Ar2OCmsBWA
251=Adp4wzAGIkgDd1AmO8r2sBXgAn4QQQ44gzAFIoKAAnLxEzAA//gzMAIigoACeHMjMAVShU
252=ACezMjMADu+JMwAnKCkAKigpACP7ijMAKCgpACsoKQAl840zAE8oKQAh44gzACDjiDMAUS
253=gpABH3hjMADKRVZR5XJooiMwCgiJgyoYgJYAShiA5oAaGIE2gBoYgYaAGhiB1oAaCIhAgk
254=CDOECCQIM4QIJAgzhAgkCDOECLCNhAgn3jIzACeLIjMAKSjVEC8oKAAniyIzAFD1AjQoWx
255=E0AG9oSwQAAAEANABtpPpoASMAMwIAAAIANLRiqAEn3xE0AEeoemEERrgGaAEicDQjOyM0
256=AGwjuTMCdQJkgOuLATcAR3wNdAK9YgFoAb1iA2gBvGKUArxilAK8YpQCvWIFbAW8YpUCPr
257=RPdQI/pEppAUCsy2kBOOOTNAA9uD11Ajm4PWkBQSgpAEOkP3UCQqwmaAElTzYDADQmTDZp
258=AUWwS2kBS6ixAgQANABKoJNoAa2JAWkBXOuQNABbuyoFADTFjAVpAQlsIyKuITQAJ7ERNC
259=ixETQo5TM0KOczNAATKNkAFSgpADAmZyM0AGuPMQAGACKAIiKUKYkBT5SRiQFQiQECYQRf
260=lJGVAmCIAZcCVQBMZAthBFaIAZcCVwBO9QI2hZcEYQRhiAGFCGeQmIkBVO+UNABeKCkAUf
261=iVAjQAKwDG8wkbAMvpARyIAZcNHgDd9QIfiAGUAr2ZA2APvZkHawEgABdkuGkBIYgBjQUi
262=iAGRFCOJAQZjBCQAGu0FJYgBjQUmiAGNBSeIAY8FKAAb7QUpiAGNBSqIAY8FHQAe4QROic
263=cJaQxYJKg8aQFiJKQraQFZJKQraQFpKCkAaCazJzQAWiazJzQAaigrABIAYb+vNAAUKCkA
264=FigpABAmW0g0AFIoKQAM96c0ABGg9mEPU+umNAAZtGV1Ai60ZWkBGOumNAAXoGd1Ag20ZW
265=kBLygpABr/pDQAXaBnAgYANQBvvGICAAA1AG4kBCJrAXAAOXQ5aAEn3RE1+wMCADWgZH+O
266=NQA0pAV1AjUoKAAjVE6hBEWoDGEERKhvaQFHKCkARiZCJDUAJZQ0YAS5lQNoAbiViQFjmZ
267=UBdQJeIx0wAmsBVABGIjwkaAGgZ4AEoGeYBqBnlAKgZ5QCoGeUAqBnlAKgZ5QCoWcFfAqg
268=Z5QCoGeLAToAjWweYQQ7iAGbETwAjvUCPYgBlAIktSIGbAW1TwprAWUAIGBGaQFksEtpAW
269=akSmkBOPenNQBAtER1Ajm0RGkBQyRwQGkBQaBGaQE+rJ9pATeoQ2kBP6Q/aQFKuDIBAwA1
270=ANCjaAEl3CdoAbGjAmgBJ/42NQCllwFsR6SXiQFdjTEAdQJTjDGJAViJkAR1AmmIAZUCYo
271=iQlQJR65A1AGiIAZUCWf2ONdyOiQwsiZADcAmokJQCqJCUAqiQlAKokJQCAxoA6gAAAIgB
272=vI6ABLyOlAK9jgV8Cr2OB2gBvI6MBbyOjAW8jowFvI6MBbyOjAW8jowFvI6MBbyOgQRa84
273=01AGrzjTUAWyYAJwI1ABIAVXxBbxATAFzpARUoKQAXKCsAGABi4AQnsyc1AC6gRmUIDeWM
274=NShbETUAL7REYQQZtERpAVIoKQAJ8401AAooKQAOKCgAJ4s4NQAI95E1AC28THEJC/yOAj
275=UAFACf8RQWKCgAJXRRAgYANgBvJPgwAgAANgBwsPBpAW7vjDYAcXBpIhckNgBtqIUCAQA2
276=AGy8kWgBJ0EkNvMGAgA2KGESNqxPdZE2lExshQEANgBWvAptBVcoKAAjlECtBWQoVQBnKC
277=kARySMM3kGSLwVaQFLuBFrATcAPGQMawExAD/oAalkAXUCU4hkiwFrAElkC3QCtWUFaAG0
278=ZYAEtGWUArRllAK0ZZcCPgB45Qg/iQEDZwhAAHn1AkGIAZQCuJWECLiVlAK4lZQCuJWUAr
279=h/iAGllwd9CmW8V2sBZgAcYDtpAV/zmDYAYLDldQJe/5k2AGH/mTYAOPOYNgBDKCkAOaxS
280=eQZEvExpAUUoKQBPJt8nNgBUKCkARrDabAUnNyg2AFX1nDYj6CR8fwEANgBJuAYCAwA2AC
281=BsIyIvJzYAWigpACKgUW1SKCgpACkoKQAhpD9hBCcoKQAjJHQ7dQIqKCkANpFAAHUCMJBA
282=iQFqiVEEdQJSiFGLAVkAVHQQdgI1AGlRAmkBXCYnJjYAGZGYAXQCvJmZBhuVAgd3AhIAV2
283=wxawEXAFrpAQjngTYACSgpAAooKQALKCkADSgpAA4oKQAPKCkAECToLmgMJ4siNgAusM91
284=AgywNWkBHigpACUoKQAH64U2AB0oKQArKCkAJOOINgAs44g2AB+sPH0KJigpABPtiTYohx
285=E2ABUoVAAnsxE2ABi8QWUIHCgpAC0oKAAnTzY2AFv3AjcAcHAyfY43KAsSNwByKFUAbPeR
286=NwBpJCRHAgEANwBopIFpAWsoKQBtJLg+dQJuqGRpAW+gv2gBI7hVfY43IwwveIYBADcAWL
287=QNAgIANwBeKCgAJYRpdAInrzc3AEsmrzc3AGO4U2AEJSxpaQE4jVIFaQEyjFKJAV0jLTIC
288=dAK4U5QCuFOJATm4H2EEOogBjQU7iQEEdAKpkAFoAaiQlAKokJQCqJCXAjwAenwYbQU9iA
289=GRCUIjmSQAdQJDiAGVAmHyjTcAJTxrYQRfvOZpAWK4J2kBZygpAE+wVnUCRKDgaAElXENp
290=AUUm8yQ3AFC4U3UCU6BRaAElLFNpAVUkiC1pAU24U2kBUbhTaQFWrFJpAUasR2kBVygpAG
291=AoKAAiiFqXkTcASawQAgMANwBIvAppARBsI2OTNwASKCgAIzBwtAIjMHCoAQABIAAoAAAA
292=AAYANwAqACsAAAAABhEAADgPACANADcAHwAsAAAAAAYANwAmACcrACQAL/cCIQAw6QEnKC
293=sAIwAz9AIENwA8AAAAA2cIMQA/6wFcAEDgBARZAFQAAAABYwQ0AFfpATWIAZsGGADR7AUE
294=GQDqAAAAAm0FGokBBWgBARQAVgLTFBMAV+sBFgBY6wEHAHLpAQgoKQAJKCkACigpAAsoKQ
295=AMKCkADSgpAA4oKQAdKCsALAB16wwrAHbrAQ8Ad+kBHigpAC4oKwARAHjjBCUAeusBHAB7
296=6wEGAHzrAS0AfesBGwB+6QFaKCsAWwB/9wI2AIDrARUAn+gBARcAOSfBJSi8CgQHADcAKQ
297=CBYARpASKgBAQHADgAbwAqdC4EAAA4AHAAMesBbgAy6QFxoAECAQA4AHIoKQBzKCkAaqQI
298=YwRoACt8AmsBaQAt6wFrAC7rAW0AH2wQYQRsrBBpAVh4AwQAAAIAOABiKCsATAAocAF1Al
299=UoKQBfKCkAZigrAGMAKe0FVLxXeQZeKCkAR7gRdQJNtFppAVYoKQBgKCkAZygpAEioIm0F
300=S6xdaQFlKCsAOAA+ZFV1Al2NXQNqATkAdSYBaQE6iAGVAjuJAQV3Aj4AePkGP4gBlwJAAH
301=n1AkGIAZcCPAB6dGV5Bj2IAZMJQgCO9QJDiAGVAlCkVW0FUSgpAEWwVnUCRLBWaQFPKCsA
302=UwB5eDJ1AlKsUmkBV7BLaQFGrEdpAU68NmkBYSgpAEmwCQIDADgAZLgGaQFKuAZpARB8M2
303=WMOLAyqQElqDgCBgA4AB+oOGkBKqBGaQEm8404ACmsUnUCJKAwaQE3gTAAaAGxjQFrAVoA
304=T3wNawFZAFHrATQAXOsBMgBf6QEziAGZBjG8T3gGtJGVAhmBkwN3AhUAVWAlaQEW9JECOA
305=AXAGL1Aga0LmAEJzYSOAAnNhI4ACc2EjgAJzYSOAAnNhI4ACc2EjgAJ9wRAjgAHAB06Qwu
306=KCkADaA7dQ0OKCkAEawxdQI265A4AA+sPHUCHigpAFv3kTgAEqQ/YQQTKCkALygpAAWsiW
307=EENSgqABQA15E4ADAoKQAasEBtBRu0RGkBKygpAC0oKQAgZjEAAHWRKKQTaQEnoJ5pASGw
308=CWkBIygoACcTEzkAbaqQAABgb9+ZOQBwrH51Am6kSmkBcqh6aQFspEppAW+8CmgBJ2sTOQ
309=B0pBMCAQA5AGmwgmkBaLRPaQFqvCBpAWuwH2gBZOFgeQEAOQBFpAgCAgA5AGKsXWkBTbyk
310=aQFWKCkAYCgpAGcoKQBTvGVtBV0oKQBhKCkASLgcYQRUtGVpAV4oKQBjKCkASbAfYQQ5gW
311=cFawFcAEl4FGgBoWcBaAGgZ4sBQgCB4QRDiQECYQREiQEEaAEBQABOAcUeQYgBgwQ9AFb1
312=Aj8oKwA+AFf3AjoAWekBOygpAFCgXH0KUbRaaQFXtFppAVK0RGkBR7w2aQFOKCkAWLyOdQ
313=JGvExpAU8oKQBKeBkEAAADADkAZLQNaQFlpO9pAUu0T2kBVbwKaQFfKCkATKgMdQJmKCkA
314=F7wKAgYAOQAquD1pAR+kNGkBK7hIaQEgrDFpASigUWsBKQA5bAhoAa3LA2kBW52ZBGsBEA
315=CP4QQRiQECdwINAJRk/mkBDokBDGkBD4kBEmgBARgAAAEjfyY5ABmJAQZ3AhUAW7uKOQAF
316=5pc5ACcSEzkAJxETOSgREzkoERM5KBETOSgTEzkAEygxARwoKQAuKCkALygpADYoKQASrD
317=FlEzWkP2kBGqQ/aQEU/5k5AB0oKQAwKCkADKhDbQUErHNpASwoKQAbrDx0AiejJTkAMyhV
318=ADQoKQAysEBtBTesPGkBFrhIaQEeKCkAMSgpACG8FQIHADkAI6QTAgcAOQAioKlpASW4EW
319=kBJrwKaQEkpAhpASfrAToAbKSBAgAAOgByuEhpAXOsR2kBb7gnaQFtvAppAW60GGkBcKCT
320=aQF0rOwCAQA6AGm8CmkBarQuaQFruCdpAXV0TCJTJjoASbgGAgIAOgBdKCkATLCudAInEx
321=M6AFLjkzoATbCuYQRnKCkAU/eROgBhKCkAS6RgbQVmKCkAYKStdAKlYAVoAbWRAWgBtZED
322=aAG0kYMEPgCoJGwkAjoAOACvfJJgBKyUmAaslJsGPwBPq5A6ADnqkDoAJ2ISOgAnYBICOg
323=BcACV0ZXEJR7QuaQFOuCdpAVC4J2kBRqAwaQFPKCkARaRKdQJIuDJrAVoAgv0KaCgpAFGw
324=QGEEVygpAFgoKQBZKCkAZLxMAgMAOgBVJKgxaQFfuBFpAWO0T2kBXqwQaQFiKCkASqAPdQ
325=JUvAppAWUoKQADvEECBgA6ABooKAAjkC8iLSc6tDapASm0RG0FJ7REaQErqE5pAR+0RGkB
326=KKhDaQEgvEFpASa4CWsBNABNfA1rATUATusBPABZ6wEzAF3oAbGjAWwFsaMDaQEMmKCUAr
327=2kB3QCvaQNaAG9pBNpAT2NRwBpATeMR4kBF4imhAihqQRgBKCpkAkn9RQ6KPUUOij1FDoo
328=9RQ6KPUUOij3FDoAFKRKfQoEpEpoASffJzoAE+eiOgAdKCkALygpADAoKQASqJBlCC4oKQ
329=ALtER1Aiy0RGkBNiYLKDoAFbREdQIeuFNpARaslGkBMSgoACdbJzoAIXgvIgMnOgAjtBgC
330=BwA6ACK0GGkBJaAPaQEkqAxpASqzSwcAOyiXEzsAcqhDAgAAOwBzvEFpAW+0GGkBbagXaQ
331=FwoFxpAW6wCWgBJ5cTOwBotE8CAQA7AGm8TGkBZ7BLaQFqsB9pAWukCGgBJ+8TOwB2rBsC
332=AgA7AFek+mkBUqBcaQFKqAxpAWagXGkBSay1aQFdKCkAS6wQdQJYJCAgaQFesLlpAVbgng
333=I7ADMASGgPdAKlYAFoAaRgiQFFI4k4AHUCRokBA2kBQyOIOJUCRIkBAncCPgCquqA7ALRa
334=hAisn4kBQJighQhBiAGFCEKIAYUIOCYDJzsAOSgoACecFAI7AFwAHrCYAjsAWwAi6wFaAC
335=PpAUeoOHkRTrxBaQFIqDhpAU2oQ2kBTKCTaQFZoJNoAScDJzsAULA1dAInnxQ7AGSkYAID
336=ADsAY7QNaQFVtA1pAVSoDGkBU6gMaQFgKCkAYbhedQJlKCkAX7QNdQJiKCgAYBsi0CUBAD
337=sAFmg1bZ87rDmoASdLOzsAKrREAgYAOwAmtERpASmoQ2kBK6hDaQE2lZwEawE7AFpkC2kB
338=PIkBAmkBMuOeOwAtI/VAAHUCLokBA2kBL5xBlQIwiAGXAhAAe/EJEYgBkQkSI/RAjQUTiA
339=GUAqimiAGppgh8CqmmDmgBqaYUaAEEKACVAAAAEmkBPZxMkAmopoQIqaYFYQQEvINoASfJ
340=FDsoyRQ7KMkUOyjJFDsoyxQ7AAqsPGUIFKw8aAEnaxM7AB68g3UCFbBLaQEcKCkALKx+dQ
341=IDJMQkaAEnYyg7ABq8QXUCJyTEL2kBGaQ/aQEdKCgAJ/M6OwAkrBt9mSKwFGkBIygpACWs
342=EHUCIaAPAgcAPABvuIoCAAA8AHK4imgBJ98nPABu56I8AHC0hmEEbbQYaQFreDpm1DwAJ/
343=I6PAAlDDkCAQA8AHS8TGkBdaBUaQForBBpAWmsXWkBaqwbaAEn7xM8AHeqDAIAfO4lX048
344=AF+0WnQCJ+8TPABStA11Al4oKQBaqBd1AlOsEGkBYCgpAGQoKQBjoLRhBFjmojwAvWIFdQ
345=JJJGg+aQFKiQECagFHAIC3aQFIiAGVAjWwF3QCqaYBaAGppgRoAaimlAKppgN1AkuRYQBp
346=AUyIAZEJP4BcjBC8pJgGvKSZBjfyozwAJ8gUAjwAQABYJJQpBTwAMwCzAQAAgQ80iQEGaQ
347=xNsOVpAU6gRmkBXLiVaQFbrFJpAU+wNWkBXSgoACdGFDwAJ0cUPABhvAoCAwA8AFW8CmkB
348=VKBnaQFluEhpAVawCWkBYigoACXsKXYCAQCAAAEGADwAJ0s7PAAm5pc8ACdLOzwAI7Q5bQ
349=UitDlpASUoKwA5AFZ0CXUCOokBAmgBoZ4BaQEaiTgAaQEbiAGBBCuIAZUCLIgBlQIUjJ+V
350=AhWJAQN4BrCjkAmxowR0ArCjlAKwo5QCsKOUArCjhAiwo5QCsKOVAhwj3D2VDR2IAYwQqK
351=aABKmmCXQNqaYPaAGpphVpAQrqpjwAtacTdQIplQIcaQEqiQElaAGs950KMYBGgQ8yiAGB
352=DwO8jmwFJ3kVPCg9PzwoeRU8KHkVPCh7FTwACaTkZQgLvEFpAR4oKQAnKCkAArSGYQQ8rF
353=JpAT0mYCgDPAAWAF0jm+I8ABeJAQhhBBiJARBpARmJARhpASG8CnmgJOsBPQBt5aI9KEcU
354=PQBwvOYCAAA9AG4mYyg9AGy8g3UCb3xJeaA9KBkUPZSDIjY4AD0oRxQ9AHWgkwIBAD0Adq
355=RVaQFppClpAWioZGkBarRwagFrACMMZWgBJ0cUPQBU+6A9AGUoKQBavBUCAgA9AGMoKQBf
356=sLl1AlOsEGkBZCgpAGa4aXUCYLgcaQFVsBRoAa2fAWgBrZ8DaAGsn5QCrJ+UAqyflAKtnw
357=JsBa2fBWgBtJyABLScmwY3AJBsKWEEOIgBmwY+AMD3Aj8AUHCBYQRAiAGDBEEAUfUCQogB
358=lwJDAFP1AkSIAZcCNgBa9QIziFmZETSJAQd9Clykl2kBXbhTaQFNtERpAU8oKQBRoFF1Al
359=Kkl2gBJ6ViPSi7KD0AW7zbYQReKCkAVrcNAwA9KMsUPQBioPZ1AlewQGkBWCQ8P2kBWbxB
360=aQEhpD8CBgA9ACQoKQAgoDt1AiMoKQAirDx1AiUoKQA9JqE7PSKILWxWYQQ8JrInPQClog
361=F0AqWiA2gBpKKUAqSilAKkopQCpaIEbAWlogJoAaWiBWgBpKKUAqSilQISI/kwAGEEE4gB
362=gASsn5wKrJ+UDaGeCmwFoZ4QaAGhnhZoAaGeE2kBC4mbHGkBDIkBJWkBJogBiQwniQELdQ
363=IoiQEUaAGxox1oAbGjJmgBARAATQGTjT0AEYgBhAi8pJAUvKSRFAK0e3gGJ8oUPQAnyRQ9
364=KMkUPSjJFD0oyxQ9AAio6GUICahDagE6ACXvdj0AO7xBdAK4oIwQuaAJdAK5oBFoAbmgGW
365=gBJx9RPQAfrFICBgA+AHH7oD4AcqSBAgAAPgBw4J4BPgBsAIAAAgEAPgBthQEAaQFuKCgA
366=J0UUPuSiAAIBAD4AdAAAAAAAAAEAPgB1AAAAABEAAPMOACAFAAABAD4AdgCAAAQBAD4AZw
367=AubAFrAWYAMugBAmkAdAIArwVqAHfoAQFoADkn1QJrKCkAT3AGBAAAAgA+AFAoKQBRKCsA
368=VQApcAFhBF8oKwBZACr1AlqsEGEEYygpAFi4EXUCYigoAAQ8AEUAAAACdwI9AE10EWsBSw
369=B68QlMiAGDBDUAhvUCNogBlwJNAI/1Ak6IAZcCNwCQ8Qk4iQEDfwo+AMD0AgQ/AFABAAAB
370=dQJAiAGBBEWIAZEfRogBkQlHiAGVAkiIAZcCQQBR5QhCiAGFCEmIAY0FSogBjwVDAFPtBU
371=SIAYwFBDMAtgEAAARtEDSJAQZrAVwAcmQ0aQFdKCsAUgB29wJbAHzpAWQoKwBTAH33Al4A
372=f+kBZSgrAFQAgfUCVrAJBAMAPgBXAHl0AmkBYSgrAGAAfvUCO4Q0BQAGAD4AOQBbcDVrAR
373=QAeOkBFYkBBXUCEpE1AWkBE4kBA2sBHAB7ZDRpAR2JAQJrASsAgvUCLIgBlwIvAIX1AjCI
374=AZUCLZg9jRAuiAGXAh4Aju0FH4gBlAIEDQCUAAAAC2kMDokBEWkBD4kBF2sBCACV6RcJiA
375=GNBQqJARRhBAuJAR1pAQyJASZpASaIAYEaJ4kBDHUCKIkBFWkBKYkBHmkBKokBJ2sBEABN
376=ZD9pARGIAYQIAxoATgEAAIEaG4gBiRcxkECVAjKIAZUCBLBAZQgFKCkABigpAAO0OWEEB7
377=R7awE6AHpoOGkBIbREaQEkKCkAIqhDdQIlKCgAAxYAXSMAAIEPF4kBCmEEGIkBEmkBGYkB
378=GmkBILSGaQEj6wE/AGtwMnONPwBsKCkAbSgpAG4oKQBvKCkAcCgpAHEoKQByKCkAcygpAH
379=QoKQB1KCsAZgArcAEEAQA/AGkAdXAfaQFqtFppAWioZGkBZ6BcaQFW55c/AFcoKQBgKCkA
380=YSgrAFUALWgMAgIAPwBfKCkAWPecPwBiKCgAoWcBbgVRAJgUaQFSiQECaQFPgWcAaQFQiQ
381=EDawFTAHnpDFSIAZQCpKKQCaSilAKkopQCpKKXAj8AiOUIQIgBlQJDiAGVDUSIAZcCQQCJ
382=7QVCiAGUAqyqnAqsqpcCPQCS7QU+iAGUGKimjAWopowFqKaUAqimlAKwo5QCsKOUArmgBX
383=AfuaAHaQFboFxoAScbFD8AZChVAFysPGEEXrheaQFluD1rAVoAe3BAaQFZuF5pAWMoKwA8
384=AIDjBDcAV7OCPwA4lJwBAQYAP8GeA2sBOgBdcB9oAbyZgAS8mYAEvJmUAryZlAK8mZQCvJ
385=mUAryZlAK8mZQCvJmUAryZlAK4lYgBuZUMbBC5lRVoAbmVHmgBuZUnaAGtlA1oAa2UFmgB
386=rZQfaAGtlChoAbSRgA+0kZcNDwBVr5Q/ABQoKwAQAFf1AhIoKwARAFj1AhUoKwAOAFn1Ah
387=MoKwANAFr0AqCegA+gnoAPJ5YTPwAnlxM/ACG4PX0VIigpACQoKQAlKCkABOaiPwAnRxQ/
388=ACO4f2UIILh/aQEm7p8/AKyfjBCtnwtgBK2fE2gBrJ8DGwYAQABqdEF1nEAowhNAACeWE0
389=AAJ5YTQAAnlhNAACeWE0AAJ5YTQAAnlhNAACeWE0AAJ5QTAkAAZwAofA0CAQBAAGgoKwBp
390=AC/3AmYAM+sBbACCdFptBTRsAiIvJ0AANSgrADsAQWxdBAIAQAAzAEMkQiRAAK2UAXQCrZ
391=QDaAGslJQCrZQEdAKslJQCrJSVAk2R+wBhBE6JAQJoAbSRjAW0kYwFtJGUArSRlAK0kZQC
392=tJGXAkUAinAXcQlGiAGdClWI/pUNVogBlAKslIQIrJSVGEuM7I0FTIgBjAWslJQCrJSVAk
393=kjhCeVAkqIAZUCWf+OQABaKCkAXqhOZRNjKCkAXbRPdwI8AHhsMWkBW+OTQABkKCkAWO+U
394=QABfKCkAV7hTeQZiKCkAYKRVdQJcuO1pAWEoKQBlKCkAOGYmAABlVTCgRmsBLwAsfAJpAT
395=GsR2kBOpxBjQUynEGJATaFogFgBLGjA2kBIoDVgQQjiAGVAiCA1ZUCIYgBlQIeIwgolQIf
396=iQECZwgrAIHtECyIAZUCLYkBBGEEDiM0KJkGD4gBgQQQjNaVAhGIAYkMEozWlQITiAGVAh
397=SURJUCFYgBhQgkI3QwlQIliAGUAq2qDWAPraoWaAGtqh9oAa2qKGgBoakXaAGhqSBoAaGp
398=KWkBGiOEJ4kMG4gBiQwcI8QvlQIdiAGVAg30pwJAAC4AYXREZAgnwxNAAAe8THUCJiT8Nm
399=kBBbBLaQEIvEFpAScoKACwmIQpsZgMYASxmBRoAbGYHGkBOaNGBgBBKD0TQSg9E0EoAidB
400=ACdpE0EoaRNBKGkTQShpE0EoaRNBKGkTQShrE0EAaSarJkEAXLhTAwIAQQBbAJhTaQFduF
401=NoAbmVA2sBYwB3bEdoAaGTAmgBoZMFaAGgk5QCoJOUAqGTAWAEoJOQCaCTjAWgk4wFoJOU
402=AqCTlAKgk5QCoJOUAqCTnAqgk58KYQCN8RRiiAGYBriVjAW4lY0FZIWXAGUTZYgBjAW4lY
403=wFuJWMBbiVlAK4lZQCuJWUAriVlQJSoPZ9ClG8TGgBJxATAUEAPAAjREB1Al8oKQBYsEt1
404=AlrvlEEAYCgpAD3vlEEAZiYfJUEAPrRPeQZnKCkAV7BLdQJeKCgAJdBBdQI3eCRvlEEALy
405=QgQWFRMahDaAGhkwFrATYAXHQFawE0AGDpATWIAYMEMwBh9wIyAGLoAbiVgAS5lQRkCLiV
406=lAK4lZQCuJWUArmVA2wFuJWUAriVlAK5lQVgBLiVgAS4lYAEuJWUAriViAy4lZQCuJWUAr
407=iVlAK4lYQIuJWUAriVlAKtlBdgD62UIGgBrZQpaAGtlBhoAa2UIWgBrZQqaAGslJwKrJSc
408=CqyUlAKslJcCDQBWJKgmAkEALgBbrZRBKGMSQQAI75RBAAasR2kMJigpACesR3UCCahDaQ
409=E5JOAtaAG4lYQpuZUNdAK5lRVoAbmVHWkBOLhIawEwAGN7EQcAQijlEkIo5RJCKOUSQijl
410=EkIo5RJCKOUSQijlEkIo5RJCKOcSQgBpJFQ3AgEAQgBoJOxKaAEi6CQiICUBAEIARGBOIq
411=MlQgBbqFkCAgBCAF2oWWsBOwA/aAVoAbGYAWkBVZniAGkBVokBAmsBRwCLeAlpAUiIAZQC
412=uIqYBrmKA2AEoIiUAqCIlQJXnNudCliIAYcIRQCT/QpGiAGXAksAT2w8cQlMiAGXAkkAVP
413=UCSogBlQJO+4pCAE+oQ3kGUigoACezEUIAU/+OQgBQJEgwbQVUKCkATSQcMHUCPSbzJEIA
414=PigpADy4SGEEZigpAF8mrzdCAFkmdyVCAGe8TG0FQO+UQgA/JMQvdQJeJh8lQgBBoFF1Ak
415=KkSmkBWigpAGAoKACUjgQAAAMAQgAwJBhAAgYAQgAvJOw/aQExqENpATqNPABpASYk8C5p
416=ASeJAQJoAbSRiAG1kQV0ArSRlAK0kZUCJCMELZEJJYgBgwQOAH9oOHkGD4kBAWsBKwCA9Q
417=IsiAGNBS2JAQRgBLSRlAK0kYkMGiMcJYkMG4kBA2wFrJSMBayUjQUUI8A/jQUViAGBBAoj
418=nUsYeAa1kSFoAbWRKmgBtZEZaAG1kSJoAbWRK2kBHiOILZ0KH4gBnQocpEphBA2gRmkBHS
419=grADYAJXh/dQIyJvEkQig3EkIAB6BGYQQJoEZpATkoKQA0tER1Aji0RGkBM7REaQE3KCkA
420=LvuVQgA1JBBVYASllwZoAaWXDmgBpZcWaAGklwMeBgBDAGl8MyK1OEMouRJDKLkSQyi5Ek
421=MouRJDKLkSQyi5EkMouRJDKLsSQwBnuFMCAQBDAGisUmgBJxNgQwBcoAQCAgBDAFu8V2kB
422=XawFawE/ADyvlEMAPIlZBXQCrZQBaAGtlANrAU8Ag2gaaQFQiQECawFRAIT1AlKIAZUCU5
423=FLAGEEVIgBhAi0nJwKtJyUAqSXlAKkl5QCpJeUAqSXlAKkl5QCpJeVAk0j1F2VDU6IAYwQ
424=vJmMBbyZjAUn6yNDAEH/jkMAQKxHfRVZKCkAQqBGdAInIzZDAEO8QXUCWigoAAFhAFsjaC
425=kBAEMAYogBjRBjiQEEbQVkiQEGaQFliQEIaQFE/o5DACfFJEMkYD8imyRDAD6FNABkSqHK
426=A2sBPQBZdC5oAb2OAWgBvI6ABKyJlAKsiZQCtIaUArSGlAK1hgVlCA4jTDaVDQ+JAQJ1Ah
427=CJAQRoAaCIhAigiJUCHCPINZkGHYgBmAagiIwFoIiUDaGIGXAJoYgiaAGhiCtoAaGIGmgB
428=oYgjaAGhiCxpASAjnDWVDSGIAZQNuIqUDbiKlQ0j44hDAA0mP0pDACK80HMJNgAcuIoCQw
429=A1ACPrATgAJ+sBMgBa6wExAF7rATAAX+kBLiQwLXEJOSgpAAi4SHQCJzcSQwA0JodeQwAR
430=JDAtYQQS95FDABOg1XUCOigpAC+8THQCqZAHaAGpkA9oAamQF2gBqZAfaQE3sEsCBgBEAG
431=d4RXeRRABoKCgAJ40SRCiNEkQojhJEACc1X0QojRJEKI0SRCiNEkQojhJEACdZXkQomyRE
432=AECIWQMFAgBEAFkjyUAAaQFaiQEDaQFXlN6VAliJAQJ0Ar2OAWgBvI6MBbyOlAK8jpUCSS
433=OoaIUISogBhQhLiJCVAkyIAYwFrJSECK2UBGkMVZxXjQVWiAGFCEeA4JUCSIgBlAK8joQI
434=vI6dCl/7ikQAQia1IkQoRzVEAEWkP3UNW6TOaAEntyJEAEakP3UCXKQ/aAGkjJQNpIyUDa
435=SMkCqljAdsBaWMCWkBQbBAaQFDKCkAXSgpABW8QXVEGCgpADEoKAAlHFFgBL3FA2kBPSZ7
436=NkQAPCYjNkQAOyYiNkQArYkBbAWsiZgGrYkFdQIllcgAaQEmiQECaQEnlMiVAiiIAZUCKS
437=NkcJUCKogBlAK0kYgBtJGcCrSRgA+0kYMPKwCRaBppDCyIAZgGtZEadAK1kSNoAbWRLGgB
438=sI2QCbCNkQkinI6ZESOIAZEJHiSsLHgGJxs1RAAkJmcjRAAfJIAsYwQ2ABmgiAJEADMAIe
439=kBL+iQAkQAMAAk9AIKNwAkAgAAAAYARAA0ABEAAAYPACANJgIAAAAGAEQAPgBhAgAAAGsB
440=OQB16wETAHbrAREAeOsBLgB56QE6KCsACQB69wIWAHzpAS0oKwA4AH73AhcAf+sBFACB6w
441=EZAILoAQESADkn2REy6AEBRQBqAIAAAgEARQBuhQEAaQFvKCsAZwAocAF1AmgoKQBsKCsA
442=awAs4wRpAC/pAW0oKwBmADP1AkFgAQYAAAIARQBhAHNwAWkBYokBAmsBXQB09QJeiAGXAl
443=sAdvUCXIgBlAIEWQB5AAAAAXkGWokBBGsBVwB79QJYiQEDdwJkAH7lCGWIAYcITQCE9QJO
444=iAGXAkkAhuUISogBhwhLAIj1AkyIAZUNU4gBmQZUiQEFdw1VAIrtBVaIAYcITwCR9Q1QiA
445=GbBkcAku0FSIgBjAUCYwBZAQCgJQRAAJMBAAAGfwpFAHJ0OWkBQrhIawFGAHf3AkQAe+kB
446=UbREYwRDAH31AlK0RHQCAV8AXCPJDGCJAQV3AjoAKnAUBAUARQA7ADHrATkAMukBCmABd1
447=pFABOwQAIGAEUAGigpABK8QXUCGSgpABS8QXUCGygrAA8AfHgJdQIQiQECawElAINoImkB
448=JokBA2kBJ4U0AWkBKIgBlwIpAIXtBSqIAZcCHgCL/QofiAGdCiuULoUILIgBjQUclS4AfQ
449=odiAGMBQMiAE0BAACNBSOIAY8FCwBOeDJtBQyIAY8FDQBU9QIOiAGXAiEAVfUCILQ5eQYk
450=KCkAP4A7nwo2ABlkNGMENwAa6wEzABzrATAAHesBMgAh6wEuACXqATgA3I4CRQA+AFr3Aj
451=0AXOsBPABf6QEWuEh1DRfjk0UALfeRRQAR/45FABXnjEUAGPuKRQAvKAERMSgpADQoKQA1
452=6QFGKFsRRgBqtEQEAQBGAGsAMGQ0aQFp/4NGAG0oKQBDeANnYEYASigpAGYoKQBnKCkAaC
453=gpAGwoKACkjAIBAgBGAKWMA2gBpIyUAqSMlAKkjJQCpIyUAqWMAngGpYwFaAGsiYwFrImM
454=BayJlAKsiZQCtIaECLSGhQhXjVIAcQlYiAGABLyDhAi8g4cIVQCTaBptBVaIAY8FYwBXcE
455=t0Ar2DB2kBQYVKCmgBJ6sQRgBGrDx1AlIoKQBE44hGAFEoKQBT64VGAEfohQJGAEkAgGxH
456=ZQhUsEBoAaCInBWhiAZ1AkKkP2kBSCgpADj4igJGADsALWAaBAUARgA5AC7pATzzjUYAN/
457=ONRgA+gRoBbAW1ZQRpATq4EWgBkJV3kUYAKLBLBAYARgASACl8CmkBGSgrABQAK/UCGygp
458=ACfvlEYAKeKTRgChkwFkCKGTA2kBIoWMAGkBI4kBAmsBJACH/wogAInpASGIAZgGtJGQCb
459=SRlQIliJCRCSaIAZAJtJGMBbSRjAW8jpQCvI6UAryOlAK8jpcCMgAXcDVlEzMoKQAw+IoC
460=RgAuABvjBDYAHusBLwAg6QExKCkANCgrADUAIuMEPQBZ6QEVJpMjRgAYKCkALajSbRAW74
461=lGACy003UCK/uKRgARtER1AhcoKwATAGNoDAIHAEYAGukBRygnEEcATWAtfoNHACdSEEcA
462=J1IQRwAnUxBHAGkorAAlvCMCAgBHAGsoVAAn1xBHAG0oVQBPpEptBVIoKQBTKCkATqxHYQ
463=RRKCkAULhIdQJUKCsAZAB/ZAt1AmWJAQFqAVsAJQciRwBciQECdQJdIykhAGkBXokBA2kB
464=WYRKlQJaiAGUAqyJkAmsiZQCtIaUArSGlwJhAFa0hgJHAGIAWOgBJ64hRwChiAt3DUcAdG
465=AwaQFFpMNpAUkkcCppAUsmgyFHAEj3hkcATPeGRwBDuHRsBaiFjBuphQd0AierEEcARKQ/
466=dQJGKCgAqJsCCAMARwC4fwMFBABHADyoegIFAEcAOLwraQE3qMdoAbWGAmkBOqjdaQE5qE
467=5pATuwFGkBDHAyY4hHABYoKQAdKCkAJ7QNAgYARwATsJhpARooKQAp74lHABKom2EEGSgp
468=ABS0nHUCGygoAK2JAXQCrYkDaAGsiZUCDY08AHUCDogBgASkjIAEpYwEYQQPgIiNBRCJAQ
469=J0AqSMjAWkjIUIHpTIjQUfiAGMBSfWEEcAJ9cQRwAxJlwiAUcANAAlMyJHAC8mMCICRwAY
470=AFh0RHUNFfCCAkcAPQBb9wIXAF3pASooKQAc6IUCRwArAGLhBC2003EJLKjSaQEusDVpAR
471=GkSmkBMLREaAEnryFHADYoVQAo94ZIAEa0OQICAEgASSgpAFUoKAAnARFIKAERSCgBEUgo
472=ARFIJsA0cAknAhFIACcDEUgATqBGYQRBqENpAVQoKQBRJOgjdQJQsFZoAaWBAWgBpYEDaQ
473=FhmcwAaQFiiQECaQFjpM5oAaiFmAaphQR0AqiFlAKohZcCZACQbB5hBGWIAZEJVyPQK4kM
474=WIgBlQJDoGdtBUu4MmkBTCgpAEXngUgAR6i8YQRC84JIAETzgkgASqhvYQRNtDloAbCCmB
475=yxggh0AifTIEgAVrQ5dQJTYBcEAAADAEgAQKQpaQFPvEFpAVIoKQA/oAQCBABIAD24dAIF
476=AEgAPKByaQE+tHBpATnjiEgAOKwxdQI6rJ9pATuk2WkBN6wQAgYASAAovAppASe8CmkBKb
477=wKaAGxdwFoAbF3BGgBsXcCaAGxdwVoAbB3jAWxdwN0Arh0lAK4dJcCKwASeLZhBCyIAZEJ
478=LYgBiQwx6f5IKB8PSAA0KFUAMiYjIEgALyYjIEgAMP78SAAnnB8CSAA2ACSscwJIABcAV+
479=kBFe9+SAAq735IABzsfgJIABQAXu0FGSgpABMmAzJIACb7f0gAGvt/SAARtC5tGy6kSmkB
480=IybTIEgAIrBLdQIksEtpARKkSmkBJSgpABu8QXcCGACf+REWpEp1Ah3rAUkASKM7AgBJKC
481=khSSglEEkoJRBJKCUQSSglEEkoKyFJAEUmeiBJACJMKiOHPUkASyhVAFUoKAAnqhBJACer
482=EEkARCYrIUkASigoAHiu0QlMsFZ9FVYoKQBTJNgsdwJUADloGmgBoYgBaAGhiANoAaCIlA
483=KhiAJ0AqGIBWgBoIiUAqCIlAKgiJgGoIiQCaCIlAKgiJQCJ4NCSQBNJv8gSQBD94ZJAFu0
484=OXUNXLw2aAGxggRoAbGCCWkBSbA1aAEn+w9JAE+wxAIDAEkAUrwKaQFQoEZpAVG0RGkBPq
485=R2AgQASQA/uHRpAT2sJmkBObSGAwUASQA7ACOYRWkBPCgpADq0DXUCD3QrItMgSQAQKCkA
486=EygpAB8oKAC4fwkFBgBJAC4ACgEAAARoAb14AWgBvXgDaAG8eI0FM+fvSQAw+3RJADYoKQ
487=Ax/fFJKGseSQA353ZJABXndkkAJigpAComc0BJABjndkkAKe9zSQAW43JJACcoKAAnbw5J
488=ABv7dEkAIrjBaRcjvKRpASW4PWkBErgyaQEcuDJpAR0oKQAhKCkAILxBYgQeACUvU0kAGf
489=94SQAoKCkAFLxBbAUnzzBJABooVQAkKCgAJ65CSQAn3lNJACfTIEkAOO8FSgBYvDYCAgBK
490=AGMoKQBkKCkAZSgoACfRIEooqRBKKKkQSiipEEooqxBKAEL7f0oAQygpAEom0yBKAFQoKQ
491=BSsFZ4ESKgJJt/SgBMpFV1AlYoKQBOvNB1AlOgXGkBRCavIUoATySEPXUCUbheaQFBtN5p
492=AVusXWkBXCgpAE2osXUCWrA1aQFhKCkASLw2dQJZKCkAYCgpAF20cGEESaA7aQFXtDlpAV
493=4mT0FKAGIoKQBfuDJgBCfMDwJKAEsAJ3C5AgMASgBQpBNpAUW0DWkBRqQIaQFVpAhpAT2g
494=JQIEAEoAPiQwImkBP6wFaQE6oKkCBQBKADmoImkBO6xdaQE8oFxoASf5D0oo+w9KABKoQw
495=IGAEoAFSgoACdTMUoAGChVACQoKAAnB0NKADUoVQAtiYUBcAm1hgVpAS+VAglpATPlgUoo
496=+w9KADEmZy5KADcoKQAbtDl5Bh0oKQAZrBt1AiAoKQAc63pKACWgnmEEHrAfaQEoKCkAI+
497=N9SgAh4X1KKPNQSgAmtER5BicoKQAavEF1AhSwQGkBFygpACsoKQA2KCkAE7Q5bQUfKCkA
498=IigpACkoKQAsKCgAJ6EwSij5D0oozw9LAGK3LgIASyjOD0sAJ84PSwAnzg9LACfND0sozQ
499=9LKM0PSyjPD0sAXvd7SwBL/3hLAFAoKQBVKCkAXf/8SwBK/3hLAE8oKQBUKCkAR/d7SwBM
500=KCkAUSgpAFYoKQBftFptG0bvfksATaxodQJZvEFpAVooKQBXvEF1AmAoKQBbqEN1AkioQ2
501=kBYbxBaAEnc0BLAFy8QXUCUqxzaQFYpD9pAVPngUsATqw8dQJBrCYCAwBLAEKoF2kBQKBy
502=aAEl1DFpAUO8CmgBJagxaQE+pAgCBABLAD+kCGkBPaQIaQE6pIECBQBLADu0GGkBPLwVaQ
503=EQvEECBgBLABEoKAAndQ9LKB4PSwAnnx9LACEorQAlKCgAI9hkIqUgS6QQqAGpegZoDKl6
504=CmkBMJV7DmkBN/T/AksAMQAfYJ51AjQoKQA4JjNOSwA5JudfSwAUqDhtBSgoKQArKCkAI6
505=g4YQQnKCkAHbwgdQImKCgAJ88PSwAX431LABsoKQA2rCZ5BhmosWkBICgpACnsfnxfI2Bq
506=YAQnF1BLADWoOHUCE7SyaQEiKCkAFaC0dQIkKCkALSgoACdBL0so9x9LABz5f0wodQ9MKH
507=UPTCh1D0wodQ9MKHUPTCh1D0wodw9MAFywSwICAEwAX7hIaQFb83dMAF347QJMAEcAFyKk
508=NmEESIkBAmkBSYkBBGkBSokBBmsBSwAm7QVMiQEDdwJGAIn1AlYkoGd1AlDzd0wAWe5zTA
509=Anmw5MAE6gO20FUygpAFKgO3UCWud2TABhqDh1Ale8NmkBVLw2aQFNrDFpAU+0LmkBVSgp
510=AFGoLXUCWCgpAF6kYAIDAEwAQqAlawFEAMt8AmkBRYkBAmkBQ6APaQFAeAMDAAAEAEwAJa
511=R4aAEnPz9MADugMAIFAEwAPLR7aQE6rGtpAT2kSmsBPgB/YGdoAScdD0wolh5MACe9Lkwo
512=wx5MABqsEAEGAEwAJxRQ3Kxxd0y4qKgBI1x7DQAABgBMADQAAAAAAAAGAEwRAACZDwAgDQ
513=A2AAAAAAAABgBMACEAKADJASUoKwAgACz1AiQoKwAiAC/1AiYoKAAEMQDjAAAAA3AJBC8A
514=CgEAAAtpATCJAQ9oAQE3AB8CywwXAHLpASooKQArKCsAKAB04wQpAHXrARsAdukBHigrAC
515=wAd/cCFAB46QE1KCsAFgB89wI4AH7rARwAf+kBOSgrABgAgfUCHygoAAEZADknyRcjKCkA
516=JygpAC3rAU0AU2wjBAAAAgBNAGEoKQBiKCkAYygpAGQoKQBlKCkAZigpAGcoKwBbAClwAX
517=8KXwAr6AEERwAXAQAAAXUCSIkBA2kBSYkBBWkBSokBB2gBAk8AIwEApRNQiQECdQJRiQEE
518=aQFSiQEGawFLACb9CkyIAYEETYgBkQlOiQEKbwVGAInvBVYAGngndwJVACPrAVcAJukBWb
519=Q5YwRaAHn3AlQAeukBYCgpAFiwNW8FQgAuZB4EAwBNAEEAMugBBEQAywAAAAF1AkWJAQNr
520=AUMA6+MEXQB7fAp1AlywCWkBXqA7aQFAvFcEBABNAD8AM3gGaQE8vCsCBQBNAD28TGkBPr
521=wVaQESZAVjZ00AEygpABsoKQAeKCgAjGWsBYAMqQE0KIEAOCgpACPrb00AILg9AgYATQAm
522=uBFrASQAMHQFaQEivBVpATCJbwFoAbVwBGkBMpUCB2kBFuZrTQAnkw1NACwoVQAUuBxtBS
523=ooKQA1KCkAOSgpABf/bU0AHLA1eQYoKCkALbQudQIZ6G8CTQAVAH1sMXUCNigpABrrb00A
524=LrgyYQQ3KCkAOigpABgokQ0dKCkAHygoACdDDk0AKShVADsoKwAhAGFsEAIHAE0AJesBTg
525=BKaCp/Yk4AYCgoACfyDk4AJ/IOTgAn8g5OACfyDk4AJ/IOTgAn8A4CTgBbAC14CQICAE4A
526=X7xXaQFHqE5rAVwAMeEEXrRadQJGoDtrAVcAxeEEWIkBAncCUwAfv3hOAFSIAZUCVYkBBG
527=EEVokBBmgBrX4BaAGtfgNoAa1+BWgBrX4HaAG1ewhoAbV7C2kBWfx4Ak4ATAAleCd1Alrr
528=ek4ASKw8dQJJsDVpAUu0LmsBQgDGdBgBAwBOAK1zAWkBRJl0A2sBQQCKYBppAV24SGsBRQ
529=CAdA1pAUCEjAUABABOAD0AG2wFAgUATgA+iQECaQE/iQEEaQE8sAloASdvDk4AFGQQa29O
530=ABUoKQAcKCkAKigpAB73cE4AJygpACgoKAAnbw5OAB374k4AH6A7AgYATgApKCkAJrQ5dw
531=IzANh4r2gBpXYCaAGldgVoAaV2CGgBAy8A8wAAAJUCOIW4AHUCOYgBmQY6iQEEdQI7iQEG
532=awE0ABl0I2kBNYgBjQU2iAGNBTeIAYwFJ/sPTgAW++1OACsoKQAXrLVxCRkoKQAt+39OAB
533=qkomEEGO9+TgAbpD91Ai4oKwAhAFd0OQQHAE4AJQBY6wEkAF3rASIAYukBI6Q/AwcATwBK
534=AIAzAgEATwBLtGVpAUm0ZWkBX782AgBPKPEOTyjlHU8o8Q5PKPEOTyjxDk8o8w5PAF20DX
535=EJR7CuaQFc/3hPAF7+eE8ArXMBYAStcwNpAVkjvSMEaAG4dIAEuHSABLl0BWAEuXQHawFM
536=ABtwH2sBTQAi6QFRKCkAUPdwTwBO629PAFIoKQBIoGdlCFqo3WkBW7iraQFPrDFoAaByAw
537=EDAE8AQ41zA2gBtHCVAkWkw3UCRLR7aQFGsAloAaByAQEEAE/AcgEBBQBPwXIDaAGhcgVo
538=AaBygAQnFQ5PKBcOTwAXqDgCBgBPABooKAAnNh1PACebDk8AHfviTwAppDR5BiD74k8AH/
539=9tTwAynW0BYASpbwNpAS6Ea5QCsWwGdQIwlQILaAG8bYAEvG2YBr1tBWAEvW0HaAG8bYwF
540=vG2MBbxtjAW8bYwFJ78NTwAr+2lPABYmnypPAC37aU8AGLQ5aQwqtDloAScbKk8AMbQ5dw
541=IkAFVgRndlJQBW6wEmAGDpAR7r3U8AI6gMbQUhoDtpAScoKQAiqPN1AiiwuQIHAFAATLxi
542=AgEAUABNKCkAUigpAEmsMWEES7RlaQFO53ZQAFMoKQBR83dQAEq0GG0FVqQ/AgIAUABdKC
543=kAXigoACehD1AooQ9QKKEPUCihD1AooQ9QKKMPUABItLJpDEe0RGkBWIV2AWgBsXcFaQFa
544=lQIJawFUACdkKWkBWyQUJGkBT6wmaQFVuJVpAVcoKQBQuCd1AlwoKQBBoCUCAwBQAETybF
545=AAJ78NUABGuKthBEOsqmkBQrQNaQFAqJACBABQAD+kKWkBO6wxAgUAUAA8oARpATO0LmkB
546=MqwFaQE6KCkAPbwKdQI+sBRoASeHHFAAGKMwBgBQoBdp6FCkPKkBNSiAACdDDlAAHPviUA
547=Ad7nNQAKlvAnAJqW8HaQEWsCppASz7XlAAGrAfdAInEylQADC8FXUCOCgpADS0LnUCNigp
548=ABegGnUCGygpADEoKQA5KCkAKqBRbQU3KCkAHuRrAlAAJABacEBzYSYAW+sBHwBc6wEjAF
549=7rASIAX+kBIPdwUAAo93BQACG4HHEJJygpACWjDwcAUSMEISJkMwEAUQBTsC0CAQBRAFGg
550=O2kBSqhZaQFUrDxpAVCgO2kBSaBcaQFMpClpAUusiWkBTbC5aQFSoA9pAVy3OQIAUSgWDl
551=EAJxYOUQAnFQ5RKBUOUSgVDlEoFQ5RKBcOUQBItEd8CrFsBmgBsWwKaQFbnW0OaQFY/21R
552=AFUkMCJ1Ale8YmkBT6wmaQFWrBtpAUG0IwIDAFEAQLwgaAEnkQ1RKJMNUQBDvK9hBEYoKQ
553=BCoFF1AkeoQ2kBP7wKAgQAUQA+vAppATO80AIFAFEAOqwbaQEyrAVpATGsBWkBPbCuaQE8
554=vBVqATsAI1RCaQEWty4GAFEoLRxRtApxbFGwaakBHKAPbQUqsEBpASm4PWgBsWwDaAGxbA
555=hpARmwjWkBNqQeaQE0pB5pARq8K2kBOCgpADD301EAN6gXYQQ1sMRpARikSmgBJ94nUQAn
556=O0RRADmwS2EEHiYLKFEAICYIKAJRACgAWbRlAlEAHwCf6wEjABd0kHFhJCgpACUoKQAmKC
557=sAIgA97wUnAD7oASWIOGUIIawQAQcAUgDP1gAAUujSaAHI0mkBVLwrAgEAUgBPrKppAUq0
558=MWkBTuJyUgBkmpt0UgBZ93BSAFikP20FTLwraQFNsCpoASVoNGgBJ6kbUiiRDVIokQ1SKJ
559=ENUiiRDVIokw1SAEewFAICAFIASLRPaQFGrBBoAQRcAAcBAAAEaAG9bQtoAb1tD2kBVrxB
560=aQFVvBVoASe/DVIASayqdQJBJBA0AgMAUgBCKCkAQ6BRdQJAoFFpAUSwCWkBRaRgaQE+pC
561=kEBABSAD8Agng9aQE0tBgCBQBSADGgBGgBJ2cNUgAztC51AjWoLWkBMqyqaQE7qIVpATyo
562=LWkBPaQ/aAEnlSlSKFEbUihnDVIAOfdwUgAduREGmEUjrE1pARysEGkBHqwQawEtANFgB2
563=gBqW8EaAGpbwlpARrrb1IAN7AUdQIZtCNpATi0I2kBMKibaQEboLRpASu0GGkBNigpACj3
564=01IAICbfJ1IAH/NsUgAp889SACEmcDUCUgAnABioZAJSACIAcegBBCMAFRoAAAdpZCSJAQ
565=1pASWJARNpASaIAQMZBwBTAFOrZAAAU+hkaQFQrCZoAcDVaQFOoFFpAVK4SGkBS6xHAgEA
566=UwBVuAZpAVikP2kBVKgtaQFZKCkATLxMdQJWoDBpAVooKQBKtE91Ak2kKWgBJ/kaUyhlDV
567=MoZQ1TKGcNUwBFuBECAgBTAEb7aVMARLQYdQJbmWkBaAGlawVpAV2VAglpAUm0T2kBV6wQ
568=aQFItKdpAUegv2kBQ6QeAgMAUwA/qCICBABTAEAoKADcbXYCQgAjJFFpAT64HGkBMLwVAg
569=UAUwA1oCVpATGoF2kBOigpADagJXUCL6AaaQE5KCkAMqixdQI052tTADy8V3UCO7BWaQEz
570=tDlpAT2w5WgBJ7soUwAZdGJv1lMAK6AaAgYAUwAesBRpASygGmkBH6QTaQEqrBtoAaVrAW
571=kBLpFsA2kBGqwQaQEbqC1pATeoLWkBHaQTaQEc92VTADgoKQAo6GRhWVhokHVaIKTZaQEh
572=qG9oASe1DFPVZQF0ArVlCGgBtWUOaAG1ZRRoAbRlARoHAFQotgxUACJ0RZciVABSqBcCAA
573=BUAFC06WkBUSgpAE+4EXUCWrxtAgEAVABXuD1pAVakKWkBWKw8aQFNsCppAUykKWkBVLAJ
574=aQFZtCNpAVW8NmgBJwtUVABLhBQDAAIAVABbKCgAJ90nVCjjDFQARLxXbAWxYQZoAbFhCm
575=kBXp1iDmkBR7hIaQFIKCgAJ7cMVABG62RUAEXqZFQAJ4sMVABCtA0CBABUAD6nSgUAVOBn
576=aAHAZ2kBNqwmaQEvuAZpAT28vWkBOqAlaQFBKCkAOawmdQI0uKtpATIktCJpATEkxC9pAT
577=AkmC9pATWkrWkBM6BRaQE8KCgAJQxadAIni0NUACykEwIGAFQAHqQTaQEfJsA0caD4aDB2
578=Ai4AaQEEaQEb98hUAB3rx1QAHLgnYQQ4rDxpARms7GgBJ2AzIogjJctAVAAqJt8yVAAgrH
579=5xViv9xVQosTJUxWACYAQDJwB4FQAAiAGxYQl0ArFhD2gBsWEVaAGxYRtpASi0cAIHAFUA
580=T6g4AQAAVQB0EH4cAFX4wXQCJeQzaQFQpDRoAcC/awFOADeUBgEAVQBSqC11AlesAgIBAF
581=UAWutkVQBbpIx1Ak2sPGkBWbRwaQFYqE5oAScRNFUovBgCVQBMADwi9FYBAgBVAKFcC2gB
582=oVwPaAEERACUAQAACWkBRuJcVQAn2gtVACfbC1UARag4bQVJqDhpAUOECAMGAwBVAEKIAQ
583=MDBABVADyjJQUAVSirMVUAO6BGdQI2uBxpATCgJWkBPbhIaQE3sB9pAS+wH2kBQYkMAGkB
584=MaSiaQE1711VADPvXVUAMiRkLmEENCgpAB6wbAIGAFUAK6CTaQEstJFpASqsy2kBS5knAG
585=sBSgBZbDRpAS2VWgFoAaFcBWkBPiRUWGkBP6RraQEbsCppATi4J2kBHKg4aQEatJxoASdr
586=P1UAQOZgVQAlSDBhBCkmPz9VAB+0DW1SKKh6aQEhoA9pASCkHmsBIgB3JMYkVQClYAN0Aq
587=VgCmgBpWAQaAGlYBZoAaRgAhwHAFYAIsAzdB8BAFYAVrgnAgAAVgBSvDZpAVCkNGkBU6xS
588=aQFU5sNWANi2dAIlT3gBAFbsy2kBWCRAL2gBJbh1aAEPVwB+AgAAAAEAVgBPAIACAAAAEQ
589=AAiA8AIAgBAFYAWgCBAgAAAGoBXACAAAICAFYAXYUBAGkBXigoAARNADwAAAAFdAIEQwCU
590=AQAAB2kBRIkBCmsBRgBycAlrAUUAdOsBRwB16wFIAHnrATcAKWQLAgUAVgA7KCsAMAAr9w
591=I6AC7rATkAMukBQZUNAXkGQokBBGsBMgBXfAprATYAYusBMQCA6wEzAJ/pATQoKQA1KCkA
592=L2AMBAAABgBWAB64EWoBKwCcAmsBKgAzaARpAUydIANrAUkAWvUCSokBAnQCAy0A+AAAAI
593=kBLokBBnUCPrAUaQFAsBRpARysJmsBGwB2cBRrATgAeusBPAB86wEdAH/pAT0oKQAsuBx5
594=BksoKQA/rBt3AiAAVngGAgcAVgAfrBBrASEAWPcCKAB+6QEpvApgBAQjABkVAAAAaQEkKC
595=kAJSgpACYoKwAiAD/vBScAQKgBAlcAVQAodCMCAABXAFKgO2sBVAAs9wJWADDrAVMAeGwQ
596=YQRXrAICAQBXAFmkCGkBWigpAE6wCXUCWLAJaQFbsAlpAU+kKWsBUAB9fAppAVGsG2gBJ6
597=0LVyisCwJXAE0AQ2xhAQIAVwChXAhpAUWkNGkBRv9XVwBErCZ3AjgAKmQWAgUAVwA6uBFr
598=ATcALfUCMOtZVwA5KCkAO7wVbQUv4FwCVwAzAFV8FXcCNQBa6QExoBp1AjasPGkBMrB3aA
599=EnVwtXAB+4EQIGAFcAK6AlaQEeuBFrASAAMWQTaQFMhR4AawFHAFb1AkiJAQJ0AqFcAWgB
600=tVoDaAG1WgdoAbVwBWsBPwBZfBVpAT2sfmkBHKgXaQE8KCsAHQB37QUspD9hBEu8K2kBQP
601=teVwBKqC11Aj6oOGkBQbAfaQEh9FoCVwAiAFx8CgQHAFcAJQBf6wEmAGDrASgAYekBI7Rw
602=bQUprBBpASS8K2kBJygoAAEqADknk2FYAFS/gwAAWChXC1gAU6R2dQJVfChvqlgAT/NWWA
603=BXqEMCAQBYAFC4imkBWLBAaQFOpIxpAVGwCWkBVqwQaQFEvAoCAgBYAEYoKQBZKCgAjpEA
604=AGEEWyhUACesCwJYAEMAPmCTYwRNAD/pAUWwH3UCOqwbAgUAWAAvrEdpATSohWkBMbwraQ
605=EyKCsAOABdcCp1AjC0LmkBObQuaQE2vEFpATW0OWkBN7Q5aAEngxZYAB+rFwYAWJ2sAHey
606=WABJpCl0AidXC1gASLAqdQIg41xYAEq8K3UCIe9dWABCkR8AdgJMAHAfiAG5XgF3Ai0A+W
607=gPaQEuiQEEawE/AFtsG2kBHf9XWAA+rCZ1AkAoKQAsvDZ1Ah6sG2kBO6xHaQE9KCkAQSgp
608=AEsoKQAmrGgCBwBYACgoKQAirBB1AiSkKWkBKbgRaQEnoA9pASO8K2kBJahkaQEq6wFZAF
609=OkKQIAAFkAVLRPawFSADdwH2kBUaAEAgEAWQBXvEFpAVC8QWkBVrB3aQFVuHRoASdPClkA
610=T6gJAgIAWQBYKCgAJ6UKWYjle08AWQAnpwpZAESFNAV5Bk6ENIkBRawbdQI7qJsCBQBZAD
611=q4PWkBMLg9aQE8uD1pAS+4aWkBOO+qWQAxqIV1Ajn3WlkANetZWQA281ZZADegD20FMrTp
612=aAEnpgpZACfTFVkAPbgcAgYAWQBCKCkASLgndQIiqBdpAUqkKWkBIbQYaQEstBhpASO0GG
613=kBK7QYaAGxdwNoAbB3iQFHgSgCdAK9VwFoAb1XBWkBQKBGaQEeoEZpAT4oKwAfAHujXFkA
614=PygpACD+V1kAJ1YhWQAn0xVZAEzzVlkAJiaDIVkAJaQpAgcAWQApKCkAJLyDdwInAF50DW
615=kBKvyvAlkASQBj9QIoqC0CBwBaAFOkKQIBAFoAVCgoACdNClr8r2EEVaAaaQFWtMhoASf2
616=CVoAJ/UJWij3CVoAUYQ3AwECAFoAPLA1AQUAWgAnGypaADmsG3QCJ5cpWgA3rBt1AjooKQ
617=A77kdaACfuKVoAJ8EIWijCCFoAJ+8pWgA2pB5xCTgoKAAnRQlalGKZoFoocwlaACO8FQIG
618=AFoASfNLWgAs80taAEjzS1oASiTYIW0FJ/NLWgAmJNghdQJQnSAAaQFGhUoBaAGxSwNqAU
619=4AIyQwaQFPiAGDBEQAYGAzdQJFiAGXAkMAYvUCTSgoALlTAmwFuVMGaQFLJKAwaQEfqDhp
620=ASCkjGkBP7RwaQEirOFpAUy8mWkBIeNRWgAvKCkAQCgoACenFVoAJKSBcUsopIFpASmkgW
621=kBJSTMJWgBJ8sfWgArswkHAFsoTQpbJngrAgEAWwBW6aZbKE4KWwAlpCthBFekrWgBJ00K
622=WyhMCgJbAFEAQGKiAgAiGCslEzRbADyoOAIFAFsAPbw2aAEnjyhbADT7U1sAOqAaYQQ7oB
623=ppATigGmgBJxMpWwAytHt1AjmwKmgBJ00KWyhPClsAN+1SWyghCluYs49SWwBMcD139FsA
624=TigoACd7ClsAK/tTWwAnoBoCBgBbACbvUlsALCgpACi4HGEEJftTWwAqKCkAUIElAGAEpU
625=oDaAGlSgdpAUIkhCdpAUQoKQBHKCkAIP9MWwAi/0xbAEsoKQAh+6BbAEooKQBJqN19CkWs
626=7GkBRqQpaQFApClpAU8oKwAvAIJom3QCJyMKWwBDpEp1AkgoKQBNKCkAKff/WwAk9f9cKP
627=UJXCYbKgEAXCjKCVwAJe8pAgBcIwwva0oAXAAlRDV0Aif1CVzJTgN0AiNAMAQAAAUAXAA9
628=uIpoASfeMlwAJ4cyXAA1rGhhBDsoKQA241FcADfrTlwAM6gXbQU8tL1pATmo0mkBMiTwJG
629=kBOLAqaQE6sCppATSkKWgBIuwqi05cAEX/TFwAKLwVAgYAXAAk/0xcACr7oFwAI+tOXAAl
630=/kxcALlIAXgGBC0A5QAAAAhpAS6JAQxpAUK4aWkBRygpAESsG3UCQ6TZaQFIrBtpAUoktD
631=hoASfnHVwAS6QedQIh909cAEkoKAAnIwpcAE+oIm0FRu+fXAAr909cAEwkSDthBCasJmkB
632=PygpACe4J3UCTSgpACzpplwoGx9cAE7rTlwAKbM1BwBdJo8oAQBdJowoaQFSJDAiaAEnnQ
633=ldKJ0JXSicCQJdAFEAQXNPAgBdoHpzS10AN7ykAgUAXQA4KCgAJ8kJXSjXMV0ANiRsL20F
634=OSRsJGkBO7xiaQE1vBVqATIAI7hJaQE0tP9pATq4J2kBM7x4aQE8oHJpATCwH2kBJuVKXS
635=hpE12ojWmbXSjnHV0AKf9MXQAo80tdACrzS10AUJAfAwAGAF0ALIVKBWgBvUwJaAG9TA1p
636=AUHjk10ASygpAE2gGmEEIvdEXQAn60NdAE+4HGEEK7gcaQFKKCkAI6QedQIkKCkATu9HXQ
637=Al6EMCXQBEABcizEZtBUUoKQBGKCkARygrAEMAPe8FSAA+6QE+pCllCEkoKAAnjyheAFK/
638=KwIAXvCYaAElWCdoASdFCV4oRQle2UgDYAQlq0gFAF4oRwleADX5SF4o7wheADm4f20FNP
639=tIXgA9sDV1Aja88WkBPrgJaQE785heADomHzteADwmWideACefCV4AM7zFeAYj+Ed1RF4m
640=EzUGAF4oGwleAEqwH3QCJ4UcXtVEAXUCK5VEAmgBoUYGaAGhRgpoAaFGDmkBS6RgaQFAsB
641=RpAUnvR14AQveRXgAl95FeACcoKAAlDDl5BiPzS14ATedKXgAm40ZeACjjRl4ATOeMXgAp
642=74leAEEkeCBzCUgAGLxBAl4AQwBx6AEERAAUGgAAB2EERYkBDWkBRokBE2kBR4kBGWkBOO
643=9HXgBP6QFfKO0IXyjtCF8mSzACAF8o1xtfAFGBdQJ1AjrrQ18ANLDEAgUAXwA+KCgAJ4tD
644=XwA754xfADm0nG0FPKC/aAEnX0NfADH/QV8APagtYQQypClpATOkKWkBJOU/XyhpCF8oaQ
645=hfKIURX4AXndtfKB8lXwBQvAIBBgBfALVEA2gBtUQHaAG1RAtoAbVED2gBAygA9AAAAI0F
646=KYkBBnUCKokBCWkBSaz3aQFB50pfAEokNDN1Akz/218ATbgcdQIm59lfACWkHnUCJ6QeaQ
647=E4oPZoAScXJF8AS/ZEXwAnlQhf1UQBbAW1RAhoAbVEDmgBtUQUaAG1RBppATUoaQg26QFg
648=KJUIYCiVCGAolQhgyEMDAwIAYAA960NgADWwuQIFAGAAO/eGYAA894ZgADT2hmAAJ6dBYA
649=A+44hgADbiiGAAJ9FBYCinQWAAMrAqaQwz70dgACXqQ2AAJ/EZYChpCGAoaQhg0EAFAQYA
650=YAAtANVgB2kBLokBAmkBJ4A7gASlPwR0AqU/B2kBKoEECmkBK4gBAw0GAGAAQfJAYAAnPw
651=hgAEq4oGEESyQkMWgBJ1sRYAA474lgAE/nzmAAOfeGYAA36oVgACd7YmAATetDYAA64Yhg
652=0ECUGAFIAHgVI+JkYAC9QQlgD71BD2gBvUEVaAG9QRtoASeZGWAoOSNhKD0IYSg9CGEl0C
653=sBAgIAYSjDP2EANu88YQA7uPgCBQBhADHzgmEAN+88YQA6JCwyYQQw64VhADOsJnQCJ59A
654=YQA0rGh1AjXlP2EouQdhrJFpx2G4fKgBJf9MBgBhJZ0qAGgBpT8BaAGlPwNoAaU/AmgBpT
655=8FaAEELwAKAQAABGkBQes4YQBJJMQkdQJLKCkAQCR0RnUCPvfIYQA4JgciYQBN735hACy0
656=3m0FOSgoACdxKmEokxhhAE4mgyFhAD3kPwJhAEMAd6bDYQC4PZQYuT0KfAq5PRBoAbk9Fm
657=gBuT0caAElYD5pAT/7f2EASukBYijlB2LYPQMDAgBiADLvfmIAMygpADsoKAAnwyliADTn
658=P2IAN+N9YgA8KCkAMec/YgA6KCkANaCpAQUAYgAitGCRuWKgDGE7Yii7B2IAS3R4tQJNKC
659=gAJ+UHYsQ/AwEGAGIALpQ5iAGhOwV1AjCVAglpAUC0T2kBQSgoACfHcWIAP6iQYAQnHQ9i
660=KI8HYgAr7jxiACdjB2IATibDKWIALOu8YgA9735iACrjfWIASSgpAErnP2IARCSQcGEPRS
661=gpAEYoKQBHKCkAQyQUcW0FSCQUcWkBLShgByejD2MAUSPkagMBAgBjADa4KgIFAGMANOa4
662=YwAndTBjKAEGY6QFdS5juL6oASVDcgYAY7yAtAIiQEaJOGOMDcgBJ7dDYwBQvAJ4BgFEAA
663=MBwQRFiQECdAKxNQZoAbE1CmkBMZ02DmgBJ8tsYwBG93BjAEe0hmEEPeJyYwAnkzljADn/
664=r2MASvh0AWMAOAAjoH15Bk4oKQA69LIOYwA3AHwCAAAABgBjAEEAfAIRAAC5CJkSCAAAAA
665=YAYwBNAHwCywFCAH/pAUsoKwAuAID1AjMoKwA7AIH1Ak8oKAABKwA5J9EJMigpADwoKQA+
666=KCkASegBDWQANQAoAAAAAAUAZAA2ADDrATQAM+kBKWABBAAABgBkACooKQBOKCkATygpAF
667=AoKAAERAADAQAAAXkGRYkBA2gBBDIABwEAAARoAQQwAAoBAAALaQExiQEPawE/AFisGwJk
668=AEYAWesBPABc6wE7AF3rAT4AXusBQQBy6QFCKCkASigpAEsoKwA5AHbvBS4AeOkBNygrAD
669=oAefUCTSgrADMAevcCSQB76QFMKCkAQPQ5AmQASAB94wQrAH7pAUcoKQAs7zxkAEPoOAJk
670=AD0An+0FLSiFBi8oKQA46QFlKC8GZQAr9y5lAC0oKQA1KCkAOSgpAEMoKQBIKCkATSgoAC
671=diB2UAJ2AHAmUARADMaAQCBgBlAEWJAQJpATGVOQFoAaE7BWkBM5UCCWgBBDQADwEAAA1r
672=AT4AJawbAmUAOwBV6wE8AFbrAUYAV+kBPfBAAmUAPwBb9wJHAGLoASc0BwJlAEkAdPcCNw
673=B16QFBKCkASigpAC7nP2UAQCgrAEIAd/kGTCgpACz7PWUAL+88ZQA26zhlADD/NmUAOCgp
674=ADrlNGYoWwZmACxwJ29oZgAuKCkAMSgpADcoKQA6KCkARygpAEooKAAnsgZmACexBmbENA
675=EBBgBmxTQDawFDAPNwe2gBpTQGaAGlNAppATSRNQ5pATWRNRJrAT4AGagiAmYAPwAg6wE4
676=ACHrAUAAIukBPOA7AmYAOQAm9QJBKCkAO+s4ZgA9KCkAS+IwZgAn1wVmAC/3cGYAQuMwZg
677=BJKCkARvqgZgAniwxmADAo1QU2KCkASOkBZygBBmcoiQxnKC8GZwAy/ytnAEEoKQBFKCkA
678=SSgoACcvBmcASyhUACdbBmcAQpQuAgEGAGcAoTAGaQFElQILaAGgMIgBoTAPdAIENQAVAQ
679=AAA2kBNogBmwY+ABewKgJnADwAGusBPwAc6wE4AB7pAT3zNWcAOvM1ZwA78DUCZwA3ACPt
680=BUbjZ2cAL+8xZwBM6y1nAEf7XmcAMP+ZZwBI55dnADH7XmcAOSipBUDpAWgoqQVoKKsFaA
681=Av7SZovM1+YmgAJzEMaCgtBmi00KAEJxMTaAA7KAQBJ1oGaAAnWQZoKFsGaABMKKwAuDIB
682=AgYAaNkyB2kBNIktAWgBoTAEaAGgMIEEN4EECnUCOIkBDWgBJ1sGaAA992VoAD/kNAJoAD
683=oAH6otaAAntgxoACdfDGgAR+vSaABG75RoAEjrkGgARfKNaAAnGx9oAET9K2koUQVpKFEF
684=aShRBWkoUQVpKFEFaShTBWkANPYjaQAnvhhpACcLEmkAQCiAACdfDGkARChVAEYoKAAnLQ
685=ZpKC0GaSgtBmncYgEDBgBpwTAIaAEEOQAUAQAABWgBtC6UArUuC3QCtS4OaQE9/ytpAD7n
686=YGkAPO9daQBH6VlpKCcFaQA7KM0EPygpAEXpAWoo+QRqKPkEaij5BGoo+QRqKPYJagAn8g
687=NqACeuFmoAJx0EaigcBA1qADYAPAAAAAIGAGoAPwDpdCZpAUCJAQRpAUGJAQhoAaRVlAKh
688=iAl1AjiBJQFoAa0mBmkBOpUCC2sBPgAdq05qADz3T2oASOt6agBF96dqADco8QM9KCgAJ3
689=MJagA1nBUFAAoAagAzAFZ8FWkBNIgBAQIKAGsooQRrKKEEayihBGu8B3N3awA9fAeoASei
690=BGsAJwUiayjPBGsAN4AHAQUGAGvBJQFoAaAllAKhJQl1AkKNJg1oAbUjAmgBtSMHaAG1Iw
691=xpAT7rImsAO+/WawBF93BrAET/bWsARvecawBD9SNryTgDcB+pIgFpATQk3CdpATW4BgIK
692=AGwAOOcebABCKCgAJ+EMbCjBCGwoHAQCbAA3AD+1RGzQHwICBgBsALEfBmgBsR8KaAG5HA
693=hoAbkcDWsBOwAbs0BsADzjv2wAQ+cebAA96/NsAEX3ZWwARiamK2wAJ6MwbAA2mREAYxoz
694=AFx8GGsBMQBg6QEyiQEBdQI0oMppATWzmAoAbSiqEG0AJzUdbSjhDG0oHwRtADiUDQUFBg
695=BtAD4AxmgMawE7ANipIm3JIgN0AqkiB2gBvSAJaAG9IA5oAQE8ABwBIz80bQA9iQECdQJD
696=62RtAEHrIm0AQu08bcEwA2kXNKhDaQE1KCkAM7jidQIyoEZpATblP24oxQNuKMUDbijHA2
697=4AOIRCAQIGAG7ZHAFpAT+FHgNpATqEHpQCsB+UAqAalAKgGpUCQeeibgBD56JuAEDnom4A
698=QvNAbgA5+39uADeMEAIACgBuACeaA24AJ5sDbgAzqENhBDb1OW8obQNvKG0Db8AaAwMGAG
699=8AQCYzIm8AQ/9tbwA/7xBvADsmByJvAD4oKwA8ACSzVm8AObhIcQlBpGtpATq8K2gBJ6o8
700=bwAn5RJvwBoDAQoAbwA1tOlpATT3GG8ANqBcAgoAcAA3nBgBAgYAcCifFHAAOaw8dQI6KC
701=gAJ2Y5cAAnZzlwAD6wQG0FPygpAEAoKQBDKCkAOPcYcAA9KCkAO+MacABEJh8lcAA1qKkC
702=CQBwADaQFAEACgBxyAEDAQYAcQA45RNxKL4CcQAnvwJxADsogQA9KCkAPigpAD8oKQBAKC
703=gAJ5kDcSibA3EAQ6wmYQ884xpxADf1GHIoOQJyKDkCcig5AnIoOwJyADz2DXIAJ2YCcgAn
704=ZgJyACdmAnIAJ2YCcgAnZwJyADe0OQIGAHIAQuUTcyjhAXMo4QFzKOEBcyjhAXMo4QFzKO
705=EBcyjhAXMo4wFzADj3DXMAQfUNdCiJAXQoiQF0KIkBdCgzAXQAPaBRAgYAdAA+KCgAJ/9B
706=dABA/Qp1KIccdQA+ZJ9x5XUoiwF1ADr7EXUAPCjZAD/x+3aU5oGedigxAXYoMwF2ADvtBX
707=fsBQ4GAHcAPQAAAAAAAAYAAAAAABEAAA==

[Lighting]
Red=0.830000
Blue=1.050000
Green=0.860000
Level=0.028000
Ground=0.000000
IonRed=1.000000
Ambient=0.840000
IonBlue=1.000000
IonGreen=1.000000
IonLevel=0.032000
IonGround=0.000000
IonAmbient=1.000000

[Map]
Size=0,0,60,60
Theater=TEMPERATE
LocalSize=2,4,56,49

[Neutral]
IQ=5
Edge=North
Side=Neutral
Color=Grey
Allies=Neutral,GT,GDI,GDILanding
Credits=0
ActsLike=0
NodeCount=0
TechLevel=10
PercentBuilt=100
PlayerControl=no

[Nod]
IQ=0
Edge=North
Side=Nod
Color=DarkRed
Allies=Nod
Credits=50
ActsLike=1
NodeCount=0
TechLevel=2
PercentBuilt=100
PlayerControl=no

[NodA]
IQ=5
Edge=North
Side=NodA
Color=DarkRed
Allies=NodA
Credits=0
ActsLike=0
NodeCount=0
TechLevel=10
PercentBuilt=100
PlayerControl=no

[NodB]
IQ=5
Edge=North
Side=NodB
Color=DarkRed
Allies=NodB
Credits=0
ActsLike=0
NodeCount=0
TechLevel=10
PercentBuilt=100
PlayerControl=no

[OverlayDataPack]
0=BQAAIP4AIACABQAAIP4AIACADgAAIP5EHgCEAQADA/64AQCAsAAAIP5EAACGAwAHAAAD/v
1=sBAIYHBwYABgT++QEAhgYHAAcIBv75AQCHAwAGBwcABP76AQCFBAAABwf+/AEAhgYGBgAG
2=BP75AQCIAwQAAAYABgP+/AEAggMG/h0AAIED/uIBAIEB/hsAAIIEBv7/AQCDBwcD/vwBAI
3=QEBwAH/v0BAIYGBwcGBAH++wEAgwgACP78AQCGBwcHBgYD/vkBAIYEBwgAAAT++wEAgwcA
4=A/6WAQCADAAAIP5nAACCAwT+lx8AgEYAACD+Mg4AgQT+/gEAgwMEA/7+BQCBA/7+AQCCBA
5=T+9gEAggMD/gYAAIED/vcBAIYEAAAABAT++gEAiQMAAAAHCAAGBv7OAQCAZQAAIP4qAACJ
6=AQAABgcICAcD/vkBAIUEAAAKCv76AQCKAQAGCAoIBAADA/74AQCHBgoKCAAAA/75AQCEAw
7=AHBv7+AQCBB/7+AQCEBAYGA/78AQCEAwAABP7/AQCBA/4AAgCBAf7NDQCABQAAIP4AIACA
8=BQAAIP4AIACABQAAIP4AIACABQAAIP4AIACABQAAIP4AIACABQAAIP4AIACABQAAIP4AIA
9=CABQAAIP4AIACABQAAIP4AIACABQAAIP4AIACABQAAIP4AIACABQAAIP4AIACABQAAIP4A
10=IACABQAAIP4AIACABQAAIP4AIACABQAAIP4AIACABQAAIP4AIACABQAAIP4AIACABQAAIP
11=4AIACABQAAIP4AIACABQAAIP4AIACABQAAIP4AIACABQAAIP4AIACABQAAIP4AIACABQAA
12=IP4AIACA

[OverlayPack]
0=BQAAIP4AIP+AEQAAIP5HHP+Brf7jAf+BsP7UAf+AGgAAIP4sBP+Br/77F/+Bsf4bAv+EcP
1=9wcP64Af+AvAAAIP5EAP+GcP9w//9w/vsB/4ZwcHD/cHD++QH/hnBw/3BwcP75Af+HcP9w
2=cHD/cP76Af+FcP//cHD+/AH/hnBwcP9wcP75Af+IcHD//3D/cHD+/AH/gnBw/h0A/4Fw/u
3=IB/4Fw/hsA/4JwcP7/Af+DcHBw/vwB/4RwcP9w/v0B//4GAHD+vgH/ga7+PAD/g3D/cP78
4=Af/+BgBw/r8B/4Gt/jkA/4ZwcHD//3D+3AH/gbH+HgD/g3D/cP6WAf+AGgAAIP5HAP+DsP
5=+v/h0A/4JwcP7qC/+Brv6sE/+ASgAAIP4yDv+BcP7+Af+DcHBw/voF/4Vw////cP7+Af+C
6=cHD+9gH/gnBw/gYA/4Fw/vcB/4Zw////cHD++gH/iXD///9wcP9wcP7OAf+AYgAAIP4qAP
7=+DcP///gYAcP75Af+FcP//cHD++gH/gnD//gUAcIP/cHD++AH//gQAcIP//3D++QH/hHD/
8=cHD+/gH/gXD+/gH//gQAcP78Af+EcP//cP7/Af+BcP4AAv+BcP7NDf+ABQAAIP4AIP+ABQ
9=AAIP4AIP+ABQAAIP4AIP+ABQAAIP4AIP+ABQAAIP4AIP+ABQAAIP4AIP+ABQAAIP4AIP+A
10=BQAAIP4AIP+ABQAAIP4AIP+ABQAAIP4AIP+ABQAAIP4AIP+ABQAAIP4AIP+ABQAAIP4AIP
11=+ABQAAIP4AIP+ABQAAIP4AIP+ABQAAIP4AIP+ABQAAIP4AIP+ABQAAIP4AIP+ABQAAIP4A
12=IP+ABQAAIP4AIP+ABQAAIP4AIP+ABQAAIP4AIP+ABQAAIP4AIP+ABQAAIP4AIP+ABQAAIP
13=4AIP+A

[ScriptTypes]
0=01000015
1=01000016
2=01000017
3=01000021
4=01000022
5=01000023
6=01000024
7=01000065
8=01000072
9=01000003
10=01000077
11=01000084
12=01000085
13=01000093
14=01000104
15=01000114

[Special]
IQ=5
Edge=North
Side=Special
Color=Grey
Allies=Special
Credits=0
ActsLike=0
NodeCount=0
TechLevel=10
PercentBuilt=100
PlayerControl=no

[SpecialFlags]
Inert=no
FogOfWar=no
IonStorms=no
MCVDeploy=no
Meteorites=no
Visceroids=yes
FixedAlliance=no
TiberiumGrows=yes
InitialVeteran=no
HarvesterImmune=no
TiberiumSpreads=yes
TiberiumExplosive=no
DestroyableBridges=yes

[Structures]
0=GDI,GAAGT,256,70,61,128,01000056,1,0,1,0,0,None,None,None,0,0
1=GDI,GAAGT,256,86,63,128,01000056,1,0,1,0,0,None,None,None,0,0
2=GDI,GACNST,256,89,52,64,None,1,0,1,0,0,None,None,None,0,0
3=GDI,GAPOWR,256,84,51,64,None,1,0,1,0,0,None,,None,None,0,0
4=GDI,GAPOWR,256,90,57,64,None,1,0,1,0,0,None,,None,None,0,0
5=GDI,GAPOWR,256,93,49,64,None,1,0,1,0,0,None,,None,None,0,0
6=GDI,GAPILE,256,96,44,64,None,1,0,1,0,0,None,None,None,0,0
7=GDI,GAREFN,256,78,43,64,None,1,0,1,0,0,None,None,None,0,0
8=GDI,GAWEAP,256,75,50,64,None,1,0,1,0,0,None,None,None,0,0
9=GDI,GARADR,256,82,32,64,None,1,0,1,0,0,None,None,None,0,0
10=GDI,GAPOWR,256,88,40,64,None,1,0,1,0,0,None,,None,None,0,0
11=GDI,GAAGT,256,70,26,192,01000054,1,0,1,0,0,None,None,None,0,0
12=GDI,GAAGT,256,70,19,192,01000054,1,0,1,0,0,None,None,None,0,0
13=GDI,GAGUTO,256,65,48,224,None,1,0,1,0,0,None,None,None,0,0
14=GDI,GAGUTO,256,71,40,192,None,1,0,1,0,0,None,None,None,0,0
15=GDI,GAGUTO,256,86,47,128,None,1,0,1,0,0,None,None,None,0,0
17=Neutral,ROCK001,256,82,43,64,None,1,0,1,0,0,None,None,None,0,0
18=Neutral,ROCK002,256,88,44,64,None,1,0,1,0,0,None,None,None,0,0
19=Neutral,ROCK003,256,93,38,64,None,1,0,1,0,0,None,None,None,0,0
43=GDI,GAGUTO,256,89,73,160,None,1,0,1,0,0,None,None,None,0,0
44=Neutral,TIBSPRDR,256,70,50,64,None,1,0,1,0,0,None,None,None,0,0
55=GDI,GARADR,256,95,65,64,None,1,0,1,0,0,None,None,None,0,0
56=GDI,GAREFN,256,99,59,64,None,1,0,1,0,0,None,None,None,0,0
57=GDI,GASILO,256,101,63,64,None,1,0,1,0,0,None,None,None,0,0
58=GDI,GASILO,256,99,63,64,None,1,0,1,0,0,None,None,None,0,0
59=GDI,TIBSPRDR,256,105,60,64,None,1,0,1,0,0,None,None,None,0,0
60=Neutral,INBLULMP,256,61,66,64,None,1,0,1,0,0,None,None,None,0,0
61=Neutral,INBLULMP,256,61,51,64,None,1,0,1,0,0,None,None,None,0,0
62=Neutral,INBLULMP,256,68,33,64,None,1,0,1,0,0,None,None,None,0,0
63=Neutral,INBLULMP,256,63,14,64,None,1,0,1,0,0,None,None,None,0,0
64=Neutral,INBLULMP,256,66,81,64,None,1,0,1,0,0,None,None,None,0,0
65=Neutral,INBLULMP,256,71,99,64,None,1,0,1,0,0,None,None,None,0,0
66=Neutral,TIBSPRDR,256,46,97,64,None,1,0,1,0,0,None,None,None,0,0
67=GT,GTBARR,256,17,60,64,01000082,1,0,1,0,0,None,None,None,0,0
68=GT,GTSENT1A,256,21,68,64,None,1,0,1,0,0,None,None,None,0,0
69=Neutral,CACRSH04,256,28,63,64,01000074,1,0,1,0,0,None,None,None,0,0
70=GT,GTCIVHO,256,16,67,64,01000109,1,0,1,0,0,None,None,None,0,0
71=GT,BUILDT02,256,17,70,64,None,1,0,1,0,0,None,None,None,0,0
87=Neutral,FARMHOUS,256,53,22,64,None,1,0,1,0,0,None,None,None,0,0
88=Neutral,BARNA,256,52,19,64,None,1,0,1,0,0,None,None,None,0,0
89=Neutral,GSIL,256,55,20,64,None,1,0,1,0,0,None,None,None,0,0
90=Neutral,GSIL,256,55,18,64,None,1,0,1,0,0,None,None,None,0,0
91=Neutral,GSIL,256,53,18,64,None,1,0,1,0,0,None,None,None,0,0
92=GDILanding,GAGUTO,256,44,45,96,None,1,0,1,0,0,None,None,None,0,0
93=GDILanding,GAGUTO,256,47,39,32,None,1,0,1,0,0,None,None,None,0,0
94=GDILanding,GAGUTO,256,41,36,224,None,1,0,1,0,0,None,None,None,0,0
95=GDILanding,GAGUTO,256,38,42,160,None,1,0,1,0,0,None,None,None,0,0
96=Neutral,CIVB20,256,45,37,64,None,1,0,1,0,0,None,None,None,0,0

[TMF]
IQ=5
Edge=North
Side=TMF
Color=Green
Allies=TMF
Credits=0
ActsLike=0
NodeCount=0
TechLevel=10
PercentBuilt=100
PlayerControl=no

[Tags]
01000001=0,AI Auto Production GDI 1,01000000
01000005=0,Reveal 1,01000004
01000026=0,Start 1 1,01000025
01000028=0,Win 1,01000027
01000030=0,Lose 1,01000029
01000035=0,Start GDI and GT Patrolls 1,01000034
01000041=0,Start Vipers 1,01000040
01000043=0,Start Infantry 1,01000042
01000045=0,Start MCV 1,01000044
01000047=0,Start 3 1,01000046
01000049=0,Start Text Trigger 1 1,01000048
01000051=0,Start Text Trigger 2 1,01000050
01000054=0,Discovered RPG Towers 1 1,01000053
01000056=0,Discovered RPG Towers 2 1,01000055
01000058=0,Objective 1 Start 1,01000057
01000060=2,Objective 1 Repeat 1,01000059
01000062=0,TEST REVEAL 1,01000061
01000063=0,Discovered Trucks 1,01000013
01000069=0,Alert Exo's 1,01000068
01000071=0,Firesale 1,01000070
01000074=0,Reveal GT Barracks 1,01000073
01000080=2,Random Ranger Attacks 1,01000079
01000082=0,Destroyed GT Barracks 1,01000081
01000089=0,Start Scorpions 1,01000088
01000091=0,Landing Pad 01 1,01000090
01000096=0,Landing Pad Liberated 1,01000095
01000098=0,Destroy Landing Pad Trigger 1,01000097
01000100=0,Scorpion Reinforcements 1 1,01000099
01000102=0,Landing Local Set 1,01000101
01000107=2,GT Light Tanks 1,01000106
01000109=0,Disable Light Tanks 1,01000108
01000111=0,Discovered Base 1,01000110
01000113=0,Win 2 1,01000112

[TaskForces]
0=01000014
1=01000018
2=01000019
3=01000020
4=01000052
5=01000002
6=01000064
7=01000076
8=01000083
9=01000092
10=01000103

[TeamTypes]
0=01000031
1=01000032
2=01000033
3=01000036
4=01000037
5=01000038
6=01000039
7=01000066
8=01000067
9=01000010
10=01000011
11=01000012
12=01000075
13=01000078
14=01000086
15=01000087
16=01000094
17=01000105

[Terrain]
7062=TREE16
7064=TREE14
8059=TREE15
8060=TREE14
8064=TREE13
8065=TREE10
9063=BUTREE09
9065=TREE16
10059=TREE11
10064=BUTREE05
10065=BUTREE03
11055=TREE04
11056=TREE18
11058=TREE12
11059=TREE08
11062=BUTREE06
12055=TREE13
12056=TREE11
12057=BIGTREE1
12060=TREE16
12061=BUTREE03
13055=TREE01
13056=TREE13
13059=BUTREE05
13060=BUTREE02
13061=BUTREE01
14053=TREE08
14054=TREE05
14055=TREE12
14057=TREE10
15054=NTREE17
15055=TREE10
15056=TREE01
15066=BUTREE05
16055=TREE01
16056=TREE04
17056=TREE08
17058=BUTREE06
17059=BUTREE01
17068=TREE05
17069=TREE05
17072=TREE06
17073=TREE01
17074=TREE16
18059=BUTREE09
18066=BUTREE09
18067=TREE033
18073=TREE05
18075=TREE06
19061=BUTREE04
19066=BUTREE07
19075=TREE18
19076=TREE06
20061=BUTREE05
20065=BUTREE09
20075=TREE33
20076=TREE18
20077=TREE05
21077=TREE33
22069=TREE34
22075=TREE34
22078=TREE02
22079=TREE04
22080=TREE34
23052=TREE06
23070=TREE06
23074=TREE10
23076=BIGTREE1
23080=TREE06
24052=TREE05
24077=TREE05
25052=TREE04
25053=TREE05
25061=BUTREE06
25074=TREE08
25077=TREE18
25079=TREE01
25080=TREE07
26052=TREE06
26078=TREE05
26081=TREE05
27074=TREE033
27076=TREE16
27082=TREE033
27084=BIGTREE1
28068=BUTREE02
28074=TREE05
29056=TREE01
29060=BIGTREE1
29075=TREE08
29085=BIGTREE1
29086=TREE13
29087=TREE06
30041=TREE10
30042=TREE08
30044=TREE033
30047=TREE06
30048=TREE13
30055=TREE033
30056=TREE16
30060=TREE01
31040=TREE033
31041=TREE04
31044=TREE16
31045=TREE06
31064=BUTREE03
32064=BUTREE04
32074=TREE04
33051=TREE03
33062=TREE08
33064=BUTREE09
33065=BUTREE02
33073=TREE033
33079=TREE10
33080=TREE04
34047=TREE11
34050=TREE04
34056=TREE10
34057=TREE08
34063=TREE11
34073=TREE10
34074=TREE06
34075=TREE03
34080=TREE13
34081=STLITE02
34086=STLITE04
35048=TREE04
35049=TREE04
35050=TREE08
35058=TREE033
35059=TREE05
35060=TREE13
35063=TREE033
35071=BUTREE01
35074=TREE08
35079=TREE01
36030=TREE03
36031=TREE13
36036=TREE09
36037=TREE02
36049=BIGTREE1
36050=TREE08
36051=TREE09
36059=TREE13
36063=TREE18
36093=TREE33
37036=TREE05
37042=LOGS01
37049=TREE03
37055=BIGTREE1
37058=TREE02
37059=TREE17
37063=TREE16
37064=TREE01
37066=BUTREE01
37071=BUTREE06
37093=TREE03
37094=TREE08
37095=TREE08
38030=TREE08
38031=TREE10
38040=STLITE02
38045=STLITE04
38050=TREE02
38055=TREE02
38056=TREE02
38057=TREE03
38063=TREE02
38064=TREE04
38065=TREE11
38074=TREE04
38092=LOGS06
39026=TREE05
39029=TREE04
39030=TREE02
39038=TREE09
39039=BIGTREE1
39056=TREE08
39059=BIGTREE1
39074=TREE033
39075=TREE33
39081=STLITE08
39086=STLITE06
39095=TREE05
40028=TREE09
40031=BIGTREE1
40038=TREE04
40039=TREE11
40051=TREE03
40056=TREE18
40064=BUTREE06
40065=BUTREE05
40066=BUTREE04
40069=BUTREE05
40074=TREE04
40075=TREE33
40077=TREE06
41027=TREE11
41031=BIGTREE1
41035=TREE04
41036=TREE11
41049=TREE04
41050=TREE16
41056=TREE16
41061=BUTREE05
41075=TREE01
41076=TREE34
41086=LOGS03
42025=TREE12
42028=TREE14
42029=TREE09
42030=TREE08
42036=TREE16
42049=BIGTREE1
42050=TREE02
42061=BUTREE04
42076=TREE18
43024=TREE10
43030=TREE07
43040=STLITE08
43045=STLITE06
43051=TREE06
43058=TREE16
43075=TREE13
43076=TREE06
43086=TREE16
43092=LOGS07
43101=TREE13
44025=TREE11
44029=TREE11
44047=LOGS02
44058=TREE01
44059=TREE03
44060=BUTREE09
44064=BUTREE07
44070=TREE01
44071=TREE08
44086=TREE13
44087=BIGTREE1
44101=TREE033
45024=BIGTREE1
45027=TREE08
45029=TREE04
45031=TREE11
45036=TREE15
45060=BUTREE03
45068=TREE05
45069=TREE10
45071=BIGTREE1
45102=TREE02
46025=TREE17
46029=TREE06
46035=TREE16
46036=TREE16
46037=TREE12
46041=LOGS03
46053=TREE11
46055=TREE03
46057=TREE11
46068=TREE07
46071=TREE06
46100=LOGS03
47023=TREE13
47024=TREE17
47025=TREE02
47035=TREE04
47036=TREE08
47039=TREE03
47057=TREE08
47102=TREE06
48025=TREE03
48029=TREE17
48037=TREE06
48038=TREE09
48039=TREE033
48056=TREE06
48058=TREE14
48060=BUTREE02
48063=BUTREE03
48080=LOGS04
48081=TREE06
48082=TREE10
49029=TREE11
49030=TREE11
49031=TREE07
49035=TREE06
49036=TREE13
49037=TREE13
49059=BUTREE06
49060=BUTREE01
49063=BUTREE05
49086=LOGS06
49091=TREE05
50029=TREE12
50030=TREE14
50048=TREE15
50049=BIGTREE1
50070=TIBTRE02
50091=TREE33
51029=TREE03
51030=TREE10
51031=TREE02
51037=TREE11
51049=TREE13
51099=TREE08
51100=TREE13
52025=TREE07
52029=TREE12
52031=TREE033
52046=TREE15
52048=TREE033
52050=TREE16
52066=TREE13
52067=TREE06
52108=TREE033
52109=TREE08
52111=TREE07
53025=TREE04
53031=TREE09
53032=TREE03
53033=TREE11
53041=TREE14
53042=TREE03
53048=BIGTREE1
53050=TREE07
53057=TREE05
53066=BIGTREE1
53107=TREE03
53108=BIGTREE1
53109=TREE16
53111=TREE033
54033=TREE12
54034=TREE15
54044=TREE033
54045=TREE05
54046=TREE13
54049=TREE03
54050=TREE11
54056=TREE10
54057=TREE08
54081=TREE02
54082=LOGS02
54095=TREE02
54110=TREE07
55019=TREE08
55023=TREE08
55024=TREE10
55028=TREE05
55042=BIGTREE1
55043=TREE13
55044=TREE02
55057=TREE05
55081=TREE05
55099=LOGS03
56020=TREE09
56022=TREE04
56029=TREE03
56037=TREE13
56039=TREE08
56040=TREE11
56041=TREE04
56042=TREE06
56052=TREE16
56053=TREE11
56054=TREE01
56065=TREE33
56066=TREE18
56081=TREE06
56082=TREE033
56083=TREE13
56085=LOGS01
56095=TREE10
56096=TREE01
56097=LOGS06
57028=BIGTREE1
57029=TREE10
57030=TREE04
57038=TREE08
57052=TREE10
57053=TREE01
57054=BUTREE02
57055=BUTREE06
57064=TREE033
57065=TREE13
57066=TREE34
57068=TREE16
57076=TREE33
57077=TREE18
57081=TREE01
57082=LOGS03
57099=LOGS02
57110=TREE06
57114=BIGTREE1
57116=TREE06
58016=TREE17
58017=TREE14
58024=TREE12
58025=TREE17
58028=TREE15
58029=TREE02
58037=TREE17
58039=TREE10
58040=TREE033
58041=TREE11
58042=TREE13
58054=BUTREE01
58061=TREE16
58062=TREE02
58067=TREE033
58070=TREE10
58071=TREE34
58072=TREE16
58096=TREE16
58112=TREE33
59014=TREE01
59015=TREE12
59021=TREE13
59024=TREE12
59025=TREE05
59026=TREE033
59048=TREE08
59049=TREE14
59050=BIGTREE1
59051=TREE02
59061=TREE14
59071=TREE16
59072=TREE03
59113=TREE08
59115=TREE33
60013=TREE07
60014=TREE08
60025=TREE16
60028=TREE17
60031=TREE06
60048=TREE09
60049=TREE13
60050=TREE05
60051=TREE03
60064=TREE13
60065=TREE03
60072=TREE34
60074=TREE34
60075=TREE16
60082=TREE16
60084=TREE02
60086=BIGTREE1
60088=LOGS05
60093=TREE08
60105=TIBTRE01
60113=BIGTREE1
60114=TREE01
60116=TREE01
61012=TREE033
61022=TREE033
61024=TREE08
61025=TREE01
61029=TREE02
61030=TREE032
61031=TREE15
61032=TREE04
61035=TREE10
61036=TREE16
61038=BUTREE01
61048=TREE15
61054=BUTREE02
61059=NTREE17
61060=TREE13
61065=TREE12
61073=TREE18
61074=TREE33
61076=BIGTREE1
61081=TREE02
61083=TREE05
61084=BIGTREE1
61087=TREE04
61114=TREE34
62012=BIGTREE1
62014=TREE15
62015=TREE03
62016=TREE07
62020=STLITE03
62022=TREE09
62031=TREE16
62036=TREE033
62037=TREE16
62039=TREE033
62055=BUTREE01
62064=BUTREE02
62065=TREE08
62076=TREE03
62088=TREE13
62114=TREE02
62115=TREE08
62118=TREE04
63013=TREE01
63014=TREE07
63016=TREE03
63038=TREE033
63039=TREE12
63047=TREE12
63051=TREE07
63052=TREE16
63053=NTREE17
63054=BUTREE06
63064=BUTREE01
63074=TREE03
63082=TREE12
63089=TREE33
63090=TREE01
63091=TREE16
63092=TREE02
63113=TREE02
63116=TREE18
64037=TREE12
64052=TREE06
64053=TREE04
64054=BUTREE03
64065=BUTREE06
64067=TREE04
64112=TREE05
64113=TREE05
65042=TREE07
65043=TREE14
65044=NTREE17
65045=BIGTREE1
65046=TREE14
65053=TREE06
65065=BUTREE03
65067=TREE13
65069=BIGTREE1
65084=TREE05
65085=TREE16
65089=TREE06
65092=TREE033
65114=TREE18
65115=TREE01
66021=TREE12
66032=TREE04
66038=TREE08
66048=TREE05
66049=TREE07
66065=BUTREE06
66083=TREE14
66084=NTREE17
66109=TREE34
66111=TREE18
67013=TREE07
67015=TREE06
67030=TREE037
67031=TREE12
67032=TREE05
67052=TREE16
67053=TREE05
67054=TREE15
67067=TREE03
67075=TREE08
67090=TREE12
67091=TREE14
67093=STLITE02
67098=STLITE04
67110=TREE03
67113=TREE08
68012=TREE033
68013=TREE12
68014=TREE11
68015=TREE08
68059=BUTREE03
68106=BIGTREE1
68107=TREE03
68109=TREE033
68112=BIGTREE1
69027=TREE17
69029=BUTREE02
69031=TREE12
69032=BUTREE01
69042=TREE15
69043=BIGTREE1
69049=TREE06
69051=TREE02
69052=TREE05
69056=TREE05
69058=TREE16
69065=BUTREE02
69069=TREE08
69071=TREE09
69074=TREE12
69075=BIGTREE1
69082=TREE15
69108=TREE03
69111=TREE07
70020=TREE03
70022=TREE02
70027=TREE16
70028=TREE08
70031=BUTREE02
70032=TREE037
70042=TREE05
70043=TREE12
70044=TREE05
70055=TREE17
70058=TREE15
70074=TREE08
70080=TREE08
70081=BIGTREE1
70104=BIGTREE1
70105=TREE06
70106=TREE10
70107=TREE02
70108=TREE03
70109=TREE13
71015=TREE033
71029=TREE032
71030=BUTREE02
71031=TREE037
71032=TREE10
71058=TREE07
71067=BUTREE01
71070=TREE03
71072=TREE06
71081=TREE12
71108=TREE06
72015=TREE17
72016=BIGTREE1
72017=TREE03
72019=TREE08
72049=TREE05
72060=BUTREE02
72071=BIGTREE1
72072=TREE18
72078=TREE13
72079=TREE08
72093=STLITE08
72098=STLITE06
72105=TREE06
72106=TREE13
72108=TREE05
73022=TREE14
73033=TREE12
73037=TREE15
73047=BUTREE02
73048=TREE03
73055=TREE12
73060=BUTREE01
73074=TREE16
73075=TREE11
73104=TREE10
73105=TREE16
73106=TREE01
74018=TREE16
74022=TREE14
74032=TREE08
74033=TREE15
74036=TREE10
74037=TREE01
74050=TREE06
74056=TREE06
74092=BIGTREE1
74103=TREE04
74106=TREE02
75019=TREE14
75020=TREE12
75023=TREE09
75033=TREE06
75034=TREE16
75038=TREE05
75072=TREE023
75085=TREE11
75087=TREE02
75088=TREE10
75089=TREE18
75090=TREE08
75091=TREE08
75092=TREE06
75102=TREE02
75103=TREE08
76023=TREE01
76033=BUTREE02
76042=TREE16
76057=BIGTREE1
76060=TREE037
76071=TREE033
76081=BIGTREE1
76090=TREE10
76092=TREE07
77023=TREE08
77026=TREE15
77027=TREE03
77039=TREE05
77040=TREE15
77054=TREE01
77059=TREE06
77060=TREE02
77062=TREE12
77070=BUTREE05
77072=TREE01
77073=TREE12
77074=TREE17
77082=TREE07
77083=TREE13
77092=BIGTREE1
77093=TREE34
77102=TREE34
78020=TREE11
78021=TREE033
78022=TREE17
78024=TREE02
78026=TREE05
78027=TREE12
78040=TREE08
78041=TREE033
78050=TREE12
78053=BUTREE02
78054=TREE033
78060=TREE15
78070=BUTREE06
78081=TREE02
78094=TREE02
78096=TREE18
78097=TREE07
78102=TREE01
79023=TREE05
79024=TREE05
79032=TREE01
79033=TREE04
79051=TREE11
79053=TREE11
79054=TREE10
79055=TREE01
79061=TREE06
79064=BUTREE03
79073=TREE03
79076=TREE10
79081=TREE09
79084=TREE07
79086=TREE04
79087=BUTREE02
79093=TREE34
79094=TREE10
79096=TREE16
80028=TREE032
80032=TREE05
80055=TREE15
80063=BUTREE06
80068=BUTREE02
80074=TREE04
80080=BUTREE01
80082=TREE05
80083=TREE03
80084=TREE14
80087=TREE037
81025=BIGTREE1
81026=TREE027
81027=TREE15
81028=TREE10
81056=TREE10
81057=TREE15
81063=BUTREE01
81068=BUTREE03
81073=TREE02
81082=BIGTREE1
81083=TREE14
81084=TREE10
81087=TREE032
81088=TREE14
82032=TREE04
82048=TREE05
82061=TREE01
82070=TREE039
82075=TREE032
82083=TREE09
82084=TREE037
82085=TREE18
83031=BIGTREE1
83032=TREE05
83050=TREE033
83070=TREE02
83074=TREE039
83076=TREE05
83087=TREE032
84048=BIGTREE1
84060=TREE13
84062=TREE16
84073=TREE12
84076=TREE023
84086=TREE12
84087=TREE05
85051=TREE032
85055=TREE08
85058=TREE05
85069=BUTREE01
85076=TREE08
85084=TREE18
85085=TREE032
85087=TREE06
86048=TREE15
86051=TREE13
86055=TREE03
86072=BUTREE01
86082=TREE10
86084=TREE07
87057=TREE06
87062=TREE10
87064=TREE07
87066=BIGTREE1
87073=TREE17
87074=TREE05
87075=TREE08
87082=TREE11
87083=TREE037
88048=BNTREE02
88064=TREE07
88065=TREE08
88074=TREE16
88081=BIGTREE1
88085=TREE032
88086=TREE04
88087=TREE13
89048=TREE23
89052=BNTREE02
89061=TREE05
89065=TREE04
89066=TREE11
89073=BUTREE05
89085=TREE039
90048=BNTREE09
90053=TREE22
90054=BNTREE08
90069=BUTREE03
90085=TREE10
91047=BNTREE07
91048=NTREE08
91053=BNTREE03
91055=BNTREE10
91056=BNTREE02
91069=BUTREE01
91073=TREE05
91078=TREE14
91079=TREE039
92053=BNTREE02
92054=NTREE08
92055=BNTREE06
92056=BNTREE08
92060=TREE15
92061=TREE08
92073=TREE06
92074=TREE18
92080=TREE05
93043=BNTREE02
93047=BNTREE05
93048=BNTREE08
93056=TREE15
93062=TREE17
93072=BUTREE02
93078=TREE18
94044=TREE21
94047=BNTREE09
94048=TREE23
94051=BNTREE09
94052=NTREE09
94058=TREE04
94078=TREE11
94080=TREE023
95057=TREE02
95058=TREE02
95067=TREE03
95078=TREE06
95079=TREE15
96042=BNTREE10
96043=BNTREE10
96055=TREE16
96067=TREE01
96068=TREE13
96078=TREE17
97042=NTREE09
97043=NTREE09
97046=TIBTRE03
97060=TREE05
97061=TREE06
97062=TREE03
97069=BUTREE02
97076=TREE12
97077=TREE033
97078=BUTREE01
98042=BNTREE04
98043=TREE21
98058=TREE02
98060=TREE15
98061=TREE17
98066=BUTREE04
98073=BUTREE01
98075=TREE15
99042=TREE24
99044=NTREE08
99058=TREE09
99073=BUTREE05
100043=BNTREE03
100044=TREE20
100050=BNTREE08
100053=NTREE08
100054=NTREE09
100057=TREE04
101050=TREE21
101054=BNTREE05
101059=TREE02
101060=TREE08
101070=BUTREE06
102051=TREE23
102053=BNTREE09
102054=TREE21
102057=TREE07
102059=TREE17
103051=BNTREE02
103054=BNTREE08
103060=BIGTREE1
103063=TREE07
103066=TREE10
104050=NTREE08
104051=TREE22
104052=BNTREE04
104053=TREE24
104063=TREE15
104065=TREE10
104066=TREE11
105052=BNTREE06
105053=TREE20
105057=TREE06
105062=TREE02
105066=TREE16
105067=TREE02
106052=BNTREE08
106053=BNTREE09
106058=TREE04
106060=TREE14
106061=TREE033
106062=TREE07
106063=TREE11
106065=TREE01
107057=TREE02
107064=TREE13
107065=TREE15
107066=TREE08
108058=TREE09
108059=TREE13
108062=TREE17
108063=TREE04
108064=TREE16
109055=TREE07
109057=TREE16
109058=TREE01
109059=TREE17
109060=TREE11
109061=TREE15
109062=TREE01
109063=TREE14
109066=TREE08
110055=TREE10
111058=BIGTREE1
111059=TREE05
112058=TREE06
113058=TREE17

[Triggers]
01000000=GDI,<none>,AI Auto Production GDI,1,1,1,1,0
01000004=GDI,<none>,Reveal,1,1,1,1,0
01000013=GDI,<none>,Discovered Trucks,0,1,1,1,0
01000025=GDI,<none>,Start 1,0,1,1,1,0
01000027=GDI,<none>,Win,0,1,1,1,0
01000029=GDI,<none>,Lose,1,1,1,1,0
01000034=GDI,<none>,Start GDI and GT Patrolls,0,1,1,1,0
01000040=Nod,<none>,Start Vipers,0,1,1,1,0
01000042=Nod,<none>,Start Infantry,0,1,1,1,0
01000044=Nod,<none>,Start MCV,0,1,1,1,0
01000046=GDI,<none>,Start 3,0,1,1,1,0
01000048=GDI,<none>,Start Text Trigger 1,0,1,1,1,0
01000050=GDI,<none>,Start Text Trigger 2,0,1,1,1,0
01000053=GDI,<none>,Discovered RPG Towers 1,0,1,1,1,0
01000055=GDI,<none>,Discovered RPG Towers 2,0,1,1,1,0
01000057=GDI,<none>,Objective 1 Start,0,1,1,1,0
01000059=GDI,<none>,Objective 1 Repeat,0,1,1,1,0
01000061=GDI,<none>,TEST REVEAL,1,1,1,1,0
01000068=GDI,<none>,Alert Exo's,0,1,1,1,0
01000070=GDI,<none>,Firesale,0,1,1,1,0
01000073=GDI,<none>,Reveal GT Barracks,0,1,1,1,0
01000079=GDI,<none>,Random Ranger Attacks,1,1,1,1,0
01000081=GDI,<none>,Destroyed GT Barracks,0,1,1,1,0
01000088=Nod,<none>,Start Scorpions,0,1,1,1,0
01000090=GDI,<none>,Landing Pad 01,1,1,1,1,0
01000095=GDI,<none>,Landing Pad Liberated,0,1,1,1,0
01000097=GDI,<none>,Destroy Landing Pad Trigger,0,1,1,1,0
01000099=GDI,<none>,Scorpion Reinforcements 1,1,1,1,1,0
01000101=GDI,<none>,Landing Local Set,1,1,1,1,0
01000106=GDI,<none>,GT Light Tanks,1,1,1,1,0
01000108=GDI,<none>,Disable Light Tanks,0,1,1,1,0
01000110=GDI,<none>,Discovered Base,0,1,1,1,0
01000112=GDI,<none>,Win 2,1,1,1,1,0

[Units]
0=GDI,HEMTTC,256,100,67,64,Sleep,None,0,-1,0,-1,1,0
1=GDILanding,KAZUAR,256,46,44,96,Guard,None,0,-1,0,-1,1,0
2=GDI,HEMTTB,256,99,70,64,Sleep,None,0,-1,0,-1,1,0
3=GDI,HEMTTB,256,87,35,64,Sleep,None,0,-1,0,-1,1,0
4=GDI,GHV,256,101,57,64,Area Guard,None,0,-1,0,-1,1,0
5=GDI,HEMTTA,256,84,41,128,Sleep,None,0,-1,0,-1,1,0
6=GDI,HEMTTA,256,72,43,128,Sleep,None,0,-1,0,-1,1,0
7=GDI,HEMTTB,256,87,36,64,Sleep,None,0,-1,0,-1,1,0
8=GDI,HEMTTC,256,52,39,128,Sleep,None,0,-1,0,-1,1,0
9=GDI,HEMTTC,256,80,40,160,Sleep,None,0,-1,0,-1,1,0
10=GDI,HEMTTC,256,100,47,224,Sleep,None,0,-1,0,-1,1,0
11=GDI,KAZUAR,256,90,47,64,Area Guard,None,0,-1,0,-1,1,0
12=GDI,KAZUAR,256,94,47,64,Area Guard,None,0,-1,0,-1,1,0
13=GDI,KAZUAR,256,79,37,224,Area Guard,None,0,-1,0,-1,1,0
14=GDI,KAZUAR,256,74,46,224,Area Guard,None,0,-1,0,-1,1,0
15=GDI,KAZUAR,256,78,57,128,Area Guard,None,0,-1,0,-1,1,0
16=GDI,KAZUAR,256,80,57,128,Area Guard,None,0,-1,0,-1,1,0
17=GDI,KAZUAR,256,88,57,160,Area Guard,None,0,-1,0,-1,1,0
18=GDI,KAZUAR,256,92,64,192,Area Guard,None,0,-1,0,-1,1,0
19=GDI,KAZUAR,256,93,65,192,Area Guard,None,0,-1,0,-1,1,0
20=GDI,GHV,256,76,48,64,Area Guard,None,0,-1,0,-1,1,0
21=GDILanding,KAZUAR,256,45,40,96,Guard,None,0,-1,0,-1,1,0
22=GDILanding,KAZUAR,256,40,41,160,Guard,None,0,-1,0,-1,1,0
23=GDILanding,HEMTTB,256,42,38,64,Sleep,None,0,-1,0,-1,1,0
24=GDILanding,HEMTTA,256,43,46,128,Sleep,None,0,-1,0,-1,1,0
25=GDILanding,HEMTTA,256,52,41,128,Sleep,None,0,-1,0,-1,1,0
26=GDI,HEMTTC,256,52,43,160,Sleep,None,0,-1,0,-1,1,0
27=GDILanding,HEMTTB,256,52,37,128,Sleep,None,0,-1,0,-1,1,0

[VariableNames]
0=Landing Pad Liberated,0

[Waypoints]
0=90081
1=83078
2=80078
3=77077
4=69076
5=66079
6=59079
7=48079
8=46083
9=46093
10=40096
11=39097
12=46097
13=54104
14=59109
15=63109
16=67104
17=68099
18=67084
19=66069
20=101063
21=92063
22=92068
23=30057
24=19057
25=87030
26=79038
27=91034
28=86039
29=95038
30=87046
31=82043
32=11057
33=36083
34=100080
35=69095
36=44103
37=61070
38=63086
39=26070
40=19070
41=75077
42=72074
43=72082
44=68023
45=61023
46=65021
47=62019
48=65019
49=65026
50=82035
51=90043
52=41043
53=45021
54=40042
55=65009
56=48040
57=48048
58=44049
59=43045
60=43040
61=38040
62=38045
98=84041
99=84042

[Digest]
1=U862F4QjFcrSciw0x4rpzghj9Fs=

