[Basic]
Win=N_LOGO_W
Lose=GDI_FLAG
Name=Nod Mission 01: Nikoomba's Demise
Theme=ACTONSAN
Player=TDNOD
Percent=0
GameMode=custom
HomeCell=98
InitTime=10000
Official=yes
EndOfGame=no
FreeRadar=yes
MaxPlayer=6
MinPlayer=2
SkipScore=no
TrainCrate=no
TruckCrate=no
AltHomeCell=99
OneTimeOnly=no
CarryOverCap=0
NewINIFormat=4
NextScenario=Maps\Missions\ntd2.map
SkipMapSelect=yes
CarryOverMoney=0.000000
AltNextScenario=
MultiplayerOnly=0
IceGrowthEnabled=yes
VeinGrowthEnabled=yes
TiberiumGrowthEnabled=yes
IgnoreGlobalAITriggers=no
TiberiumDeathToVisceroid=no

[CrateRules]
WoodCrate=HealBase

[1TNK]
Name=Light Tank
TechLevel=3

[2TNK]
Name=Medium Tank
TechLevel=3

[4TNK]
Name=Mammoth Tank
TechLevel=7
BuildLimit=5

[AI]
BuildAA=GAAGT,NASAMS
BuildTech=NATECH,GATECH
BuildConst=GACNST
BuildPower=NAPOWR,GAPOWR,NAAPWR
BuildRadar=GARADR,NARADR
BuildDefense=GAAGT,NAOBEL
BuildHelipad=GAHPAD,NAHPAD
BuildWeapons=GAWEAP,NAWEAP
BuildBarracks=NAHAND,GAPILE
BuildPDefense=GAAGT,NAOBEL
BuildRefinery=NAREFN,GAREFN

[APACHE]
TechLevel=11

[AudioVisual]
UnloadingHarvester=TDHORV

[BGGY]
Name=Attack Buggy
Strength=190
TechLevel=2

[CHAMSPY]
Strength=60
TechLevel=11

[CIV1]
Primary=none

[CIV3]
Primary=none

[CIV4]
Primary=none

[CIV6]
Primary=none

[COMMGDI]
Name=Commando
TechLevel=6
BuildLimit=1
Prerequisite=GAPILE,GATECH

[CYBORG]
TechLevel=11

[CYC2]
TechLevel=11

[CYCCANN]
TechLevel=11

[REAPER]
TechLevel=11

[DETHBED]
TechLevel=11
CrateGoodie=no

[DTRCKTIB]
TechLevel=11
CrateGoodie=no

[DTRUCK]
TechLevel=11
CrateGoodie=no

[E1]
Strength=60
TechLevel=1

[E1NOD]
Strength=60
TechLevel=1

[E2]
Strength=60
TechLevel=2
CollateralDamageCoefficient=.23

[E3]
Strength=60
TechLevel=2

[E4]
TechLevel=11

[ENGINERG]
Strength=50
TechLevel=3

[ENGINERN]
Cost=500
Name=Engineer
Sight=4
Speed=4
Strength=50
VoiceDie=NENDIEA,NENDIEB
TechLevel=3
VoiceMove=NENMA,NENMB,NENMC,NENMD
VoiceAttack=NENMA,NENMB,NENMC,NENMD
VoiceSelect=NENSA,NENSB,NENSC,NENSD
VehicleThief=no
VoiceFeedback=NENFA

[FTNK]
TechLevel=11
CrateGoodie=no

[GACNST]
Owner=GDI,Nod
UndeploysInto=TDMCV

[GAFIRE]
Prerequisite=CABHUT

[GAFSDF]
Prerequisite=CABHUT

[GAPULS]
Prerequisite=CABHUT

[GARADR]
SuperWeapon=none

[GARTWR]
TechLevel=11

[GASTWRF1]
TechLevel=11

[GASTWRF2]
TechLevel=11

[GASTWRF3]
TechLevel=11

[GASTWRU1]
TechLevel=11

[GASTWRU2]
TechLevel=11

[GASTWRU3]
TechLevel=11

[GARTWRUP]
TechLevel=11

[GASTWR]
TechLevel=11

[GASTWRUP]
TechLevel=11

[GAVTWR]
TechLevel=11

[GAVTWRUP]
TechLevel=11

[GAREFN]
Cost=2000
FreeUnit=TDHARV

[GHOST]
TechLevel=11

[GHV]
TechLevel=11
CrateGoodie=no

[GOLIA]
TechLevel=11
CrateGoodie=no

[GREPAIR]
TechLevel=11
CrateGoodie=no

[General]
BaseUnit=DUMMYVEH
HarvesterUnit=TDHARV,DUMMYHRV,TDMCV
PadAircraft=TDORCA,TDA10
CurleyShuffle=yes

[Grenade]
Projectile=BouncyG

[GrenadeE]
Projectile=BouncyG

[BouncyG]
High=yes
Image=120MM
Bouncy=yes
Arcing=yes
Floater=yes
Elasticity=0.5

[HMVAV]
Name=Avenger HumVee
TechLevel=5

[HOVAPC]
TechLevel=11
CrateGoodie=no

[HOVVE]
TechLevel=11
CrateGoodie=no

[HOWITZ]
TechLevel=11
CrateGoodie=no

[HTNK]
TechLevel=11
CrateGoodie=no

[INFECT]
C4=yes
Strength=150
Secondary=none
TechLevel=6

[JUMPJET]
TechLevel=11

[KAZUAR]
TechLevel=11
CrateGoodie=no

[LTNK]
TechLevel=11
CrateGoodie=no

[MCV]
TechLevel=11
CrateGoodie=no

[MLRSW]
TechLevel=11
CrateGoodie=no

[MMKII]
TechLevel=11
CrateGoodie=no

[MSA]
TechLevel=11
CrateGoodie=no

[MSAM]
TechLevel=11
CrateGoodie=no

[NABPAD]
Prerequisite=CABHUT

[NACYBO]
Prerequisite=CABHUT

[NALASR]
TechLevel=11

[NARADR]
Sensors=no
SensorArray=no
SuperWeapon=none
CloakRadiusInCells=0
HasRadialIndicator=false

[NAREFN]
Cost=2000
FreeUnit=TDHARV
UndeploysInto=none
ConstructionYard=no

[NASAM]
TechLevel=11

[NASAMF1]
TechLevel=11

[NASAMF2]
TechLevel=11

[NASAMF3]
TechLevel=11

[NASAMF4]
TechLevel=11

[NASTLH]
Prerequisite=CABHUT

[NASTLB]
Prerequisite=CABHUT

[NASWVE]
Prerequisite=CABHUT

[NAWB]
Prerequisite=CABHUT

[NAWEAP]
UndeploysInto=none
ConstructionYard=no

[NHARV]
TechLevel=11
CrateGoodie=no

[NODFLAME]
Strength=70
TechLevel=4
CollateralDamageCoefficient=.018

[NREPAIR]
TechLevel=11
CrateGoodie=no

[ORCA]
TechLevel=11

[ORCAB]
TechLevel=11

[ORCAEMP]
TechLevel=11

[RAT20]
Name=Ratel IFV
TechLevel=3

[REDE]
TechLevel=11
CrateGoodie=no

[RLTNK]
TechLevel=11
CrateGoodie=no

[RLTNKAI]
TechLevel=11
CrateGoodie=no

[SCORPION]
TechLevel=11
CrateGoodie=no

[SCPCK]
TechLevel=11
CrateGoodie=no

[SCRINB]
TechLevel=11

[SCRINI]
TechLevel=11

[SNIPER]
TechLevel=11

[STNK]
TechLevel=11
CrateGoodie=no

[SUBAPC]
TechLevel=11
CrateGoodie=no

[SUBARTY]
TechLevel=11
CrateGoodie=no

[TDA10]
TechLevel=7

[GAAGT]
Name=Advanced Guard Tower
TechLevel=5
AIBuildThis=yes
IsBaseDefense=yes

[TDAPACHE]
Ammo=5
Name=Apache
PipScale=ammo
TechLevel=5

[TDAPC]
Name=APC
TechLevel=2

[TDARTY]
Name=Artillery
TechLevel=5

[TDBIKE]
Name=Recon Bike
TechLevel=2

[TDFTNK]
Name=Flame Tank
TechLevel=4

[GAGUTO]
Name=Guard Tower
TechLevel=2
AIBuildThis=yes
IsBaseDefense=yes

[TDHARV]
Name=Harvester
TechLevel=2

[TDHORV]
Name=Unloading Harvester
TechLevel=11
CrateGoodie=no

[TDJEP]
Name=HumVee
TechLevel=2

[TDMCV]
Name=MCV
TechLevel=7
CrateGoodie=yes
DeploysInto=GACNST
Prerequisite=FACTORY,TECH

[TDMRJ]
Name=Mobile HQ
TechLevel=11
CrateGoodie=no

[TDMSM]
Name=MLRS
TechLevel=5

[TDNTRAN]
Name=CH-47 Chinook
TechLevel=6

[TDORCA]
Name=ORCA Fighter
TechLevel=5

[NASAMS]
Name=SAM Site
TechLevel=5
AIBuildThis=yes

[TDSSM]
Name=SSM Launcher
TechLevel=7
BuildLimit=5

[TDSTN]
Name=Stealth Tank
TechLevel=7

[TDTRAN]
Name=CH-47 Chinook
TechLevel=6

[NATURR]
Name=Turret
TechLevel=2
AIBuildThis=yes
IsBaseDefense=yes

[TIBBOMBR]
TechLevel=7

[TRATOS]
Name=Nikoomba

[TRNSPORT]
TechLevel=11

[VIPER]
TechLevel=11
CrateGoodie=no

[Preview]

[PreviewPack]

[01000010]
0=4,E1NOD
Name=4 Militants
Group=-1

[01000011]
0=50,60
1=3,5
Name=Militant Script

[01000012]
Max=5
Full=yes
Name=4 Militants
Group=-1
House=TDNOD
Script=01000011
Whiner=no
Droppod=no
Suicide=no
Loadable=no
Prebuild=no
Priority=5
Waypoint=E
Annoyance=no
IonImmune=no
Recruiter=no
Reinforce=no
TaskForce=01000010
TechLevel=0
Aggressive=no
Autocreate=yes
GuardSlower=no
OnTransOnly=no
AvoidThreats=no
LooseRecruit=no
VeteranLevel=1
IsBaseDefense=no
OnlyTargetHouseEnemy=no
TransportsReturnOnUnload=no
AreTeamMembersRecruitable=no

[01000021]
0=1,CIV1
1=1,CIV2
2=2,CIV3
Name=Civvie Group A
Group=-1

[01000022]
0=1,CIV4
1=1,CIV5
2=2,CIV6
Name=Civvie Group B
Group=-1

[01000023]
0=19,0
1=6,1
Name=Panic

[01000024]
Max=5
Full=yes
Name=Civvie Group A
Group=-1
House=Neutral
Script=01000023
Whiner=no
Droppod=no
Suicide=no
Loadable=no
Prebuild=no
Priority=5
Waypoint=A
Annoyance=no
IonImmune=no
Recruiter=no
Reinforce=no
TaskForce=01000021
TechLevel=0
Aggressive=no
Autocreate=yes
GuardSlower=no
OnTransOnly=no
AvoidThreats=no
LooseRecruit=no
VeteranLevel=1
IsBaseDefense=no
OnlyTargetHouseEnemy=no
TransportsReturnOnUnload=no
AreTeamMembersRecruitable=no

[01000025]
Max=5
Full=yes
Name=Civvie Group B
Group=-1
House=Neutral
Script=01000023
Whiner=no
Droppod=no
Suicide=no
Loadable=no
Prebuild=no
Priority=5
Waypoint=B
Annoyance=no
IonImmune=no
Recruiter=no
Reinforce=no
TaskForce=01000022
TechLevel=0
Aggressive=no
Autocreate=yes
GuardSlower=no
OnTransOnly=no
AvoidThreats=no
LooseRecruit=no
VeteranLevel=1
IsBaseDefense=no
OnlyTargetHouseEnemy=no
TransportsReturnOnUnload=no
AreTeamMembersRecruitable=no

[Actions]
01000000=1,1,0,10,0,0,0,0,A
01000002=1,2,0,10,0,0,0,0,A
01000004=6,17,0,0,0,0,0,0,A,17,0,1,0,0,0,0,A,17,0,2,0,0,0,0,A,17,0,3,0,0,0,0,A,80,1,01000024,0,0,0,0,A,80,1,01000025,0,0,0,0,B
01000006=1,11,0,554,0,0,0,0,A
01000008=1,11,0,554,0,0,0,0,A
01000013=2,80,1,01000012,0,0,0,0,E,11,0,920,0,0,0,0,A
01000015=2,80,1,01000012,0,0,0,0,E,11,0,920,0,0,0,0,A
01000017=2,11,0,2,0,0,0,0,A,21,0,212=01-N008,0,0,0,0,A
01000019=4,21,0,50=00-I100,0,0,0,0,A,11,0,1037,0,0,0,0,A,53,2,01000000,0,0,0,0,A,54,2,01000008,0,0,0,0,A

[Briefing]
1=Для того чтобы братство смогло закрепиться, мы должны начать с устранения некоторых элементов. Никумба, лидер 
2=соседней деревни, является одним из таких элементов. Его взгляды и наши не совпадают, и он должен быть устранен.@@ 
3=Задача 1: Найдите и убейте Никумбу.@@

[CellTags]
63038=01000005
63039=01000005
64038=01000005
64039=01000005
65038=01000005
65039=01000005

[Events]
01000000=1,13,0,5
01000002=1,11,0,10
01000004=1,1,0,10
01000006=1,13,0,10
01000008=1,13,0,200
01000013=1,48,0,0
01000015=1,48,0,0
01000017=1,13,0,0
01000019=1,48,0,9

[Fatso]
IQ=0
Edge=West
Side=GDI
Color=LightGrey
Allies=Fatso,GDI,Neutral
Credits=0
ActsLike=0
NodeCount=0
TechLevel=10
PercentBuilt=100
PlayerControl=no

[GDI]
IQ=5
Edge=North
Side=GDI
Color=Gold
Allies=GDI,Neutral,Fatso
Credits=0
ActsLike=0
NodeCount=0
TechLevel=10
PercentBuilt=100
PlayerControl=no

[GDIA]
IQ=5
Edge=North
Side=GDIA
Color=Gold
Allies=GDIA
Credits=0
ActsLike=0
NodeCount=0
TechLevel=10
PercentBuilt=100
PlayerControl=no

[GDIB]
IQ=5
Edge=North
Side=GDIB
Color=Gold
Allies=GDIB
Credits=0
ActsLike=0
NodeCount=0
TechLevel=10
PercentBuilt=100
PlayerControl=no

[Houses]
0=GDI
1=Nod
2=TMF
3=GDIA
4=GDIB
5=NodA
6=NodB
7=Neutral
8=Special
9=Fatso
10=TDNOD

[Infantry]
0=TDNOD,E1NOD,256,55,17,1,Guard,64,None,0,-1,0,1,0
1=TDNOD,E1NOD,256,54,18,1,Guard,64,None,0,-1,0,1,0
2=TDNOD,E1NOD,256,56,18,1,Guard,64,None,0,-1,0,1,0
3=TDNOD,E1NOD,256,55,19,1,Guard,64,None,0,-1,0,1,0
4=TDNOD,E1NOD,256,58,14,1,Guard,64,None,0,-1,0,1,0
5=TDNOD,E1NOD,256,59,13,1,Guard,64,None,0,-1,0,1,0
6=TDNOD,E1NOD,256,60,14,1,Guard,64,None,0,-1,0,1,0
7=TDNOD,E1NOD,256,59,15,1,Guard,64,None,0,-1,0,1,0
8=Fatso,TRATOS,256,28,52,0,Sleep,64,01000020,0,-1,0,1,0
9=GDI,E1,256,20,57,1,Area Guard,64,None,0,-1,0,1,0
10=GDI,E1,256,23,57,1,Area Guard,64,None,0,-1,0,1,0
11=GDI,E1,256,37,65,1,Guard,64,None,0,-1,0,1,0
12=GDI,E1,256,37,63,1,Guard,64,None,0,-1,0,1,0
13=GDI,E1,256,86,40,0,Area Guard,64,None,0,-1,0,1,0
14=GDI,E1,256,86,37,0,Area Guard,64,None,0,-1,0,1,0
15=GDI,E1,256,89,41,0,Area Guard,64,None,0,-1,0,1,0
16=GDI,E1,256,78,49,0,Area Guard,64,None,0,-1,0,1,0
17=GDI,E1,256,74,27,0,Area Guard,64,None,0,-1,0,1,0
18=GDI,E1,256,69,29,0,Area Guard,64,01000014,0,-1,0,1,0
19=GDI,E1,256,52,38,0,Area Guard,64,None,0,-1,0,1,0
20=GDI,E1,256,56,34,0,Area Guard,64,01000016,0,-1,0,1,0
21=GDI,E1,256,54,51,0,Area Guard,64,None,0,-1,0,1,0
22=GDI,E1,256,62,75,1,Guard,64,None,0,-1,0,1,0
23=GDI,E1,256,63,76,1,Guard,64,None,0,-1,0,1,0
24=GDI,E2,256,51,66,0,Area Guard,64,None,0,-1,0,1,0
25=GDI,E1,256,36,38,0,Area Guard,64,None,0,-1,0,1,0
26=GDI,E1,256,34,37,0,Area Guard,64,None,0,-1,0,1,0
27=GDI,E1,256,36,36,0,Area Guard,64,None,0,-1,0,1,0
28=GDI,E1,256,78,73,0,Area Guard,64,None,0,-1,0,1,0
29=GDI,E1,256,83,65,0,Area Guard,64,None,0,-1,0,1,0
30=GDI,E2,256,22,59,0,Area Guard,64,None,0,-1,0,1,0

[IsoMapPack5]
0=dQ8AIAwBADgAFwIAAAAFAAIANwCAAGsBOAAX9QI56wEDADacAwIABQADACeCAAMAKYEAOi
1=ivADcAIacIBAA19wIEADYoKQA3KCgAJzEBBCgyAQQAJzABAgQAOwAkswkFADT5BgUoXQEF
2=KF4BBQAnXQEFKAQBAgUAOAAa5Qg5KCkAOygrADwAJqMEBgAz+xwGAD0oKAAnFQMGKLQBAg
3=YANAAZ+wY3ABzrAToAH+gBATgA5hOfKwYAOYgBAwYFAAYAO4kBEmkBPIgBARgFAAcotwEH
4=AD7hDwcoxQMHKMUDBygOAgcAJ+ABAgcAMwAgow8HADLiMAcArRABaAytEAdpATqBDw1oAb
5=kRE2gBuBEDGQUACAAx7RAIKGUCCChnAggAM+0xCCiRAggokQIIKJMCCAAy4SUIKLwCBggA
6=PwAoAgAAE3QNsRQCaAGxFAhoAbEUDmgBsRQUaAGwFAMaBQAJADDzFAkAMvsRCQAz4zsJAD
7=QoKQA1KCkANigrADcAHq8mCQAx7CYCCQA8ACX1Aj2RFAJ1DT6JAQtoAakXFGkBQJUCHWgB
8=tRgDaAG1GAloAbUYD2gBtBgDFQUACgAx/BUCCgA8ABu3DQoAMvsRCgAw9zkKAD0oKQAv8x
9=QKAD7xVgrEKZwKuREeaQxBhRMnaAEEMwDjEwAABmkBNIkBDGkBNYkBEmkBNokBGGgBtRgE
10=aAG1GApoAbUYEGgBtRgWaAEBNwA5J4NcCwAv4xoLADAoKQAx/2ILAD3/YgsAOOIaCwAnqB
11=ACCwAuACO/IAsAOe5+CwC0LgENBQAL2RwWaAG5HB9oAbkcKGkBQoUeMWkBMoEaAWgBsR8H
12=aAGwH5AJsR8TdAKxHxloAbkcEWgBuRwXaAGoTgMdBQAMAEPoTgYMAC0ACAEAAAV1Ai6JAQ
13=loASfxAwwonxQMAC/vPAwANygoACd3BAwAOeMlDAA77zwMADz8IAIMAD4AJ7UjDN0gF3QN
14=vSAgaAG9ICloAb0gMmgBvSACaAG9IAhoAb0gDmgBvSAUaAG9IBppATrjOwwAPesBDQAs8R
15=8N0B8CBgUADQCxHwppAS+dIA5oASdnGA0AOPp/DQAn0xUNADD+IA0AJx8EDQA8/yANADr3
16=RA0AROFyDdEfGGgMsR8haAGxHypoAbEfM2kBQ51BPGgBvSADaAG9IAloAb0gD2gBvSAVaA
17=G9IBtoASeBCw0qHQQ+6yIOACvpIg4odwQOAC0oVAC0IwILBQAOALUjD2kBMIElBGgBJ6EE
18=DiihGg4oUxAOAETjJQ4AOvcjDgAx+WkOKH8QDgA372gOAEXtRw4oqRAO2ScZYA+5JyJoAb
19=knK2gBuSc0aAG5Jz1oAbgnnBW5Jwp0ArknEGgBuScWaAG5JxxpATvjJQ8ALugiAg8ALAAo
20=cAEEBQAPAC0AL+kBK6zvdAKhJQFoAaElBWkBRftIDwA56yIPADrppg8ohxEPADL/IA8ARv
21=8gDwBD+0gPADP1pw/JIhpoDKkiI2gBqSIsaAGpIjVoAQQ3ACkCAAAEaQE4iQEIaAG9IBFo
22=Ab0gF2gBvSAdawE7AOQkIyAPADyJAQZ1Aj6JARJpATEooQREKCkAKmwjAgAABgAQKPkEEK
23=QmItcmEAAtvE8BBQAQAKElBmkBMZFLCmkBMokBDmkBRveyEABD5ykQAEXv4RAARP9tEAA0
24=65AQAEAoKQA15ykQAEEoKQBHKCkANokiAXQNoSUFaAGhJQlpATmBBA1oAagijAWpIgd1Aj
25=2IIoAEtSMTdQI/lQIZaQEz9iMQACePEhAAQihVACuwS20mLKglaQEqsEtpASm8IAIHABEA
26=LqwFAgUAEQAvrAVpAS2sBWgBATMABwGaPREAsSoLdAKxKg9pAUGwCWkBQygpAED/KxEAR/
27=8rEQA081YRAEYoKQA163oRAEToWQIRAEIAIre9EQA561kRADrrLREASCgoALUuAmwQtS4G
28=aAG1LgprAUUAYfAJtC6MBbUuCGAEtS4OaAG1LhRoAbUuGmkBMP8rEQAsqE4CBgARACikHm
29=QpKVEFKihVACvrARIAL7gGAgUAEgAykSoBaAG9KwVpATSVAglpAUD3IxIASCgpAEHgJQIS
30=ADoAHaMaEgBDKCkANeeiEgAw7yYSAEnjJRIAOPt/EgAx+n8SAK0mB2MPRgBe/wpEAF/rAU
31=cAYOsBRQCf6AGlKQN4BqQpiBelKQ90AqUpFWgBpSkbaQE25ykSADkoKAAn/woSAC2sUgIG
32=ABIALqxSaQEsrFJpAScoUAUnAgYSACcCBhIAJwIGEgAnAwYTAEasiQIFABMAMLwKaQEvvA
33=poAa0xBmgBrTEKaQE1mTIOaAEnpTYTKHM1EwBEuBFhBEPvXRMAQf82EwBJKCkAN/daEwA5
34=KCgAJ68LEwA2/zYTADLzNRMAPygpADv/NhMASigrAEcAVbgyAhMARQBZ6QFI/TYT0K6AGq
35=U0EHwVpTQWaAEn/xUTAED7MhMALrBWAgYAEwAmuBwBBwATACcBBhMoBQwTKAEGEygDBhMA
36=K6gieQYsuKtpAS2sUgIHABQAMe8xFAAw7jEUAKAwAgsFABQAoTAPaAEENgAVAQAAA2kBN4
37=kBBmkBS6QTaQE//44UADL9YhQotwwUADjrZBQAQKwQewZHAFavJhQASCgrAEkAXPUCRP5i
38=FAAniwwUAEPrZBQASuotFAAniQwU1C6UGLUuEXQNtS4XaAEnMRcUKDIMFAAn0yAUAEHsMQ
39=IUAEIAQySpMRTstQIGABQALqwmaQElvCBwKieyBhQAJ7EGFCixBhQoswYUACysJnkGKqSM
40=aQEtKCkAK6wQAgcAFQAxvEECBQAVADWBMAFoAbkyBGgBuTIHaQE4gQQKaQE5iQENaAEnJz
41=wVAEugD3UCP7REaQE692UVAED5wRUoaz8VAD64SG0FPfdlFQA09TkVKL9EFQBMKFcAPAAq
42=tzkVAEn0ZQIVAEoAWPQCJ+MMFQBB6S0VKNcFFQBDKFUARCgpAEYoKQBHKCkASCgoAMC/Ag
43=YAFQAwJAgzaQEk8jUVACfdBhUokQ0VKN0GFSjdBhUo3QYVKN8GFQAtuCdkNCcLBxUALrAf
44=dAInCwcWADEkJCUEBQAWADAAMmyiawE6ABQkKjcWAL02C3QCvTYOaAEnAUgWKHlBFih7QR
45=YATKwQbQUy6zgWAEsoKQA7628WAD4oKQBNsBR4BqU0AWkBPZE1BmsBPwA0pzQWAECIAYEE
46=QYkBAmAEJzUHFig0BwIWAEUAWvsGRABd6wFCADqtaBYoNgcWACcKBxYAJwoHFgAnCAcCFg
47=A2AFEiJCp1DTeIAYAPJ2IHFgAnNQcWKDUHFig1BxYoNQcWKDUHFig1BxYoyxQWACzrbxYA
48=LrCYAgcAFgAruF5pAS3gcgIWACMAY2QTAgcAFwAibDkiVywXADGo6AIFABcAMigoACd7FR
49=cAOZk9AWAEpT8GaQE7lQILaQFN73MXAE7lNBco/iAXALE1AmwFsTUHaQE+nTYMawE/ADK3
50=LhcAQIgBlQ1BiAGZBkrkrQIXAEkAV+0FRPvXFwBL/68XAEImACcCFwBMAGLtBUf1ORcoNw
51=cXAEXpbxcoYQcXKDYHFwCpOANwFLgnhBMDMwC8KgAAhBMnYAcCFwA0AL1/KwYAFyg1Bxco
52=sgYXACeDIRcALOt6FwAnsGF5MigoKQApKCkALu88FwAt4TsX3UwBeQYkgTsEaQEliQEAaQ
53=E1mBEDAgcAGAAj+T0YKEhGAhgAIgBjfAIEBQAYACEAvOgBuT0CdAK5PQdoAbk9DGkBTqgX
54=aAEn5QcYKLMcGABP8kAYAK08DWwFJ20OGChuDhgAJ28OGABC9jkYACdgBwIYAEsAW6s4GA
55=A86+gYAD3p6BgoCQcYKAkHGChtDhgoNwcYAEn7PRgASigpAEwoKwA3AFOiOxgAsSoFaBex
56=KgFoASWkVwIGABgAMiQMQ2gBJYwoaAEljChoAbVEA2gBqUMBaAEn5wcYAC2kKWQ0J+sjGA
57=AquKB1Ai6w2mkBNSRYJ2kBNpEUAGsBJwBfaE5pASiIAZk9JpFABHcCKQBkoAQJGQAgAKcA
58=AAAFAQAZ2T0BaAEnawgZADxoQHCCAhkASQBdcAECBQAZAFAoKwBKALf1AkuJAQJjBEwAuf
59=cCIgC76AGtRwhgBK1HDWgBAT8AOAFwEAEAGQBAiQEBdQJBiAGRCU64XnUCTbwgaQFPvCBq
60=ASQAJd9TGQAl/UwZ3UwOYQRC4/YZAD3nShkAQ/+DGQBF70cZAEQmhTIZKEklGSgZCRkoGQ
61=kZKBsJGQA4gTAFdA2gMJQYoTADdAKgMIAEoDCABMStAgYAGQAyJDReaAHErWkBNaCpAgcA
62=GQAssB9pAS2wH2kBNqQeaQEv/0EZADMoKQAu970ZADQoKAC1WgN5BiuJQwBpASqIQwMEBw
63=AaACGIQwgCAQAaAEkAsAAAAIsBUACydDl0AqU/AWgBpT8DaAGkP5QCpD+LAVEAT2w8YwQf
64=AGJnCAUAGnhp6AGhUQB1AkiUDYsBTgC14QRPiQECYQRNkUsEaQEjkEuLATwA0nAUdAK9TA
65=loAb1MDmgBJ50JGiieCRoAJ58JGgAlvCttBSYmczUaACe8K3UCKST4JWkBOSgpAD3ySxoA
66=J50JGij/IBoAPvNLGgBD8UsaKJ8JGgAouDJ8CicpIRoonAkCGgA4AFSqkBoAsTUBbAWxNQ
67=VoASXsYHw2JVhpaAElzCVpATb/xRoANP3FGiaUa2AEJexgaQEwpB5oASVUN2kBN40QAGkB
68=LIBGl0QtAHiviRsAIoBGAgUBABsAqTgBaAGtRwNoAbQ5lAK0OZQCtDmYBrQ5iAGgRo0FUo
69=xHjwVLAFW7SBsAUCgrAEoAV/UCTCgpACBkR2eXGwAlKCkAR+WXG8BcAwMFABsAJJlIAGkB
70=O5lIAWgBpEqDBD8ASCQbSxsAQIkBCGEEQYkBDGkBJ+9HGwAeJr9PGwAqKCkAH7AqbQUrKC
71=kAKCYKPhsAJxsJGwBDJmcjGwBCJmcjGwBEJqsxGwA+JnMqGwAm70cbACkoKAAnZ08bAEYm
72=kSMbKFscGwA5lTkFeBG0OYgBJetlBwAbJjhwaAEnRQkbJqBydAIncQkbJqBydQIv+5UbAD
73=H/TBsAN7gcYASpWQNrAS0AZnRaaQEu+0gcACOYSAUCAQAcAEgAq2h6aAGlNAFoAalDAGgB
74=qEOPBUsAULNAHABMiAGVAk2IAY0FTogBlQJJ70ccAE8oKwBQAFnnCEoAWusBUwBUdEcAAw
75=UAHAAhAGIAAAAABQAcACIApwAAABEAADMPACAIAAUAHABHAKsAAACLASYAtekBJ4gBBQIF
76=ABwAKAC69AIEJQC7AAAABHcCOwDV9QI8iAGMBQQ+AEgBAAABYQQ/iQEFaQFAiQEJaQFBiQ
77=ENaAEBHgAXAsEPHygrACoAG/cCKwAe6wEdACHrAUIAI+sBIAAk6QFDKCsAOgAn9wJEAFfr
78=AT0AW+sBRQBi6AEBKQA5J88QRgBD6AEDOQBVKgAAgBoBLABmKsEaLYkBA2kXMLwVAgcAHA
79=AyKCkAMygpADQoKQA1KCsALwAZYA97BjEAGusBNgAc6QE3uBFhBDiNEABoAQsuAGcqAAAA
80=BwAdACQAp3gVAgEAHQBInTYDaAG9NgFoAbw2lAK8NpQCvTYFYAQESQBNAQAAAGkBSokBAm
81=sBUQBPfDZpAVKIAYcISwBQ9QJMiAGVAk2IAZ0KTogBlwJPAFH9ClCIAZ0KImxEc0sdACwo
82=KQAtKCsAUwBUdBECBQAdACONGwNoAa1SAWsBKgC5dAVpASmBUQRoAbRPgAS0T5gGAT0A2Q
83=CeNh0AoVECbAWhUQZoAaFRCmgBoVEOaQEdpDRoASdOCh0AJ08KHQAgKIEAVCgrAEMAHXw2
84=eQYc+1MdACHgUQIdAEUAJeEEK6A7bQU6KCkAQigrAEQAO7ZPHQAnIgodAKBRjBsnRwkdAD
85=asEH1BM/tIHQA1KCkAL6xoYQQyKCkAMLhpdwI3ACZkE2kBMawQaAGpTgFoAahOBQEHAB4A
86=JQCoZDQEAQAeAEgArHwraAG5MgFoAbkyBWgBsEuUArFLA3UCJ4VKAGkBKIkBAmkBTYgBlQ
87=JOiAGUAqhOlAKoTpQCsEucCrBLnwomAFioTgIeAFEAWegBJ8gJAh4AUgBar0ceAFOIAQUC
88=BQAeACMAYvcCLABj6QEkmRwAYQRHmByJASuVTwR1AjyRSwFoAb1MA2kBPpUCBWgBvUwHaA
89=G9TAtoAb1MD2kBHLw2aAEnygkeACfJCR4oyQkeKMsJHgBFKNkAQ6w8ZQhUoDtpASGgO2sB
90=RAAgYDtpARvvUh4AQigpAFX7Ux4AO/tTHgBGvEF5Bjn2px4AJ6QKAh4AOABZpKICHgAtAG
91=V0kW8FNAAfdA11RDYoKQA150oeADeZBgBjBDAAYHgGaQExiQECawEvAGJ8CmkBMigrADMA
92=Y+0FLpQNAwIHAB8AJpyDAQIBAB/BUQNoAaU0BWkBKZ2ZAGkBKogBjAWsUpQCrFKUAq1SAW
93=wFrFKQCaxSlAKsUpQCrFKUAqxSlwIsAFKsRwIfAE8AV39iBQAfyU4BawFQAGDhBFGIAZUC
94=JPdPHwAlgRoAbAWoToMEPwA4aFl1AkCIAZUCQYkBAnUCG/5BHwAnRgkfACdFCR8oRAkBHw
95=A7AITOeQZEKCkAVSgpAB/nSh8AQv+ZHwAg50ofAEUoKQAa+0gfACIoKQAj50ofAFYoKQA+
96=80sfADzzSx8AOPNLHwBTKCsAOQBfeEhzFDoAYOkBIbhIdQI9KCkARigpAFQoKQBD9acfyE
97=6MJqhOiAGpTgNwCahOiAGoTogBqE6MBaBciAG0T4MENQBfr1IfADaIAY1SNIRVAwQHACAA
98=J5Q5BQUBACAASACtfEFoAa1SAWgBrVIDaAGsUpQCrFKXAksATmQ/YQRMiQECaQEo65sgAC
99=soKQBNKCkAJXRMbuwgAKxSAwEFACAAToxSiAG5UwN0AqxoiQFHkRQAdwI/AENgD2kBQIkB
100=BGkBQYkBCGkBGetOIAAaKCgAJyEKICghCiAoIQogKCMKIAAjKNkAVSgpAFYoKQAi/5kgAE
101=IoKQBEJGwkbRA7+1MgAD6wjXUCQ+OeIABRKCsAMQAiu0ggAC0muyggADAoKQBQKCkAVCgp
102=ACT/VyAALigpAFcoKQA391ogADL3WiAAUigoACf0FAUgAB8ALAIAAIktIIkBBn0VIYkBCW
103=sBOgBZ8RQv61kgADMoKQA4KCkAPCgoACczDCAARShUACdfDCAAUyhUALBWkECwVpgRsFYF
104=BQUAIQAnAKqlVSHQVgMDAQAhACmVTwBpASqJAQJoAblTAWgBuFONBUkjsCeNBUqIAYwFJ9
105=EKISjSCiEAJ9MKIQBOI90nAG8QMQBdZFhpATX/8SEAJoQTgASlVQFjBDMAtu0FNIkBAncC
106=MgC49QIsI4QymAa0WpgGtFqEHrVaCXgGJ1ULIShWCyEAJ1ULIShXCyEAJOdVIQA3KCkARC
107=goACcrCyEAI/urIQBDKCkAV+etIQAu41whAFUoKQAd560hADvjXCEAUSgpABjzriEAReNc
108=IQA2/1chACXnVSEAWCgpAE/zViEAL+dVIQA4KCgAJ/cfIQA99bIhKIMWIQAekFaEKbVaBH
109=gntVoHaAG1WgppASKNBQ1rAToAWKBcAiEAOQBd6wE+AGHpAS3nVSEAMCgoACeuCyEAJ4Ms
110=IQBQKIEAUigoACcPGCIAK2hAImAzAiIASACpt1oiACiYSAUFAQAiADEAsPQCuUgBdAK5SA
111=NoAbhIlAK4SIkBSyMpIQBhBEyJAQJoAahkgASoZIQIJPwggAS8YoAEvGKBBCawFAQFACIA
112=WQBEcAFrAVMATOkBVIkBAncCVQBP9AK1ZQF1AlL3ZSIANvdlIgBHhR4AYASpegNpATCEHp
113=UCLiPsNIkBLYlkBGMENQC86Ay0ZYAPtWUGYAS1ZQpoASe1DCIotQwiKLUMIiiLDCIAQ/9i
114=IgAY5WAiKF8MIgBPKFUAHOq8IgAntxciACXzYSIAN+dgIgBWKCkAWCgoACd7KyIAUPleIi
115=LkMr1MIsmxBXQYsVYIaAGxVgtoAbFWDmgBBBcALwIAAAxrATkAVecIOgBW6wE7AFzpAT0o
116=KwA8AF73Aj4An+kBHeZVIgAnihciACdeFyIAJ9sWIgBRKK0AVygpAEUmZSMjwEYFAQEAIw
117=BSAEaqWSMArEeUAq1HA2AErEeVAiwjXSICdQJJlUQFaAGoQ4AEvGKYBrRElAK0RIwFtESU
118=ArBhiAGwYZkGMiP9NgB9CjOIAZUNSogBjAW8Yo0FNCbjIiMAWrREeQY3eFAiDyMjAEcoKQ
119=BRmBwFAAUAIwBXAEp8AmkBWIkBAmkBVolkBGsBTgBbaCJrASgAX+0FKYkBAXcCKgBh9QIn
120=Jg8uIwArlCOIDLWGA20FL5RlnQo2lGWABKhkgASpZAdsBalkC2gBJ20kIyhdDCMoFRkjKE
121=EkIyiJDCMoXwwjAEL/YiMAGf/FIwBEKCkAGP/FIwBPKCoAJAAjCEltEFDjZyMAHyZDJCMA
122=ICgpAEUoKQAd9cgjKNtCIwBG72gjADrrxyMAJuXDIygXLyMAPChVABaAZ4girWgNeRE9Jg
123=dOIwA5JgdOIwA7KCgAJ7cMIwAi+14jACXqASQAsEABAQEAJNBAiAGxQAN0ArFABWkBLZQ5
124=iQFJI3lMAnQCtDmUArQ5hAiwVogBsFaRCTQjRUsAeQY1iAGFCEomp0EkAC7/VyQAMCgpAD
125=EoKAAnVwskAFSg9nEJWSgoACUIPnUCW6gtaQFSqC1oASUAJ2kBOWhWfWIkhF0i7E8DACQA
126=SwBWfAICBQAkAEyJAQJpAU2FYAFoAbFhA2kBUP7FJACkgZQCJPFQAGEEOCOIQ4kBN41dBH
127=QCJxY6JAAnFjokACcVOiQogQskKNlCJCjbQiQAIbR7cAkn8S8kKJMYJABGKIAAJ9sLJABF
128=52AkABrjXCQAHigpADooKQBD+14kABz7XiQAIuNcJAAVtC5tEBaoLWgBJ5skJAA9tC51Aj
129=smQyQkAEcoKwAmAC6zuSQAJ4gBmCehXA55BhiZXhRpARmJARppAT7gXAMkACkAkxPdNiqI
130=AYUIK4kBBmwFJ5MYJAAoKNgLJxckJABE9AICJQBRAEB0nAIBACUAM41dAmgBrV0DaAG1OQ
131=FoAbU5BWgBtFqUArRajAUnVwslADb+VyUAJYRTeAYlpDZpAVmwNWgBJ4MLJQBbKFUAUrw2
132=YQRToDBpAVigMGgBJXBAaQFcrDFoAcjdaAEjtCNvXSUAUJgcAQAFACXNXQFrATAAXrteJQ
133=AxiAGVAi4jbEWNBS+IAZUCLfe9JQAs970lADKMJowFpGCNBTojrGOVAjuJAQJ1DTmdYgRp
134=ATyIAYAEJ10MJShdDCUoXwwlABWoIngGJ9pYJQAnMQwlKCU8JSgzDCUAIuu8JQAf41wlAD
135=0oKAAnUzwlAEUoVQAW52AlACUoKQBD82ElAEYoKQAbJsckJQAUuDJxFEwoKQBN+8ElAE6k
136=NGEEPvNhJQAmhGCMJrBhlSMolQIHbAW9Yg9oAb1iFWgBvWIbaQEaiWQhaQEciQEtaQEdiQ
137=EzaQEeiQE5aAGgZ5QNoGeUDaBnlA0pXQxHJpkkJshkBQMBACYAXQCUt2UmADSFPwV3AkgA
138=r/QCpT8BdAKkP5gGpD+MBaQ/gAQkzUYAbAUkzUYCaQE14WcmKA0NJiIQSiJARWEEOCiAAC
139=c6DSYAJbQ4YQRYoEZoASeRDSYobiQmACdnDSYAU7REbQVUKCkAWygpAFywQGEEV/VwJthp
140=AwEFACYASybVUibBiAN1AkeJIgBpAUOEYIkBRIkBAnUCPYVgBGkBRYgBgwQ+ACl4HHUCP4
141=gBkQlAiQEGdQJBiQEJaQFCiQEMaQETpB5pARQoKAAn4wwmABYoVAAnLz0mACS4HHkGIOdg
142=JgBOKCgAJwcMJgBMJrJIJgAnd1wmADCoImUILPteJgAvJgM9JgAX+14mAC0oKQAxKCkATy
143=gqAB4AJZhxAiYATQAqscQmyGSMJqlkBXQNqWQIaAG9YhZoAb1iHGgBvWIiaQEbhWAoaAGp
144=ZC5oAalkNGgBvGKIDLxiiAy8YokMH/3FJihLJSYALihVADIoKwBGADok3GkCJwBRAD69Yi
145=fAZwMDAQAnAF6NaAloAQRbAJUAAAASaQE3mWkCaAGtRwFoAaxHiAGsR4QIrUcFYASsR4AE
146=rEeIAalDDWAEsGyUArBshQg5IyUmAGEEOogBgQ87I7hJlQI8iAGXAkgAVWxSbAUn6Q0nKL
147=8NJwBXsEtgBCfqDScAJUhcdQJZvExpAVr7aScAUrSndQJcKCgAJ6omJwAlKEJhBFCEKQEA
148=BQAn3W0BaQE0lNOVAjWIAZUCM/fTJwA2kCqBBEaRbAR4BqRriAGlawd0AqVrCmkBEqAaaA
149=EnZg0nACdmDScA5GsOACcAFgAXAgAAAAUAJwAXABcRAADYDgAgCAIAAAAFACcALAAX6QEt
150=KCsAMQAa9wIwABvrASMAHusBJQAf6QFMKCkATygrABgAIOEEHCgrABsAIfUCKygrACgAIv
151=cCIgAj6QEnKCsAGQAk9QIdKCkALigpADIoKwApACbvBR8AJ+gBCU0AKgIAAAEFACcATokB
152=BmgBBCAALQIAAARpASGJAQhoAQQaAC8CAAAjaAEEHgA5JwAAAGkBJCgpACYoKQAqKCkAL+
153=gBAigAUgA+dAYIAQAoAF4AlAAAAAppAV+JARBoAQRbAJUAAAATaQFciQEcaQFdiQElawE4
154=AKfnCEYAuegBBD4AKQEAAAJhBD+JAQVpAUCJAQhpAUGJAQtpAUKJAQ5oAQQ5AFABAAABaQ
155=E6iQEDawE7AFH1AjyIAZUCRIkBAGEERYgBlA0DQwBVAQAAlQJHKCkASCgrAD0AWeEEVbhI
156=ZQhWKCkAVygrAFgAHHgyYQRaoEZpAVS0RGkBU6hDaQFZsCpqASQAgAACBQAoADaFAQBpAV
157=AoKQBRlS4DdwImAEt8AmkBJ4kBAmsBKABM9QIpiAGUAgNJAFcAAACLAUsAXOMEJQBd6wFK
158=AGHrASoAY+kBN4Q0lQ0SrBtpDBMoKQAUKCkAFSgpABYoKQAYKCkAGSgpABsoKQAdKCgAJ5
159=sOKAAuKFUAF/t0KAAcKCkALSgpACvwdwEoADIAx3YoABqoLX0VEagtaQE0KCkAHvtpKAAv
160=KCkANSgoALhpjCa5aQdlCE+FawxpAR+ZaQFoAbFsBWgBsWwJaQEigQQNawEwADF8QWkBMY
161=gBkSojpD91AjMoKQBM6AECKQBSAD98NgQBACkAJQBE6AGlPwF0AqU/A2gBpD+UAqQ/lAKt
162=cwtgBK1zEWkBYJl0F2kBWYFyAmkBWogBjAWxdxR0ArF3HWgBsXcmaQE7iEOYBrhpgA+4aY
163=EPRoVrAG0FR4gBjwU+AFavaCkAPygpAEAoKQBBKCkAQigpAEMoKQA89nApACdDDikAVKBG
164=dA0nQg4pACdDDikAVaBGYQRToEZpAVi0vWkBK3Bee6ApAFGULgMABQApACSULooBKgCccH
165=UCSJlpAWgBpWsDawE4AF9sCGkBOYgBgQQ352spADqMJpEJEbwVbAUnZg0pACdmDSkAJ2YN
166=KQAnZg0pACcPDSkAGigHARgAGbNLKQAuKCkANaQeaQwdpB5pATQoKQAWrJR1Ai8oKQAbqC
167=J1Ah4oKQAs52spAEvnaykAEPtpKQBKKCkATOxoAikAUAAl5RM27tYpAKRrjCalawh0DaVr
168=DWgBpWsCaAGlawZoAaVrCmgBpWsOaAGka4gtpWsEdQIykWwHaQEziAGZBhcoZQ0cKCgAJx
169=cOKQAt9wIqAFOQQAEFAQAq0UABaAGwQIgBoWcDdAKhZwxoAaFnFWgBoWceaAGhZydpATyQ
170=QJ8KPgAqs2EqAEKJAQhhBGCZ1wBpAWGJAQJoAbhpgA+4aYEPXoRrjQVfiAGNBUTv1ioARS
171=goACcNDSoo4wwqAFagRmkMV7BAaQFUuD1pASa4PWkBJygpACgoKQAlpD9gBCVcImkBVaQp
172=aQFYKCkAHWBkc2wqADooKQBRKCgAoJ4FAwUAKgAcAE58AmkBK4lvBGsBSABbeKBpARv71y
173=oAIygpACz61yoArJSRCT+dKwJ5BkCIAZEJQYkBBnUCD/ppKgAnbg4qACdtDioobQ4qKG0O
174=KihuDioAJ6kbKiibDioASihdAUsoKQBMKCkAEPt0KgAWKCkALigpAC8oKQAa4HJ4UMvdKg
175=AXrDF1GDgoKQBJuDJ1Ai0mlykqADcoKQA5+3QqAE0oKQAz53YqADDmdioAJ5UpKiVpKQl8
176=CqV2DmgBuXQHaAG5dAtoAbl0D2gBrXMFaAGtcwhoAQE0AJQTIuAnAQAqADWIAZE1NogBmD
177=IncyorAFl0QSJ8JgIrACQAQyKkJgQBACsAGwBFfEFpAVIoKACtRwF3Ag4AT+wFuUgFdAKl
178=dg1oAaV2FmgBpXYfaAGldihrAWIATyQSKSsArHOcCq1zA2AEtHCUArRwlQImrDxgBCdIGg
179=ErACUAjLV1AiegO2gBJ+sNKwAorDx1AlWoOGkBKrgyaQFTKCkAKedrKwBUKCgAJ78NKwAh
180=rCYCBQArACIoKACc2HdwKwAjhSkAYQQamCeJAVEoKwAtAEpgB2EELokBAmkBHiNoKY0FH4
181=gBlQIdhXYEYQQPlC6JARCIAY0FICgqACwAlH5tBUeJegFoAbV7A2sBPABe4Q89iAGBBEWA
182=65EJRogBlwJDAGDtBUSIAZcCOwBi9QIv8oIrALCugASwgpQNsYIFYA+xggdoAbWyCWgBJ2
183=keKyj5DysozQ8rKM8PKwA5pD94Bif6DysAJ/sPKwAXsEBhBDgoKQBJKCkAEqhDYQRMKCkA
184=TSgpABH7+CsAFbi2bQUzKCkAMueBKwAxuEhhBE4mFzorADrvfisAT+J9KwCgcpQjoHKIOK
185=ByiSIWvExxCTAoKQA36wEsAA1sLnt0LAAOKCkAWCgpAFooKQAkIzQzAgIBACwAtU8BaAG0
186=T4gBtE+IAbVPA2AEtE+UArRPlAK1TwVgBLRPiAG0T4wFtE+IAbRPiAG5fxd4Brl/IGgBuX
187=8pawFgAE239CwAYYgBnRViifMAYQRjiAGXAl4AU+0FX4gBlQJTvEFsBSfiOCwAJ1MQLAAl
188=tDlhBCooKAAnUxAsACbygiwAJw45LAAlpEF5BlKsPGkBHKA7aQErKCgAAycALAIAAIElKI
189=kBBmEEKYkBCWgBJxc6LAAwpDQCBQAsAE0oKQAjkTUAdQJPhIGJAVCJAQJ1AhGVewRpASEo
190=KQAv430sABn39CwATigpABLvcywAIigrAD8AOGQpcQlAiQEBaQFBiAGUDSeBLCwoEx4sAB
191=eoLW0FOCgpADooKQBJKCkAE/9tLAAy52ssADkoKQBKKCkAMbgyfAonkw0sAEv/bSwAGKQ0
192=YQQW628sADe4MnUCPSgpAEIoKQBFKCkASCgpADu8NnkGPigpAEMoKQBGKCgApHaIIqV2BX
193=gGpXYIaQE8KG0ORCgpAEcoKAAnvzktACWMPAMFAQAtABoj/SsCaQFOIxA0iAGlPwF0AqU/
194=A2gBpD+YBqQ/iAGkP4wFsWwYbAWxbCFoAbFsKmgBsGyMBbBsnQpk5u8tALxtgAS8bYAEvG
195=2UArxtlQIcrDx9ClIoKAAnFQ4tKLY4LQAnQQ4tKEEOLSjjOC0AG6Q/cwkrAB0iNDNpAQ2s
196=PGkBDigpAAyoOHUCHygpAC0oKQBRKCkAD6ixbQVYKCkAWSgoACUUUGEEILg9aAElQFBpAR
197=C4tmkBWigpACaIeogirX4EYAStfgdoAa1+CmkBKo0FDWgBJaAlaQEsqENpATH5fy2U/COq
198=Ji0AuLYDAwUALQAZlUQAaQFNlESJARIjvC6JATAoKwAiAFR4CWwFJ3YPLQAndg8tACd2Dy
199=0AJwtJLQA9qDh5BkMoKQBFKCkAM/94LQBCKCkAFPN3LQAVKCkAOygpABOgO30KNygpADoo
200=KQBIKCkAF+N9LQBGKCkASSgpAEuoQ3EJOOeBLQA+KCkANLREYQQ8KCkARLg9dAIn50ktAB
201=igMHQCJ286LQAyKFUANigpADkoKAAnSA905iVPVy4AG4Q0AgUBAC4ApTQBawEkAEYk2iwu
202=ALA1lAKwNYkBWCOFSAZtBVmJAQxpAVqJARJoAal6GWgBqXoiaQFdIwlJK2kBXpHlAGkBX4
203=kBAmsBYgBOfLppAWOIAZUCYCPwOo0FYYgBlQJkiAGVAmWIAZUCDKQ/ZQgNKCgAJRxRdQIf
204=KFUAICgpACEoKAAlEGBsBSWgUWgBJ30QLih9EC4oUxAuABywS20FKygpAFEoKQBSsEtgBC
205=e7SS4ADrREdQJXvEFpAR6wQGkBLCgpAAv/gy4ATigpACUk0DZtBSbngS4ATygpABEmSzAu
206=AC/kgQUuAA8AKAIAAJA1pIGQQKWBCHAJpYELaAGlgQ5pARCkSmkBUCgoALjBAwMFAC4AI4
207=1HAGkBE5V7BGkBMSgoAKF9AXUCTP/8LgAU8/suADIoKwA2AB98QW0FN4kBAmkBOIgBnQo5
208=iQEGdwI6ACbtBTuIAZgRAT8ASQEjg2MuAECJAQhtBUGJAQxoASdPIC4ANLBAdQIWvDZpAT
209=MoKQBGqDh1Ajz7fy4AQigpAEUoKQBJKCkANaw8eAYnTyAuAD24PXUCQygoACfUaCJEKyVT
210=aC4AGbw2bQVHKCkAFaAwdQI+KCgAJxsfLgBI9AICLwBNAECrei8AGoixAQIBAC/RNQFoAb
211=E1BWgBsDWJAVeIeoAErX4HYAStfg1oAa1+E2gBrX4aaAGtfiNpAV2NfixoAax+kAmtfgN0
212=Aqx+lAKsfpUCZph/lAK4f4gBuH+ABLh/lAK4f5UCC6g4fAonnh8vACf7Dy8AHiiAACcmEC
213=8AJycQLwArKIAAJchhcAknUxAvAE8ogQBOqENhBFMoKQAMtER1Ag0oKAAlTDZ1AiaoQ2kB
214=IahDaQEuKCkAUSgpAFQoKQAOtERtBVYmB04vAFD/gy8ACvGCLyjzLy8AJ7TIeQYq64UvAC
215=j/gy8AJP+DLwAwKCkAErxMeAaohY08EJWGHHUCJbBLaAEnpkEvACUMcHUCUiiAACe/Ty8A
216=TIBRAwAFAC8AGYBRiQEVI3BAiQEUJkswLwAiKCsAMgBVJHggAi8ARwDE6QFIiQECcwlDAB
217=e7fy8ARIgBlQJFiQEEYQRGiQEGaAG5igFoAbmKA2gBuYoFaAG5igdoAbiKjAW4ipEJPISM
218=gQQ9iQEKbQU+mIqMBbyOkAm9jglgBL2ODWkBQo0FEWgBJxNrLwA0oEZ1Aha0RGkBMygoAC
219=cuES8AJ1UhLyh/MS8ASSMIaoUpSqMwBQAw2H8BAwEAMNUuAWgBtC6IAbQuiAG0LogBuX8C
220=bAW5fwhoAbl/DmgBuX8UaQFeIzkuAGkBX4gBmAYkeEyVAmMoVAAk6C6VAmUoVAAk/EyUAi
221=T8TIUIZpD7lQJniAGXAlwAVHg9dQ1diAGVAlsm+2cwAAr5dDDsfgwBADAAHwAXAgAAAAEA
222=MAARAACvDgAgDSAAFwIAAAABADAALAAXAgCpAS0oKQAuKCkAMCgpAFAoKQBRKCkAUygpAF
223=QoKwAoABn9CisoKQBOKCsAGwAa4QQcKCkAHSgpAE8oKwALABztBSQoKwAhAB73Ai8AIOkB
224=UigrAAkAIfUCGigrACMAI/cCKQAk6QExKCkAVSgrABMAJeAEBA0AKAIAAAJtJg6JAQtpAQ
225=+JARRpARCJAR1pARGJASZoAQElAIAT3SsmiQEDdQIniQEGaAEBDAA5J8EEEigpAFYoKwAq
226=ADviBDQAgAAEBQAwAEwAQHQGawEXAEp4AmkBGIkBAmgBBBYATgAAAARpATOJAQBrATIAUe
227=8FRwDE5QhIiQEDYAQEQwAXAQAAAWkBRIgBlQJFiQEFdQJGiQEHaAEEPAAmAQAACGkBPYkB
228=C2gBAz4ASQEAAI0QP4kBBnUCQIkBCmkBQYkBDmkBQokBEmsBNQAbaC1rAUsAH+kBN7Q5dQ
229=I6qDhrATYAIuEEO7A1dwI4ACb0AgFJACoC1RhKiAGNEDmwKgQFADEAHAAofCAEAQAxABsA
230=LOsBHQAv6AEBTQA+AJo9MQC9KwFsBb0rA2gBvSsFaAG8K4AEvCuIAQNXAJQAAACNBViJAQ
231=ltBVmJAQ9pAVqJARVrAV4AT3QuaQFfiAGZBmKIAZEJY4gBlQJkiAGVAmWIAZUCaIgBlwJg
232=AFDxCWGIAYMEZgBR9QJniAGXAlwAVPUCXYgBlAIBWwBYAWxDAQAxAAnrejEACigpAAsoKQ
233=ATKCkAHygpACkoKQArKCgAJ7IRMQAnshExACezETEALyisACfeETEAJ7MRMQBSKIAAJ94R
234=MQAn3xExAFUogQAe8o0xACc3EjEAUChVACDsiQIxACQAHWxHYTAx+4oxABqgUXUCTigpAB
235=SsUnUCKigpAAi4U3UCEueMMQAVuFN1Agy4U2kBVigrACIAJ+APpIyAMKWMDGwFpIyURKWM
236=HnQCpYwnaQEhgVwAaAGwjZBAsY0EdAKxjQdpARmkYGkBIygpAE8oKQA2fl8AAGlkTIRgiQ
237=E0gYgEdwI1AE9oBGsBRwD66QFIiQEDdAKtfgdoAa1+C2gBrX4PaQE6430xADuoLXUCN7wr
238=aQE9pClpAUUoKQBCsCp1Aj6wKmkBQygpAEYoKAC5fwJgBLh/mRFLgSUMdAIDOAAsAgAAnR
239=U5iQEGdQI8vCBpAUToAQIyAB0AK3gcAgEAMgAa6IUCMgAbADD1Ak6BJQVgBKAliAGhJQF3
240=AlYAje0FV4kBAnQCsYIKaAGxghBoAbGCFmsBaABOt3AyAGmIAZgGqYUAYASohZUCYJh/lQ
241=JhiAGVAmaIAZUCZ4gBlQJikIKVAmOIAZUCXJCClQJdiAGVAmSIAZUCZYgBlwJbAFXlEwj9
242=bTIoqRAyKKsQMgAUKIEAFSgoACd/EDIAKihUACepEDIoXSIyKH0QMih+EDIAJzAiaK4lDS
243=MyKH4QMgAnfRAyKH0QMih/EDIAHyaDITIALSgpABO4U30rHigpACgoKAAnMiIyACcCETIA
244=J18iMgAwtFplCAe8V2kBGCgpADIoKQBPKCgAJ18iMgAWqFl5BhkoKQAzKCkADSZeIjIAqY
245=UNbAWohYxHqYUfdAKphShpARIjXSIxaAG0hplTIp1iBnQCoIiMPKCIiFmhiAhgBCe3IjIA
246=F6hkdQIxKCkAHKQTAgIAMgBMcF5uiTIAtOkDAwUAMgA2gYgEaAGhiAFoAaCIlwI/AEJwS3
247=UCQIgBlQJBiQEIdQJFoEZpAT2wuWkBQygpAD6gMHUCRigpAESstXQCvIOYEbyDnAq9gw1h
248=BDeQgoQTqIWMEKmFB2EEOoEECmkBO4gBmAYnAxEyAEKoIgIFADMAHiasIQIzABoAKXAiAg
249=EAMwAfJqwhAjMAHQAz9AK1IwVgBLWGAWgBtYYDaQFYI9EgC2gBtYYRaAG1hhdrAWoATab6
250=MwCgiIQIoIiECKCIlAKgiJQCoIiUAqCIlAKgiJQCoIiUAqCIlAKgiJQCoIiUAqCIlAKgiJ
251=QCoIiXAlsAVmw8fBUETgCTAQAABmkBB6A7aAEnWREzKFkRMyhaETMAJwciMwANKNgAJ4cR
252=MwAWKFQAJ4YRMwAnhxEzADIogQAzKCgAJ60hMygBETMoAxEzABS8THEUJCgpACkoKQAY74
253=kzAFAoKQBSKCkALu+JMwBPKCkAICYHIjMAGbBWaQwsKCkALygpAFUoKQAMtFptBSUoKQAm
254=KCkANCgpAAbzjTMAMSgqABcAIzAtZQgO54wzADUoKQAnJrYiMwCkjJxMpYwgeAaljCloAa
255=WMMmgBpYwCaAGljAdpASORjQxpAROoZGkBLSgpADAoKQAoJuczMwAcJKgmAgIAMwAbJCAg
256=aAEnhBECMwA3AFBsaHxtuYoCaAG5igVoAbmKAWgBuIqUArmKCXUCTYFRA2kBQ7A1aQFEKC
257=kAPawQdQJFKCkAPKQpdQJCKCkASbigdAKkjIgMpYwOdAK4iowQuYoIdAK5igtoAbiKjQU+
258=qCJ1AkbrATQAGPuKNAAfJosiNAAXJogiAjQAGgAtaCICAQA0ABnwjQI0ABsAMfQCrSYBYw
259=RYAIj1AlmJAQN3AlYAkvUCV4kBAnUCXoWMAGkBX4gBlQJkiAGVAmWIAZQCtJGVAmsoVACw
260=jZQCsI2NBWYjMCKVAmeIAZQCuIqUAriKlQJiIzAilQJjiAGVAmiIAZUCaYgBlwJbAFewjQ
261=I0AFoAWegBvY4HdRhPhT8KaQEG5oE0ACc2EjQAJzUSNCg1EjQoNxI0AAwo2AAnNhI0ACc3
262=EjQAJSiAACfpIzQo6SM0KDYSNAAnNxI0ADQo2QA1KCgAJwoSNAAnCxI0AAukVXUYMfuKNA
263=BTKCkAK7BWYQRUKCkAUf+ONAAO+4o0ABYoKQAmKCkAICSQLmUIBaxdaQEooHJpATb1hjTJ
264=hRh0AqmFIWgBqYUqaAGphTNpARMjXSI8aAG0hpRPtYYIdAK1hg1pAS6Z7QZrASwALiTvND
265=QALYgBmQYviAGRQDCIAZUCJ6BneQZQKCkAUigpAFUoKQAcsLkCAgA0AB2gGmkBHqAEaQFM
266=gEYCAQQANAC1hgRpATkkxCMCBQA0ADqJAQJpATiBkwRrATsAY3hpawFHANXpAUiIAYwFrJ
267=SIAa2UBmwFrZQKaQE9sEBpATygO2kBRSgpAEkoKQBCoDthBEqswGgBJ+80NABLrBt1Akao
268=vGsBQwAxcCppAUSIAQMDBQA1ABrzjTUAJygpABcmOyM1ACb/jjUAIPONNQAoKCgAJ8M0NQ
269=AZJr8jNQAfKCgAuCcBAQEANdknA2gBuScFaAGslIAErZQEdwJaAIpkKWkBW4kBAmgBpJeM
270=BaSXkAmkl5QCpJeUAqSXlAKkl5QCpJeUAqSXlQJskZgAaAywmIAEsJiABLCYlAKwmJQCsJ
271=iUArCYlAKwmJQCsJiUArCYlAKwmJQCrZQLYQ8FsEBoASe5EjUouRI1KLkSNSi5EjUoWRE1
272=KFoRNQAnWxE1ADYoXAEnFyQ1AAywYXQNJ90RNSjfETUAMiiBACrrkDUAKaBReQZUKCkACv
273=+ONQANKCkAFSgpACUoKAAnuxI1AATzjTUAUCgpADe8V2gMJ8tWNQAhpO91AlK0WmgBJOEi
274=GWgBtZEiaAG1kStoAbWRNGgBtZE9aAGpkAloAamQDmgBvI6ENLyOgVEukY0HYASokIAEqJ
275=CBBDEogQALrIltBQ4oKQAWKCkAUygoAKDVAggCADUAJ2ISNQAloFx1Ah68IGkBGCQ0SWgB
276=oJMCBQMANQC4lQUCBAA1ADsAUnRla3pJANIihFNoAbWRAWgBtJGMfrSRiAG1kQdgBLWRC2
277=gBJ/c1NQBKrDx1Aj6oOGgBJwsSNQBLtMh0AqSMlA2ljAR1AkWQjYkMRokBCnQCJ0c1NgAp
278=/442AFMoKAAnCxI2ACb3kTYAICZAJCI8NSX7RjYAUu+UNgAq45M2AFQoKQAo9pE2ALCNAg
279=IBADYAsY0FaAGxjQFoAbGNA2kBaPOCNgBpiAGYBqGIAGAEoIiUAqCIhQhtjAWFCGQjfEeN
280=BWWIAYwFpIyUAqSMlQJeI2QjlQJfiAGUAqyJlAKsiZQCJNBXlAIk0FeVAl0m+0Y2AFwmQy
281=Q2AAT6fzYAJ1kRNihZETYoWRE2KFkRNigVJDYoFSQ2KE02NigBSDYoQSQ2KDUSNig1EjYo
282=NRI2KDcSNgA3KGUCOigoACffETYABf+ONgAkKCkAIaxSYTBQKCkAUbhTdQIlrFJpASsmZy
283=M2AFUoKQALvOZhBDgoKQA5KCkAA/eRNgATKCkAIiZHNTYAIygoACdxNTYofEcBNgBXACX9
284=VzYlxSQadA2tlCNoAa2ULGgBrZQ1aAGokJQ5qJCYU6mQCGAEqJCABKiQgQQxiJCABCeHaT
285=YAG2iCBAAAAgA2AB8oKQBOrGh1AhyoImkBHigpABmkrXUCJygpABikl3UCGigpAB0oKQBN
286=vAoEAwA2AEsAKnwNBAQANgBMAC7rAUoAMugBuJUDAQUANgBImJWIAaWXA3QCJ0MkNgA+qE
287=N1AkIoKQA8JHAqdQJBKCkARigpAD+0p2AEJzNZNgBHqMd0Aq2UBWgBrZQIaQFAoBoCBQA3
288=ACH3kTcAIigpACUoKQArKCkAUu+UNwAk95E3ABcmpzY3ACP3kTcALCgpAFAoKQBVKCkAJi
289=YPWjcAGCZXNzcAIPOYNwAqKCkATygpAFQoKwBcAItoLQIBADcAXYkBAmsBWgCT9QJbiAGU
290=ArWcAWAEtZwDaAG0nJQCtJyUAryZlAK8mZQCvJmUAryZlQJuI603AHAJqJuABKibgASom5
291=QCqJuUAqiblAKom5UCbISikQltiAGIFycpNzcoERM3KBETNygREzcoYUk3KD0TNyg/EzcA
292=DrBLfRURKCgAJxlsNyjBEzcowRM3KIE3NyjtEzco7RM3KO0TNyjtEzco7xM3ADgotQE5KC
293=kAAyb7JTcABigpAAT0nAADNwAWABwCAAAAAQA3ADoAHAIAAAABEQAA8g4AIA4ANwBRAB8C
294=AAAAAQA3AA8AIOkBECgpABIoKQAvKCkAMCgpADEoKwBYACHnCC4AIusBLQAj6wFZACTrAV
295=YAJegBBAIALwIAAAxsEAEFADkn2RFXKCgACxwAKAAAAAACADcATgAr6wEbACzrAR0AL+sB
296=GQAbfAptBScoKQAouBF1AlOgD2sBGgAm7QUpKCkAH6APYwQeADt4EWsBTQAuaAwEAwA3AE
297=wAMusBRgAqaAECBAA3AEcoKQBKrAV1AkWsBWgBBEgAhwEAAABpAUmJAQFpAUu4EWsBOwBR
298=cAkEBQA3ADwAY+sBPwAXcBR3AkIAGesBPgAa6QFDKCkAPaQebQVAqC1pAUSsG2kBQawbAg
299=UAOABRsCoEAQA4ACQAKXQNaQEjvCtpAVUoKQAXqC13AhgAMO0FUigrACwAM/UCUCgoAKEa
300=AXsGXACLfDppAV2JAQNrAVoAk/UCW4gBlwJkAE1gJWEEZYkBAmkBZokBAGkBZ4gBlwJhAE
301=7tBWKIAZUCaIgBjQVpiAGXAl8AUO0FYIgBlQJqiAGNBWuIAZUCbogBlQJviAGUAgNsAFEB
302=AACBGm2IAZ8VXgBY/wpjAFrrAS0Am+kBLokBBGkXBrQ5aQEIKCkACSgpAAooKQALKCkADC
303=gpAA0oKQAOKCkADygpABAoKQARKCkAEigpABMoKQAUKCkAFSgpADAoKQAxKCkAMigpADMo
304=KQA0KCkANSgpADgoKQBYKCkABKRVcR8HKCkANigpADcoKQA5KCkAA7RaeQYvKCkAVigrAD
305=oAHHBhYQRZKCsAFgAe9QIF75Q4AFcoKQABnY4HeAapkA1pAVRgWXONOAAaqGQCAgA4AB4o
306=KQAfKCkAICgpACEoKQAoKCkAKSgpABmsaHEJJygpACLnlzgAKigpAE8oKQAbsGx5Bh2ka2
307=kBTigrAFMAHXgcdQIlvK9pASa4f2sBKwAn4QRNvAoCAwA4AEykCGkBHLCCaQFE85g4AEXz
308=mDgAQ/CYAjgASADVfCMCBAA4AEmJAQJpAUu0LmkBRrS9aQFKKCkAR6iQdQI9fgcAAGuQPA
309=BQcAFpAT+0OWkBQLAJagFCAJTTaQE+sBRoAScTEzkAF+eXOQBVvBUCAQA5ACSsJmkBVKgX
310=aQEjpB5oAaEPAWsBXABwbBBpAV2JAQJpAV6JAQRoAbSRjAW1kQN0ArSRlAK0kZQCtJGUAr
311=SRlAK0kZQCtJGVAm2BkwBxCW6IAYAPrJSMBayUjQVqiJCVAmuIAZQCoJOIAaCTkwljAFa+
312=jjkAvY4FaQwviZAJaAEnhhE5ACeGETkAJ4YROQAnhhE5ACeGETkAJ4YROQAnhhE5ACeGET
313=kAJ4YROQAnhhE5ACeGETkAJ1oROQAnWhE5ACcCETkAJ6sQOQBZ94Y5ADq03mkXVygpAAn/
314=gzkAMigpADMoKQAFpEp5BggoKQAGsEt1AhUoKQA1KCkAOKhOYQRa64U5ADu4aXUCW6hZaA
315=G1hg5qAQMAIg0jFGkBBIkBGmsBNgAxaG9pATeIAZE1B6hZdQIWKCkAOSgpAFYoKQAr44g5
316=ACwoKADM9wICADkAGaRgaQEnKCkAIqz3dQJPKCkAUP+OOQBSpIFhBCq8YmgBrdYBaQElrC
317=ZpASagqWkBU7QjaQEY+4o5ABukEwEDADkAJagmaQEdKFQA1Kd0AtSnaQEgKIEARbyOdQIa
318=sBRpASGwFGkBTigrAEYAMWR2dQJEtHtpAU20GGkBKLigaQEpvDZpAUO/gwQAOdGYAWgBsZ
319=gDaAEESgAJAQAABGsBQQCW6QFCiQEIdQJLsB9pAUekNGkBTCgpAD98EmibAjkAPgBPcAEC
320=BQA5AD2VnARpAUCkCAQFADoAFwAtYAQCAQA6AFWsG2kBGKwbaQFUoBprATMAPCL4K2gBvQ
321=oBaAG9CgVoAbCYlAKxmAN0ArCYgwRhAIj1DWKIAYMEXwCJ9QJgiAGVAmkmdyU6AGWBkwBx
322=CWaJAQJoAbiVjwVqAE+zjToAa4gBgQRnjJSZBmiIAZUCbIgBlQJtiAGXAmQAVecIYwBZ6A
323=EnCRI6KAkSOigJEjooCRI6KAkSOigJEjooCRI6KAoSOgAnkyM6AFfljDoo3xE6AArnjDoA
324=C++JOgAMKCkAOygpAFkoKQA0tGV1IzooKAAnWxE6AFrnjDoABrBAbQVWpORpARakVWkBPO
325=aMOgC5ihV0ArmKG2kBBYWMIWkBB4kBLWkBCIkBM2kBCYkBOWgBqJCIQ6mQBHUCOJWRB2kB
326=OYkBCmkBW6hZaQElrXMCdK/6ijoAJ4cROgBS+4o6ACSkdm0FI6hZaQEmKCoAUAAjzDB1Ai
327=K0WmkBTygpAFOgD3UCRWRSAwAAAwA6AMyfaAHMn2kBGrgRaQFD94Y6ACG4EXQCJYg4aQEq
328=pBNpAUa8bWkBRKSBaQFHvG1oAaF9CWgBuaACaQEovEFpASm4oGkBUSTQNmgBwJ4BBAA6AM
329=CeaAElbDppAR68IGkBSYWMAWgBsY0FaQFLlQIJaAG8jpcCLgCccGF1Ah+8mWkBTKBGaQEg
330=oEZpAU0oKQBIpBN1AjKVhgBxjT+VkQRrATAAX2QsaQExiQEBaQFAlJyJAS+ADwMCBQA7AF
331=aoFwIBADsAVbA1aQE0nQoFaAG8CogBpYwBdAKljARoAaSMlAKkjJcCYwCKbBBhBGSJAQJr
332=AV0AkvUCXogBlAK1kQNgBCc2EjsAJzYSOwCokIgMqJCMBaiQlAKokJQCqJCUAqiQlAKwH5
333=QNoTAGdw0YAJhgMGgBJxUkOygJEjsoCRI7KAoSOwAnFSQ7KAkSOygJEjsoCxI7ABbrkDsA
334=DbxMdQ01KCkAWigpAFf7ijsAWKBRbQUK74k7AFsmtyI7ABe8QWEENigpAFwoKQA+rPdgBL
335=mKHGgBuYoiaQEGgYgoaAGljC5oAaCImD2hiAh0AgEIAOwTIhQ/AQA7AAmIAZknC4kBEmEE
336=DIkBGGsBOQD87QU6iAGNBTuJAQxhBDyIAZkGPYgBmQZZvINgBMx+AQIAOwAlsDJoASc1Ej
337=sm8C91Aif/jjsARaB9dAIlHDBpASa0WmgBuX8KaQEZhT8DaQFTvG1pAVS0smkBR+uQOwAp
338=5ow7ACUoNwEDADsAJfw2aQEqrBBpASG0DWgBJfw2aQEalQ0GaQEoJCg3aQFRrDxpAVCsEG
339=kBRrw2aQElqCJoAdCjAgQAOwAeuKBpASukE2gBsY0GaAGxjQppAUydjg5pARuNEAloAa2f
340=A2gBqZABaQEftE9pAUgoKQAgsNp1Ak2gUWkBSbxMaAEk4SIDbYkcsJhpAR2gBGkBL7iVaQ
341=ExKCkAMKwbdQIyJAROAgUAPAAGdIMiq1I8AAcoKQBXoNUCAQA8AFgoKADURHUCWfOYPABE
342=sEB1AlasMWsBNAA+JHYlPACxmAJ0ArGYBWgBsJiUArCYlAKxmAFgBLGYA2gBsJiUArCYlA
343=Kkl5QCpJeUAiQwOJUCaiN0JZUCZyNgSZUCaIgBlQJriAGUAiSsN5QCuZUHYA+9VwtoAaSX
344=jAWpWQR0AidJJTwoSSU8KD0TPCgREzwoERM8KBETPCgREzwoExM8AFvymDwAJ7sSPAAQJm
345=8kPAAWKCgAJ6tHPAA1uEhlExe4SGkBXCgpADf/mTwAP6xHYQQMsGFpATi4SGgBJbBTaAGx
346=mCNoAaCTnCCgk4ElCpWRDWAErZQTaAGgk4wFoJOMBaCTjAWgk4wFoZMZeAYlVEJpAUUkgC
347=ECAgA8AFOoTmgBJbAyaQFSqE5pAVWsXWkBVKxdaQEjvFcCAwA8ACnmjDwAJ7MRPAAkvAph
348=BFAoKAAlSCV0AiVIJWkBKKByaAElWEhpASawmGkBJ6APaQFRKCkATqRrAgQAPAArrBBoAS
349=dYEQI8AE0AByRqNDwArYkLYAStiQ9rARoAmXzmaQEbiQECaQEguD1pAUkoKQAhuBF1Akoo
350=KQAqtJx0AiUsXmkBSLAUaQEzhXYAcYIvtE9qARwAJXdcPAAxqE51Ah2kSmkBMCQQYGkBLr
351=hIaQEsrDFpATKsEGkBLbcNBQA9KN0RPSjfET0Aa6AlAgEAPQBEoCVpAVm8r2kBNZEUBWkB
352=ZSPFWwBpAWaJAQJpAWMjxFuVAmSIAZUCaSMYNZQCJGQjlAIkOCOUAiQ4I5QCtHuIDCeJIj
353=0o8Q49KPEOPSjzDj0AQKwmbBAn2yE9ABG4J3UCFygpADcoKQBbsCphBFwoKAAl4E51Alqg
354=O2kBD7QuaAEnmUU9IhhVJDtEPQBg93s9AGEoKQBf4309AEGwNWUIQuN9PQBdKCkAYigpAB
355=i8NmwFrH6UI61+CHQCrX4OaAGtfhRoASRdIhpoAbh/mAa4f5gGuH+YBrh/mAa4f5gGJ/tG
356=PQA2oEZwCSdTED0AQyhVAF4oKQAQsNptBUasRwICAD0AU6xHaQFVuCdpAVeoImkBVLBWaQ
357=FYsB9pAUW0ZWgBJdxIaQEn74k9AEgmlzQ9AEkoKQAktA0CAwA9ACYkpCBpASmwmGkBRygp
358=ACjzjT0AUSgpACq06W0FSigoACX4Z3UCJeuQPQBSsBR1AkugZwEEAD0AJSxIaAElLEhpAS
359=GoF2kBIigoACc2Ej0AJZA5YQQerKppAUyBkwFoAa2UBWkBTpUCCWkBT6AwaAGp/gN0e7mV
360=AWkBHLxiaQEsqFloAScDET0AL6AadQIbuDJpAS20T2sBMACiIngraQExiAGJDDKJAQZ1Ai
361=6sEGkBM+kBPihbET4AWqQeAgEAPgBbKCkARKwxdQJcoDBoASVMK2kBWbwgawE1AEMiNC5o
362=Ab2OAWgBvY4DaAG8jpQCvI6UAryOlAK8jpQCvI6UAryOlAInsRE+KLERPiixET4osRE+KK
363=cgPgBgvCttEGEoKAAnChI+ACV8c2EEX/+OPgAP840+ABEoKQA3qGRtBWIoKQBAJAQtdQIX
364=JAQtaQFdvDZpARbzjT4AEOeMPgA2pGthBEOka2kBGbBWaAEnwjQ+AKSMnCCljAlgBKWMD2
365=gBpYwVaAGljBtoAaSMmAakjJgGpIyYBqSMmAakjJkGGLREZQg4KCkAPygoACUwZGAEJ4YR
366=PgAltEMCAgA+AFSgRgACAgA+AEcAMQAAAAACAD4AUwAzAAARAAAuDwAgCAAAAgA+AFcAFw
367=IAqwFVABnrAVgAHOsBVgAg6gFSAIAABAMAPgAlAChsAWkBKSgrAEoAKfcCUQAr6wEmADDp
368=ASooKwAkADP1AigoKwBIACN0DX8KSQAk6QFLZAUEAAAEAD4ATCgrACwAKnABdQItKCkALi
369=gpACOsEGMEKwAt7wUvADHoAQRNAAcBAAAGYQROiQEKaQFPiQEOawFQACdsEGgBAicAOycA
370=rxA0AENkCAQFAD4AGgBQ6wEcABpsBXcCGwAb6wEdAB7rAR8AIekBIKwbbwUzACX1AiK0DX
371=QCBDAAohMAAAFpATGJAQRpATKJAQdrAR4AOXgRaQEh6wE/AGlwEQYAAAEAPwBEACxwAWsB
372=XQAv6QFFoDB1Aly0LmgBBDYAPQAAAAFoAaAaiwFnAIv5BmiJAQJjBGUAk/UCZogBlQITuE
373=hhBBQoKQAVKCkAQigpAGAoKQBhKCkAYigpAA2gUXEJEigpAF+8K3UCN7wraQFAKCkAFrBW
374=dQJDKCkADqAwdQJBqFlpAWMoKQBeqE51Aji4MmkBZCgoAAQPACkCAAAEdQIQiQEIawE+AD
375=B8NmkBP4gBlAIBFwCaE2gpAQA/ABiJAQNhBBmJAQZoAQEIAOwT0QkJiQEKdQIKiQEQaQEL
376=iQEWaQEMiQEcawE5APz5BjqIAZkGO4gBmQY8iAGZBj2IAZkGEahDZQhUsGECAgA/AEewYW
377=kBSLBhaAEnJxA/AFisMXUCWSgpAFagMHUCVbQuaQFGvFdpAVqVIwRpAVuJAQhpAUq0DQID
378=AD8AUqBRaQFLoA9pAVGgUWsBSQAfcCppAVO8CmgBJ88PPwBNbE93cD8AL7CNBAQAPwAjAC
379=58AmsBIgAy6wFQANJkm3QCtXsLaAG1ew9pASqgcmkBLSgpACukP3UCLigpACi4EXcCJQCj
380=bDxpASaJAQNpASeJAQZpASS0LmkBKSgpACwoKQAdaBQEAAAFAD8ANYhviwEcAE58AnUCG5
381=mKBGsBNABi9QIfoDB1AiAoKwAzAB1sJnUCHqhZawEhACb0Aq2JAnQCrYkFaAGsiQMIBQBA
382=AF5gDHeGQABEsCoCAQBAAF2gRmsBNwA8ZCloAbEUAWgBsRQFaAGohZQCqYUDdAKohZQCqI
383=WUAieqEEAAJ6oQQAAnqhBAACeqEEAAJ34QQAAnfxBAAGOsUmgMJ38QQABg64VAAEG4U2AE
384=JycQQABk84JAAA2sJmEEFv+DQAA4tE91Ahq4PWkBPCgpAA6UWoAasIKQH7GCCW0FEYEEDW
385=gBvIOMBbyDgAS8g5QCvYMEbAW9gwdoAbGCC2gBsYIRaAGxghdoAbGCHWgBsIKMELCCmAaw
386=gpgGpIGNBUC0T3kGXygqAEkAiOgCAgBAAEi4dGkBVbh0aQFKuHRpAVS4dGkBRqAwaQFXtC
387=5oASfTIEAARaBRdQJHrGhpAVmVIwFoAamFBWgBqYUJaQFcgQQNaQFWsBRpAUywFAIDAEAA
388=UqxSaQFLvBVpAU2wFGkBU6A7aAGQaWuFQAAiuAYCBABAAC+4BmkBMLgGaQFPiYUBaAG1hg
389=NpASisG2kBKrxtaQEtsEtpASukSmkBLrhIawEpACJob2kBUaT6awEsACv0AqCIlA2hiARg
390=BKGIB2gBJwMRQAAjJtshQAA2lXAAZ3YeAEpsdmkBH4kBAmkBHYGIBGkBNfSGAkAAIABj7Q
391=UztBhhBDKwFGkBMbA1aQE0sDVoASdXIUEAXiSEJwIBAEEARLgnaQFftERpAUWkKWkBXbRE
392=aQE4nRUFaAG9FQFoAb0VA2gBvBWBBBKkSnQCJ30QQSh/EEEAPCiAACdREEEoURBBKFMQQQ
393=BkKK0AZygpABq0OWkMQigoACfXEEEADbQ5YQQVKCkAQ6A7dQILJtMgQQAMKCkAGygpAGUo
394=KQBmKCkAEazLZQg7KCkACrQudQIctC5pAT0oKQA5/45BAEAoKACpkAJsBamQBmgBqZAKaA
395=G8joAEvI6UAryOlAK8jpQuvY4IeQYWvG1pATooKQBBKCgA2PgCAgBBAFakP2gB2PhpAVWk
396=P2kBRqhkaQFXKCkAR6QpdQJYKCkASawbdAK9gwJoAb2DBmkBW5GCCmkBSLgRaQFcKCkATa
397=xSAgMAQQBSJCAgaQEqrFJpAU4oKQApJHggdQJRKCkAU7xBdQJUoDBpAUykE2kBI6RgAgQA
398=QQAxtJFpATCgD2kBJKgiaQEytA1pASKoImsBTwD8dHBpAVCJAQFpASikzmkBKygpAC+gD3
399=QCtIaNBS2BiAV0AqGIAmgBoIiUAqGICHUCLrQjaAGs9wUDBQBBACAAUWwQaQEh84JBADSw
400=H3UCNbBWaQE2vCBpATOokAIFAEIARrAfAgEAQgBHKCkAX7irdQJFqCJoASVoKWsBOABAJP
401=0gQs0QAXUCDO9zQgANKCkAESgoACdSEEIAJ1EQQihTEEIAGiitABsoKQAcKCkAOygoACcB
402=EUIoqRBCKKsQQgBlKK0AOagicRRAKCkAFbSndQJhKCkAYigpAAusXWEEYCgpAD3viUIAQi
403=gpAGakYG0FFrQuaQEXKCkAGCgpABkoKQAdKCkAOigoACdjM0IAEPuKQgAOqDh9Ch4oKQBE
404=sEt0AqGIB2gBtYYDaAG1hgtpAR+4SGkBQygpAFewYQICAEIASiSQOWkBWKRgaQFLJJA5aQ
405=FWpGBoASVsL2kBXKgXaQFdKCkAW7CjdQJevBVpAVm8FWgBsYIHaQFOvEwDAwBCAFEAI/Av
406=aAEne0FCACmgD3QCBE8AiAEAAABpAVCJAQFpAUygO2gBJ/sPQgBUpDR1Ak2sEGkBUrAfaQ
407=FVKCkAJXBpIoMhQgAnqCICBABCADIkBC1pASS8YmkBJqAlaQEooCVpAS+0RGkBMLzxaQEx
408=JOguaAG5fwJoAbl/BmkBLoWBCmkBK7gRaQEiuBF6dDcAfW0AaQEhIyQxiQE0pFV1AjUoKQ
409=A2pB51AjOsR2kBI7wKAgUAQwBgrBsCAQBDAGEoKAAluCh1AmKgGmkBSayfaQFfoDBoAbl/
410=A2gBuREBaAEnzw9DAA7pb0Moow9DABgoVQAZKCgAJ84PQwAnzg9DACfPD0MAHSitAB4oKQ
411=A6KCgAJ1EQQyhXIUMAQSiAACcDMkMARChUACdXIUMAEaxHdRgWKCkAErAqdQIXKCkADKw8
412=dQI5KCgAJ9tCQwBjKFUAFKwxbQU9/4NDAGUoKQAftGVhBEMoKQBFKCkARrhIYQQPvFdoAS
413=W4SWgBJTguaAGtfgRoAa1+DGkBEKQ/aQEVKCgAJWRPAgIAQwBYtFppAVy0I2kBXSgpAFmo
414=InUCW7wgaQFerBtpAVq8FWkBTyJcRW9zQwBQiAEDBAMAQwBMsAlpAVMoKQBUKCkATbwKYQ
415=RSsAlpAVUoKAAl1FJ1AlG4imkBS6BcaQFXtCNpAU68bWgBI5xMaXpDJoRTAgQAQwAxuF5p
416=ASiwH2kBMOp6QwAlhFN1AjKsn2gBJYRTaQErrBBpASygD2kBKaibaAG1ewdoAbV7C2kBKq
417=AwaAGpegFhcjUjmS8AaQEilXsEawE0AF1ggGkBI/P7QwA2JFQhdQInsAlpATPrAUQAY6wb
418=AgEARABJpJdpAWLwdwZEADQARgAAAAJ3AjcASWgMaAGtEAFoAa0QBWgBJx8PRAAPsDV0Ai
419=fxDkQowR5EKPEORCjxDkQo8g5EACfzDkQAHygxASAoKAAnHQ9EKMlARCjFDkQocx9EABis
420=UnkROigpABS4SHUCQygpAA3jckQAEygoACdPQUQARyhUACfPUUQAPKBccQlFKCkAEfN3RA
421=AQuFNhBBUoKQAhvEF1Aji8QWkBSKxSaAG4dJwruXQNdQJAI81RFWkBErQ5aQE5KCkAPSgp
422=AEYoKQAXJCwnbAUnHg9EACduL0QAJ0IvRAAl2CwCAgBEAE0krCxoASejD0QAXqwxdQJcsC
423=ppAVm0I2kBWrAfaQFfpB5pAWAoKQBhsB91AluwFGgBsIIBAQMARNGCBWkBUrQNaAEnUhBE
424=ACdTEEQAVSiBAFYoKQBRuBF5Ble4EWkBTLxiaQEvpGABBABEACd3D0QALvd7RAAw63pEAC
425=u8Cm0FKaQeaQEsrEdpASqsG2kBLawbaAEjSFIiv09EADOYaQMABQBEADadeARqASMAI2xl
426=aQExsEBoASUYQGkBJbQjaAEnHw9EACa0OQIFAEUASLQYAgEARQBHqBdpAUmoF2gBoQ8BaA
427=GhDwVoASebDkUAFqwbdAIn5h1FACfxDkUo8Q5FKPEORSjxDkUo8Q5FKPEORSjyDkUAJ/MO
428=RQAhKLUBIigpADgoKAAnwh5FACehD0Uowx5FAEUorQAVrDFpF0QoKQAOpD91AhDjckUAQi
429=SESHQCJ7QtAUUAPQAjlGt1AjSstWkBNygpADnj60UANaA7YQQ+KCkARigoALl0DmAEuXQW
430=awERAJ8i2FhpARKJAQNpAROJAQZpARSsPGgBJ949RQAn4y1FAFmsPAICAEUAWigpAE64tn
431=QCJaRMaAEleExpAU0kgCxpAVskqCZpAViovGgBJ0kPRShLD0UAX7wrYAQlxGZoASXwRWkB
432=XLwraQFiuCdpAUq8V2kBY7CYaQFPYMd9/EXIegMGAwBFAFGJ/gpoASdJD0UoSw9FAFK0OW
433=EEVbBsaQFWtDloAQRXACgCAAASaQEuvCACBABFACckbDppASiwH2gBBCUAlgEAAARpASaJ
434=AQhoASdnT0UAKaAadAInZE8iQDsjTGJ0AicIXyUYbWp6RQCxdwF1cDLw8CJETCVaXkUAJT
435=w/YAQnSw9GAEe8FQQBAEYAMwA/rexGKB1cRihDDkYAF6wxbAUnbQ5GKG0ORihtDkYobQ5G
436=KG0ORihtDkYobQ5GKG0ORihtDkYovQ1GKL8NRgA9KAwCJ4EsRii5HUYoQw5GADe8NnwVJ7
437=sdRgAhqDh1Ag+oLWkBNCgoACebDkYAIqw8YQQ1KCkAOCgpAD4oKQBGKCgAJyY8RgAngyxG
438=ABT/eEYAQCQIKHwKuXQPaAGtcwFoAa1zBGgBrXMHaQE27nNGACePHUYATiQUOgICAEYAXO
439=drRgBPJBA0dQJb8WxGJihjdQJevCBoASVQc2kBYChVAF2oInUCYqzWaQFKrNZpAUgkXFlp
440=AU0oKwBLAC0ioHJ1AkyJAQhpAUmoFw4CAEYAJwAqAAAAAAMARgAoABEAAPQOACAIKgAAAA
441=ADAEYAKQAnKAAEKgAxAAAAAHQCBFAABAEAAAdpAVGJAQtoAQQmAJYBAAAJaAEBUwAXAs8F
442=UgAb6wFUABzrAVYAH+sBWQAj6wFaACboAQRXACgCAAATcQlYiQEcaAEBVQA5J98KLQAoeB
443=EEBABGACwALOsBLgAw6QElmREFYQQrtA1rATIAP2AEBAUARgAjAFHpASSNBQF1Ai+8FWkB
444=MbwVawEwACBkEwIFAEcASKgiBAEARwBHAC1kCGkBSbQjaQE0iQwFaAGpDAFoAakMAmgBpR
445=MGaQEWoCVpARcoKQAYKCkAGSgpABooKQAbKCkAHCgpAB0oKQAeKCkAHygpADcoKQA4KCkA
446=OigpADsoKQA8KCkAPSgpAD4oKQBCKCkAQygpAEQoKQBFKCsAFAAZeCd5HDUoKQBBKCsAFQ
447=Aa4QQQoDBtBUagMGsBIgAd4wQgAB7pATa4MmEEOSgrABEAJOEEPygoAAMSAJ8TAACZMhOJ
448=AQh5BiGkSmkBQCgpAF2wSwICAEcAXigpAF8oKQBgKCsATwApcEBtBSeoQ2kBKCgpACmoQ3
449=cCXAAz7AW1ZQp1AmG4U2sBTgAlaBdoAQRKAC0CAAABaQFLiQEFaQFMiQEJaQFNiQENaQEq
450=rBAEAwBHAFAA/GgMaQFRiQEBaQFTqC1oAScXDkcAW7QNdQJVkWwCaQFWiQELaAG1cBRoAb
451=VwHWkBWYEEJmkBUqwmaQFaKCkALLgRBAQARwArADtkdmkBMn4SAABtaDOJZANpATC4PWgB
452=J7wNfGqQgnUCLrCCaQEvqAwCBQBIAEmoDAEBAEgA1C5pASioLWgBBDMARAAAAAJpASWVew
453=doAbUuC2gBJ74NSAAnvg1IACe+DUgAJ74NSAAnvg1IACe+DUgAJ74NSAAnvw1IADX7XkgA
454=NigoACfqDUgAJ+sNSAA5KIAAJxYOSAAnFg5IACcWDkgAJ+sNSABBKNgAJxYOSAAnFg5IAC
455=cWDkgAJxcOSABGKNkAFrxBfSAi629IAD0oKQA/KCkAEaQ0bQUf43JIABT3cEgAEutvSAAT
456=KCkAIygpAEAoKQBHKCsAIQAhbF19CjQoKQAk53ZIAEikP2EEFaQ/aQEgpEppASmwQAECAE
457=gAJxcOSABO+mlIAK1oAmAErWgGaAGtaApoAa1oDmkBKrC5AgMASAAruEhrAVAA+3hWaQFR
458=iQECaAEnfxtIAFuwKnQCJ2cNSABcuBx1Al0oKQBeKCkAXygpAFKwH20FWu/hSABgsB90Aq
459=1zA2gBrXMMaAGtcxVoAa1zHmgBrXMnaQEtqJACBABIAC4oKQAsuBx0AgQvAJUBAAAAaQEw
460=iQEEaQEygWcAcWwxpCkCBQBJACZ0IAQAAAEASQAotC5oAScWDkkAuQYBdAInZQ1JKGUNSS
461=hlDUkoZQ1JKGUNSShlDUkoZQ1JKGYNSQAnJRtJKJENSSiSDUkAJ5ENSSiRDUkokQ1JKGUN
462=SSgODUkAJw0NSSgNDUkoDQ1JKA0NSSgODUkAJw8NSQBA+2lJACTjZ0kAOigpABLvaEkAIy
463=gpADQoKQAh52tJADwoKQAT82xJAEcoKQA+uDJpLSC4SGkBJeNnSQAnvLp0AgQUAC8CAAAG
464=aQEViQEMaQEi+2lJADMoKQA9KCkAPygpAEgoKQBOJKElApSvI+gjaQFPJMwlaAEljChpAU
465=qsEGgBqW8HaAGpbwtoAalvD2kBLLhTAQMASQDQVmgB0FZpASuwVmgBoXIBaAGhcgNoAahZ
466=lAInbw5JAFzvc0kAXSgpAF4oKQBSvDYCAwBJAFsoKAAnHw9JAF+0LmAEqW8NaAGpbxZoAa
467=lvH2gBqW8oaQFaheQxaAEnyipJALNsBQQAIrAoaG8DCQUASgBIJCshAQBKKGcNSgBHqC10
468=AmEHAGlvSsUIBnUCMYV2CmgBJ/kaSiiRDUookQ1KKJENSiiRDUookQ1KKJENSiiTDUoAIK
469=AlaAwnJRtKKJENSiiTDUoAQCisACd1GkooZQ1KKGUNSihnDUoAJbQuaQwX92VKADwoKQBF
470=KCkAFvdlSgA1KCkAOygoACcPDUoAJ7w2fQo5KCkARigpADKwrmEEPygrACYAIqvSSgAz+2
471=lKAD2osW0FE41oAWgBpWsHaAGlaw1oAQEiAJQT0TUjiQEDdQIkiAGdNjT7aUoAOigpAD4o
472=KQBNvEEBAgBKACVYJ2gB3GJoAdxiaQFMtERpAU70cAFKACwAI6gldAK9YgJpAUqoLWkBS6
473=wbaQEptOlrAVAA1XC8AgMASgBRiQECaQFUoDtoASc6DUoAJzsNSgBTpDRgBCevN0oAW7gy
474=dQJetC5pAVW4lWkBVqwQaQFPqIVoAaVrF2gBpWsgaAGlayloAaVrMmgBJWgpAgMASwAUYB
475=dpZEsoohpLACLgKY0xS+PgAQBLI7w41QIouIp1Ake4J2gBJbwuaQEtpCloAaUpA2gBvXgH
476=aAEnuShLKA0NSygNDUsoDw1LACGkKXkGMigpADMoKAAn+xpLAD8oVAAnZQ1LKM0aSyhlDU
477=soZw1LADasPGkMGrgyaQEbKCkAHCgpAB0oKQAYsDVtBTjzz0sARCgpACUm9zVLADH3ZUsA
478=PigpACK0OWUINPZlSwC9Yg51AhaBZxRpAReJARpoAalkBGgBqGSTKjkA/69oSwA6iQEGYQ
479=Q7iQEMaQE8iQESaQE9iQEYaQE172hLAEUoKQBMJLQiAgIASwAruMxoASWwJ2sBLAAudEdo
480=ASeLDEsAS7BWdwJIAJF4EWkBSYkBAmgBtWUBdE+1ZQNoAQNSABUBAACJAVOJAQZ1Aly4Mm
481=kBVbQuaQFUtC5pAU+oLWkBVigpAF2sEHUCTuNnSwBNtC50ArVlGGgBtWUhaAG1ZSpoAbVl
482=M2kBW4vSPAMAYCIjxzoBAEwjhEeQYQJMAC0AK3wgdAInpwpMADHiUUwAJ9EKTCjNJUwoOR
483=hMKNEKTCg5GEwo0QpMKNEKTCjRCkwoOxhMAB6gJWwQJ2cYTAAfrCZ1AiAoKQA+uCd1AiKs
484=JmkBMygpADi4J3UCGSbHJEwAJ6QpdQIvKCgAJXxHdQIuvCtpATUoKAAnZxhMACjvXUwARS
485=goAK1dD3gGrV0VaAGtXRtpARiZXiFpARqJAS1pARuJATNpARyJATloAb1iBWgBvWIIaAG9
486=YgFoAb1iB2gBvWINaAG9YhNoAb1iGWkBHfJhTAAn8xlMAEvrx0wATKyfAgIATABKoH1rAU
487=cAJ2zhaAGlYAFpAUmFYANpASu8CmkBKvTIYNIjwD91AlGFYAFoTr1iBGgBvWIHaQFUgQQK
488=aQFViQENaQFOqE5pAU8oKQBNqEN0AifzUEwAXKA7dQJQrDFoAb1iGWgBvWIiaAG9YitoAb
489=1iNGgBvGIDPQMATQAqv4MBAE0oMwxNACnzxE0ARigoACWIOG0FRyS0OGkBIrwVaQEkKCkA
490=LygpADAoKAAnZQ1NKGYNTQAnORhNKI0zTSi9DU0oZQ1NKGUNTShlDU0oZQ1NKGcNTQAnuC
491=dlEy4oKQA/KCkAIftpTQAe72hNACUoKQAoKCkANygpAEUoKAAnwz9NADTna00AHOxoAU0A
492=HQAldiVNAKlkFngRqWQcaAGpZCJpARmRYShoAbVlLmgBtWU0awEfAJt0smkBIIkBAmgBqG
493=SIAalkCHQCqWQOaAGpZBRoAalkGmkBJqhZaQE4KCgAJ1MmTQBL98hNAEqkHgICAE0ASbgc
494=aQFIuBxpASzzYU0AW2SqIsxcAk0AVgALpsNNAKVgCGhOpWALaAGlYA5oAScGDE0AJwcMTQ
495=BNrJ9hBFAoKQBRsCp1Akwm90BNAFLyYU0AsWEaYASxYSNoAbFhLGgBsGEDNQMATgAXvBUC
496=AQBOAEekHmgBJXg2aAElIDZpAS285mkBI/ZaTgAn2wtOACUoVQAnKCgAJ9kLTijZC04o2w
497=tOADQorAAnKU1OKAUMTiiZGU4oMQxOKDEMTigxDE4oMQxOKDEMTig/P04AIuZgTgAnXwxO
498=AC+8K20bMCgpABykP3QCJzIMTgAnMwxOAB60p2EEJqhDaQEZqENoASfHJE4AGrw2dQIbKC
499=kAKiQoLHUCRiYeJU4AvWIjdAK5XgFoAbleA2gBuF6IAbleCXQCuV4PaAG5XhVoAbleG2gB
500=J2YYTgAnH1xOACnmYE4AJzMMTgBMsKMCAgBOAEu4oGkBTayfaQFJvDZpAUisiWgBJ7cMTg
501=BYsEt9TFkoKQBaKCkAVYlkAWAEtWUEaQFXlQIHaQFOsDVoASeqMU4AJ/MkTgBTtC5hBFTk
502=YAJOAFAALmTZdQJRiAEBAwMATyjzZk8ASLQYAQEATwAnBhdPACdVC08oVQtPKFcLTwAmpB
503=55BiooKAAnmSRPKFULTyhVC08oKQtPKPEkTyhVC08oVQtPKFULTyhVC08oVQtPKFULTyjz
504=JE8AMaAlZRMn/1dPACgoKQA1KCgAJx8lTwAZ4lxPACdfF08AHPdaTwAuuO19CiuoLWgBJy
505=BXIhBWy7xPABi0kWEEH6wxaQEsKCkAOONcTwAvlb0GYQQwiQEMaAG1WgRoAbVaCmgBtVoQ
506=aAG1WhZoAbVaHGkBGv9XTwAbKCkAICgpAEYoKQAdrLV5Bi0oKABw/iLwYAEATwBZJAQ4Ag
507=IATwBKrCZpAUnjXE8AS7wgdQJMrBtoAb1XBXxMvVcIaAEEWAANAQAAAmgBJ1o9TwAnb2ZP
508=AE68CmAEJ1cLTwBVvAp0AqlZAWgBqVkEaQFSlFoDBwMAUABJuHQCAQBQAEi4dGkBSuBcAl
509=AAKQA8aBt0AicpY1Ao8TpQKPE6UCjFOlAoXQxQKF0MUChfDFAAK+dgUAAsKCgAJzkjUChV
510=C1AoVQtQKFULUChVC1AoVQtQKK4WUAAntyJQADKsMXUYGawmaQEqKCkAMSgpADYoKQA04V
511=xQKNsWUAAaqDhlCBsoKQAdKCgAJ5dVUABGKFUAR7gyeQYt61lQAC6dVwF0ArVaB2gBtVoN
512=aAG1WgVoAbVaC2gBtVoRaAG1WhdoAbVaHWgBJ3U7UChWFlAAJ4kiUCPQKmQ7AQBQAE64PQ
513=ICAFAAS6SBaQFMJDw0aQFXgVEBYEasUgwDAwBQAFQAFwIAAAADAFARAADwDgAgDQBVABcC
514=AAAAAwBQAFMAGQLLAU8AHesBVgAk6AEEUAAuAgAAAm0FUYkBBWkBUokBCGgBDygAPAAAAA
515=AFAFAAJQBXAAAAAmsBJgBf9QIniAEFAQUAUQBKACl0AgIBAFEAKpkGBWsBGwAXdA1pARwo
516=KQAdKCkAHigpAB8oKQAgKCkAISgpACIoKQAjKCkANCgpAD8oKQBAKCkAQSgpAEIoKQBDKC
517=kARCgpAEYoKQBHKCkAK6QpdxhFABrjGhoAG+kBMygpADcoKwAsABzjBDgAIOkBOSgpADoo
518=KQA+KCkASCgrAC4AIfsGPQAj6QEvqDh5EUkoKwA1ACbhBDsoKAAEMAAvAgAADm0FMYkBFG
519=kBMokBGmgBBC0AOScAAABpATYoKQA8KCkATqA7BAIAUQBLAB9oDGgBAUwAkhNgQgEAUQBN
520=iQECdQJTrCYCAwBRAFQoKQBVKCkAVigpAE+wKm0FUKQeaQFRKCkAUigpAFegGmEEKHRMb1
521=JRACmdTAN1TySYU4BRpFWVAia0GGEEJ+gBAlIASgAtbAgEAQBSAEsAMesBKgA+fBl0Aiem
522=ClIAJ6YKUgAnpgpSACemClIAJ6YKUgAnpgpSACenClIALKQefQouKCgAJ9MKUgA5KFQAJ/
523=4KUgAn/gpSACf+ClIAJ/4KUgAn/gpSACenClIASCgxATi8K2EPRigpABv7U1IAKygpAD4o
524=KQA681ZSAEQoKwAvAB5kP3EJSSgpAC2kNHcCPAAn4ASpTg90AqlOFWgBqU4baQEzlU8haQ
525=E1iQEtaQE2iQEzaQE3iQE5aQE7vDZpAT0oKQBFKCgAJ3oKUgCsUgEBAgBSzVIDaQFQqCIC
526=AwBSAFEoKQBSKCgAJ9EKUijRClIoIxVSAE+0I2UIVrAfaQElZEdjUVIAKYxHBQAFAFIAIw
527=BafAJpASSJAQJpASe8eGkBKKR2aAEnewpTAEvvUlMATO9SUwArnAoBBQEAUyghClMoIwpT
528=ADi0GGAEJxsJUwA6KFQAJxkJUygZCVMoGwlTAD/rQ1MALeubUwBDKCkARygpABy8IHUNLC
529=gpAEYoKQAu4UZTKO8IUwBIKFUAN7wgZQg7vCBrAUoAJa9HUwAw+khTAK1HFmAErUccaAGt
530=RyJpATSVRChoAblILmgBuUg0aQEv9kRTACc+E1MAJxsJUwA+KIAAJ0cJUwBJKFUATrgyAg
531=IAUwBPuDJpAU28FWgBJ0YJUwAnRglTACdFCVMoRwlTAFCgJQIDAFMAVflIU7CrekhTAKiQ
532=BQMFAFMAHwBWu0hTACCJAQJ0ArFLAWsBIQBg4QQiiAGVAiewNWEEKKgMaQEluHRpASSgMG
533=sBJgAidC4CBQBUAEy0EAQBAFQALQA9dMFoASftE1QoyQlUKMkJVCjlElQoywlUADv1T1Qo
534=ERNUKPcJVABK605UAD+8FXUNLrQjaAEnCx1UAEQk4CJ1AkKgGmkBSLzQaQE8rBtpAT0oKA
535=AnNx1UADGkHmEENCgpADL3T1QANSgpAEsoKQAvpM55BkYjQSQAaQFHiQEDaAGhUSNpATDi
536=RlQAJwsdVABDKFQAJ3EJVChzCVQAT/NLVABQ80tUAE28IAICAFQATrgRaAEncQlUKHMJVA
537=BRpCkCAwBUAFS0I2kBLIk4AGA7uUgBawErAGGgRgJUACoAYukBJLA1YQQluHRpASCgJWkB
538=IygpACG4EXUCKaRgaQEiuBxoASc+E1QAJ7sdVAAo4wRVAEykHgIBAFUATaQeaQEwmfgCaA
539=Enjx1VADKkE3QCJ7McVQA1KFQAJ8ETVSj1CVUo9wlVADworQA9KCkASigoACeHHFUAQKQp
540=dQ1E71JVADGsMXUCPrQjaQFBKCkASygpAEOgJWEESSgpADOwbHUCNrgnaQFFKCgAsUsBdA
541=KxSwRpAUidTAdpATe4J2kBPygpAEIoKQBQsHcCAgBVAE60GGkBT6gMaAEn7QhVKMMIVQBT
542=40ZVAC+AMAUABQBVAB8AWyIUJGsBLQBet0RVAC6JAQF1AiztR1UmvCN0AiU4LmkBJbwraQ
543=EpKCkAIKQTdQIkvCtpASKkdmkBKKwmaQEmqBdpASooKAAnRwlVACuwHwIFAFYATbAfAgEA
544=VgAxlRgFaAEnlwhWADasEHQCJ7EcVijlElYo7QhWKO0IVijuCFYAJ+8IVgA+KDABJ2EdVi
545=hqE1YAJ3MJVgBLKK0ANLAfbRBJ50pWAEPvR1YAMvecVgBFKCkAN7QjeQY/KCkAQigpAEy0
546=I2AEuUgCaAG4SJwguUgIdQIzrCZpAUQoKAAn7QhWKO8IVgBPpBMCAgBWAFG8FQIDAFYAUu
547=JGVgCldgNgMKBGiAEl/Ct0AiX8K2kBKLwgaAEnPwhWACooVAAnawhWACbrQ1YAJaAPeQYj
548=uBFpASewH2kBLeNGVgArvCB1Ai4oKQAkuBx1AiwoKAAlTyAFAFco7AgKVwAxAJMBAAAGAQ
549=BXACexEVcosRFXKBsJVwA3qBdsBSdFCVcoRQlXKEUJVyhFCVcoRQlXKEUJVyhGCVcAJ/Ev
550=VyjdHFcocQlXKNUmVyjxL1conQlXKGMdVwAyuCdxFEW4J2kBTCgpADOkKXUCRCgpAEewKn
551=UCSKQpaQFGuCdoASdtJFcjnD9shQEAVwBQv7oCAFcoGQlXKBsJVwAwnSsDdC4nlQhXJpQ0
552=dAInlghXACeVCFcolwhXAC20Lm0FK/dEVwAuKCkAIKQeYQQnKCgAJ+8IVwAsuBxgBND7aw
553=EkAIsiHDtpASWJAQRpASaIAQEIBQBYKJUIWNREAwcBAFgAMoEaCmgBJ8EIWCjBCFgowQhY
554=KMEIWCjxJFgowQhYKMEIWCjBCFgowQhYKMEIWCjBCFgowQhYKMEIWCjDCFgARawmcBQniT
555=hYKIk4WCi5ElgoGwlYAEKwKngGJx4wWAAnWhxYACe2Q1gAJ0cJWABJvCt5Bkb33lgAT7AJ
556=AgIAWABOuDJpAVAkdCVpAS+EKQEBBABY1UQEaAEnARFYKD8IWAAooKl5MiwoKQAhvAp0Ai
557=e7B1gALaxddQIqpJdoAbk9AWgBuT0FaAG5PQlpASeFPw1oASebGVgALqRgAgUAWQBEcOIi
558=vEQCWQBOACpwAQIBAFkATygpAE2wYXQCtUQLaAEnSRpZKGkIWShpCFkoPQhZKD0IWSg9CF
559=koPQhZKD0IWSg9CFkoPQhZKD0IWSi7B1kASf1BWSjlB1ko5gdZACejGlkAR7wraRc4qDho
560=ASfpI1ko5wdZAEUmOi5ZACeaGVkAJ4kiWSgqLFkAJy0RWdhpAQgCAFnEPwMFAwBZACskYC
561=gEBABZACoAMnwraAG1RAJoASclEFkoPwhZACLyQFkAJWw6cDUnPwhZACnyQFkAJ5IYWQC9
562=QQJsBb1BBmgBvUEKaAG8QQEOBQBaKOcHWgBNfBJzQFoATigrADIAK3MBAQBaKBUZWihREF
563=oo5QdaKI0HWiiNB1oojQdaKI0HWiiNB1oojQdaKI0HWijND1ooLUhaKOUHWijlB1oo5Qda
564=KOcHWgA5uCdoFydLD1oAN6wmdQIzJvtRWgBGKCkAQvPEWgA4qGRsBSfmM1oAJ+czWgAxtC
565=MCAgBaADCoAQIDAFoAL6gBAgQAWgAroGdrASoALmQpaQEs/0FaACn/QVoALbhTeTIusBRp
566=ASOgUWkBKCgoAK08A3QCrTwHaAGtPAtoAaw8Aw8FAFsARXgOYTtbKIwHAlsAMwAvfAIEAQ
567=BbADIAM+gBJ6E7WyjdBlso3QZbKN0GWyixBlsosQZbKEUfWyixBlsosQZbKLEGWyizBlsA
568=OrAfeBEnmw5bADX5dFsoWz1bADTjO1sANqSieAYnjwdbAEPrOFsAOCbyRVsAJ9cxWwA54j
569=tbACflKFsoHQ9bKGEHWyhjB1sALCRkLgIEAFsAKfc5WwAvKCkAKPc5WwAuKCkAKrBLeAYl
570=WCdpAS32OVsAJzNDWwAkrAV8NifNMFso6DkBXAA0ACO0WAIBAFwAOCgrADcALKs4XAA14z
571=tcADkoKQAz7TxcKG0OXCiNB1woCQdcKAkHXCjpDVwoNQdcKDUHXCg1B1woNQdcKDcHXAA9
572=6ThcKAdOXABA6jhcACcXOlwATLhebRs2tCNoAScvJ1wARf/xXABGKCgAJw85XAAypB4CAg
573=BcADGkHmkBMKQ0AgMAXAAvuDJpASm4JwIEAFwALajdaQEs53ZcAC64BnUCKrwKaQEovApp
574=ASuwFGkBJrzQAQUAXAAnmy9cACegUQIFAF0AQ3wzd3BdADagDwIBAF0AOaiFawE3ADBoBG
575=kBNagMaAEnviNdACcdZ10oWQZdKFkGXShZBl0oWwZdAD7na10ARCgpADv7Ml0AOu8xXQBB
576=KCkAQudrXQA8+zJdAEsoKQA/rBtwFCf7UV0AQOZrXQDIxwICAF0AMyQMLmkBNLgGaQE4JM
577=RFaAHIpgIDAF0AMKRgaQExJEglaQEqoCUCBABdACy4BmkBLigoACVkI3QCJfhnaQEn+zJd
578=ACasG20xKKxHaQEpuBECBQBeADr7Ml4AO7g9AgEAXgA57jFeACdNbV4oGSpeKC0GXigtBl
579=4oLwZeAEL3Ll4APvcuXgBGKCkAP/MqXgBKKCkAQ7AUbBAnnWxeKNFXXiirBV4AQfcuXgAy
580=sFYCAgBeADGsXWkBNLQNaAElpCtpATi0DWkBNrQNaAEljD5pATUk0CtpATCoIgIDAF4AL6
581=giaQErtAICBABeACq0AmgBJbQiaAHE2WkBLbAJaAEnajReACdjM14AKahOAgUAXwBBaGEE
582=AAABAF8ARigpAD3nNF8APigpAD8oKQA7tER5Bjznol8AQLAUdAInCQdfKLEGXyhhKF8ojx
583=JfAEKgRngGJ745XwAnq2hfADOjDwIAX/SyaQE5KFQAJ3sgXwAyuBFhBDgoKADMtXUCOrAU
584=aQE2oA9oASW0ImgBJ4MhXwAsqAwCBABfAC0oKQAuKCkAL7AJYQQr+TJfKNcxXwAoqAxpLS
585=qzbAUAYCjXBWAAQvUuYCjnEmAAQP8rYAA3JAwjAgEAYAA2vExpATu0DWsBPAA0bAhoAScR
586=E2AotQxgKAMGYABEuBFsBQ9GACQCAAAAAQBgAD0AKAAAAAARAABWBRwLCAIAYAA+ACgAAA
587=AAawE4ACnrATUAK+kBOigrAD8AL/cCMgAw6wExADPpATCsBQgDAGAAMwAjAgAAAGsBNAAm
588=6wE5ACfpAS+sBQIEAGAAK6wQAgUAYAAsKCkALSgrACoALGgMYQQurBBrASkAH3AJAgUAYQ
589=BCeAMEAAABAGEAQygpAEQoKQBBuAZhBDeoF2kBNqgXaQFAKCsARwAXfAp3AkUAG+sBRgAe
590=6QE7pBMEAgBhADkAKnAMaQE/oBprATgALfcCNQAu6QE8oA9jBDQAMvcCOgA56QExvAoCAw
591=BhADIoKQAzqBd1AjCwFGkBPfwrAmEAPgAkZBN0AidTBWEAKrQ5dSMupBNrASwAIGwFAgYA
592=YQArpAhpAS2kCAEGAGIAJ88EYgBFfBJzKmIARigpAEKkEwIBAGIAQ6QTawFBADdoBGkBNa
593=AEAgIAYgA2KCkANygpADgoKQA5KCkAQCgpADrjJWIANKQecQk/KCkAPKwFAgMAYgAzrBtp
594=ATu0RGkBPaQTaQE+tERpATC4BgEEAGIAyC1pATKsBWkBL6gMaAEnzAQCYgArADFsGwQFAG
595=IALAAZuCcCYgAtABypAWMoowRjAESwCQIBAGMAQ7AJaQFCtAICAgBjAEG0AmkBOHQKa2Rj
596=ADSkEwEDAGMA2CdoAdgnaQE6KIEAPigpADnnHmMAN6gMbAXYdGkBO6QpaQEzoA9pAT0oKw
597=BAACV0GHUCPLgRAgQAYwAysCpoAcwmAQUAYwAnSwRjAC+gD3UCMaAPaQEstGUCBgBjAC20
598=ZQIGAGQARLMJAQBk7HMCAgBkAEK0AmgB3EEBAwBkAMxoaQE56xdkADf/FWQAQKgMYQRBsF
599=ZpATOrIgQAZOQpaAHEKWgBxHZoAcxHaQE9KNkAOqAadQI2oBppAT4oKQAyrBB1Ai/na2QA
600=Lbh/AgUAZAAxoBppAS6sfmkBMKOeBgBlKPMDZQBCsAkCAgBlAECoDAEDAGUAwFxpAUHzVm
601=UAOrQNAgQAZQA2qAxpAT4oKwA4ACJoOHUCN6h6aQE5sK5oAYCQBAAABQBlADD/FWUAL6yU
602=dQIx/xVlADO8g3UCPCgrADIAIWgMdQI7KCkANKAPdQI9rDFpATWjDwUAZvSyAgMAZgBBqC
603=1oAcStaAHQggIEAGYANaQTaAHUWmkBOLQjaAHUWmgB3INoAcCpaQE+sCppATasqmkBMrC5
604=eRE8KCkAO7hIdQIzvHhpAT0oKQAw8x9mADEoKQAvvCsCBQBnAEH1ZWfndgQAZ/Q5aQE2vF
605=doAchZaAHcmWkBOP0VZ+Q/dQIx8hRnACfrAmcAPShVADyokG0QMPYYZwAnFQNn+MFhBDq0
606=e2kBN6BRaAECOwA5JwB/QWgAQPlIaCi3AWgAM/cNaAA1KCkAOigoACclBWgoZwJoAD4ogQ
607=Ax5xNoADT7J2gAOygpADnnKWgANu9HaAA/KCkANyiRAjjpAWkoZwJpADT1DWkokwJpADYo
608=VQA7KCgAJ70CaSi9AmkovwJpADL/FWkAOigpAD+wmAIFAGkAN+sXaQA48xRpADnlE2ooOQ
609=JqKDkCaig7AmoAN/sRagA4KCgAJ2UCaihnAmoAO+88agAz+xFqAD77EWoAOe8QagA67RBr
610=KOEBayjhAWso4QFrKOMBawA57hBrACeiBGsAJzsCawA04w9rAD3jD2sAOv0gbCiJAWwoiQ
611=FsKIkBbCiKAWwAJ+0IbCi3AWwANesMbAA86QxtKDEBbSgxAW0oMQFtKDMBbQA25whtADvl
612=CG4o2QBuKNsAbgA37wVuADrvBW8AOPQCDG8AOQAeAgAAAAUAAAAAABEAAA==

[Lighting]
Red=0.970000
Blue=0.830000
Green=0.900000
Level=0.010000
Ground=0.000000
IonRed=1.000000
Ambient=0.820000
IonBlue=1.000000
IonGreen=1.000000
IonLevel=0.032000
IonGround=0.000000
IonAmbient=1.000000

[Map]
Size=0,0,56,56
Theater=TEMPERATE
LocalSize=2,4,52,46

[Neutral]
IQ=5
Edge=North
Side=Neutral
Color=Grey
Allies=Neutral,GDI,Fatso
Credits=0
ActsLike=0
NodeCount=0
TechLevel=10
PercentBuilt=100
PlayerControl=no

[Nod]
IQ=0
Edge=North
Side=Nod
Color=DarkRed
Allies=Nod
Credits=0
ActsLike=1
NodeCount=0
TechLevel=10
PercentBuilt=100
PlayerControl=yes

[TDNOD]
IQ=0
Edge=North
Side=Nod
Color=DarkRed
Allies=TDNOD
Credits=0
ActsLike=1
NodeCount=0
TechLevel=10
PercentBuilt=100
PlayerControl=yes

[NodA]
IQ=5
Edge=North
Side=NodA
Color=DarkRed
Allies=NodA
Credits=0
ActsLike=0
NodeCount=0
TechLevel=10
PercentBuilt=100
PlayerControl=no

[NodB]
IQ=5
Edge=North
Side=NodB
Color=DarkRed
Allies=NodB
Credits=0
ActsLike=0
NodeCount=0
TechLevel=10
PercentBuilt=100
PlayerControl=no

[OverlayDataPack]
0=BQAAIP4AIACABQAAIP4AIACABQAAIP4AIACABQAAIP4AIACABQAAIP4AIACABQAAIP4AIA
1=CABQAAIP4AIACABQAAIP4AIACABQAAIP4AIACABQAAIP4AIACABQAAIP4AIACABQAAIP4A
2=IACABQAAIP4AIACABQAAIP4AIACABQAAIP4AIACABQAAIP4AIACABQAAIP4AIACABQAAIP
3=4AIACABQAAIP4AIACABQAAIP4AIACABQAAIP4AIACABQAAIP4AIACABQAAIP4AIACABQAA
4=IP4AIACABQAAIP4AIACABQAAIP4AIACABQAAIP4AIACABQAAIP4AIACABQAAIP4AIACABQ
5=AAIP4AIACABQAAIP4AIACABQAAIP4AIACA

[OverlayPack]
0=GAAAIP44Ev+Bq/79Af+Cqar+/gH/gaj+yQn/gBEAACD+KBj/gar+BQL/gan+0QX/gFEAAC
1=D+Jgb/gav+LgD/gar+zAH/gaj+GgL/gaj+7QP/gav+8AP/gar+FwL/gar+IQD/gaj+xgP/
2=gan+/gH//gQAuf7/Af+Buf4AAv+DrP+r/t0B/4BZAAAg/iAE/4Go/hIC/4Gs/uIB/4G5/g
3=kA/4G5/vUB/4G5/gkA/4G5/hcA/4Gr/t0B/4G5/vUD/4Gp/gYA/4Gq/jQE/4Gr/sUD/4Go
4=/lcA/4Gp/u8B/4Gq/qkF/4A4AAAg/hUA/4Gs/hIA/4IYGP7nAf+Bq/5ADP+BrP7sC/+Bqf
5=7kAf+Br/4bAP+BqP7iAf+Dsa2u/toB/4AmAAAg/iUA/4Gv/g0C/4Gq/vIF/4Sz//+s/v0H
6=/4Go/hEC/4Gr/sYN/4AFAAAg/gAg/4AFAAAg/gAg/4AFAAAg/gAg/4AFAAAg/gAg/4AFAA
7=Ag/gAg/4AFAAAg/gAg/4AFAAAg/gAg/4AFAAAg/gAg/4AFAAAg/gAg/4AFAAAg/gAg/4AF
8=AAAg/gAg/4AFAAAg/gAg/4AFAAAg/gAg/4AFAAAg/gAg/4AFAAAg/gAg/4AFAAAg/gAg/4
9=AFAAAg/gAg/4AFAAAg/gAg/4AFAAAg/gAg/4AFAAAg/gAg/4AFAAAg/gAg/4AFAAAg/gAg
10=/4AFAAAg/gAg/4AFAAAg/gAg/4AFAAAg/gAg/4AFAAAg/gAg/4A=

[ScriptTypes]
0=01000011
1=01000023

[Special]
IQ=5
Edge=North
Side=Special
Color=Grey
Allies=Special
Credits=0
ActsLike=0
NodeCount=0
TechLevel=10
PercentBuilt=100
PlayerControl=no

[SpecialFlags]
Inert=no
FogOfWar=no
IonStorms=no
MCVDeploy=no
Meteorites=no
Visceroids=yes
FixedAlliance=no
TiberiumGrows=yes
InitialVeteran=no
HarvesterImmune=no
TiberiumSpreads=yes
TiberiumExplosive=no
DestroyableBridges=yes

[Structures]
0=Neutral,JUNKHOB,256,31,57,64,None,1,0,1,0,0,None,None,None,0,0
1=Neutral,JUNKHOB,256,33,57,64,None,1,0,1,0,0,None,None,None,0,0
2=Neutral,FARMHOUS,256,25,67,64,None,1,0,1,0,0,None,None,None,0,0
3=Neutral,GSIL,256,20,67,64,None,1,0,1,0,0,None,None,None,0,0
4=Neutral,GSIL,256,20,69,64,None,1,0,1,0,0,None,None,None,0,0
5=Neutral,GSIL,256,18,68,64,None,1,0,1,0,0,None,None,None,0,0
6=Neutral,GSIL,256,20,71,64,None,1,0,1,0,0,None,None,None,0,0
7=Neutral,BARNA,256,22,73,64,None,1,0,1,0,0,None,None,None,0,0
8=Neutral,GSIL,256,18,70,64,None,1,0,1,0,0,None,None,None,0,0
17=Neutral,ROCK001,256,29,58,64,None,1,0,1,0,0,None,None,None,0,0
22=Neutral,CABHUT,256,37,66,64,None,1,0,1,0,0,None,None,None,0,0
23=Neutral,CABHUT,256,44,62,64,None,1,0,1,0,0,None,None,None,0,0
24=Neutral,CITY22,256,26,60,64,None,1,0,1,0,0,None,None,None,0,0
35=Neutral,INBLULMP,256,51,98,64,None,1,0,1,0,0,None,None,None,0,0
36=Neutral,NEGLAMP,256,64,42,64,None,1,0,1,0,0,None,None,None,0,0
37=Neutral,NEGLAMP,256,100,52,64,None,1,0,1,0,0,None,None,None,0,0
38=Neutral,NEGLAMP,256,72,85,64,None,1,0,1,0,0,None,None,None,0,0
39=Neutral,NEGLAMP,256,41,78,64,None,1,0,1,0,0,None,None,None,0,0
40=Neutral,NEGLAMP,256,79,59,64,None,1,0,1,0,0,None,None,None,0,0
41=Neutral,NEGLAMP,256,56,4,64,None,1,0,1,0,0,None,None,None,0,0
42=Neutral,NEGLAMP,256,35,24,64,None,1,0,1,0,0,None,None,None,0,0
43=Neutral,TDCIV01,256,31,66,64,None,1,0,1,0,0,None,None,None,0,0
44=Neutral,TDCIV01,256,34,61,64,None,1,0,1,0,0,None,None,None,0,0
45=Neutral,TDCIV02,256,33,67,64,None,1,0,1,0,0,None,None,None,0,0
46=Neutral,TDCIV03,256,36,62,64,None,1,0,1,0,0,None,None,None,0,0
47=Neutral,TDCIV03,256,30,68,64,None,1,0,1,0,0,None,None,None,0,0
48=Neutral,TDCIV04,256,29,66,64,None,1,0,1,0,0,None,None,None,0,0
49=Neutral,TDCIV05,256,32,69,64,None,1,0,1,0,0,None,None,None,0,0
50=Neutral,TDCIV03,256,34,69,64,None,1,0,1,0,0,None,None,None,0,0

[TMF]
IQ=5
Edge=North
Side=TMF
Color=Green
Allies=TMF
Credits=0
ActsLike=0
NodeCount=0
TechLevel=10
PercentBuilt=100
PlayerControl=no

[Tags]
01000001=0,_Win 2 1,01000000
01000003=0,_Lose 1,01000002
01000005=0,Reveal Village 1,01000004
01000007=0,Objective 1 1,01000006
01000009=2,Objective 1 Repeat 1,01000008
01000014=0,Militant Reinforcements 1 1,01000013
01000016=0,Militant Reinforcements 2 1,01000015
01000018=0,_Start 1,01000017
01000020=0,_Win 1 1,01000019

[TaskForces]
0=01000010
1=01000021
2=01000022

[TeamTypes]
0=01000012
1=01000024
2=01000025

[Terrain]
15067=BUTREE01
16065=BUTREE01
16066=BUTREE03
18067=BUTREE02
19049=TREEAS01
19069=BUTREE04
21051=TREEAS06
22050=TREEAS03
24051=TREEAS07
29059=TREEAS07
29072=TREEAS01
29076=TREEAS03
30036=BUTREE01
30037=LTREE07
31037=BUTREE01
31042=TREEAS03
32063=TREEAS03
32076=TREEAS04
34036=TREEAS01
34039=TREEAS04
35030=BUTREE06
36027=BUTREE01
36031=BUTREE05
37028=TREEBR03
37032=TREEBR03
37039=TREEAS06
38033=BUTREE01
39028=BUTREE04
39029=CLIFBS06
39068=TREEAS06
40027=TREEAS04
40035=BUTREE05
41035=LTREE07
42027=TREEAS01
42029=BUTREE03
43027=TREEAS03
43028=TREEAS06
43035=BUTREE06
43048=TREEAS01
43064=TREEAS03
44031=LTREE07
44051=TREEAS06
45032=TREEAS03
45089=TREEAS06
45094=TREEAS03
46050=TREEAS07
47033=TREEAS01
47061=TREEAS01
47066=TREEAS04
48032=BUTREE09
48034=BUTREE01
48037=BUTREE05
48071=TREEAS01
49034=CLIFBS03
49037=BUTREE04
50020=BUTREE09
50034=CLIFBS09
50037=BUTREE03
51032=BUTREE04
52016=TREEAS01
52032=BUTREE01
52096=TREEAS01
53039=BUTREE03
53044=TREEAS03
54032=TREEAS04
54066=TREEAS07
55022=TREEAS07
55032=TREEAS01
55034=TREEAS06
55073=TREEAS03
56024=TREEAS06
56031=CLIFBS10
56037=CLIFBS10
56106=TREEAS07
57014=TREEAS07
57015=TREEAS01
57028=LTREE07
57036=TREEAS03
57042=BUTREE02
58037=BUTREE02
58042=BUTREE01
58043=BUTREE03
60021=TREEAS03
60043=BUTREE06
60091=TREEAS01
60103=TREEAS04
61011=TREEAS03
61037=BUTREE03
61045=TREEAS06
61051=TREEAS01
61069=TREEAS07
62011=TREEAS07
62014=BUTREE09
63011=TREEAS06
65076=TREEAS01
67029=TREEAS04
68039=CLIFBS08
69030=TREEAS03
69086=BUTREE04
70043=BUTREE04
70049=TREEAS07
70085=BUTREE01
70086=BUTREE03
71029=BUTREE06
71030=BUTREE01
71033=BUTREE05
71034=BUTREE04
71043=BUTREE03
72029=CLIFBS01
72031=CLIFBS02
72037=BUTREE03
73025=BUTREE02
73026=CLIFBS10
73087=BUTREE01
73089=TREEAS04
74026=CLIFBS09
75025=BUTREE04
75036=BUTREE02
76025=BUTREE03
76080=TREEAS04
77036=BUTREE01
78026=LTREE07
78032=LTREE07
78033=BUTREE06
78046=BUTREE02
78047=BUTREE01
79046=BUTREE03
80031=BUTREE05
82033=TREEAS03
82044=TREEAS06
82049=TREEAS01
83032=TREEAS06
83033=BUTREE01
84033=TREEAS01
85034=BUTREE03
86041=TREEAS03
86046=TREEAS07
88049=BUTREE01
88053=BUTREE02
88058=TREEAS07
91040=BUTREE06
91044=BUTREE03
91057=BUTREE03
94064=TREEAS03
97064=TREEAS06
98061=TREEAS01
62037=STLITE03
62032=STLITE03
62026=STLITE03

[Triggers]
01000000=GDI,<none>,_Win 2,1,1,1,1,0
01000002=GDI,<none>,_Lose,0,1,1,1,0
01000004=GDI,<none>,Reveal Village,0,1,1,1,0
01000006=GDI,<none>,Objective 1,0,1,1,1,0
01000008=GDI,<none>,Objective 1 Repeat,0,1,1,1,0
01000013=GDI,<none>,Militant Reinforcements 1,0,1,1,1,0
01000015=GDI,<none>,Militant Reinforcements 2,0,1,1,1,0
01000017=GDI,<none>,_Start,0,1,1,1,0
01000019=GDI,<none>,_Win 1,0,1,1,1,0

[Units]
0=TDNOD,BGGY,256,56,16,96,Guard,None,0,-1,0,-1,1,0
1=TDNOD,BGGY,256,57,15,96,Guard,None,0,-1,0,-1,1,0
2=GDI,TDJEP,256,19,54,96,Area Guard,None,0,-1,0,-1,1,0
3=Neutral,CAR9,256,28,68,128,Sleep,None,0,-1,0,-1,1,0
4=GDI,TDJEP,256,69,69,32,Area Guard,None,0,-1,0,-1,1,0

[Waypoints]
0=62032
1=68032
2=68027
3=62027
4=10050
5=18058
98=16057
99=16058

[Digest]
1=W5QQACGQP5RkYUoK6YcCKj/nyGc=

