[Basic]
Win=N_LOGO_L
Lose=GDI_LOGO
Name=Nod Mission 02: Invasion of Egypt
Theme=KLEPACKI
Player=TDNOD
Percent=0
GameMode=custom
HomeCell=98
InitTime=10000
Official=yes
EndOfGame=no
FreeRadar=yes
MaxPlayer=2
MinPlayer=2
SkipScore=no
TrainCrate=no
TruckCrate=no
AltHomeCell=99
OneTimeOnly=no
CarryOverCap=0
NewINIFormat=4
NextScenario=Maps\Missions\ntd3.map
SkipMapSelect=yes
CarryOverMoney=0.000000
AltNextScenario=
MultiplayerOnly=0
IceGrowthEnabled=yes
VeinGrowthEnabled=yes
TiberiumGrowthEnabled=no
IgnoreGlobalAITriggers=no
TiberiumDeathToVisceroid=no

[1TNK]
Name=Лёгкий Танк;Light Tank
TechLevel=3

[2TNK]
Name=Средний Танк;Medium Tank
TechLevel=3

[4TNK]
Name=Танк Мамонт;Mammoth Tank
TechLevel=7
BuildLimit=5

[AI]
BuildAA=GAAGT,NASAMS
BuildTech=NATECH,GATECH
BuildConst=GACNST
BuildPower=NAPOWR,GAPOWR,NAAPWR
BuildRadar=GARADR,NARADR
BuildDefense=GAAGT,NAOBEL
BuildHelipad=GAHPAD,NAHPAD
BuildWeapons=GAWEAP,NAWEAP
BuildBarracks=NAHAND,GAPILE
BuildPDefense=GAAGT,NAOBEL
BuildRefinery=NAREFN,GAREFN

[APACHE]
TechLevel=11

[AudioVisual]
UnloadingHarvester=TDHORV

[BGGY]
Name=Багги;Attack Buggy
TechLevel=2

[CHAMSPY]
Strength=60
TechLevel=11

[COMMGDI]
Name=Командос;Commando
TechLevel=6
BuildLimit=1
Prerequisite=GAPILE,GATECH

[CYBORG]
TechLevel=11

[CYC2]
TechLevel=11

[CYCCANN]
TechLevel=11

[REAPER]
TechLevel=11

[DETHBED]
TechLevel=11
CrateGoodie=no

[DTRCKTIB]
TechLevel=11
CrateGoodie=no

[DTRUCK]
TechLevel=11
CrateGoodie=no

[E1]
Strength=60
TechLevel=1

[E1NOD]
Strength=60
TechLevel=1

[E2]
Strength=60
TechLevel=2
CollateralDamageCoefficient=.23

[E3]
Strength=60
TechLevel=2

[E4]
TechLevel=11

[ENGINERG]
Strength=50
TechLevel=3

[ENGINERN]
Cost=500
Name=Инженер;Engineer
Sight=4
Speed=4
Strength=50
VoiceDie=NENDIEA,NENDIEB
TechLevel=1
VoiceMove=NENMA,NENMB,NENMC,NENMD
VoiceAttack=NENMA,NENMB,NENMC,NENMD
VoiceSelect=NENSA,NENSB,NENSC,NENSD
VehicleThief=no
VoiceFeedback=NENFA

[FTNK]
TechLevel=11
CrateGoodie=no

[GACNST]
Owner=GDI,Nod
UndeploysInto=TDMCV

[GAFIRE]
Prerequisite=CABHUT

[GAFSDF]
Prerequisite=CABHUT

[GAPULS]
Prerequisite=CABHUT

[GARADR]
SuperWeapon=none

[GARTWR]
TechLevel=11

[GASTWRF1]
TechLevel=11

[GASTWRF2]
TechLevel=11

[GASTWRF3]
TechLevel=11

[GASTWRU1]
TechLevel=11

[GASTWRU2]
TechLevel=11

[GASTWRU3]
TechLevel=11

[GARTWRUP]
TechLevel=11

[GASTWR]
TechLevel=11

[GASTWRUP]
TechLevel=11

[GAVTWR]
TechLevel=11

[GAVTWRUP]
TechLevel=11

[GAREFN]
Cost=2000
FreeUnit=TDHARV

[GHOST]
TechLevel=11

[GHV]
TechLevel=11
CrateGoodie=no

[GOLIA]
TechLevel=11
CrateGoodie=no

[GREPAIR]
TechLevel=11
CrateGoodie=no

[General]
BaseUnit=DUMMYVEH
HarvesterUnit=TDHARV,DUMMYHRV,TDMCV
PadAircraft=TDORCA,TDA10
CurleyShuffle=yes

[Grenade]
Projectile=BouncyG

[GrenadeE]
Projectile=BouncyG

[BouncyG]
High=yes
Image=120MM
Bouncy=yes
Arcing=yes
Floater=yes
Elasticity=0.5

[HMVAV]
Name=Хаммер Мститель;Avenger HumVee
TechLevel=5

[HOVAPC]
TechLevel=11
CrateGoodie=no

[HOVVE]
TechLevel=11
CrateGoodie=no

[HOWITZ]
TechLevel=11
CrateGoodie=no

[HTNK]
TechLevel=11
CrateGoodie=no

[INFECT]
C4=yes
Strength=150
Secondary=none
TechLevel=6

[JUMPJET]
TechLevel=11

[KAZUAR]
TechLevel=11
CrateGoodie=no

[LTNK]
TechLevel=11
CrateGoodie=no

[MCV]
TechLevel=11
CrateGoodie=no

[MLRSW]
TechLevel=11
CrateGoodie=no

[MMKII]
TechLevel=11
CrateGoodie=no

[MSA]
TechLevel=11
CrateGoodie=no

[MSAM]
TechLevel=11
CrateGoodie=no

[NAAPWR]
Storage=0
PipScale=none

[NABPAD]
Prerequisite=CABHUT

[NACYBO]
Prerequisite=CABHUT

[NALASR]
TechLevel=11

[NAPOWR]
Name=Энергостанция;Power Plant
Storage=0
Explodes=no
PipScale=none

[NARADR]
Sensors=no
SensorArray=no
SuperWeapon=none
CloakRadiusInCells=0
HasRadialIndicator=false

[NAREFN]
Cost=2000
FreeUnit=TDHARV
UndeploysInto=none
ConstructionYard=no

[NASAM]
TechLevel=11

[NASAMF1]
TechLevel=11

[NASAMF2]
TechLevel=11

[NASAMF3]
TechLevel=11

[NASAMF4]
TechLevel=11

[NASILO]
TechLevel=1

[NASTLH]
Prerequisite=CABHUT

[NASTLB]
Prerequisite=CABHUT

[NASWVE]
Prerequisite=CABHUT

[NAWB]
Prerequisite=CABHUT

[NAWEAP]
UndeploysInto=none
ConstructionYard=no

[NHARV]
TechLevel=11
CrateGoodie=no

[NODFLAME]
Strength=70
TechLevel=4
CollateralDamageCoefficient=.018

[NREPAIR]
TechLevel=11
CrateGoodie=no

[ORCA]
TechLevel=11

[ORCAB]
TechLevel=11

[ORCAEMP]
TechLevel=11

[RAT20]
Name=БМП Медоед;Ratel IFV
TechLevel=3

[REDE]
TechLevel=11
CrateGoodie=no

[RLTNK]
TechLevel=11
CrateGoodie=no

[RLTNKAI]
TechLevel=11
CrateGoodie=no

[SCORPION]
TechLevel=11
CrateGoodie=no

[SCPCK]
TechLevel=11
CrateGoodie=no

[SCRINB]
TechLevel=11

[SCRINI]
TechLevel=11

[SNIPER]
TechLevel=11

[STNK]
TechLevel=11
CrateGoodie=no

[SUBAPC]
TechLevel=11
CrateGoodie=no

[SUBARTY]
TechLevel=11
CrateGoodie=no

[TDA10]
TechLevel=7

[GAAGT]
Name=Улучшенная Сторожевая Башня;Advanced Guard Tower
TechLevel=5
AIBuildThis=yes
IsBaseDefense=yes

[TDAPACHE]
Ammo=5
Name=Апач;Apache
PipScale=ammo
TechLevel=5

[TDAPC]
Name=БТР;APC
TechLevel=2

[TDARTY]
Name=Артиллерия;Artillery
TechLevel=5

[TDBIKE]
Name=Мотоцикл;Recon Bike
TechLevel=2

[TDFTNK]
Name=Огнемётный Танк;Flame Tank
TechLevel=4

[GAGUTO]
Name=Сторожевая Башня;Guard Tower
TechLevel=2
AIBuildThis=yes
IsBaseDefense=yes

[TDHARV]
Name=Комбайн;Harvester
TechLevel=2

[TDHORV]
Name=Разгружающийся Комбайн;Unloading Harvester
TechLevel=11
CrateGoodie=no

[TDJEP]
Name=Хаммер;HumVee
TechLevel=2

[TDMCV]
Name=Мобильный Строительный Цех;MCV
TechLevel=7
CrateGoodie=yes
DeploysInto=GACNST
Prerequisite=FACTORY,TECH

[TDMRJ]
Name=Мобильный Штаб;Mobile HQ
TechLevel=11
CrateGoodie=no

[TDMSM]
Name=РСЗО;MLRS
TechLevel=5

[TDNTRAN]
Name=Чинук CH-47;CH-47 Chinook
TechLevel=6

[TDORCA]
Name=КОСАТКА Истребитель;ORCA Fighter
TechLevel=5

[NASAMS]
TechLevel=5
AIBuildThis=yes

[TDSSM]
Name=Установка РЗЗ;SSM Launcher
TechLevel=7
BuildLimit=5

[TDSTN]
Name=Стелс Танк;Stealth Tank
TechLevel=7

[TDTRAN]
Name=Чинук CH-47;CH-47 Chinook
TechLevel=6

[NATURR]
Name=Туррель;Turret
TechLevel=2
AIBuildThis=yes
IsBaseDefense=yes

[TIBBOMBR]
TechLevel=7

[TRNSPORT]
TechLevel=11

[VIPER]
TechLevel=11
CrateGoodie=no

[Preview]

[PreviewPack]

[01000016]
0=3,E1
Name=3 Rangers
Group=-1

[01000017]
0=3,1
1=0,1
Name=3 Rangers

[01000018]
Max=5
Full=yes
Name=3 Rangers
Group=-1
House=GDI
Script=01000017
Whiner=no
Droppod=no
Suicide=no
Loadable=no
Prebuild=no
Priority=5
Waypoint=A
Annoyance=no
IonImmune=no
Recruiter=no
Reinforce=no
TaskForce=01000016
TechLevel=0
Aggressive=no
Autocreate=yes
GuardSlower=no
OnTransOnly=no
AvoidThreats=no
LooseRecruit=no
VeteranLevel=1
IsBaseDefense=no
OnlyTargetHouseEnemy=no
TransportsReturnOnUnload=no
AreTeamMembersRecruitable=no

[Actions]
01000000=4,3,0,0,0,0,0,0,A,13,0,0,0,0,0,0,A,74,0,0,0,0,0,0,A,38,0,9,0,0,0,0,A
01000002=1,11,0,555,0,0,0,0,A
01000004=5,11,0,1037,0,0,0,0,A,53,2,01000006,0,0,0,0,A,53,2,01000008,0,0,0,0,A,54,2,01000002,0,0,0,0,A,21,0,50=00-I100,0,0,0,0,A
01000006=1,11,0,565,0,0,0,0,A
01000008=1,11,0,565,0,0,0,0,A
01000010=1,2,0,9,0,0,0,0,A
01000012=4,11,0,1037,0,0,0,0,A,53,2,01000014,0,0,0,0,A,21,0,51=00-I102,0,0,0,0,A,54,2,01000008,0,0,0,0,A
01000014=1,1,0,9,0,0,0,0,A
01000019=1,80,1,01000018,0,0,0,0,A
01000021=1,6,0,0,0,0,0,0,A
01000023=2,11,0,2,0,0,0,0,A,21,0,212=01-N008,0,0,0,0,A

[Briefing]
1=ГСБ держит мёртвой хваткой Египет на протяжении много лет. Разверните передовую базу в этом регионе. Чтобы сделать это 
2=вы должны дважды кликнуть на ваш Мобильный Сборочный Цех (МСЦ). Здесь вы можете начать строить базу. Этот регион содержит 
3=уйму тиберия, так что развёртывание базы будет быстрым.@@ Задача 1: Развернуть базу.@@ Задача 2: Уничтожить все войска и 
4=здания ГСБ.

[Events]
01000000=1,13,0,50
01000002=1,13,0,10
01000004=1,32,0,0
01000006=1,13,0,20
01000008=1,13,0,200
01000010=1,11,0,9
01000012=1,11,0,0
01000014=1,13,0,10
01000019=1,13,0,30
01000021=1,10,0,0
01000023=1,13,0,0

[GDI]
IQ=4
000=GAREFN,25,71
001=GAPILE,33,80
002=GAPOWR,37,72
003=GAPOWR,37,76
004=GASILO,33,73
005=GASILO,33,76
Edge=West
Side=GDI
Color=Gold
Allies=GDI
Credits=40
ActsLike=0
NodeCount=6
TechLevel=1
PercentBuilt=100
PlayerControl=no

[GDIA]
IQ=5
Edge=North
Side=GDIA
Color=Gold
Allies=GDIA
Credits=0
ActsLike=0
NodeCount=0
TechLevel=10
PercentBuilt=100
PlayerControl=no

[GDIB]
IQ=5
Edge=North
Side=GDIB
Color=Gold
Allies=GDIB
Credits=0
ActsLike=0
NodeCount=0
TechLevel=10
PercentBuilt=100
PlayerControl=no

[Houses]
0=GDI
1=Nod
2=TMF
3=GDIA
4=GDIB
5=NodA
6=NodB
7=Neutral
8=Special
9=TDNOD

[Infantry]
0=TDNOD,E1NOD,256,101,62,0,Guard,64,None,0,-1,0,1,0
1=TDNOD,E1NOD,256,102,61,0,Guard,64,None,0,-1,0,1,0
2=TDNOD,E1NOD,256,103,62,0,Guard,64,None,0,-1,0,1,0
3=TDNOD,E1NOD,256,105,58,0,Guard,64,None,0,-1,0,1,0
4=TDNOD,E1NOD,256,102,63,0,Guard,64,None,0,-1,0,1,0
5=TDNOD,E1NOD,256,106,59,0,Guard,64,None,0,-1,0,1,0
6=TDNOD,E1NOD,256,107,58,0,Guard,64,None,0,-1,0,1,0
7=TDNOD,E1NOD,256,106,57,0,Guard,64,None,0,-1,0,1,0
8=GDI,E1,256,31,67,1,Area Guard,64,None,0,-1,0,1,0
9=GDI,E1,256,30,67,1,Area Guard,64,None,0,-1,0,1,0
10=GDI,E1,256,31,66,1,Area Guard,64,None,0,-1,0,1,0
11=GDI,E1,256,40,85,0,Area Guard,64,None,0,-1,0,1,0
12=GDI,E1,256,40,83,0,Area Guard,64,None,0,-1,0,1,0
13=GDI,E1,256,41,84,0,Area Guard,64,None,0,-1,0,1,0
14=GDI,E1,256,25,55,0,Area Guard,64,None,0,-1,0,1,0
15=GDI,E1,256,26,54,0,Area Guard,64,None,0,-1,0,1,0
16=GDI,E1,256,26,55,0,Area Guard,64,None,0,-1,0,1,0
17=GDI,E1,256,25,56,0,Area Guard,64,None,0,-1,0,1,0
18=GDI,E1,256,34,83,0,Area Guard,64,None,0,-1,0,1,0
19=GDI,E1,256,35,83,0,Area Guard,64,None,0,-1,0,1,0
20=GDI,E1,256,26,70,0,Area Guard,64,None,0,-1,0,1,0
21=GDI,E1,256,65,22,0,Area Guard,64,None,0,-1,0,1,0
22=GDI,E1,256,68,20,0,Area Guard,64,None,0,-1,0,1,0
23=GDI,E1,256,72,23,0,Area Guard,64,None,0,-1,0,1,0
24=GDI,E1,256,83,50,0,Area Guard,64,None,0,-1,0,1,0
25=GDI,E1,256,83,54,0,Area Guard,64,None,0,-1,0,1,0
26=GDI,E1,256,59,48,0,Area Guard,64,None,0,-1,0,1,0
27=GDI,E1,256,60,46,0,Area Guard,64,None,0,-1,0,1,0
28=GDI,E1,256,57,46,0,Area Guard,64,None,0,-1,0,1,0
29=GDI,E1,256,58,44,0,Area Guard,64,None,0,-1,0,1,0
30=GDI,E1,256,61,44,0,Area Guard,64,None,0,-1,0,1,0
31=GDI,E1,256,82,80,0,Area Guard,64,None,0,-1,0,1,0
32=GDI,E1,256,78,81,0,Area Guard,64,None,0,-1,0,1,0
33=GDI,E1,256,81,83,0,Area Guard,64,None,0,-1,0,1,0
34=GDI,E1,256,62,85,1,Area Guard,64,None,0,-1,0,1,0
35=GDI,E1,256,67,87,0,Area Guard,64,None,0,-1,0,1,0
36=GDI,E2,256,64,87,0,Area Guard,64,None,0,-1,0,1,0
37=GDI,E2,256,80,81,0,Area Guard,64,None,0,-1,0,1,0
38=GDI,E2,256,59,43,0,Area Guard,64,None,0,-1,0,1,0
39=GDI,E2,256,69,23,0,Area Guard,64,None,0,-1,0,1,0
40=GDI,E2,256,29,57,0,Area Guard,64,None,0,-1,0,1,0
41=GDI,E2,256,31,60,0,Area Guard,64,None,0,-1,0,1,0
42=GDI,E2,256,39,87,0,Area Guard,64,None,0,-1,0,1,0
43=GDI,E2,256,31,74,0,Area Guard,64,None,0,-1,0,1,0

[IsoMapPack5]
0=ERAAIA0BADwAAAAAAAABAAIAPAAqaAEEAAACAD0AMesBOwAyqAECAwA9AC3rATsALukBPu
1=8FAwA6KKwAATwAJQKHBAQAPvsGBAA6+wYEAD/7BgQAOfgGAgQAPAAZ+wY9ACToAQE7ADkn
2=kwkFAD/zCQUAQOQIAgUAPQAXrQUFKAcBBQA+5AgLBQA4APETAAAGAAAFADmJAQxpATqJAR
3=JoASeLAQYAQOkMBihfAQYAPugMAgYAPAAbtw0GAD/rDAYAN5EJAXQMtQ0HaAG1DQ1oAbQN
4=mRA7jQUZdwJBAGl4LgICAAcANv0gByi3AQcAP+MPBwBAKCkAPeElB8APAQIAAAfZHAhoAa
5=EPDmgBoQ8UaAGhDxppATzzKgcAQrA1bBC4EQMBAgAIADbzNQgANeUTCCgPAggAP/wgAggA
6=PQAcqCICCAA8ACPoAagiAQMAAAjFEwloAaUTD2gBpRMVaAGlExtpAUKsG20QQ7wraAEJQQ
7=BwKgAAAgIACQA15xMJADTkEwIJAD0AHaMPCQA2oxoAAAnVIwRoAbkyCmgBrRAQaAGtEBZo
8=Aa0QHGgBJ3cECQBDtC5gDydnAgkAROQTAgkAPwBs5RNAkRQBbAW8FQMDAgAKADT/FQoAM/
9=wVAgoANgAevxUKAD0oKwA1ACH1AjwoKACkKQEFAAAKxSkLaAG1GBFoAbUYF2gBtRgdaQFC
10=6BcCCgBDABp8CnkRRCgrAEEAIPUCQLw2YwRFACb1Aj6NGwF0ArgcAwMCAAsAM+MaCwAy4x
11=oLADXjMAsAPOMaCwA6qAwCAAALADsoKQA57xsLADfzNQsANO9SCwA2KCkAOCgpAEaZgABv
12=EEQAKHABawFDACzrAUUAL+kBQftICwBCuBFtBT+0DWkBQLwKaQE+93AMADLvGwwAMe8bDA
13=A3pCkCAAAMADooKQA1pCl1AjkoKQA7tA11AjbnHgwAOCgpADPwHwIMADQAImgtbAUnbwMM
14=AEdsGGCxAgwARQArcAECAgAMAEL4HAIMAEMAMPUCP/scDABBoA9tBUC0DWgBrRsBaQFEpB
15=4CAwANADH7HA0AMPkcDSibAw0ANrwKAgAADQA493sNADOoDHcCOgAfqxcNADKsR3QCJwsH
16=DQA5tA13AjUAO6e4DQBIYBdvGw0ARug4Ag0AQgApfAICAgANAEfoOAINAEUAM/QC0I1hBE
17=CsEGkBQagMawE8AGujqQ0APYkBAncCPgBx9QJDtC5xH0SgXAIDAA4AMP8gDgAv/yAOADjv
18=PA4AN+M7DgA2454OADm4fwQAAA4AMQAnvyAOADO4EXUCNSgpADLzHw4ANCgpAEDzHw4AQS
19=gpAEgoKQBJKCkAP+c/DgBC5z8OAEf3Iw4APqwQAgIADgA9oA9oAakiAWkBRbAJZR5EsAlp
20=AUaoLWkBQ7Q5AgMADwAv6yIPAC7rIg8AOP9BDwA5/0EPADC4aQIAAA8AMigoAAQ2APITAA
21=ARdQIxuBFoASdqCA8AJ3cEDwA3KIEAM/cjDwA+vBUCAgAPAD28FWkBP/MfDwA7gZMCdQI8
22=7zwPAEe4BnQYxCloAcQpaQFKKIAA1IZ1AkS8CmkBRrAqaAHQo2gB0KNpAUKkP2kBRbQuAg
23=QAEAAu7yYQAC3vJhAAMO9HEAA47UcQKPsEEAAyqFkCAAAQADHngRAAL/tpEAA2qAxgBCdx
24=CRAo+QQQKPkEEChzCRAAPftpEAA8pAgCAgAQADqNJgFoAbknA2kBQ6wFAgMAEABBsBRoAc
25=imaQE+4WcQJrwjdALUp2gB3Hh9IEWwNWgB3HhpAUqkCGkBS7gnaQFIoEZpAUSwFGkBSbxB
26=AgQAEQAs5ykRADntyxEovBgDEQAtAPATYIQBABEALokBBnVOL4kBDGkBMIkBEmkBMYkBGG
27=gBuFOFVDK0DXQCJ30FESgdGhEoqgURACcdGhEofwURADu0GAECABEAJdAgawE6AGe/jhEA
28=QutOEQBBtyMDABHkuGkBTOlOESawJ3UCPu8xEQBArCZ1Ake4wXQj3HhpAUW8V2kBSqSXaQ
29=FIpAhpAUu8TGkBSbxMaQFGqBcCBQASACz/VxIAK/UuEijvExIAOaQIAQAAEgAnUhsSACe3
30=IhIAOLwKYAQnOxgSADOoF3QCsTUBaAGxNQdoAbE1DWgBsTUTaAGxNRloASfLFBIAPLgnAg
31=IAEgA9pB5pATuoQ2gBtS4BaQFB9loSAMTkAQMAEgDIx2kBPqQ/aAHIhQIEABIATLA1aQFN
32=KCkARLAJdQJLrBBpAUm0p2gByLFpAUqgqWkBQrx4aAElICtpAUa0p3UuRaAEAgUAEwAr4z
33=ATACrjMBMANfOuEwAzuxwAABMo5ygTACygZ3QCvSsCaAG9KwhoAb0rDmgBvSsUaAG9Kxpo
34=AScFDBMo2wsTADykHgECABMAJ3wFAhMAOQBvt1oTADqJAQJhBEEkwDQCAwATAEIkTDZpAT
35=+gRmkBPiQwImkBPaSBaAEnAhETANSyAgQAEwBEsAlpAUusPGkBRbwKaQFJtGVpAUOoImkB
36=RqAlZSlHtA1pAU0oKQBMKKkFSKxSYQRO6wEUACrjMBQAKeMwFAAz57gUADW8NgIAABQANL
37=wKaQEyoBppASu4aWgBrTEDaAGtMQloAa0xD2gBrTEVaAGtMRtpASysUmgBJwIGFAAlPCkC
38=AgAUADq0GGkBNyORIwBpATiJAQJoAaU0AWgBJUglAQMAFAAltDhpAT76MhQAJ1MbFABBJk
39=MkFAA/rBBtBUWwQAIEABQAQ+6JFAAl8CR1Ak6wjQIFABQATeMwFABHrCZ1Aka4BmkBSKAP
40=aQFKtBhpAU8oAQZLrBB0AszAaQFMuBECBQAVACnnNBUAKOc0FQArrBACAAAVADSsEGkBMq
41=hDaQE1oA9pASqgD2kBLLQNaAGxNQRoAbE1CmgBsTUQaAGxNRZoAbE1HGgBJ78YFQA4kNAD
42=AAIAFQA6tIZpATsoKQA5tIZ1Ajy0WmgBqTgBawFAACUi6EACAwAVAEGJAQloAQRCAIYBAA
43=AAaQE9uIppAT+sfmgBJxATAhUAQwAcbAUCBAAVAESJAQJrAUUAhfcCSwDFeBRlKUyJAQJr
44=AUYAGGAEaQFHiAGVAkiJAQR1AkmJAQZrAUoAHewFJ+cHFQBPoDBhBE37PRUAUOM7FgAo/z
45=YWACf/NhYAMvM1FgAr8zUWADTzNRYAM+PKFgAp5WsWyP4BBQAAFsn+C2gBsTURaAGxNRdo
46=AbE1HWkBKrhIaAEnkw0WADmgXAICABYAOKgMaQE3IxE/AmsBOgDQbCYCAwAWADuJAQJpAT
47=ydKwBpAT2IAZUCPp02AXUCP4kBBGgBoTsHaAGhOwpoAaA7jAW8NgEBBAAW3TYDaAG8NpQC
48=vDYCAQUAFgC9NgNoAQNNAAsBAACIAag4gASoOJQCqTgFbAWpOAdoAag4jQVQ/zYWAE/ndh
49=YATus4FgBR6zgXACfrOBcAJuo4FwAn6w0XACmnCAAAFyhPKxcALP+kFwAwKCkAMSgpAC/3
50=pxcAKvs9FwAo+3QXAC37dBcALuk4FyjfBhcAOKxHBAIAFwAzAG630xcANok4AXUCN4kBA2
51=sBNABz4QQ1iAGABCeeFBcAuD0BAQMAF9k9A2gBuD2UArg9lQI+jTwCYAS5PQVoASdNFRco
52=TxUXAENwSAQAAAQAFwBEKCkARevdFwBG/9sXAEyAOwIBBQAXAK08BGkBTpUCB2kBUf82Fw
53=BQrGh0AidOFRcAJYgtdQJSKAgHJbQtdwJHAGEixDpoASenFRcAT7wrAgUAGAAvqAwCAAAY
54=ADAoKQArqEN1Aizv4RgAMed2GAAu9DkGGAAlAO4TAAAZbQUmiQEAaQEniQEGaQEoiQEMaQ
55=EpiQESaQEqiQEYaQEtuBFoASVkWgICABgAOawmaAElkFprAToAiGCTaQE7iQEBaQE4pBNp
56=ATSkE2kBNygpADW0I3QCJbhJawEzAGq1RBgmYD4CAwAYAECkuGgBJQg+aQE+pFVpAT+kVW
57=gBJWhKAQQAGAAl3D1oASW8OWkBRqzAawFPAONkvHQuuT0FaAG5PQhpAVKgMGkBUbBsaAEl
58=bC9pAVC4MmkBS7BhaQFTrBtpAUmkE2sBRwBZpD8CGABKAGPoASeNHRko5wcZACywS3U4Lq
59=APaQEwsCppAS3/eBkAJJ02FHQCpT8aaAGlPwFoAaU/B2gBpT8NaAGkP4BFpT8ZdQIr5z8Z
60=ADy0ZQICABkAPiR4YmgBJSBiaAElGGFrAToA/XQFaQE7iQEBaQE1uCdoASV4IGkBN7xXaQ
61=E2vI5pATmg62gBJaw3aQEyI6UrAGkBM4kBAmkBQKjHAQMAGQAlAD0CBAAZAEGwS2gBJZxA
62=aQFOjDwCAQUAGQC5PQRpAVCVAgdpAVOwFGkBUrQuaQFLtC5oASUAPWkBTLwVaQFU7zwZAE
63=S413UCTfg9AhkARgBcrzwZAEgoKwBFAF33AkkAYOsBRwCf6QFRoDACBQAaACykEwIAABoA
64=LawmaQEvJDAiaQErpB5pASWsEGkBI51BD2gBqUMVaAG9QQJoAb1BCGgBvUEOaAG9QRRoAb
65=1BGmkBLrgRaQE5sEACAQAaADyopmkBOKjSawE6AIdkgWkBO4kBAWgBJzVJGig2SRoAJzdJ
66=GgA0uxwCABommC9pATe4HGgBJchWaAEnqBACGgAxAG2qhRoAtUQBYAQnaQgaKGoIGgAlO1
67=oEABomOFpoAalDAmgtqUMFaAGpQwhrAUsA6XRaaQFMiQEEaQFNiAGABANRABQBAACYBicb
68=CRoAVKAabQVS/4MaAET+gxoAJZg6YQRV+EgCGgBGAFawQAIaAEUAV+sBSQBY6AEnlwgaAE
69=jhRhsoIyAbACywVgIAABsALSgpACWkKXUCLrhTawEiAOsjOGwBABsAI4kBDHUCJIkBEmgB
70=oUYDaAGhRgloAaFGD2gBoUYVaAGhRhtoASXsNAMBABsAOAAjoHJpATf0RAIbADoA+nAqdQ
71=I7iQEDaQE5vFdoASf9TBsoaggbACcvERsAM7h0AgIAGwA2oBpoASUsPWkBMSPZIQJoASc+
72=CBsAJ70YGygpTRsmY18EABsmWEhpAUGwNWgBsEACAQUAGwCxQAVoAbFACWkBTp1BDWkBUJ
73=xBjAWpQwZ1AlKVAgtoASdrCBsAVfdEGwBEoBphBFMoKQBF840bAFb3RBsAT6AlbQVGsB9r
74=AUcAVbREAhsASgBi6AEplQhJ4UYcKMMIHAAmsAkCAAAcACGFPwFoAalDB2gBqUMNaAGpQx
75=NoAb1BCmgBvUEQaAG9QRZoAb1BHGkBJeGIHCZcQwIBABwAOCT4RmkBNyRMQWgBqUMBaAGp
76=QwRoASX4UWgBJ/IZHAAl6HsCAgAcADOkKWgBJy0RHCguERwAJZxAYAQnAxEcACwj5T4AdQ
77=ItiQECaQEwjUcBaAG5SANrAS4AdbONHAAviAGABCdzCRwAP7NsAwAcJjhlAgQAHABBtAJo
78=AQ5KAAAAAAAABQAcAEsA6QAAABEAAOkPACAOAgUAHABMAOkAAAAGBQAcAE2JAQpoAQNQAB
79=QBAACBBFGJAQd1AlKJAQxoAQRUABcCAAAAaQFVKCkAVigrAFMAGeMERAAc6QFPKCsAQwAh
80=9wJOACPrAVcAJOsBRwBW6QFIKCsASQBa9wJFAF3rAUYAXqgBAx0AIAAyAIAAAh0AJgAbdA
81=IEAAAdACsAH+kBJ6gMdAIEIQDrEwAAAmkBIokBCGkBI4kBDmkBJIkBFGkBJYkBGmgBBCgA
82=7hMAABFpASmJARdpASqJAR1rAT0AKmgQBAEAHQA4ACvrATwALesBPgA16AEEOgD6AAAAAm
83=0FO4kBBWkBObwVawE/ADFsBQICAB0ANLwraQE1KCsAMgAabBt1AjMoKwAxACD1AjYoKQAt
84=tC5tBTAoKQAuqCJ3AjcAJvgGAS8AOSdoEwcAHQAsAGsqAAABYwRAACl4EQQDAB0AQQAsaA
85=EEBAAdAEIAMOkBRmABaEMCHQBKAMZwAQIFAB0AS5FLA2gBqU4HaAGxSwhoAbFLDWgBAUcA
86=IAGTSx0ASIgBmQZJiQEGYAQnygkdACfLCR0AV6giYgRDANdPHQBUqCJ1Ak+8QWkBUygrAE
87=QAHmQedQJQvCBpAVgoKwBNACfjBEUAWekBTrQjBAUAHgAgAC54HAIAAB4AH/dPHgAnrBB1
88=AiigMGkBKbwKaAG1TwNoAbVPCWgBtU8PaAG1TxVoAbVPG2kBJqAPaQE5uA4CAQAeAD64Mm
89=kBOLgRaQEzrEdpATKkE2kBNygrADoAzGwIdQI7iQECaQE8qENpAT28FWkBP6gMAgIAHgAu
90=qC1pATAoKAAnTwoeADSwH2EELagtaQExqC1pATYoKQAvtCN0AgQsAGwqAAACaAEnnwkeAE
91=GjDwQAHsVKAXUuS5FLA2gBuUgJaAG5SA5oAQNTABUBAACBBFSJAQZ0ArBLhAixSwR0ArFL
92=B2gBJxsJHgBYrBt1Alb7SB4AVaAadQJD/JkCHgBQAB2rQx4AQv+ZHgBZuCdtBUz4SAIeAE
93=UAWO8FRABf6QFGoDttBU0oKAApnQlP9wIfAB+sPAIAAB8AHrQ5aQEnsBRpASgoKQApqC11
94=AiaoLWkBJbAUawEgACVsEGgBrVIEaAGtUgpoAa1SEGgBrVIWaQEzuTIBkF6EYGkBN6QTaQ
95=ExpBNpATYoKACpTgF0AqlOA2gBBDkA6AAAAAhrAT4AmHh/aQE8qC1pAT2oLWkBOLwgaQE/
96=jAUDAwIAHwAvsDVpAS73Tx8ANKQIdQI1pAhpATCoImkBLbAJaQEq908fACuJAQF0AqxSiQ
97=xAlA0DBgMAHwBBiAEDCQQAHwBHZGhjnh8ASSgpAEooKQBSlE8CAQUAHwCtUgRoAa1SB2kB
98=VYEECmkBVokBDWgBuVMFaQFQrBtoASdPCh8AWShVAEO4HGEEVygpAE+4PXUCTah6awFOAC
99=J4PWkBWvtTHwBEoL91AlEoKwBFAFXtBUv47QIfAEYAYvUCTCgpAEKnKQUAIISEnx8gAB2k
100=PwIAACAAIKAwaQEmvNtpAR+kE2gBtU8FaAG1TwtoAbVPEWgBtU8XaAGloh1pASegD2kBMf
101=vtIAA2KCkAM+fvIAA056IgADiITgIFAQAgALVPCWkBOpUCDWgBoVEBaAG9TARpAT2gfWkB
102=O6BnaQE3tHtpATy4EWsBMgA7aOhpASuxNQKUxcP2IAAvqCJ1AjWoImkBLLw2aQEtKCkAML
103=wKdQIp+lMgALFWA3cCQACZYGcCBAAgAEGJAQJpAUiBMQB4MidMCgIgAFcA0mz7dAKhUQho
104=AaFRC2gBoVEOaQFYuGlpAVm4imkBWigoACdjHSAATaRrYQRQKCkAUqw8dQJMvI5pAVP3Ty
105=AAQqQpdQJb9U8gKJ8UIABL5O8CIABEAFy3TyAAQ+xSAiAARwBh9QJJKCkATigpAFEoKAAn
106=pxUhAB24lQIAACEAHOdVIQAfsDV0AifTCiEAHrQYdQIivBVoAQQnAPUTAAAQaQEhpDRpAS
107=MoKQAlKCgAJ+8eIQAkqENtBTUmuyghADTnVSEANqQTBAEAIQAyAC9wOGsBMQAz6QE3hVUC
108=dAKpWQZoAalZCmgBsVYFaQE7oBppAT0oKQA8sEt1AjqsG2kBPrgyaQEzsBRoASf/CiEAL7
109=xBAgIAIQAssEBpAS24PWkBKrAJaQEwsAlpAS68IGsBKQBoIoQsaQFceBkEAAAEACEAWrwg
110=aQFbKCkAWbgydQJWkFYBAQUAId1XA2gBuF6VAlLvnyEAQrgRYQRTKCkAWLBsdQJB41EhAF
111=Wwd3UCQ+OeIQBJJtcxIQBR4/YhAEb3TyEASigpAEwoKQBPKCkAUCgpAEgmhzIhAE0oKwBE
112=AJ+zViEARSgpAEcoKQBLKCkATigpAFSkKQIFACIAHLREAgAAIgAboCVpAR64MmkBHygpAC
113=AoKQAivI5hBCGwQGkBHagiaQEkqAxoASd7FSIAI7xBdQIlKCkAJigpAC28NgIBACIAMv+v
114=IgAu864iACywFGAEvVcDaAG9VwdoAQM2AOoAAACVAjrmVSIAJ/4KIgAn/woiAD4ogQA8rB
115=tlCDm0GGkBP7RPaQEzoBppATQoKQA1KCgAJyMrIgAquEgCAgAiAC8oKQAruEh1AjGslGgB
116=qVkBaQFdqFkBAwAiANxXaQFcqCJpAVqwH2kBWLQCAgQAIgBZqDhpAVWgBGsBVgCIs7kiAF
117=eJAQF3AkAAVHAMZT9IsGxpAU20kWkBVCgpAEmwFHUCS+tZIgBPKCsASgBXt08iAE4oKQBH
118=710iAEwoKQBB560iAEL/VyIAUigpAFMmIyAiAEPmVSIAJ4ELIiiDCyIARiiBAFAoKQBR6w
119=EjABusRwIAACMAIaAwaQEioDBpASC8NmgBJ6YVIwAn0gojACfSFSMAJ/4KIwAnpAoCIwAe
120=AFJokGUIH4kBAmsBGgAofCsCAQAjACysEGkBLveyIwAysDV1Ai/2WiMAJ6crIwA1nVcBYA
121=SpWQRpATeVAgdoASfTCiMAOqwbdQI9KCkAO7gcdQI/KCkALayUdAInKgsjACcqCyMAJ1cs
122=IwA5tCNsBSczIiMAXmQbIrtDIwBdtE8CAgAjAFyoTmkBMLCjaQEqpAhpASsoKwApAGlsJn
123=UCWrwgAQMAIwDAtGkBW7RPaQFVuCcEBAAjAFYA+2gPaQFXiQECaQFYrAVoAbRaAwEFACMA
124=TazLaQFIJKAlaQFUvCBoAScqISMAJyMrIwBTJk8rIwBKuH9tBUvnYCMATygpAEKkKWEERP
125=NhIwBD52AjAFAoKAAn4xcjAEwmByIjAEcmEEoCIwBBAFuuaCMAJ9khIyitCyMorwskADug
126=RgIAACQAOrQuaQEjvCBpASYjKSEPaAEkVSETaAEnVQskKFQLAiQAIQBRbDFhBCKJAQJoAa
127=lZA2kBPGwuBAAAAQAkAD0oKQA/KCkAGSb/NiQAMLxBbQUv710kADGsPHUCXygpAC0mMyIk
128=AF60GGEELCZdIiTFYAJ0AqVgBWsBMgD0v7okADOJAQZ1AjSJAQlpAT64PWkBN6ibaQE4vD
129=ZoASX8IGgBJ4ILJADQrgICACQAXKhOaAEnByIkACuswHQCrX4BaAGoWYsBGgB1ZCl1AhuI
130=AZUCHIkBAHUCHYgBlQJZqAwCAwAkAFusUmkBWqhOaQFVoCUCBAAkAFS0I2gBpWABaAGlYA
131=NoASUwImkBULgyAwUAJABAAJABaQFSqCJpAUi0DWkBTbh0aQFDoA9pAUcoKAAnKzckAEHu
132=XSQAJys3JABJJpMjJABG6bwkKLcXJABR9VokKJMjJABLJjsjJABPJjItJAAn2jckACevQi
133=QAU7SGAgUAJQA7pEoCAAAlADq0I2kBPPNhJQA5oCV1AiOsG2gBtVoDaQFftCMCAQAlAGAo
134=KQBerDF1AhmoDGkBLvtTJQAaqAx1Ai35UyXdKwF1AjGUT4gBuVMEdAK5UwdoAblTCmkBNY
135=0FDWkBNyTwJGkBPigpAD3zViUAL6wxYQQ2KCkAGKB9dQIw9VolKNsWJQA/rCZhBB27HAIA
136=JSYoIWkBXLgnaAElKCFoASdnLiUAKrSndQIs+14lABugD3UCXbxBawEcACtkl2gBrYkBaw
137=EnAHAkBE4CJQApAHG8YgIlAB8AdOkBIIgBjwUoAHb3Ah4Ad+gBJWcjAwAlJmQjaAElZCNr
138=AVYAhyJkI2kBV4kBAWkBVLQ5AwQAJQBCACOgOm1HQ4kBAmsBRABPcCJpAUGJZARpAVIk3C
139=dpAVGoLWkBU7wraQFG67wlAEX/uiUATetZJQBOKCkARyY6IyUAJ78uJQBQJmcjJQBJJosi
140=JQBKKCgAJ5MuJQBMKFUAT+sBJgA8pK0CAAAmADm4HGgBJcg1aQE7sDVrASIAU2AwaAEj0D
141=dmuCYAJwUMJigHDCYAYWAioATE+gIBACYALqgMaQEZJIReaQFerEdpARoksF5oAdT/aAG1
142=LgFoAbUuA2gBtC6UArUuBXQCAzAA8wAAAIgBrWgCdAKsaJQCJ5MjJgA9rFJhBDcmkyMmAB
143=jjZyYANCQAMmEEPygpABf7aSYAM6A7YQQ1oCVpAUAoKAAnkxgmADbvaCYAWbDaAQIAJgAl
144=tCJpAViwjWgBJ7cMJgAruEh0AidLOyYAG7yvdAIljFRpASj7aSYALbxMdQIe5msmAKVrAX
145=UCHZFsBWkBH6QTaQEpKCkAWygpACGFPwBhBCUjfUcCaQEmgHKQCa1zA3QCJXclAwAmJnQl
146=aAGtywJpAVKwHwIEACYAUygpAFSwQHUCUbwgaAGczSIDUyYARZBsBQQFACYARgBjeEtpAU
147=esMWkBSLQuaAEnFxkmAE/1yCYoXgwmACddDCYoXwwmAE0oXAwnSTsnKIsMJwA4vRUAIuAu
148=vBVoASXQYmkBOqRKaQE7uEhpASOZJwVoASWkKwIBACcAYmwYamQnACe/IycALKgMYAQnxT
149=onJvxBdAIl/DZpAS6sEGgB3K9pASu4J2gBJfwraAG5JwVpAS+JZAFoAbVlBmkBMZUCC2kB
150=X4HKA2kBYIgBgQRhiQEJdQIXJnY7JwAlZGV1AkAoVAAlkGV1Aj68V2kBPygoACdRMScovw
151=0nAEHzbCcAQigpAEMoKQAWuD1yCTYAIzx2aQFEKCkAMqRgdALAymgBJ1syJwBYqJACAgAn
152=ACC8FWkBKCgpABu8NnUCKiRkI2gBJShYaQEnJEAvaQEpKCkAGqSBdQImKCkAIfVwJ8lvAm
153=AEqW8GaQEelXAKaAG5qwNpASSRbAFoAbxtlAIlAycDACcmACdoASUAJ2gBsWwDaQFSJKwh
154=AgQAJwBRJIAhaAEl6CNpAUYmuz4nAEewVgEFACcAJy8nJwBK9tMnACePPicATChVAE0oKA
155=An5z4nAEnk2QInAFAAYHj4fAonOg0oACWseQIAACgAOLAUDwAAKAA9ADEAAAAAAAAoADcA
156=MxEAABcPACAJAAAAAAAAKAA6ABcCjAECKAA7ABzrATkAIekBXZQDBQABACgAKgAqcAFrAR
157=kALesBKwAu6wEaADHpAScoKwAmADL1AikoKwBbAMX1AlyJAQJ8CgMvAPMAAACJATCJAQd0
158=AgReAPQAAAABaQFfiQEEaQFgiAGBBGGJAQp1AmKJAQ1oAQFaAB4BfAYDACgAWQCK6QEWpB
159=5hBBcoKQAyKCkANCgpAEAoKQBCKCkAQygpAEQoKQBjKCsANQAaeCdpDEEoKQAYvCt1AjYo
160=KwAzACDtBRW0LmEELCgpADEoKwAtACLvBS4AJOkBRSgrAD4AMfUCP4kBA3MJWACJcB8EAg
161=AoAB8AG2AEaQEgrBBrARsAH/UCKCgrACUAJfQCBB0AKwIAAAdtBR6JAQtoAQEcADkndDUB
162=ACgAISgrACQAcXhEYwQjAHbrASIAd+sBVAArZD8EAwAoAFYA1+kBV4kBAnUCVaAPaQFSrA
163=UCBAAoAFOoDGsBSQBMeAYCBQAoAEqJAQJrAUsATvcCRgBUYD92AkgAhFhpAUesG2kBT6gM
164=aQFRKCsATAAnZB53AlAAWesBTgBb6QFNrBACBQApADikEwQAACkAPAAsYA9rAT0AMOgBJ2
165=QNAikAOQAZZAhgBCeTDSkAG/lpKYxrYBYBACkAJrwKAgEAKQAa82wpACcoKQAp/20pABzz
166=bCkAHygpACMoKQAe/20pACIoKwBIAEdwFGgMpSkBaAGlKQNoAaQplAK4dIgBuHSABANdAO
167=IAAACIAaR2iAGldghkCKV2AmgBpXYFaAGgcpAJoHKIASdDDikAGOxoYIWAk3gGJ74NKQAn
168=kw0pABWwKmEEMSgpADYoKQBCKCkAF/dwKQAzKCkARCgpAEWwYXMJLAAdcDVrATQAHukBLq
169=xHdQJi43IpABnrbykAZCgpACqkSm8FNwAm5QhgsEt0AgQUAC8CAAAMaAGkdpwgpXYEdQJA
170=kXcHaQFBiQEKaQErtE9pAS0oKQA1KCkAYSgoAKx+AwECACkAIO9+KQAluBx3AiQAI2QTaQ
171=EhqBdpAR2wFGgBJ5kOKdh0AgEDACkAuXQDaQFVoCVoASeZDikomA4CKQBHAE18THVlTSgp
172=AEyZdAR3AkYAUeMETgBj6QFPqC1hBFEoKQBQ9HACKgA8AClsBQIAACoAOLBhaQE1uF5pAT
173=SsXWkBNygpADq4PXUCOagiaAEnQg4qAHCZl3AqAB+oDAIBACoAHft0KgAi7XMqKJsOKgBZ
174=KFUAHPt0KgAjKCkAHrAUcQkksBRoAbUjAWgBtCOIAagiiQFckGyIAb1tBG0FXpUCB2gBBC
175=4A5wAAAAhoAbRwgAS1cAl1Aiz6aSoAJ/saKgBiKFQAJzsNKgBkKFUAGOBnYP6El3EJFawm
176=aQExKCkAGaRKdQIyKCkAQygpAEW0RGEEFvtpKgA2oDt1AkH7aSoAYSgpACvr3SoAPaRVbQ
177=VaKCkAPrBWdQJlKCkAG+tvKgAoKCkAXygpAC3jcioAWygpABOAcpAqrXMNfAqhcgVoAaBy
178=iC0BSAD8E9VESYkBBmEESokBDGkBS4kBEmkBTIkBGGkBF+9zKgAaKCkAKSgpADMoKQBEKC
179=kAYCgpAFi8TAICACoAIbgnaQElKCkAIKwFdAIn8w4qAFWgBAIDACoAV7R7aQFWrAVrAVMA
180=L3hpBAQAKgBSADPrAU4AUmgBAgUAKgBQuCdpAU+4BmkBUesBKwA2qGQCAAArADy4XmkBN7
181=heaQE9uF5pATSoDGsBNQA4aAxpATu0RGkBOLQNawE5ACpslGkBOrQNaQESswYBACuyigAA
182=aAEnxw4rACW4EXQCJ28OKwAkpBN1AiKkE2kBJigpACGohXQCqW8CaAGpbwVpAS2cbYgBqW
183=8JdQIvlQINaQFbI8gqgAQnJhsrACcSKSsAJycbKwBF/20rAF8oKQBhKCgAJ5kOKyjVGyso
184=mw4rAGYorQAy53YrAD4oKQAZoJ5lE0EoKQBCKCkAZSgpACjlditonnQueQYb53YrACy4SH
185=UCRibLKisAYCgpAB3zdysAGvN3KwA/KCkARCgpABf/eCsAJygpAF4oKQAz63orACO8QWEP
186=MCgpAB7zdysARygoAAETAC4CI6IwKwC9eA55BhWVexRpARaJARpoAb14AWgBvXgHaAG8eJ
187=Q5vXgTdAK9eBloASXQK2gBJ/IOKwAnax4rADGkVWEEWigpAFasUgICACsAVygpAFi0T3UC
188=VbRPaQEguHRoAScfDysAU7h/AQQAKwCscwMBBQArAFCwQGkBT6AwaQFRqC1pAVK0IwIFAC
189=wAPbDaAgAALABArBBpATW8CmkBQft0LAA/uBF1Aju0vWkBOLREaQE3qAxpATa8NmkBPLw2
190=aAGxdwFpATqdeAZpARHydywAJx0PLCgfDywAIKcTAQAsKGMdLAAf83csACGsJmEELIlvAm
191=gBrXMGaAGtcwppAVqBcgFoAaxzgQRclQILdQIjuCdpATIoKQAzKCkAYCgoACdtDiwoQw4s
192=AF//bSwAMPtpLABiKCkAKrgnaQxFKCkAHaQpdQJGKCkAZCgpABj9bSwi2DajciwAPihVAE
193=MoKQAk93AsADEoKQAivEFpDBykNGkBLygpAF37aSwAJbREYQQrKCkANCgoAAQmACkCAAAE
194=YQQniQEIaQEegTsAaAGob4wxqW8PdAKpbxVoAalvG2kBF5VwIWkBGYkBLWkBGokBM2kBG4
195=kBOWgBuHScCrh0gA+5dA5gBLl0FGgBuXQaaAEnbw4sAEL2cCwAJ2MdLABHKFUAXigpAFWw
196=YQICACwAVvdwLABYKCkAV6wFYAQnbA4CLABlAGsidDsCAwAsAGaJAQJpAWckJDxpAVOwVg
197=gEACwAUQCWAQAABGkBUokBCGsBTgBQZGN5dE+0RGkBULyvAgUALQA+vGICAAAtAEIoKQBD
198=KCkAPahkYQRBKCkANaAPdQI/KCkAROJ9LQAnrywtADjz8C0APCgpAEC0RGQIqXoCaAGpeg
199=dpATuRQAxpARBsGH7xLQAnoQ8tKKIPLQAi5CQj8yQtABQorADEogIBAC0AWKAaaQFZvBVp
200=AVa0kWgBoSUBaAG5fwNoAbl/B2sBKQDpZAtpASqJAQRpASuJAQhoAbGCAmgBsIKYBicmEC
201=0AJyYQLQAn+w8tACLifS0AJ785LQBGKFUAXygpAGOoOGkMM+t6LQBdKCkAYSgpAB2oLW0F
202=JLg9aQFkKCkAXP94LQBHuKtgBCemKy0A3MV1Ai6kVWkBJZh0gCWxdwV0ArF3CWkBKIEEDW
203=gBvHiNBR+VOQZ0ArF3FmgBsXccaAGxdyJpARiZdChoAb14LmgBvXg0awFMADCnly0ATYgB
204=gDCoepw2qHqYEal6D3gGqXoVaAEnuR0tJoxJdQIvtHBpATAoKQBFKCgAJ0sPLQBiKFQAJ3
205=cPLQBTvEwCAwAtAFS8TGgBoXIJaQFnoKlpAWagMGkBaKAwaAGtfgFoAah6AwUEAC0AT514
206=BGV2UJR7BQEFAC4ANQAobFICAAAuADYoKQBE//EuADckDC5gBCeBLC4m5Ch1AjywS2gBJ5
207=sOLgA/pBN1AkH/8S4AQigpAD28FWEEQygoAL14A3QCvXgIaAG9eA1pAT6sJmkBD6MXAQAu
208=JIQ+d3suAGQoVQBWqKZgBLEfBWgBtXABaAG0cJQCtXAJdQIsgXINaAGhcgNoAaFyCGgBuS
209=cCaAG9KwZpASL/8S4AMSgoACfHDi4AXShVABusJnkGXCgpAF/r8y4AYCgpAGEoKQBG83cu
210=ACP7dC4ARygpAB3vcy4AMygpABWgRnUNHCgpADAoKQBeKCkAIbw2bQUvKCkAFOvzLgBYKC
211=kAFrw2bQUYqLFoASd3Oy4ALShVAE4oKQBZ7/cuAGIoKACwgpAqsIKQKrGCCnwKpIGABKWB
212=B3UCIJGCDGgBuX8jaAG0e4w8tHuBOxAjzTsAYQQRiAGJDBKIAYUIE4kBEmAEpYEEaAGkgY
213=wQpYEQdAKlgRZpARmsUmgBJwM9LgAkKFUALigoACcmEC4AwPZ4Bsx+AgIALgBUuH9pAVW4
214=f2gBuX8KaQFnuEgCAwAuAGgoKQBmuEh1Amm4MmgBCWUAcCoAAAIDAC8ARbwKAgAALwA3vG
215=JpAUT/8S8ARufvLwA9vApgBCd3Dy8AP6BRdQI4oFFpAUC8TGgBJdwnaQE+pEppATm4EWkB
216=QZ26BGkBQokBCGgBoX0JaAGhfQ5pAQ7+eC8AJ6MPLwBWqCICAQAvAFO8FWgBJYQyaAG1ew
217=JoAbV7BmgBtXsKaQFXlXsAaQFYiQEEaQFZiQEIaAGsfpQCrX4JdAKhfQdoAa0xC2kBG6Al
218=aAEn+g8vACfDHi8ALSiBAC8oKAAnfRAvKFEQLyjaWC8AJ59LLwAhoDtpDE4oKAAn1RAvKG
219=8vLwAc5oEvACfKSy8AJ3NLLwBesDVwCSU4ZWkBRya/Li8AGbw2dQIaKCkALigpAE8oKQA0
220=/4MvADW8unkGLP+DLwAkpD91AlAoKQBL54EvADb6fy8ArH6cK6F9A3gGoH2YMqF9DXQCtH
221=uMPLR7gDu1ewFgBLR7kQkSiHqYBrV7E2EEFJUCGWgBoX0FaAGhfQtoAaF9EWgBJ3tMLwAd
222=/3gvACUoKQAnKCsAMwA7IqhWeQZUJL8jAgAvKJsOLwBnrGhhcmkoKQBmuGl1AmqgJWsBXw
223=BuJOsuLwBknXgBdAKpegNrAWIAc+EEY4gBgwRgAHT1AmGIAQEBAwAwKCNMMABH54EwAEb6
224=fzAAJ09MMABIpGsCAAAwADUkeCtoASdSEDAAJ1MQMAA+qE5hBDm4SGkBRKhDaAElDHBpAU
225=CNfgFoAaWBBWgBpYEJaQFDgQQNaQE4sCpoASeDTTAAPyhVADuoLWEEDeqFMAAn1RAwKNUQ
226=MOyqAgEAMABTpB5oAdiraAG1hgNoAbWGB2gBqYUBaAGphQVoAamFCWkBWpWGDWkBKCPkPo
227=EEGeN9MAAaKCgAJ6sQMAAcKFQAJ9UQMCjXEDAALiiBAE8oKQBcKCkALeeBMAAyuEhtEFAo
228=KQAYpEp1AiEoKAAnd1wwAE4oVQAkqDhtBS8oKQBLKCgAJ7NpMABd44gwABW4PXgGJ6d4MA
229=BK/4MwACawQGEESSgpAFsoKQAr5IEKMAAdACYCAAAAAQAwABEAAEAPACANJwAmAgAAAAEA
230=MABRACYCAKsBVgAn6AEEHwAqAgAACWEEIIkBDmgBBBYALQIAAARpAReJAQhoAQRMADACAA
231=ADaQFNiQELaAEEEAD8EwAAAmkBEYgBjQUSiAGRCROJARRhBBSJARpoAQEeADkn2RElKCkA
232=LCgpADAoKQBSKCsAagAbaBcEAwAwAGgAHesBZAAg6wFiACHrAWMAIusBawAk6wFgACXpAW
233=WoInMJaQAr9QJhtA11AmYoKQBnKCgABF4AbyoAAABhBF+IAQYCAwAxAEgAKQCAAAIxADUA
234=LoQBAwAxADIAMegBcAGMAQIxADQAMoQBAwAxADwAF2APAgAAMQA+KCkARSgrAEQAGeMEPQ
235=Aa6QE7pB55BkYoKQA6sB91Aj+kHmkBN6QeaQFHpB5oAQRAACkCAAACaQFBiQEGaQFCiQEK
236=aQE2pB5pATkoKQBDKCsAOAA7aDhhBAy4GQIBADEADSgpAA4oKQAPKCkAMCgpAFYoKAABVw
237=DpAJtIMQBYiQEGcQlZiQEKawEnAPN8RWkBKIgBgQQpiQELdQIarCZpARsoKQAjKCkAJCgp
238=AEooKQBbKCkAGagtZQgiKCkASSgpACugMGEELSgpAC4oKwAcABxkNGEEJigpAFwoKQBPsF
239=ZjBC8AHu0FSygrADMAH/UCJaA7bQVUKCkAWqw8dQIsoFxpAVMoKwAqACPlCFIoKQAgsEBt
240=BVWwQGkBFOeBMQAVgX0BdAK5fwVoAbl/CWkBGIEEDWgBpYEEaAGlgQxrAVAAMeEPUYkBA3
241=QCvIOIAbyDkAm9gw9gBL2DFWkBHbBLaAEnfxAxAB8oVQAhKCkATigrAGYAKGBJd3BlACzr
242=AWcAL+kBYKQ0YQRr44gxAGK0LnUCZLQuaQFoKCkAYbQudQJftC5pAWyka2gBtYYBaQFqgY
243=gFaQFjpBNrAV0AbaqFMQC0hgQBAwAyADMAcAIDAAAAMgBHvBVrATIALXwVaQEx44gyADQo
244=KgBIAMtnMgAw44gyADe8V3kGOygpADqwVnUCRLAfaQFFKCkAPrwgdQI8uFNpAT+oImkBRi
245=gpAEO8IHUCNrwgaQFCsEtpATioImgBrYkHaQE1vCBoAScDETIAQChVAD3jiDIAC6gfAQEA
246=MgAnLREyKC4RMgAnLhEyACctETLorngGBFYA6AAAAAhoAa2JA2gBrYkHaAGhiAJoAaCIlQ
247=IUrCZ0AicCETIAJwMRMgAcKIEAIigoACdaETIAJ1oRMgAnLxEyAFqgMH0KILQuaQElKCkA
248=GaAwdQJJKCkASqwxdQJU64UyACasMXUCXCgpAE+kVXUCIaQ0aQEfpDRpAR24MmgBtHuQH7
249=V7BnQCtXsKaAG1ew5oAbV7BWgBtXsNaQFOif4VaAGhfQFoAaF9BGkBUox+kSpTiAGcCrh/
250=gAS4f5QCuX8QeAa5fxZoAQEqAP8TbLwBADIAK4gBkRQsiQEMYQQtiQESaQEuiQEYaAEnqx
251=AyAC+wS3UCSygpAFUoKQBZKCkAY/eGMgBloEltc2KgcmkBZOOIMgBoKCsAZwAzbFVhBGys
252=PGkBX7gyaQFhuDJpAV6sMWkBbawxaAG1hgJoAbWGBmkBa4GICmkBYLxiawFdAGlshWkBZq
253=y1AgQAMwBFqBcCAAAzAEYoKQBEqBd1AjG8FWkBR/eGMwAwqBd1AjaoWWgBJwMRMwA7uFN1
254=AjqsUmkBOKxSaQE8uBxpAUO4HGkBNLRPaQE1KCkAM6jSdQIy64UzAEG80HUCPoUeAGgBJ3
255=8QMwA9pDR1Aj8oKQBCKCkAQLQjYAQlxCUCAQAzAFxwMiJ4KwIzAA8APCQrITMAVZGCBWAE
256=vYMJaQFXlQINaAGxggNoAbGCCGgBJ84PMwAnzg8zACfPDzMAWrgnbQUasEBpASEoKQBKKC
257=kAG7AqYQQdKCkAJLAqdQIfsCppAVQoKQBbKCkAS7AqYQRZKCkAFLBLdQJTKCkAWCgpAB6g
258=MGEEFbRPaQFMKCkAL6wxdQJIKCkAULxMdAKphQdoAamFC2gBqYUPaAG9gw5oAb2DFmgBsI
259=KULrCCkCqkgZQCpIGQCaWBEXgGpYEXaAGlgQFoAaSBjBCkgZw2pYETYASlgRlpARm0RGkB
260=ICgoACd/MTMAJihVAEkoKQBPKCsAaAArYEkCAwAzAGG4aWkBYqxoaQFlKCkAZLhpdQJtvE
261=FoASdTEDMAXqS4dQJpuDJpAWqgMGkBbigoACdaMjMApYELYQRfpBNoAaWBAWkBY7A1ZYFn
262=sDVoASWwMmkBDoRgBQAFADMACgBfYBppAQuJAQFpAQyIAYEEDYoBAQUjUDIjHCUCAAA0AE
263=OwH2kBM++JNABEsB91AjGwH2kBNbAfaAEnLxE0AEEoVQA0sGFhBDakYGkBOKBcaQFA/4M0
264=AD2sG3UCQiScKmgBqYUBaQE/lYYFawE5ACwiQDppATqJAQZpATuJAQloASd/EDQAW3Qgf4
265=M0ABCUIwUFAQA0ACYA4CIkN2kBVJGCAmgBtYYGaAG1hgpoAamFBGgBqYUJaQERuBxpARIo
266=KQAhKCgAJ9UQNCinIDQAWSiBAC+0I2UIFLQjaQEVKCkAIigpAEsoKQBYKCkASqy1eQZI+4
267=o0AFooKQAaoFFhBEy0LmkBHKS4aQFTKCkAFueMNAAXKCkAR7xXbQUT+4o0ACC8NnUCTigp
268=AFcoKQAYoFxhBDAoKQAloDt1Ak8oKQBFqFl1AlEoKQAdlTkDdQIeiAGZMh+IAYAwqZAPYA
269=S0hog4tYYIdAK1hg5oAbWGFGgBtYYaaAEn1xA0ABu8bXUCRigpAFAoKAAnK0I0AEm80G0F
270=YSb/IDQAaCS8LgIDADQAZySQLmgBJ38QNABupD91Al6kP2kBarQ5aQFsKCkAaaA7dQJgtD
271=lpAV+4MmkBa6wxaQFvvCtoAQRcAGwqAAACawFdAHYk/yA0AGOgDwIEADQAYqQ0aQFkuAZo
272=ASeAIQY0AGUAKAIAABJ0AiXgLXyDoesDaQEKrBBpAQsoKQAMKCkACaBGYQQNqAwCBQA1AD
273=O4qwIAADUAQueMNQBD+oo1ACerEDUANaQebQU3vFdpAT0oKQBBsFZ0Ar2DAmgBvYMGaQFA
274=iYUKaQE4gUYBaAG1hgRoAbWGB2gBtIaNBTyNBQ10At+hAQA1pDxgiAI1ABUAPSKYKncCUw
275=DGYItrAUkAy+kBSokBAnUCJYWMAWgBsY0EaQEnlQIHaAG9jgNoAbyOlAIBTwAXAWwMAQA1
276=AFCIAZEJUYgBhQhSiQEGewZLABrtBUyIAY0FTYgBjQVOiAGNBRewQHkGGCgoACfnMzUAMC
277=hVABa4U20FLygpAFkoKQBHpFVhBCOkVWgBJ98RNQAhsDV1AiT/jjUASCgpABmgRmEERqBG
278=aQExtFppARusR2kBMigpAESwxHUCVigpABycNogttIaQH7SGkCq1hgp5BiCNBQ1oAbSGgD
279=C1hgl0ArWGD2gBtYYVaAG1hhtpASLzgjUARSgpAFcoKQBYKCkAcLDlAgIANQBoJLwuAgMA
280=NQBrKCkAarBhdQJhJBhAaQFppO9pAWwoKQBiJEhRdAInLzI1AG24MnUCXrgyaQFfKCkAbi
281=gpAG+ka2EEYKwxaQFdoDBpAVuBiAFoAa2JA2kBY6w8AgQANQBkuAZoAamFE2kBZpWGHGkB
282=FIlkAG9+EgBefGJpAROJAQFrARAAYPUCEYgBlwIPAGL1AgmgUW0FCigpAAsoKQAMKCkADS
283=gpAAi0GHkGDqBGAgUANgBC+Xc2KAoSNgAn4yI2AD24JwIAADYAN6AlaQE0pB5pATakVWgB
284=J7dDNgA+uNd0Ar2OB2gBvY4LaAGxjQVoAbGNCGgBsI2ABLGNDnQCJ7ciNgBVdCBwjQI2AB
285=UAQ2CBAQEANgCxjQFpAVSdjgNoAbyOlAK8jpQCvY4CYAS9jgVoAb2OCGkBSCO8I4sBIgD0
286=JBckNgAjiQEGYQQkiQEJaQEoIoRgIj5gNgCgk5QNoJOUDaCTiAyhkwd4BqCTjAWgk4wFoJ
287=OMBaCTjQUWqDh4BieOEjYAJ48SNgAZKIEARCgpABqwNXgGJ581NgAvvDZ1AlYoKQBZKCkA
288=RqRgYQQy75Q2ADC0WnUCWigpACG4zHUCRbBAaQFDqOhpAVe8TGkBHLxBaAGokJgcqJCILa
289=mQC2AEqZAOaAGpkARoAamQCmgBqZAQaAGpkBZoAamQHGkBMeeMNgBHKCgAJ98RNgBx/442
290=AGDzjTYAYrBhAgMANgBsvPFpAV/rkDYAYfONNgBqqPNhBGmwCWkBb7RlaQFdpClpAW2gJW
291=kBXLRwaQFwtCNpAV6wFGkBbigoAARbAGgqAAABdQJosLkCBAA2AGONiQJpAWSJAQtoAbGN
292=FGgBsY0daQFngQQmaQFrvAppARKsaHh/IldJAAAAaQEUmGmJAQi4SHQCJ7IRNgAnshE2AC
293=eyETYAJ7IRNgAnsxE2AA6wH2UIB6QeaQEQtBhpAQ+4EWkBEesBNwBCqLwCAAA3ADSoLWkB
294=Q7y6aQEzqC1pATWoLWkBOLxXaQE2uFNpAT0oKQA7rBB1Ajyo6GkBQCgpAD+wVnUCObgyaQ
295=FBKCkAN7AUdQI6KCkAPigpAFiwKgIBADcAWSgpAFooKQAcI3E1AmMEFQA/JB9GNwBHkY0F
296=dAK9jglpAUmVAg1pASGRjQFoAbWRBGgBtZEHaAG1kQppASWMBZkGJ4CTmAaslIkMKZQCiA
297=wnWhE3ACdaETcAJXhtcAkleG1pAVaoLWkBMqA7aQFXKCgAJUhcdQIe54E3AB8oKQAxoDBh
298=BEwoKQAdtC51Ak8oKQBNtC51AlAoKQBSrEd1AiDviTcAJiY8NAY3AC8ALwIAAAZhBDCJAQ
299=xpAUqIAZUCS4gBlwJTAJpkX2EEVIkBA2kBVYgBjAW8jowmvY4LYAS9jhFoAb2OF2gBvY4d
300=aAEn62U3AFGoQ3UCbeeMNwBf54w3AG6gXAEDADcAJxdFNwBhoFx1AmwoKQBdoHJ1AnAoKQ
301=BcuF51Am8oKQBxtC51Al64J2kBcigrAFsAcCQTNDcAaLgGAgQANwBpuAZpAWooKAAl8EV1
302=Amu0LmgBqZADaAGpkAxoAamQFWgBqZAeaAGpkCdpARuEYAMABQA3ABSEYIsBGABXcGF1Ah
303=kjxEWVAhqJAQF1AgakHmkBBygoACeNEjcoNRI3KDUSNyg0EgADNwAOABcCAAAABQA3ABAA
304=FwIAAAAFEQAAKg8AIA0ANwAJABoCAAAABQA3AAoAJysADwAg9QIRKCsAEgAi9wITACaoAQ
305=M4ADcAKACDADgAPSgpAD4oKwBDACmcAwMAOAA0ACvrATYALOkBPCgrADgAL/UCPygrADkA
306=GXQNBAAAOAA7ABzrATUAH+kBQSgpADq8FWwFzw0BADjgDGkBLaAMawEdADxsH2sBFgA/6A
307=EERgDoAAAAAnUCR4kBBmkBSIkBCmgBBCAA7wAAAANrASEA9O0FIokBBXQCAygACQEAAJkG
308=KYgBmQYqiQEOYQREoBppAVAoKQBWKCkAMqwxYQRNKCsAHgAbZB51AjEoKQBMKCkAUrQjYQ
309=RXKCsAHwAe+QZFKCkAJKAlbQVRKCsAIwAj7wUlACTpATMoKQBOKCsAJwAl4AQELgAvAgAA
310=AXEJL4kBB2kBMIkBDWkBSYgBgQRKiAGBBEuIAYAEAVMAmhPFCFSJAQR5BlWIAYwFBCYAOS
311=cAAAB3Ak8AO+kBX7BLAgMAOABvoEZrAW4AM3Q8awFxABdwFGkBcigpAF2oLXUCcLgnaQFe
312=rCZpAXO4HGkBXKAPaAEBWABrKmg/AQA4AFmJAQJ0AgRaAHAqAAABaQFbiQEDaQFpqAwCBA
313=A4AGCoDGkBaqgMaQFhtC5rAWwAIXAUaQFtoA9pAWKwbGgBBGQAKAIAAA1pAWWJARZpAWaJ
314=AR9pAWeJAShpAWiJATFpAWOoF2kBaygpABRsI29+OAAbKCkAHJBhAwMFADgAFZBhiwEXAF
315=dwLnUCGIgBlQIFpCl1AgYoKQAHKCkADCgpAA4oKQAPKCkAC7QjZQgNoFxpARAoKQARoCV1
316=AgiwVmkBGaAlaQEaoCVrARIALngnaQETiAGRFAmRSwZ1AgqIAQMMBQA5ADXjkzkAQigpAD
317=y4SAIAADkAOO+UOQBB/4Y5AECwS2MENgAwtyY5AEMoKQA0qE5hBD8oKQA6oBp1AjmwQGkB
318=O6AaaAEnNxI5AC63CgEAOewNaQE3KFcAHQBAso05AK2UA2AErZQHaAEERQDtAAAACGkBH4
319=2UAWgBuZUEaQEhlAKMBaGTC3QCoZMPaAEBKwAVAYubOQAsiQEGdQIksDVoASePEjkAJawb
320=dQJQKCkAUSgpAE6kHmEEJ7Q5aAEnYxI5AFK8IHUCM6S4aQFEKCkAJqhkdQJJKCkATygpAD
321=28QWEESCgpAD6oQ3UCSigpACL4lQE5ACgAeWkSYAStlA5pATGVRBRpATKJARpoAayUgQRM
322=lAKBBE2IAYAEpZcCbAWllwVoAaSXjTEeqG91AiMoKQBZoDsCAwA5AFooKgBfAIRCdQJwuE
323=BrAWAAMWgEaQFvsEtpAV2oLWkBcigpAHMoKQBxoDBhBF6oLWkBXKi8aQF0pIxrAVsAK2xo
324=aAG1nAFpAWykdgIEADkAarwKaQFpvAppAW2gO2kBYbw2aQFjrDFpAWsk0CBpAWSsMWgBsZ
325=gXaAGxmCBoAbGYKWgBsZgyaQFirCZpAW4oKQAckWEAa3oXAFx0I2sBFgBh6wEVAGLpAQS0
326=GGAEJ+YSOQAn5xI5ABmsG2EEC6wbaQEOKCoABwAj2CF1AgykKWkBDygpABooKQARvCBhBB
327=ioLWgBrZQBaAGtlARpARSZlQdpAQiESoAEpJeUAqWXDWEEDbAfaQEQKCkAG+oBOgB8Wmge
328=AQA6ADrrmzoAOygpADz7lToAQSgpADikSgIAADoAQCgoACUcJgIBADoANJEKAGgBqZADaQ
329=FEkY0FaAG9jglpAUaVAg1oAamQAmgBqJCNBSqZigF0ArGNBGgBsY0HaQEtgQQKaQEuiAGR
330=CUioOHUCSSgpACLjkzoAPqg4YQQmvDZpAT0oKQBWKCkAJLQ5YQRKKCgAJ2MSOgAntDlhBE
331=+0OWkBI/+OOgBToFx1AkKsPGkBRygpAD+sXXUCVCgpAB7rkDoAQ6hvYAS1kRNpASmBkxxo
332=AaGTD2gBoZMVaAGhkxtpATOBRiFpATWJAS1pATaJATNpATeJATloAbCYkAmwmJAJsJiRCU
333=6MBZEJUIgBkQlRiAGRCVKIAZEJIahOfQolKCkAVSgpAF+oTgIDADoAcSgpAHIoKQBzKCkA
334=dCgpAF647XkGde+fOgBgpFV1AnC4U2kBWagtaQFavCtoAbGYAWkBXJ2ZBWkBXaQTaAEEWA
335=C4KgAABmkBY7hIAgQAOgBtKCkAbKRKdQJksEBpAWK4PWkBbv+ZOgBvqDh0Ar2ZGGgBvZkh
336=aAG9mSpoAb2ZM2kBYbgRaQFqKCgAJ38mOgBpJHgrYAS0nAMBBQA6AAOwFGgBJz4TOgAnPR
337=M6KD4TOgAnJyY6AAiwVnkGFigpABWgGnUCCbgnaQEXKCsAGwAneMF0AgQZAC0CAAAEaQEa
338=iQEIaAG9mQJoAb2ZBWgBvJmABKWXDnUCC41HFGkBDIkBGmgBAQ0A8BMizDUBADoADokBBn
339=UCD4kBDGkBEIkBEmkBEYkBGGkBGK8mBQA7oEMiSDACOwAdAD4kbyQ7AEOIkAICAQA7AK2U
340=BmgBrZQKawFAAPEiEC9pAUGIAYEEQokBCXQCBC8AFAEAAAVoAaGTCGgBoZMLaAGhkw5pAS
341=K4MmkBIygpACQoKQBKKCkAUygpAEn7lTsAVCgoACeDNzsASPiVAjsAVwAdbDFpDD/3kTsA
342=OLQ5dQIhtDlpATsoKQA3qGR1AlIoKQAfrDx0AieDNzsAOShVAEbvlDsAPKBcbQVLKCkAVS
343=gpACu0RGEEJoSXlS4niAGAJambFGAEqZsdaQEqgQQmaAGpmxZoAambHGgBqZsiaQE0gUYo
344=aAG1nC5oAbWcNGgBvJmECLyZhAi8mYUITygEAaibhAiom4UIIKRKcQk6KCkAPSgpAD4oKQ
345=BHKCkAVigoALiKAwcCADsAWYWMCmkBXiRQMQIDADsAdqxVaQF185g7AFqgO3QCpZcCaAGl
346=lwZpAV2RmAppAWKsRwEEADsAJ1EmOyjnEjsAY6TZYQRrqENpAXEoKQByKCkAcygpAGqgRm
347=0FYOubOwBhKCkAX6xHYQRwKCkAdKBGdAKtnxloAa2fImgBrZ8raAGtnzRpAWmFPz1rAW4A
348=KXiKaQFviQEIaQFksCppARyJegBgfSfuEzsAJ+0TOyjtEzso7RM7KO8TOwAIrCZlCBYoKQ
349=AVpGt1AgmsJmkBFygpAAKoInUCEigoACfLSzsAGJmgAWAEsaMFaAGxowlpARuBBA1oAbmg
350=D2gBuaAVaAG5oBtoAbigkAm5oAd0ArighAi5oBN0ArmgGWkBFKAlAgUAPABVqOgCAQA8AF
351=So6GkBVqjoaQEehSkFaAGlogdpAT+BngFoAaWiBGgBpKKABKWiCnUCLoSijAWxowZ1AjCV
352=AgtoASfvEzwAOagtdQIhtOlpATgoKQAi4548ACQoKQAloDBsBSWQT2kBRihVAB+0ZXQCJ0
353=cUPABK56I8AFMoKAAlFFBtBSyoOGkBMSgpADUoKAAnDzk8AEwoVQBQpGB5BkW4XmkBTygp
354=ADKkYHUCTSgpAEP3pzwALf+kPAA2KCkAPigpAFEoKAC1pwNwCbWnDGgBtacVaAG1px5oAb
355=WnJ2gBvaQjaAGgnosBRwCAYOt1AkiIAZ0KSYgBnDYnwxM8ACu4SG0FNCgpADcoKQA8KCkA
356=UigpAEskiCJ4Bq2fCGgBrJ8CCwIAPAAn7xM8AGEm8DoCPABgADIiLDECAwA8AFq8QWkBW7
357=gnaAGtnwdoAa2fC2oBFAAi1E0DAAQAPAAVsAlpAROwCWkBa6hOaAElkE9pAXMoVQB0KCkA
358=dygoACdLOzwAYrCCeAYl1DxoASdPFTwAbKBRdQJ196c8AHYoKQBprEdgBKWiGmgBpaIjaA
359=GloixpAW2BngFoAbmgBWkBb5UCCWkBcIkBDWkBX7QuaQFoKCkAZKAwdQIcaCoiOU88JRUk
360=A3GCAbgcaQECKCgAJyEVPCghFTwoIRU8KCEVPCghFTwoIxU8AAkoMQEWrCZpDBckrCxpAR
361=K0cGkBCqA7aAGppgJoAammBmgBqaYKaAGppg5oAb2kFmgBvaQcaAG8pIQIvaQIdAK8pJgG
362=vaQUdAK8pAMaBQA9AFDzoz0AVLzxAgEAPQBYKCkAViS8T3UCT/enPQBR9KcDPQA+AOYAI1
363=ZNPQCppgJsBammBWgBsKOUArGjB3QCsaMMawEeAJMkP2A9ADK4J3QCJ58UPQA6KFUATCgp
364=AE0oKQAltGV5Bjjrpj0AOygpAB+sMWAEJ2tgPQBDKFUARvenPQAhsDVtBTUoKQA9KCkAI6
365=g4YQQsKCkAVygpADO4XmEENCgpADwoKQA3sGFhBEsoKQAg76o9ACaoQ2EERCgpAEH3pz0A
366=TvCjAT0AUgAjLDJsBbGjDWgBsaMWaAGxox9oAbGjKGkBKyOtITFoAaWiAWgBpaIEaAGkop
367=E1IqRrdQIkKCkALSgpAEIoKQBFKCkASigpAFMoKQA2rHNxCVm8TAICAD0AVawbaQFhtAIC
368=AwA9AF+om2kBXiboTwE9AGAAIzBYdQJ3tJxpAVu8QWgBJ/cUPQBctC51Al2kKWkBFbAJAg
369=QAPQATsAlpARb3pz0AErwKdAInnhQ9ACefFD0AdbQNYQRjtE9pAWsoKQByKCkAafOjPQBs
370=uEhtBXYoKQBksBR1AmUoKQBoqEN1AmaoF2kBFKAlaQFwKCgAqaYCdAKppgZoAammCmgBJ5
371=tQPQBnrDF0AieHPT0AcShUACfLFD0AHY1zA2iFJ3EUPShxFD0ocRQ9KHEUPShFFD0oRxQ9
372=AAqsJnEJB6xzaQECtHBpAQuwH2kBDKQeaQEYuBxoAbGjB2gBsaMLaAGxow9oAbignBW5oA
373=l0AriggAS5oBV0ArmgG2kBF7AfAgUAPgAi56I+AFcoKQAh758+AE4oKQBTKCkAI+eiPgBS
374=KCkATyRgMwIBAD4AVCgpAFgoKQBRJLgzYQRWKCkAPY2qBXQCuasJaQE/lQINaAGhqQhoAa
375=CplAKhqQd1Ah+dNgppASW0LmkBMygpAEEoKQAypFVgBCUoeWkBJqQ0aQFLKCkATCgpAES8
376=NmEENKBcaQE3KCkAOigoACefKj4ATbhebQU866Y+ADasXXUCQCgpAEooKQBF86M+ACQmly
377=k+AEK0RHkGLbREaQEn8KMimH0iKWMXdAK5oCBoAbmgKWgBuKAAAzIBAD4AQwArAgAAAAEA
378=PgBHAIATABEAAP0OACAPAAIBAD4ASACAEwAABQEAPgBJiQEIaAEEIAA5JwAAAGkBLCgpAC
379=4oKQAxKCkANSgpADgoKQA7KCgADFkAKQAAAAACAD4AVQAdAssBUAAn6wFhAC1gBAQDAD4A
380=YgAx6wF2ADLrAVsAF2wFYQRcKCsAWgAb9wJdABzrAV8AIesBYAAk6QFeuBFlCBa4EQQEAD
381=4AEwAvaAxrARIAM+gBBBwAkwEAAAF1Ah2JAQRpAWSgD2kBZigpAGgoKQBpKCkAcigpAHMo
382=KQB0KCsAFAAZZBNzCWUAGukBcCgpAGOsG2EEa6wbawF1AB7vBWoAIOkBcSgrAGcAIvcCbw
383=Aj6QEVvCBnCG0AJfQCBG4AKQIAAAd1Amy0I2kBBLAUAgUAPgAFKCkACSgpAAooKQALKCkA
384=GCgpAAisG2UIA7QYaQEGtBhpAQwoKQAZvBV1AhooKQAXqBd1AhuoF2gBBA0A8BMAAARpAQ
385=6JAQppAQ+JARBpARCJARZpARGJARxpAQesGwQFAD8ATAAobDwCAQA/AE0oKwAgACz1Akso
386=KQAkqENvBSEAMOEETigpAFMoKQAjrEdtBVIoKwA8AOZoXXUCPYkBBmkBPokBCmgBBDEABw
387=EAAARoAQQvABQBAAAJaQEwiQEOaQEflU8LaQEzvCtpAUEoKQAtqC11AkAoKQBGKCkAOqRK
388=YQQyrDFpATYoKQA5KCkANLgyYQQ3KCkAJaR2dQJCtE9rAUoAH3hIaQFHtE9pAS6wNWsBOw
389=Am4QRIKCgABCgAKAIAABhhBCmJASFpASqJASppASuJATNpASyJATxrATUAKvAJBEMAKwIA
390=AAF1AkSJAQVpASasPGkBJygpAD8oKQBFKCkASSgrADgAO7acPwAnjxI/AB6ULgMIAgA/AF
391=W8IGkBVLiKaQFXKCkAWKQedQJRpGtpAU/rmz8AIrQNdQJQKCkAVigpAGLvnz8AY++fPwB1
392=7p8/AKiQAgUDAD8AJ+8TPwBdsEB1Al8oKQBgKCkAW7BAYQRepDRpAWGsMWkBWqwQawETAC
393=tgXAIEAD8AFrgRaQEXuBFpARooKQAZpBN0Ar2kAmgBJ+8TPwBrrBB1Am0oKAAnRhQ/ACdG
394=FD8AJxsUPwBovBV5BnEoKQBqvFd1AhWsMWkBdCgpAGSgUXUCZigpAGykHnUCbqQ0aQFluE
395=hpAWewH2kBbygpAHAoKQASYiIAAHSGJxoUPwAnGhQ/ACcaFD8AJxoUPwAnGhQ/ACcbFD8A
396=BLBscAknGhQ/ACcbFD8AG6gXYAS1nAVoAbWcC2gBtZwRaAG1nBdoAbWcHWgBJ5QTAUAASQ
397=DXnEAAS6jdAgEAQAAkrDxpAUj3nEAASvecQAAg/5lAAB/ymEAAsZgDeAaxmAdrATkA6Xwj
398=aQE6iQEEaQE7iQEIaQEwiZsBaAG1nAVpATKVAglpAS6oQ2kBQCgpADekP3QCJxMTQAAluC
399=d1Ai0oKQAzKCgAJ+cSQABBqENtBUf7lUAAJrxBdQI/KCkAPrx4dQIntERpATgoKQAvtGV0
400=AqWXGWgBpZciaAGllytoAaWXNGgBpZc9aAGkl50gNpVPBnQCsZgCaAGwmJUCRZ2ZCnUCQq
401=BRaQEitzkCAEAojxJAAB60OXUCIbQ5aQEjtDlpAVSwKmkBVSgpAFcoKQBRqC1hBFisJmkB
402=UrQjaQFTKCkAVqjzdAIBTAD7E3TaAQBAAE2JAQZ1Ak6JAQxpAU+JARJpAVCJARhpAWK0GA
403=IDAEAAHagXaQFhqBdpAWO0T2gBJ7EnQCjDE0AAXqgXYAQnwxNAAF28g3UCYLQYaQFaJPwg
404=awEYACpkVQIEAEAAGygpABf3nEAAGigrABMALu0FGSgpABwoKQAS759AABW4EXwKJ5cTQA
405=BuKFUAcSgoACftE0AowRNAKMMTQABstBhxCXMoKQBroFx1AmmsG2kBdLRaaQFvpDRpAXAo
406=KQAWvFd0AqGeAWkBZrRPaQFksEtoAScbFEAAaihVAAaoFwIFAEAACCgoACftE0Ao7RNAKO
407=8TQAAMKK0ABagXZQgHpBNpAQ24SGkBEKQ0aQEOvBVpARG8bWkBD7sRBQBBKOcSQQBHoEYC
408=AQBBAEigRmkBSygpAErml0EArZQBYAStlAVoAa2UCWkBPJmVDWgBrZQGaAGtlAppATOZlQ
409=5pAT+sG2gBJ/slQQAmrGh1Aj4oKQBAqDh1Aje8IGkBJ6g4aQE4KCkALiZ3JUEANKzAYQRG
410=KCkAQqwmdQIsJIAhaQFDoCVoAaGTGmgBoZMjaAGhkyxoAaGTNWgBtZECaAG1kQdoAaiQiA
411=GpkAt3Ai8AMCTPJUEAMIkBCHUCJbgyaQEtKCkAPSgpACGnzgIAQSiPEkEAI6x+dQJZvG1p
412=AVokVCFpAVK8K2kBUygoACcSE0EAJ7sSQQBXsCptBVWwYWkBWCgpAB+8unUCILBLaAGllw
413=FoAaWXB2gBpZcNaAGllxNoAaWXGWgBJbgoaAEn1yZBAGG4HAIDAEEAHbyDaQFsoBppARyo
414=hWkBaygpAHMoKAAnExNBAF6sR20FW6wbaQFcoBppAWAoKQAiJGgpdQJdtC5pARDrm0EAES
415=gpABKkEwIEAEEAD6APaQEUvCtoASe7EkEAbyhVAHAoKAAnUyZBABW0WnkGFigpAGkoKQBx
416=KCkAbbQYbQVyqBdpARmkgWkBGigpABegXHUCGCgpAGMoKQATqIVhBGIoKAAlXDh1AmSsPG
417=kBarxiaAGtnwJoAa2fB2kBZ5mgDGkBB7gcZIwnlRNBKIUnQSiVE0EolxNBAAasG3kGDrB3
418=aQEMuBxpAQ24MgIFAEIARXjJIhdFQgBDoOACAQBCAELzmEIARigpACWs92EERCgpAEfrm0
419=IAJOibAkIANADSbPBsBbWcAmgBtZwGaAG1nApoAb2ZC2gBvZkPaQE+sB9oAScTE0IAJ6g4
420=dQIsKCkALvuVQgA/KCkAOO+UQgBBKCkALaA7ZQg9KCkAK6BydQI8KCkAKKw8dQIpqDhpAT
421=H2nEIAuZUDdAK5lQhqATcAIjE4DWgBrZQBaAGtlAlpASqgMGkBQCgpAFmsMQICAEIAVqwx
422=aQFXKCkAWqh6dQIirGhpAVWkNGkBIeeXQgAepGt1AiMoKQBYvDZ1Ah28bWgBJ2oTQgAnaR
423=NCKD8TQgAfpEptBVS8K2kBIKRKaQFKpClpAUm4J2kBS6wmaAGpmwJoAambCGgBqZsOaAGp
424=mxRoAambGmkBSLQjaQEXpB4CAwBCAGIoKQBqKCkAcigpABywuWwFJ+NOQgBstCN1AmuoIm
425=kBGOWiQih3O0IAbShVABagJW0FaSgpAHEoKAAn3ydCAF+0I20FXaSBaQFbtBhpAVwoKQBg
426=KCkAD7wVAgQAQgANoA9pAQyoDGkBGrBhaAEnGxRCABm4MnUCbigpAHCsEHUCFLh/aQFoKC
427=kAG7w2dAInbzpCABGoOHUCEKg4aQESqDhoAbmVA2gBuZUIaAG5lQ1pAROgGmkBFSgoACfl
428=EkIo5RJCKOcSQgAHqBd1kQukE2kBDqR2AgUAQwA1v2IBAEMouxJDAEG8YnUCRrxiaQElpC
429=lpAUQoKQBAqGR1AkL4lQJDADgA0WQLdQIzmZUBaAGllwNoAaSXiAGllwd0AidjEkMAKbji
430=dQI99pFDACcHOEMAMawbYQQ8KCkAK6Q0dAIn5xJDACakNHUCP7wgaQEquDJpATKsMWgBsY
431=0JaAGxjQ5oAbGNAmgBsY0KaAEnuElgvCXOXEMAJ85cQwAnH1xDAFmwKgICAEMAVbAqaAEl
432=PDRpAVq4J2kBWLS9aQFKuFNoAScvEUMASagidQJTKCkAUbwgdQJLvCBpAVSkHmkBSKQeaQ
433=FHoFFpASO4aWkBQ7yvaQEktOlpAR4k2CFrAR8AkyQHOEMAIIkBA3UCIYkBBmgBtJGUArWR
434=CXQCtZEPaAG1kRVoAbWRG2gBJ6dMQwBttCMCAwBDAGm8TGkBcSgpABjzjUMAYygpABb+jk
435=MAJdA2eQYZrH5pAWQoKQAVuH91AhsoKAAnUSZDKFMmQwBgrCZtBWEoKQBrKCkAVqQpYQRb
436=KCkAaigpAFewS2EEXCgpAGIoKQBsKCkAF6AwbQVdJHxSaQEOvK8CBABDAA2kHmkBDKQeaQ
437=EPKCkAC6AadQISrEdpAW+4aWkBEaBGaQEQoEZpARSgRmgBJ5cTQwAaoGd1Ami0hmkBE7Af
438=aQFlvBVoAaWXCWgBpZcOaQFu+ZVDKI8SQwAIoA9pkAqgDwIFAEQAN2yGIsckRABFtGUCAQ
439=BEAEC8QWkBJLwgaQElpB5pAUagZ2kBI7AfaQFErGhoAbWRAWkBOYGTA2sBMwD4fA1pATSJ
440=AQRpASmsJmkBKigpACusJnUCJqgXaQEytCNpAS60I2kBPigpADqwQHUCJya+I0QAJ+sjRA
441=A7pD9hBCy8bWsBPAAuJPc1RAA9iAGcFaiQiAGpkAtvBTUAkmByaQE2iQECaAEnejZEACev
442=bkQAP6wxYQRUuLYCAgBEAB4m4yJEAFWkKXUCHbgnaQFHpB5pAUooKQBSsB91AkPnjEQASC
443=gpAEsoKQBCoEZtBUGoImkBIqxHaAG5igFoAbmKBGgBuYoHaAG4ipQCuYoKdAK5ihBoAbmK
444=FmgBuYocaAEn/zZEAFGwH3UCUygpABmwSwIDAEQAZCgoACcLEkQAaKhOYQQV65BEABsoKQ
445=BpoFFhBGe0T2kBF6xHaAEl2E1oASdxS0QocUtEKHJLRAAnChJEACc3X0QAYSgxAWIoKAAl
446=qF19Cla0e2kBaigpAGyka3UCXaAwaQEWoDBpAVooKQAYoFF1AmMoKQAcpDR1Ali4U2kBWe
447=OTRAAMrEcCBABEAAugRmkBEqwQaQEToGdpAW8oKQBluEh1AhS0RGkBcCgpABqsaHUCDbAU
448=aQEOrGhpAW6s1mkBD7wVaQFmsBRpARAj2UIAaQERiQEIaQEJoA9wjSffEUUAJHyAf45FAC
449=UoKAAnNxJFACz3kUUALSgoACdhEkUmiEMCAQBFACuka2kBLrQjaAEEOADlAAAACGkBOYkB
450=DGgBqZABaAGpkAVpATq4J2kBKbwVaQEqtDlpATsoKQAyrCZ1AjGoImkBP7w2aAGsiQ8BAQ
451=BFAD0ALgIAAAQBAEUAPgARAAAcDwAgDS4CAAAHAQBFAC8AMAIAAARpATCJAQxoAQQ1AJIT
452=AAABaQE2iQEDaAEEJgCUEwAAAGkBJ4gBlQIoiQEGdgJFAIAABAIARQBHAChsAWkBSCgpAE
453=koKQBKKCsAVAAp7wUeACvrAUYALOsBSwAv6AEEUgAXAgAAAH8KQQAb6wFCAB7rASIAH+sB
454=UQAh6wFMACPrAVMAJOsBTQAm6wFDACl8IH0KRIkBCGgBBB8AkxMAAAJpASCJAQVpASGIAY
455=AEBE4A+xMAABF1Ak+JARdpAVCJAR1rARQAKmgXAgMARQAaKCkAZSgpAGYoKQBuKCkAbygr
456=ABkALeUIZCgpAG0oKwAVAC7hBBsoKQBnKCsAEwAy4QRWuCd5EVsoKQBcKCkAXSgpAF4oKQ
457=BfKCkAYCgpAGooKQBrKCsAHAAZcCprDBcAGukBYSgpAGIoKQAWqDhtBVooKwAYABz5Bmwo
458=KQBXrDxtBWMoKwBpACDtBWi4PWEEVbg9aQEduD1rAVgALWw8aQFZiQEIaQEMqE4EBABFAA
459=0AHXAJaQEPuEhpARIoKQAQiWQBdQIRiQEJaAEEDgA5JwAAAGkBCrQYAgUARQALoA8CBQBG
460=ADV4L2NnRgA2KCkAK7heAgEARgAurBBpAUCgO2kBJLheawFBADFgB2sBIwAz6AEENwDlAA
461=AABXUCOIkBCWkBOYkBDWsBMwD4cGVpATSJAQZpATqkNGkBO7wraQE/sB9pASqkHmkBJaQp
462=aQEmoBpqATwAYYgCaQE9iAGNED6JAQh0AriKlAK4ipkRMY0mFWAEoYgEaAGhiAdpASmkKW
463=kBMigpACHrhUYATCgpAE0oKQBOKCkARrAqAgIARgAg44hGAFSwKnUCH7AqaQEiKCkATygp
464=AFWoLWEEHqgtaQFLKCkAUaxddAInNxJGAFOkKXUCLKwmaQFQKCkALfONRgBChYwBYAS9jg
465=VoAb2OCWkBRYEEDWkBFHA9BAAAAwBGABO0RGgBJ8YORgAnxg5GACfGDkYAJ8cORgBovBV5
466=BmkoKAAn8g5GACfzDkYAbCiBAG0oKQBuKCkAW6xHcQkYrF1pARwoKQBWuEh1Ah37dEYAYC
467=gpABnndkYAZSgpAGYoKwBnACJ0cGUIR7gnaQFkKCkASKBRdwJKACXtBRq8K3QCBBUALAIA
468=AANpARaJAQZpAReJAQlpAWGIAYEEYogBgQRjiAGBBFedgwFsBbWGBWgBtIaBBFqBBA11Ah
469=ukVWkBSSgpAA2sJgIEAEYADKwbaQEOqBdoAa2JAmgBrYkKaQEPpAhpARIoKQALvysFAEe8
470=VG+JRwA+qEMCAQBHACqsXWkBQCgpAC6swHUCJaAHawErADBgB2kBQSgpAC2wxHUCJKxdaQ
471=E2jYkCaAGxjQZoAbGNCmgBsY0OaAGxjQNoAbGNB2kBO7wgagE6AID2aQEmtERpAT/zjUcA
472=PKAldQIyoDtpAT2gO2gBrImUDa2JFnQCrYkFaAGtiQhoAScvEUcANaQpdQJV/4NHAEbzgk
473=cAI7QjAgIARwBQKCkAILQjdQJH84JHAB+0I3UCIigpAE8oKAAnUxBHAFOwH20FUaBnaQFF
474=rBtpAVSsG2gBsYICaAGxggZoAbGCCmkBLLQYaQEhYDhzgkcAG6yfAgMARwAcKCkAHSgoAC
475=fXEEcAGqhDbQUeuBxoAScBEUcoAhFHACeqEEcAJ6kQRyipEEcoqhBHACerEEcASLgcfQpl
476=KCkAaCgpAFz3/0cAW7xBbQVKtKdpAV8oKQBmKCkAGaBGYAQnhxFHAEmgRnUCTSgpAEwmIy
477=BHAE68K2EEFJV7AWgBvYMEaAG9gwdoAb2DCmkBGI0FDWkBYIgBmAa0hpgGtIaYBrSGmQZk
478=jAWYBqGIAmQIoYgGaAGgiIwFoYgOdQJLoDtpAWcoKAAnAxFHAA64SAIEAEcADKwmaQEP74
479=lHABKkSnQCuYoDaAG4igMLBABIAC68QQIBAEgAPigpAD8oKQAqvGJhBCW4zGkBPaBGaQEv
480=oEZpAUC8YmkBLbheawE1AMZ0UmsBMwDX6QE0iQECdAKtiQNoAa2JB2gBrYkLaAGtiQ9pAS
481=agRmkBO6QeaQEyvEFpATygymkBKKQ/aQExpD9pASe0yGkBKaAlaAGgiIoMOgAj1CZ1AiR0
482=FSJTMUgAR7wgAgIASAAjvCBpAVAoKQBUqCJ1AlW8IGgBJ80PSCKgL2jSdQJRqBdoASd7IE
483=gAQbAUdQJEKCkAK7zbdQJCvBVpASy8V2kBRigoAL2DB3UCH6g4AgMASAAgKCgAJcQkdQIa
484=oBppARSoOGgBJegjaQETqDhoASW8I2kBSahOaQFKKCkATCgoACevIUgAZihUACetIUgoAR
485=FIKAERSCgBEUgoAxFIAFa4PXUNXSgoACcDEUgASKQpYQRNsEBoASeqEEgAJ38QSABLvEFh
486=BGcoKQBXsCp0Arl/BWgBuX8IaAG5fwtoAbl/DmgBrH6MBax+jAWsfowFrH6MBaF9B3gGoH
487=2ABKF9D3UCTiP9KwBpAU+IAZEJW6BRdQJcKCkAYCgoACf7D0gADbwgaXoPvCBoASeEMgJI
488=ABsAJ3RPdQIdKCgAsYIEdAKxggxpARyoDAIEAEkAPbREAgEASQAvrF1pASqk5GkBJSYrIU
489=kAK6zhdQIkJtIgSQC5fwF1AjaFgQNoAaSBlAKkgZcCOAD6ZG5hBDmIAZUCMbhIdQIosEBo
490=ASenIEkAKe9+SQAyKCkAMKBnbQU3uKBpATooKwA7AJwk20JJADyJAQJhBCewH2kBRqBnAQ
491=IASQAnKUJJKPsPSQBF735JAFGsaG0FR/t/SQBQrGh1AkG0GGkBQigpAFK8NnUCRKgXaQFT
492=KCkAP6RVdQJAKCkAQygpAD64HGMELACeYBppAS2JAQNpAS6JAQZpARWgGgIDAEkAIrQ5aQ
493=EatDlpARa0GGkBG7Q5aQEUtBhoASfOD0kAJ84PSQAn90BJAFesG2wFJ6sxSQBlKFQAJ1MQ
494=SQBnKFQAJ30QSSh9EEkofRBJKH8QSQBJsEBpDEsm0yBJAF4oKQBdsCphBBmwYWkBTbAqaQ
495=EYuCdpAWAoKQBVsK51AliwxGkBZCgpABeoLXUCYygpAFnjiEkAYSgpAFu8TGwFtXsBaAG1
496=ewlpAUi8TGkBWigoACegDwJJAGIAOyL0QGEEHrw2YHLcumgB3LppAR2gUWkBIag4aQEOvC
497=BoASdTEEkAE6QTdQIcKCgApYEFdAKlgQ1pARKUkQEVBABKKCcxSgA9oEYCAQBKADC0DWgB
498=J/swSgA+rEd1Ai+sR2gBtXsBaAG1ewRoAQQkAJQBAAAJaQEmvEFpASi8NmkBNygpADEmSz
499=BKADooKQAnqDhtBTaoOGgBJ4NCSgA0uBx3AjIAkWhkaQEziQECaAGkgYQTpYEDdAInoTBK
500=KKMwSgBSrDECAgBKAFMoKQBEoDB1AkX7f0oAVCgpAFG8IGEEI4UeBmkBQKQeaAEnUxBKAD
501=+gXHUCQbRaaQFDvCBoAaF9AWgBoX0EaAGhfQdoASdDL0oAF6Q0AgMASgAbuBFpARa4EWkB
502=IpkRA2gBJx4PSgAnF1BKAGGwFGAEJ8UOSij1QEooxQ5KKMcOSgAYtBh5BlkoKQBfKCgAJx
503=sfSgBJuBxtBWAoKQBmKCkAVahZYAQnSw9KAFeoInUCSvd7SgBMqEN1AlqoQ2kBSKhDaQFc
504=+3RKAFCoQ3UCYiQcJWkBRqTkaAGxdwJoAbF3CmkBR+Z2SgAnky5KAE0oVQBeKCkAYygpAG
505=QoKQBY93tKAF0oKQAduO19bSGZMgBpAROsJmkBD7wgaQEcuBxpARS4HGkBEKwbaQEVKCgA
506=qXoOdAKpehZpASCwHwIFAEoAHqQeaQEfsBQBBQBLACfzL0sAPqQTAgEASwAxpEppATC4SG
507=gBtXsCaAG1ewVoAa1dB2gBoX0KaQEopEppATYoKAAnby9LADSkHmEEJ7BAaQE3rDxpATWk
508=HmkBO6A7aAEnQy9LADy0OXQCrX4BaAGtfgNpASW4HGgBJ8cvSwA9KFQAI2hhIvMvSwBEsB
509=8BAgBLACKIISLqVABLKJsOSwBCuDJgBCebDksAQLwVdQIrvCtoAbF3AmgBsXcFaAGxdwhp
510=AUG8QWkBTCI4JCI+P0sAJ78uSwAX7fdLKLsdSwBZpCkCAwBLAFooKAAnHg9LACdtUEso8Q
511=5LKPMOSwBQtC5kCCfjLUsAZyhUACdmT0sAJ4stSwBl93BLABmkHmUISLhTaQFhKCkAWLw2
512=dQJTvDZpAWQoKQBd++1LAF4oKQBRqFltBVQoKQBFsCp1Ak0oKACldgN0AqV2C2kBRqA7aA
513=En8w5LAFUoVAAnXi1LACfHDksAZiiBAFK4MmQIJ2geAksASwBjIiBndwJKALbpAR2k5AIE
514=AEsAHqzhaAGpegFoAbGuBGkBE7A1aQEUKCkAFSgpABC4J2EEEqAlaQEWoFxoASduL0sAoX
515=0PdAInFy9LACC4Mml6HyTgIgIFAEwAMrjXAgEATAA9KCkAPKTZdAInmy9MADPvfkwAPrTI
516=YAQnxy9MADHngUwASSQwY2EEOCIEcSJTUkwAOYkBBHQCsYIIaQE1uBxpASisaGkBNCgpAD
517=awS3QCJ09iTAAmoBp0AifzL0wAJbBLdQI6oCVpASSkHmsBJwArIhA0aQE3oDtoAak4AWgB
518=qDiJAUGoIgECAEwAJeRUaQFEoDtpAUKoImkBRaw8aQFIJOQzagFDACPUaGkBLawQaQEuvF
519=dpATC8r2kBPygoACc7T0wAL7AUYQQYuBECAwBMABkoKQAarDF1AhegMGgBJSBiaAEloFFp
520=AVSoLWgBJ50fTCgDEUwAWCiAACctEUwoLRFMKE8gTABkKKwAJ20vTChBL0wohxFMAFC0OW
521=EPXygpAFyoOHUCUrw2aQFVKCkAYygoACcTYEwARqA7bQViKCkAR7AqdQJgKCoAXQAiNWoA
522=dQJeiQEDaAG9gwRoAb2DDGkBYagtaQFMiHqDBE0AeKt6TAAepT8EInghuD1pARK8IGgBJx
523=4PTAAnHw9MABW8V2EEHLwVaQERvEFoASUccmkBFqwQaAEl7GBoAamFBWV2IbREaQEgrAUC
524=BQBNAEqwxAIBAE0ASygpADys1nUCLCTQeGkBM6jHaAEAAysALQAAAAABAE0ALQAxAAAAAA
525=EATREAACkPACAAAQAkADwAAAACAQBNADgABAEAAAFpATmJAQVoAQQ2ABcCAAAAawE1ABnr
526=AToAG+sBOwAc6wElAB/rASoAJesBNwAm6AEBJwArAskMKIgBiAwBKQA5J8kMNCgrACYAO/
527=QCA0wAYyoAAIwFBEkAtCoAAAh6ES8AgAACAgBNADKFAQBrAUAAKXABawFCACvrAUQALOsB
528=RQAw6QEwtBhtBT+0GGkBLrQYaQFDKCsAPgAgdBh3Aj0AIekBMawbdQJHoCUCAwBNAFIoKQ
529=BTKCkAVCgpAFUoKQBWKCkAVygpAFgoKQBZKCkAWigpAGIoKQBjKCkAZCgpAGUoKQBmKCkA
530=ZygpAEa0OX0VUSgpAGAoKQBbqCJhBGGwH2kBQaA7awFdAC50OWkBXokBBGkBX4kBB2gBBE
531=4AMAIAAAVpAU+JAQ1pAVCJARVpAVy4PWgBBE0AaioAAABpAUiMPJkGH7Q5AgQATQATqBdp
532=ARQoKQAVKCkAHCgrAB0AGmQ0bQUSrDxpARu0GGsBGgAi4wQZACPrARYAJOkBHqA7bwUXAD
533=H1AhiJAQN3AiMAPHhIBAUATQAiAGLrASEAHmwFdQIgtEQCBQBOAEp4A29oTgBLKCkATCgp
534=ADy4HAQBAE4ALQAtfAJrATMALusBLgAx6QEytF1hBCWNEAVoAaV2BmkBOpF3CmkBKrQ5aQ
535=E1qCJrATsAHXAUaQE2vBVpASuoImkBNKgiaQE4uD1pASyoImsBJgAn5AipegJ0Aqh6jRAp
536=lHuNEDesPGAEAkkAWCoAZIwCTgBDAChgGgECAE4AJ8cOTgBE7HMCTgBCADPhBD6gO20FPb
537=Q5aQE/qBdoAQQvAIATAAAAaQEwiQEDaQExiQEGaAEnQg5OACdCDk4AJ0IOTgAnQg5OACdC
538=Dk4AJ0IOTgAnFg5OACcXDk4AW6QTAgMATgBhKCgAJ24OTgAnbg5OACduDk4AJ24OTgAnbg
539=5OACdCDk4AJ0IOTgAnQw5OAFioOHUNR+9zTgBBtDl1Ak6wNWkBXLA1aAG5dAJoAbl0BWgB
540=uXQIaAGtcw5oAa1zFmkBRbyvaQFInTYAaAEDTQBwKgAAkQkeqDgCBABOAB24q2kBH6g4aA
541=Enmg5OACebDk4AE6g4YQQbKCkAFqAadQIcoDtoAalvAWgBqW8EaQEZlXAHaQEaiQEKaQEi
542=ekUAAH1tIygpACSJZAN1AiCgJWkBIZhTAwAFAE8ALbQYAgEATwAyvMVpASygGmkBPONyTw
543=AurBt1Aj3gcgJPACYAPXTXdAK1cAdoAbVwC2kBOKAaaQEqoMppATfzbE8AJ7w2dQIzKCkA
544=OygoAAI1ACkCAHt6TwA2iQEIbAW8bZQNvG2UDScLHU8AK6g4bQU/oBoCAgBPAEC0GGkBPr
545=gRaAGtaAFoAa1oBGgBrWgHaQFG4VxPKH0bTyg5DU8oOQ1PKA0NTyi1DE8oigxPACeJDE8o
546=iQxPKIkMTyiLDE8AQbOYAwBPKF8MTwBZKFUAVf9iTwBgpEpsBSeKDE8AJyUbT2xVZJdhBF
547=e4MmkBRKy1aQFdKCkARaSidQJCpMNpAV4oKAChZw91AkO0nGkBUCgpAF8oKQBYrDFhBFwo
548=KQBMmWkBdAKlawNrAUoAdK/hTwBLiAGDBEgAd/UCSSgpABy8VwIEAE8AG6w8aQEdrDxoAS
549=frDU8AFqg4dQIUoCVpARegGmkBGqhOaAG9bQVoAb1tCGgBJ2cNTwAlmF6NaCTj4E8AILx4
550=ZWsfuO1pAR6sXWgBqW8BaQEilHADBQUAUAAs4eBQKBcOUAA9629QAD78bQJQACYAP3C9BA
551=EAUAA5APdofWkBOokBBGkBJ6wbaQE7KCkAM7h/dQIopBNpASmwH2kBK7AfaQE8tKdpATSd
552=bQFoAbVwBWgBtXAJaQE3gQQNaQE4uD1pASqsPGkBP6wbAgIAUAAtvCBpAS6gD2gBqW8CaA
553=GpbwVoAalvCGkBQbw2AgMAUABCKCgAJ8MpUABRKFQAJ30bUCjpDVAooxpQAF0orQBeKCgA
554=J0EOUChBDlAoQw5QAE79bVAo6w1QAGEoVQBS93BQAEa0Ln0VVLxBaQFE/21QAFa8jnUCSK
555=wxaQFJKCkATygpAFAoKQBcKCkAQPt0UABD+3RQAEqwKnEJX6g4aQFMJLQiaQFFkTUIaQFL
556=lU8AaAEEVwAvAgAABmkBWIkBDGkBTbQ5aQFgKCkAVaA7dQIbozsEAFAoZw1QABewKnUCFb
557=wgaQEasB9pARi8FWkBGSgpACWVWgBxYR+wKmgBJzsNUAAcpB51Ah24HGkBJLBWaAGlawJo
558=AaVrBmkBI5kcCmkBHrQYAwUAUQAwAGiJAwABAFEAMSgpAD2giHUCLOtvUQAyJhsqUQAt93
559=BRAC8mGypRACeJFwV4BqFyAWgBoHKVAimoQ3UCKKgiaQErqENoASdvDlEAKqw8dAInhxxR
560=ADikHnQCoXICaAGhcgZoAaFyCmkBO7gcaQE8KCsAPgC5IuAidAIngzdRAD+UAgIDAgBRAC
561=eTDVEASKg4AgMAUQBJKCkATigpAFAoKAAnESlRKJMNUQBcKIAAJ70NUSgBHFEoARxRKL8N
562=UQBApD9hD0coKQBTKCkAT6QpYQRaKCkAWbAqdQJCsCppAUooKQBRKCkAXigpAGCkSm0FTa
563=CTaQFVqC1pAUOVZQFpAUSJAQVoAa1oCWkBRpUCDWgBuGmNBUyITo0FVphplAKxbAdsBbBs
564=mQZSpDR0AiezHFEAGPPaUQAZKCkAGigpABv/21EAFrEfBHCg82xRACV8wiI1KFHdxQN5Xh
565=24MmkBHLAqaQEfpClpASAoKQAkvMV1Ah6sUmkBIbiKaAGxbAdoAbBsAwsFAFIAPbCCAgEA
566=UgAu5WtSKFc3UgAv+2lSACgjcSoCbAWgZ4gBoWcGdQIrvBVpATMoKAAnVzdSADigqWEEMr
567=Q5aQE7KCgAJ9M2UgA0qBdgBCd/G1IAMLCjdQI2KCgApWsHdAIndkZSACcrN1IAMbigYwQ+
568=ALpwiQICAFIAP4kBAmgBJ3UaUigNDVJsNCT5JVIo5ihSACcNDVIoITZSKA8NUgBgsx8DAF
569=IoDQ1SKA8NUgBQtDlhBEGoOGkBSCgpAF0oKQBeKCkAQKxHbQVbKCgAJw4NUgAnDw1SAE6o
570=LW0FUrxBaQFWKCoAXwAjTEF1Akb7aVIAV/ppUgC5aQJgBLlpBmgBuWkKaAGsaIAErGiBBE
571=2YaYAEoWcObQVZhWsUaQFaiQEaaQFPuDJpARfnYFIAJ51MAHlTJiarJlIAGrAqdAInXwxS
572=ACQoVQAcoCVhBB60hmgBJRRFaQEYuBxpASMoKQAZvEx1AiUoKwAfAO8ijD51AiCJAQZpAS
573=GJAQxpASKIAQESBQBTJGApIr9EUwApiBcBBQEAUyWxJwNoAalkB2kBMrwVaQEqqDhoASdv
574=GVMAM6gXdQI7qDhpATHrZFMALrw2dAIlfCZpAS+8NmkBNazsaQE3KCkALKSXdQIwKCgAJ/
575=Y1UwAnNihTACcfGlMANqQ0eQZKqBcBAwBTACdBGVMoiQxTKJ01Uyi1DFMotQxTKLUMUyjL
576=NVMAQvNhUwBJKCgAJyNBUwBHqJtgDycTNFMAYbSndQJcoCVpAU+gO2kBQ6giaQFLKCkARb
577=SGdAK1WgdoAbFWC2gBsVYPaAGxVhVoAbFWG2kBW51XIWkBXYkBLWkBXokBM2kBX4kBOWsB
578=PwCaeEhpAUCJAQNpAUGJAQZpAUisMWkBTCgpAEa0LnUCTigpAD6ZlQF0AqmxA3VPGLgyaQ
579=EZKCgAJ7cMUwAdsCphBBuwS2gBJ78YUwAepCl1AiagRmgBpWABaAGlYAdoAaVgDWgBpWAT
580=aQEjkWEZaQEctBhpASUoKQAn6QFUKLQMAlQAKQA+JGg0AlQAOQD+YIACAQBUADqJAQNpAT
581=GgGmgBJ+IMVAAnbxlUACusG2EENygpAC/na1QANaQeYQQwrJ9pATQoKQAsqEN0AifXJlQA
582=PLwgdQIqqBdpAS0oKQAuKCkANigoACctJ1QoFhlUACfjDFQAS6MaAwBUKOEMVCi2DFQAJ2
583=0ZVCi1DFQoiQxUKOsYVABHoJ5wCSc3M1QAVqQedQJDoDtpAWAoKAAnCzNUAEy8IGEETSgp
584=AF+wjXQCJ2cYVABYqCJ1Ak68pGgBqWQWaAGpZBxoAalkImkBXJFhKGgBtWUuaAG1ZTRoAa
585=lkAWgBqWQEaAGpZAdpAUS8K2kBRSgpAE8oKQBX6GQCVAA+AGhw+20FKJBLAgAFAFQAJ10M
586=VCgXGVQAG6wxYQQmpClpASSsR2kBHaQpaQEctCNpASUoKQAnvCB0ArVlAmgBtWUIaAG1ZQ
587=5oAbVlFGgBtWUaaAEnjTNVKF8MVQAqiBcBBQEAVd1iAWgBvWIEaAEnBwxVADS0GHUCNSgp
588=ADcoKQAxrBthBDIoKQAruBx0AiVYaWkBOKQeaQE8KCkALKxHdAInqyZVADb80AZVAC0ALA
589=IAAANhBC6JAQZpAS+JAQloASdZMlUoMQxVKDEMVShBGVUo2QtVKJIYVQAnh2lVAEy0GAID
590=AFUAVCgpAEigGnUCUygpAE20GHQCJ1MxVQBfoBp1AkLrx1UAV6A7dQJZKCkAXSgpAF4oKA
591=AnB05VAE/3ZVUAXCgpAEW4inEJWigoAL1iI3QCuV4CaAG5XgVoAbleCGkBQ+NcVQBGKCkA
592=RygpAE4oKQBS5WBVxWABZAgjyGIiUTFVxK0BAwUAVSgFDFUoBgxVACU0amAEJ3YlVQAlhH
593=R1Ah60GGkBJiMZNQRpASeJAQhoAaRgiAylYAl0AqVgD2gBpWAVaAGlYBtpASS0GAQFAFYA
594=KgBBucFW2F4BAgEAVtnBBWkBM+u8VgA7KCkANLBAYQQ3pD9oASf/ClYANbg9dAInb1tWAC
595=yZUwF0Ar1XBGgBvVcHaAG9VwppATCNBQ1pASu8FWkBMigoACcNGFYoqDECVgA9AGV0kW0F
596=QHTbIr1wVpAcI+twVgBPu3QDAFYoBQxWKGUYVigFDFYodWdWKDEMViihZ1Yo/UxWKC0yVi
597=j9TFYodyVWAEqsJmEPRKwmaQFNKCkAVSgpAEvvaFYARaQpbQVeKCkAW/9iVgBOsIJhBEf/
598=xVYAUrykdAIETAAoAgAAEmsBVAAqJHE1ViiCC1YAJ0AkAAJWAFMAOycAAAADAFYAPwBjKg
599=AAABEAAE0PACAIAwBWAEMAZCoAAABoAQQ+AGUqAAACawFCAHn0AgwpAEEAAAAABQBWABsA
600=FwLJARwoKQAdKCsAHgAc4wQkACXoAQQlACkCAAABZQgmiQEFaQEniQEJaQEoiQENaAEEHw
601=DvEwAABGkBIIkBCmkBIYkBEGkBIokBFmkBI4gBBRwFAFcANQAocBQCAQBXADgoKwA0ACz1
602=AjcoKwA2AC/1AjkoKQAqmRwDZQg7oBppATygGmsBMwAeYBprASsAIekBMSgpADooKwAyAC
603=LjBCwAJOgBBC0ALAIAAAVlCC6JAQhpAS+JAQtpATCJAQ5oAQRCAF4qAAABawE/AGPpAUOQ
604=NZUCPZA1iAG8NokXUKgXAgMAVwBXKCkAWCgpAFkoKQBaKCkAWygpAFwoKwBPABloF3MJVg
605=Ab6QFRqCJ3AkcAHfUCSSgpAF2gJWMESwAf4QRTvEF0AgRMACgCAAATaQFNiQEcaAEEVAAq
606=AgAAAWkBVYkBBmgBAUgAOSebU1cAUigrAEYAO/UCSigpAE4oKwBBAGKrWVcAQJknBHEJRJ
607=gniwFFAHiiXFcAoVwBeEgnVgtXACdWC1cAJ1cLVwAkuBxvBSgAJ2wbaAGhXAJoAaFcBmgB
608=oVwKaAG9VxFoAb1XF2gBvVcdaQEfrBtpASDrAVgAM+hZAlgAOQArs1ZYADLoWQJYADQAMP
609=UCNygrADYAM/QCCSoAPwAAAAIBAFgALKA7aQE8KCsAOwAadBh1AiusPGkBOigpADG0OXcC
610=LQAg7QUw711YAEIoKQAu711YAD0oKQBDKCkAP6wmcQkvuBxpAT4oKAC9NgN0Ar02BWgBvD
611=aJATi4SAICAFgANbAJaAEn2wtYAFGsGwEDAFgAJ9oLWAAn2gtYACfaC1gAJ9sLWABX711Y
612=AE+wH2UIU+5dWAAngwtYAEeoImEEXCgpAFK0I3cCRgAjYCVpAUqBXAJpAUuJAQtpAUyJAR
613=RoAaVgHWkBTpUCJmgBsGGYBrFhB3UCVp1iDGgBJ1wMAlgARQBqq1lYACmYPQMABQBYAB68
614=IGkBJCgpAB2sG3UCH7wVaQEjKCkAIrQ5dQIgvDZpASUoKQAnoDB0Aq1dB2kBIag4aQEo6w
615=FZAD//V1kAQCgrADIAKbtTWQA+61lZADrrsVkAQSgpADnrWVkAK4wbAwUBAFkALaAaaQEs
616=vDZpAUIoKQAu91pZADykHmEEMLA1aQE9KCkAQygpAC/7tlkAMbQYbQU7KCsARABmaC10As
617=TOAQIAWQDYzGgBzMtpATisR2kBN7xBaQEz8VZZKKcKWQBSoxoDAFkoeQpZKHsKWQBQrBtg
618=BCenClkAWLgcdQJZKCkASaAPdAIn/wpZAEigO3QCrVIDaAGtUgxoAa1SFWgBrVIeaAGtUi
619=doAaxSmAatUgh0Aq1SDWkBT6AlaQFG/69ZAEWNJgJ1Akfxrlm0QSJWIVkArJQDAwUAWQAf
620=vCBpASAoKQAiKCkAIygpACUoKQAksB95Bh64PWkBJ6A7aQEh41xZACasPHUCKbwVAgUAWg
621=A8oBICAQBaAD0oKQA6865aAEEoKQA78FYCWgAyAC2rWVoAPvyvAloAMwAx9wIqAEnoASen
622=CloALaQTdQ1CpORoAQQuAIsTAAAAaQEviQEEaQEwiQEIaQExiQEMaQErqBdpAUMoKAC1Lg
623=N0AqVVAWgBoDCVAkBwEQQAAAIAWgA0tHBpATasG2kBOLgnawE5ACZwmGgB2LZpATe0DWkB
624=WLAJAgMAWgBZKCkAWigpAEmkNGAEJ1UWWiivC1oAUyiBAEjhXFoorwtaAFe47WUISqiQaQ
625=FUKCkANbSRdAKpWQ1oAalZFmgBqVkfaAGpWShpAU+FrTFoAalZCWgBqVkOawFHAGdgfWkB
626=JqAad0QoAExwAWkBKYkBAmsBJwBd9AIn0wpaACGsG2AEJ/8KWgAfvCt1AiO4dGkBJbBAaQ
627=EkvCsCBQBbADJ0Cn9BWwBGKCkAQvhTAVsAQwAlIytbADv3T1sAQeimAlsAOgA3YAcEAQBb
628=ACcARSQiIFsAtRgBdAK1GANpASy4EWkBK7iVaQFEKCkARbQudAKkVYQIpVUFdAKlVQloAa
629=VVDWkBKqAaaQEtKCsAMwC5InwmdQI5oBoBAgBbACcjClsAOLBsdQI9sHdpATy4EWkBQKQ/
630=aQE+51VbADf7q1sAPyQ0KGEENJUNA2gBJ9EKWyjSClsAJ6cKWwBKvzYDAFsogRZbKNEKWy
631=jTClsAVCisACf/ClsAUKw8ZQhXsCppATXrWVsAVaAadQJWKCkAS7QYdAK9VxdoAb1XIGgB
632=vVcpaAG9VzJoAaVVAWkBJXA9b6pbACaZPQB4SCciClsAJyMKWwAj66ZbACC8FW0FJK8QBQ
633=BcKPUJXCj3CVwAROtOXABD/Uxc1A0CAQEAXAAnlxNcAEW0WnUCKLDPaQEpvK9pASrnSlwA
634=LSgoALFLAmAEsUsGaAGxSwpoAbFLDmkBJ+dKXAAruD11AjfnSlwAOygpADyoFwICAFwAOL
635=RlaAElrCxpATqgGmkBQLQjaQE9tBhpAUGwNWkBP+NRXABCqBd0AiUgK2sBMwC6YIhpATSJ
636=AQJoASf1CVwoyQlcKHEJXChxCVwocwlcAFX/TFwAVigoACfLCVwAUfenXABK6k5cACf2CV
637=wAJ/cJXAA5oGcBAwBcAL1MGGgBvUwhaAG9TCpoAb1MM2kBUImmPGoBSwAl9DUCXABHAGh4
638=HHUCI/RPAlwAJQBNcAF5SCTxo1woRRRcKCEKXSidCV0onwldAEWwNQIBAF0ARLgyawEkAE
639=SxmF3JDAF1AiqwH2kBLLw2aQEovCBpAS0oKQArqDh1AifjUV0AJrQ5dAK1TwNoAbVPB2gB
640=tU8LaAG1Tw9oASX8IGgBJdAgAgIAXQA+6U5dJvwrdQJAoBppATygGmkBQahvaQFCJEwgaA
641=HE+mgBJzUSXSiVCF0olQhdKJUIXSiVCF0olwhdADm3IwMAXSiXCF0ASaAldQI1rBBpAUgo
642=KQBXuBF1AjqsJmkBNqwmaQE3uF5pAUsoKQA7oIh0ArFLGWgBsUsiaAGxSytoAbFLNGgBsU
643=s9aQE0I40zAGkBOLR7aAG9TAFoAaRrigEiACOgJQIEAF0AI4hDAQAFAF6se33mXrgDqAEn
644=Nx1eAEUkvyMBAF7ZBgFpAS6ka2kBKKwmaQEtKCkAKqwmdQIrtCNpASm0I2kBJPecXgAvqC
645=J1AiWoImsBJgCbJIcnXgAniQECdQIsuBxpAUYjUUcAaAElEDQCAgBeAEDjRl4AQ6RVdQJE
646=vAppAUKkCGgBI7gpBAAAAwBeADmgGmgBJ/klXigZCV4oGQleKBkJXigbCV4AN/9BXgBKKC
647=kAOrhpfQpLvCBpAVYoKQA4qCJ1Aj6oImkBUCgpAD+0I3UCPPWRXtWRGnQCoUYjaAGhRixo
648=AaFGNWgBtUQBaQE1gUYGaQE2vCBoASXQNmkBPfuVXgBIIyxIlSNHiS0CYwQzAHAiMCIEAw
649=BfAEUALmSXAgEAXwBEqJNpASikKWkBKSgpAC3+QV8AJ785XwAvvCBtBSSox2kBLLw2aAEE
650=KgAtAgAABGkBK4kBCGgBvUEDaQEltBhpASYoKACpFwF0ArREiAG0GJgGJWMoAgBfJmAoaA
651=ElNChpAUtkG2lDXyhqCF8AJSxIcR8+rBtoASdnI18AOKRgdQI6pB5pAVAoKQBRKCkAUigp
652=AFMoKQA/qCJ5BlUoKAAlWCd1Ajv7il8ATKAldQJPKCkATaxddAKlPwJoAaU/B2kBNpFADG
653=gBJYQyaQFAuCdoASdvUF8ASZFABHUCSiNBUABrATAAa6fZXwAxiAGJDDKJQwFgBLREAQMD
654=AGCouXuKYABFtL0CAQBgAEYoKQBHKCkASLQFYAQnJxtgACi8IHUCJ7RlaAEnHxpgACmJQw
655=F0AqFGBWgBoUYJaQEsgQQNaAEnwghgACeLLWAALrAfYASkHoQIpB6dCkO4oAICAGAAPeU/
656=YCgmEGAAJTA4ZB4lFEVpAT77f2AAObQYdQIytBhoASWYJGgBJXRcaQFA9zlgADP5f2Am8C
657=RgBKA7nCuhOwh0AqE7DWsBPwArIkA6aQE6kR8EaQE7iAGMBSfkBwJgAE4AYLc5YABPiQEC
658=bQVQiQEAaQFRiAGVAlKIAZUCU4gBlwJMAGHlCE2IAZUCS4BGgA+gRgEBAwBhpDx/QWEASL
659=AqAgEAYQAnJMQvaQEtrJ9pAUkoKAAnulRhACV0O2AEpT8CaAGlPwZoAaU/CmgBpT8OaAEn
660=fhBhACXYTXQCsR8BaAGxHwNoAbAflAKwH5QCsB+UArAflAKwH5QCsB+UArEfBXAJJR8wAg
661=BhJhwwaQFGvHhpAUW4PWkBR7B3aQEy/0xhAD37imEAQSgpADH7zGEAM/5MYQAnywlhAEIo
662=VQA36sdhAKFGCWwxoUYOaAGgRoU0QI1HBXQCrEeIAaxHmQY8mUgNYQQ0oGdoAScHImEAOS
663=hVADAmcUBiKOQHAWIARwB8RQMAAQBiAEj3yGIARvXIYiZkOWEESaQeaQEnpB5pAS0oKQAu
664=uBx1Aiika2kBSygpAEwoKQBNKCkATigpAE8oKQBQKCkAUSgpACm0cH0KUqQ0aAGpTgdoAa
665=lOC2gBqU4PaAElZy4CAGImZC5oASMcJm/LYgA1+8xiADP7PWIANygpAEIoKQAyvyADAGIo
666=PghiACVULHQCJ+cHYgA2oGd1AjSoF2kBOCgoACWcYXQCpT8CaAGlPwZpATmMPJQCsECUAr
667=FACmAEsUAOaAGsPAEBAwBjKI8HYwBHsAECAQBjAEYkUCZoASd6IGMAJ3sgYwAquBxhBCso
668=KQBMKCkATSgpAE4oKQBPKCgAJVRjZAglvC5pAUqg62kBSygpAC7zjWMAUbSyYQRItHBoAS
669=cdcmMokRhjJissAgBjJqwsZR456zhjADa4EXQCJwoHYwAnpyBjAEMogAAnNQdjKDYHYwAl
670=WF5lCDO8FWkBNCgoACWgXHUCNbhTaAEnjihjACWkK3QCtTkHaQFBiXoLaAG0OZQCtDmUAr
671=U5D2EEMCOYOgMBAwBkAEjr82QASSgpAEooKQBL7zxkAEftPGQoYQdkKGIHZAAnYgdkACfr
672=OWQATawbAgEAZABOKCkATygpAEzjfWQALvM1ZABQKCkALaCpZQhGuBECAgBkAEW4EWkBNv
673=YuZAAnWwZkADgoVAAnRx9kADXwbA5kAEIAGQIAAAADAGQAPgAaAhEAAJwHAhEIAAAAAwBk
674=ADIAHALJAT8oKQBDKCsAOQAg4wQxACHpATwoKwA6ACT3AjMAMOkBNIgBBggDAGQAOwA5J8
675=kMQCgpAEQoKwBBADvgBAQvAGwqAAACeAYBMABxKpgGAWUALACAAAIBAGUALYUBAGsBTAAo
676=cAFpAU0oKQBOKCsATwAv4wRLADPrASoAF3AUeQYruBxpAUe4BgICAGUASCgpAEkoKQBKsA
677=lhBEawCWkBN7AJAgMAZQA4KCkAOSgpADooKQA8KCkAQigpAEMoKwA/ABlkE3MJMQAa6QE2
678=KCsANQAb9AIn3wZlAD20GHkGO/M1ZQBAKCkAQSgpAEQoKwAwACPzCUUAJugBqTgBcAmpOA
679=lpAT7zNWUALoQ0gASwNQUDAwBmACsAH2QIAgEAZgBOYC0EAAACAGYAS/onZgDQNXQC0DVp
680=AUrnKWYANrgGcAknJgVmACcmBWYAJycFZgA77iZmACdTBWYAPShVAD8oKQBAKCgAJ9cFZg
681=A36y1mAEH/K2YAQygrADIAHWAaexFEAB7pAT77J2YARygpAEgoKQBG8ypmAEn8YgJmAC8A
682=JeQIvSsCfAq9KwppATX/K2YARSgpADD/YmYAMSgrACwAa79iZgAtiAGRCS73ZWcAL+UeZy
683=hNCmcoJQVnKCUFZyglBWcoJQVnKCcFZwA+KDABJ1MFZwBIKFUASSgpADf7J2cAR+dVZwBA
684=+1NnAELzKmcAMvMqZwAu+ydnADAoKQA2KCkASigpAEsoKQBMKCkALfeRZwA1KCsAMQAity
685=5nAE3gXAtnAEQALAIAAAMDAGcARYkBBmkBRokBCWgBpDSABKU0C3UCQfsyZwBDKCgArDED
686=AQMAaAAu/SBoKAEGaCjVBWgo1QVoKNUFaCjVBWgo1QVoKNYFaAAn1gVoACcqC2gAJ9cFaA
687=BKKOEBSygpADjjXGgASCgpAC36MmgAJy8RaAAw5zRoADYoKQBC5zRoAEwoKAAnLxFoAEOM
688=JpAfsSoEfCCxKgdoAbEqCmkBR40FDWgBvCuMBb0rDHUCMfMqaAA3KCkAMvleaShTBWkAMP
689=kcaSiBC2koqQVpKKkFaSipBWkoqQVpKKkFaSipBWkofQVpKH0FaSh/BWkANuUpaShTBWkA
690=P/teaQAu/ytpAEHnKWkAS/snaQAx81ZpADcoKQAy64VpAEPphWnEVQEFAwBpxVUIaAGxKg
691=toAbEqDmgBsCqMBbEqDXUCNZHwFWkBQvEqaij7BGoAMecpagAyKCgAJ1Ebaih9BWoofQVq
692=KH0Faih9BWoofQVqKH4FagAnfRtqKNUQaih9BWooUQVqKCsWagAv5ylqAEAoKQA+8ypqAE
693=rzKmoAQuYpagAnfxtqAEUoVQBGKCgAJ9sWagAz9i5qAKwmAg4DAGoArSYWaQE/7SZrKKEE
694=ayiiBGsAJ6EEayihBGsooQRrKKEEayihBGsodQRrKHcEawBE4zBrAEUoKQBGKCkARygoAC
695=f/FWsAQu9SawA241FrADwoKQAw+ydrADP7J2sAPvsnawBJKCkANfjXAmsAPwAut6drAECI
696=AQEDAwBrwSUPaAEnRRRsKEsEbAAz8RRsKEkEbChJBGwoxQNsKMUDbCjGA2wAJ8YDbAAnxQ
697=NsKJsDbAA67xtsADHvG2wANygpAD37zGwAO+8bbABIKCkANOU/bNgcAQEDAGzZHARpAUGF
698=HgdoASdrHmwANv9BbAA8KCkAPukBbSjzA20ANP0gbSjFA20oxQNtKMUDbSjGA20AJ9kWbS
699=jHA20AMu8bbQA9KCkAOfc5bQBH7xttAD7vG20ANfXebdgcAQIDAG3ZHAVoAbkcCGgBBDYA
700=LwIAAAZpATeJAQxrAToAMbNAbQA7iQEDdAIn8wNuAEH6HG4AJ3UlbijFA24oxQNuKMcDbg
701=A+81ZuADPjGm4AOCgpADTvG24AOe8bbgBGKCkAP+l6biinK24ANYgXAgEDAG4AoRoHaAGh
702=Gg1oAaAagAShGgR1AjyMG40FPYgBAwoDAG8AOiZFKm8oER5vKJEYbyjxA28o8QNvKPEDby
703=jzA28APvNWbwA0+xxvAEXjGm8ANeMabwA993BvADb2OW8AtRgOZRM4mRwUaQE5iQEaaAGh
704=GgVoAaAaAwgDAHAAO/UYcCjpAnAo6QJwKOkCcCjqAnAAJy0ycCilIHAoeiBwACdVLHDFEw
705=90DaUTFWgBpRMbaQE6kRQhaQE8iQEtaQE9iQEzaQE+iAEBOQMAcSipBXEovQJxKL0CcSi/
706=AnEANucpcQBD5ylxAD4mCyhxADf6J3EApRMWaAylExxoAaUTImkBO40QKGgBsRQuaAGwFA
707=E0AwByKKUgciiRAnIokQJyKJECcig2EnIAJx8lcgA47zxyADwoKQA9KCkAO+sXcgA56hdy
708=ALAUASMDAHMoTQpzKLkdcyhBGXMokQJzKJECcyiTAnMAO+lvcyi+DXMAJy8RcwBB5Sl0KM
709=0adCi1AXQotQF0KLUBdCi3AXQAOfsydABAKDEBOvkcdShdAXUoXQF1KF0BdShfAXUAOvMJ
710=dQA/8Ql2KK0AdiirG3YAO+0Fdih8GwJ3ADwAMWxgDgIAdwA9ABcCAAAAAwAAAAAAEQAA

[Lighting]
Red=1.200000
Blue=0.870000
Green=1.100000
Level=0.048000
Ground=0.000000
IonRed=1.000000
Ambient=0.900000
IonBlue=1.000000
IonGreen=1.000000
IonLevel=0.032000
IonGround=0.000000
IonAmbient=1.000000

[Map]
Size=0,0,60,60
Theater=TEMPERATE
LocalSize=2,4,56,50

[Neutral]
IQ=5
Edge=North
Side=Neutral
Color=Grey
Allies=Neutral
Credits=0
ActsLike=0
NodeCount=0
TechLevel=10
PercentBuilt=100
PlayerControl=no

[Nod]
IQ=0
Edge=North
Side=Nod
Color=DarkRed
Allies=Nod
Credits=40
ActsLike=1
NodeCount=0
TechLevel=1
PercentBuilt=100
PlayerControl=yes

[TDNOD]
IQ=0
Edge=North
Side=Nod
Color=DarkRed
Allies=TDNOD
Credits=40
ActsLike=1
NodeCount=0
TechLevel=1
PercentBuilt=100
PlayerControl=yes

[NodA]
IQ=5
Edge=North
Side=NodA
Color=DarkRed
Allies=NodA
Credits=0
ActsLike=0
NodeCount=0
TechLevel=10
PercentBuilt=100
PlayerControl=no

[NodB]
IQ=5
Edge=North
Side=NodB
Color=DarkRed
Allies=NodB
Credits=0
ActsLike=0
NodeCount=0
TechLevel=10
PercentBuilt=100
PlayerControl=no

[OverlayDataPack]
0=BQAAIP4AIACABQAAIP4AIACAIQAAIP5MGgCFAwAAAAP++wEAhgMEAAAEA/78AQCCBgb+sA
1=EAgMwAACD+TAAAhQMGAAcE/vgBAIcDAAAABgcE/vkBAIUEBgMAA/78AQCBBv4EAACEBAQG
2=A/73AQCJAwAEAAYABwAD/vgBAIYGBwoICgf++wEAhwgKCAoHBwP+9wEAiQEEBAAGAAcABv
3=78AQCFBgADAAH+1QEAgQH+JAAAggQE/tcBAIQDAAAG/iMAAIED/tcBAIYDAwADBAT+9wEA
4=ggED/gcAAIEB/vgBAIYEBAAAAAT++gEAiAMAAwAGBgYB/vsBAIMGAAb+BAAAggYE/s8BAI
5=CnAAAg/icAAIoDBAAEAAAABAcG/vgBAIoGAAQAAAAIAAAB/vUBAIsDAAgHAAAEBgQABP72
6=AQCKBAcHBAADAAAHBP74AQCBBv4EAACCBAf++gEAhwQEAwAABgT++gEAhQcAAAAE/vsBAI
7=UDBAEAAf7+AwCBAf4AAgCDBAAB/vwBAIQGBwAG/vwBAIUHCAcGA/76AQCEAwQAB/7/AQCD
8=BAYB/v0BAIED/s0BAIBoAAAg/jwUAIIEA/79AQCFBAAGAAT++QEAjwMABAYABAQEAAAAAw
9=AEBP7wAQCFBgQAAAP+BAAAiAMABgAICAAE/u4BAIIDBP4GAACKAQAACAcICAgHA/7yAQCM
10=AQEAAAAEBAcIAAgH/rkBAIAiAQAg/jgAAIED/gUAAIsBAwAAAAYGAAYAA/7vAQCEAwMAA/
11=4IAACFBgAEBgP+8gEAgwQGA/4FAACDAQAE/u8BAJEDAAAGBwcAAAYAAAADAAAAA/7uAQCO
12=AQAGBwgIBwQABAQABgT+BAAAgQP+7wEAkQcIAAgAAAQAAAcHAAAEAAAB/usBAJMBAAMGBg
13=AGBwcHAAAEAAgHBgQD/u4BAI8DAAAEAAcACAcGAAYICAf+9QEAigYHCAAIAAQABwf+8QEA
14=jwEEAwAAAAcHCAcGAAAAB/7zAQCOBAAABgAACAoAAAYHBgP+8gEAjAEAAwQEAAgIBwYHB/
15=75AQCIBgcHAAcAAAP++QEAhgcAAAQGBP75AQCGAwAEAAAG/vsBAIQEBAAE/sIBAIATAAAg
16=/jwAAIIHBP79AQCCAwT+wx0AgAUAACD+ACAAgAUAACD+ACAAgAUAACD+ACAAgAUAACD+AC
17=AAgAUAACD+ACAAgAUAACD+ACAAgAUAACD+ACAAgAUAACD+ACAAgAUAACD+ACAAgAUAACD+
18=ACAAgAUAACD+ACAAgAUAACD+ACAAgAUAACD+ACAAgAUAACD+ACAAgAUAACD+ACAAgAUAAC
19=D+ACAAgAUAACD+ACAAgAUAACD+ACAAgAUAACD+ACAAgAUAACD+ACAAgAUAACD+ACAAgAUA
20=ACD+ACAAgAUAACD+ACAAgAUAACD+ACAAgA==

[OverlayPack]
0=EQAAIP5AFP+Bq/73Cf+Bqv7HAf+ATgAAIP5DAv+BqP7rCf+BrP4XAP+Bqf7xB/+BrP72Af
1=+Bqf7yAf+Buf7/Af+Buf4iAP+Bqv4KAP+Bq/7RAf+Buf4AAv+Buf4XAP+Cr7H+wgH/gBAB
2=ACD+JAD/gbn+BgD/gar+EQD/gbD+5gH/gbn+AQL/gbn+/wH/grm5/gkA/4Go/icA/4Gs/s
3=sB/4K5uf7+Af+Buf4WAP+Bq/4YAP+BqP7KAf+Gq////7m5/iYA/4Go/tcB/4G5/gkA/4Gx
4=/vAB//4GALn++QH/grm5/jEA/4Gp/swB/4G5/kYA/4G5/rUB//4EALn+LAD/gaz+CwD/gb
5=H+DQD/grm5/rAB/4Wq////uf4KAP+Bq/4gAP+Bqv4dAP+Buf61Af+Fuf//ra7+LAD/hXD/
6=//9w/hMA/4K5uf61Af+Fuf///6/+LAD/hnBw//9wcP4RAP+Cubn+tgH/gbn+MgD/gnBw/g
7=4A//4GALn+nAH/gMABACD+GAD/hKm5ubn+MAD/hXBw/3Bw/g0A/4G5/rEB/4Gs/gcA/4K5
8=uf4vAP+HcP///3BwcP4OAP+Buf63Af+Dubm5/g8A/4Go/gYA/4Gs/hkA/4VwcHD/cP4NAP
9=/+BAC5g///qf60Af+Buf4oAP+Cqqn+CQD/gXD+BAD//gQAcP4IAP+Cubn+uQH/gbn+KQD/
10=gqir/ggA/4tw/3D/cP9w/3D/cP4HAP+Cubn+uAH/gbn+KQD/gaz+CgD//gYAcP4aAP+Bq/
11=6nAf/+BAC5/jMA/4Kr//4HAHD+vQH/hKj//7n+EQD/gar+JAD/iXBwcP9w/3D/cP6/Af+C
12=ubn+OwD/hXD/cP9w/rsB//4EALn+FgD/gXD+JAD/gnBw/r4B/4K5uf4XAP+EcP//cP4jAP
13=+BcP69Af+Dubm5/hcA/4ZwcP9wcHD+3AH/haz///+5/hYA/4JwcP4HAP+BcP7cAf/+BAC5
14=/hgA/4pwcP///3D///9w/iMA//4FALmC/6z+rwH/grm5/hsA/4Rw/3D//gQAcP4lAP+Buf
15=61Af+Buf4fAP+DcP9w/gQA/4JwcP4JAP+Bqf4XAP+Buf4EAP+Buf6oAf+AKQEAIP4HAP+C
16=ubn+HgD/inBw/3D///9wcHD++AH/inD/cP///3D//3D+KgD/gaj+ygH/i3D/cHD//3BwcP
17=9w/vYB//4EAHCG/3D//3Bw/iQA/4G5/hIA/4Gq/sAB/4Fw/gQA/4JwcP4mAP+Cubn+0gH/
18=h3BwcP//cHD++gH/hXD///9w/igA//4FALn+zAH/h67/cHBw/3D+GwD/gbH+DwL/g7H/uf
19=7KAf+Br/4FAP+BcP4dAP+Buf7iAf+DcP9w/hQA/4ep////uf+5/hEA/4G5/s8B/4RwcP9w
20=/hgA/4O5ubn+BgD/gaj+wwH/gav+FgD//gUAcP4YAP+Eubn/sf7eAf+EcHD/cP4ZAP+Frv
21=///63+4QH/g3BwcP4ZAP+Cr7D+4gH/gXD+zQH/gNoAACD+LwD/ga3+Hgr/gar+BgD/gaz+
22=4QP//gUAuf77Af+Fuf///7n++wH/hbn/sf+5/u4B/4Kpqv4IAP/+BAC5/gQA/4JwcP4PAP
23=+Bq/7cAf+BqP4IAP+Cubn+BgD/hXD/cP9w/vAB//4EALn+BQD/j3D/cHD/cHBw////cP9w
24=cP7nAf+Cubn+BwD/hXBw//9w/gQA/4hw/3D/cHD/cP7lAf+Lubn///+w////cHD+BgD/g3
25=D///4HAHD+5QH/gbn+BQD/gar+BgD/hXBw//+p/gQAcIP/cHD+uQH/gFABACD+LgD/gbn+
26=CQD/gXD+BQD/i3Bw////cHD/cP9w/uUB/4G5/gkA/4RwcP9w/ggA/4lw/3BwcP///7H+4Q
27=H/gbn+DAD/g3BwcP4FAP+DcP9w/ugB/4G5/gYA/5Fw//9wcHD//3D///9w////cP7lAf/+
28=BAC5h/+s////cP/+BgBwhv9wcP9wcP4EAP+BcP7kAf+Buf4KAP+RcHD/cP//cP//cHD//3
29=D//3D+5AH/gbn+BgD/hnD/cHBw//4EAHCE//9w//4FAHD+7gH/i3D//3D/cP9wcHD//gQA
30=cP71Af+KcHBw/3D/cP9wcP7xAf+GcHBw/////gUAcIT//6hw/vMB/4pw//9w//9wcP///g
31=QAcP7yAf+GcP9wcHCr/gYAcP75Af+IcHBw/3D//3D++QH/hnD//3BwcP75Af+GcP9w//9w
32=/vsB/4RwcP9w/sIB/4ATAAAg/jwA/4JwcP79Af+CcHD+wx3/gAUAACD+ACD/gAUAACD+AC
33=D/gAUAACD+ACD/gAUAACD+ACD/gAUAACD+ACD/gAUAACD+ACD/gAUAACD+ACD/gAUAACD+
34=ACD/gAUAACD+ACD/gAUAACD+ACD/gAUAACD+ACD/gAUAACD+ACD/gAUAACD+ACD/gAUAAC
35=D+ACD/gAUAACD+ACD/gAUAACD+ACD/gAUAACD+ACD/gAUAACD+ACD/gAUAACD+ACD/gAUA
36=ACD+ACD/gAUAACD+ACD/gAUAACD+ACD/gAUAACD+ACD/gAUAACD+ACD/gA==

[ScriptTypes]
0=01000017

[Special]
IQ=5
Edge=North
Side=Special
Color=Grey
Allies=Special
Credits=0
ActsLike=0
NodeCount=0
TechLevel=10
PercentBuilt=100
PlayerControl=no

[SpecialFlags]
Inert=no
FogOfWar=no
IonStorms=no
MCVDeploy=no
Meteorites=no
Visceroids=yes
FixedAlliance=no
TiberiumGrows=yes
InitialVeteran=no
HarvesterImmune=no
TiberiumSpreads=yes
TiberiumExplosive=no
DestroyableBridges=yes

[Structures]
0=GDI,GAREFN,256,25,71,64,None,1,0,1,0,0,None,None,None,0,0
1=GDI,GACNST,256,33,68,64,None,1,0,1,0,0,None,None,None,0,0
2=GDI,GAPOWR,256,37,72,64,None,1,0,1,0,0,None,None,None,0,0
3=GDI,GAPOWR,256,37,76,64,None,1,0,1,0,0,None,None,None,0,0
4=GDI,GASILO,256,33,73,64,None,1,0,1,0,0,None,None,None,0,0
5=GDI,GASILO,256,33,76,64,None,1,0,1,0,0,None,None,None,0,0
6=GDI,GAPILE,256,33,80,64,None,1,0,1,0,0,None,None,None,0,0
7=Neutral,NEGLAMP,256,58,14,64,None,1,0,1,0,0,None,None,None,0,0
8=Neutral,NEGLAMP,256,84,28,64,None,1,0,1,0,0,None,None,None,0,0
9=Neutral,NEGLAMP,256,93,66,64,None,1,0,1,0,0,None,None,None,0,0
10=Neutral,NEGLAMP,256,95,43,64,None,1,0,1,0,0,None,None,None,0,0
11=Neutral,NEGLAMP,256,51,59,64,None,1,0,1,0,0,None,None,None,0,0
12=Neutral,NEGLAMP,256,32,35,64,None,1,0,1,0,0,None,None,None,0,0
13=Neutral,NEGLAMP,256,21,44,64,None,1,0,1,0,0,None,None,None,0,0
14=Neutral,NEGLAMP,256,11,54,64,None,1,0,1,0,0,None,None,None,0,0
15=Neutral,NEGLAMP,256,42,95,64,None,1,0,1,0,0,None,None,None,0,0
16=Neutral,NEGLAMP,256,77,74,64,None,1,0,1,0,0,None,None,None,0,0
28=Neutral,NEGLAMP,256,110,53,64,None,1,0,1,0,0,None,None,None,0,0
29=Neutral,NEGLAMP,256,48,30,64,None,1,0,1,0,0,None,None,None,0,0

[TMF]
IQ=5
Edge=North
Side=TMF
Color=Green
Allies=TMF
Credits=0
ActsLike=0
NodeCount=0
TechLevel=10
PercentBuilt=100
PlayerControl=no

[Tags]
01000001=0,AI Auto Production GDI 1,01000000
01000003=0,Objective 1 Text 1,01000002
01000005=0,Objective 1 Complete 1,01000004
01000007=0,Objective 2 Text 1,01000006
01000009=2,Objective 2 Text Repeat 1,01000008
01000011=0,_Lose 1,01000010
01000013=0,_Win 1 1,01000012
01000015=0,_Win 2 1,01000014
01000020=0,GDI Ranger Attack 1,01000019
01000022=0,All GDI to Hunt 1,01000021
01000024=0,_Start 1,01000023

[TaskForces]
0=01000016

[TeamTypes]
0=01000018

[Terrain]
18060=TREEAS05
18070=TREEAS06
19059=TREEAS02
20061=TREEAS04
21048=TREEAS03
21058=TREEAS03
22060=TREEAS01
22078=TREEAS04
24043=TREEAS05
26078=TREEAS05
29046=TREEAS04
29055=BUTREE02
29056=CLIFBS03
29057=CLIFBS02
29058=CLIFBS01
29077=TREEAS03
30057=BUTREE03
30058=BUTREE01
31031=TREEAS05
31057=BUTREE05
31065=TREEAS08
32059=BUTREE04
32065=TREEAS01
32066=TREEAS07
33035=TREEAS01
34034=TREEAS02
34035=TREEAS03
35051=TREEAS08
36045=TREEAS03
36087=TREEAS08
36088=TREEAS01
37088=TREEAS03
38029=TREEAS04
38030=TREEAS06
38092=CLIFBS05
39030=TREEAS05
39038=BUTREE04
39075=TREEAS04
39091=CLIFBS04
39093=TREEAS07
40040=TREEAS06
40058=TREEAS05
40078=TREEAS01
40091=CLIFBS06
40092=TREEAS03
40093=TREEAS05
41077=TREEAS07
42090=CLIFBS03
42092=TREEAS02
42094=TREEAS08
43024=TREEAS08
43089=TREEAS03
43091=TREEAS01
43093=TREEAS06
43099=TREEAS04
45041=TREEAS01
46048=TREEAS02
47028=BUTREE04
47067=TREEAS08
48028=BUTREE02
48055=TREEAS07
48103=TREEAS04
49026=BUTREE03
49027=BUTREE02
49030=TREEAS06
49100=TREEAS07
49101=TREEAS06
50018=TREEAS01
50029=TREEAS04
50101=TREEAS01
50102=TREEAS03
51027=TREEAS07
51029=TREEAS02
51030=TREEAS05
52018=TREEAS05
52025=TREEAS08
52027=TREEAS03
53029=TREEAS08
53031=TREEAS01
55013=TREEAS04
56017=TREEAS07
57055=TREEAS04
58087=BUTREE01
58088=BUTREE03
59072=TREEAS01
59088=BUTREE02
59112=TREEAS04
59114=TREEAS07
60049=TREEAS03
60075=TREEAS06
62073=TREEAS03
63029=BUTREE02
64055=TREEAS01
65064=TREEAS05
67090=TREEAS07
68016=TREEAS04
68083=TREEAS04
69015=TREEAS01
70017=TREEAS03
71097=TREEAS01
72099=TREEAS02
72102=TREEAS06
73058=TREEAS06
73081=TREEAS07
73088=TREEAS05
73097=TREEAS03
74099=TREEAS04
74100=TREEAS05
77030=LOGS04
77031=LOGS02
77073=TREEAS02
79042=LOGS01
79067=BUTREE05
80042=LOGS07
80067=BUTREE01
80068=BUTREE04
81057=TREEAS08
81064=TREEAS05
81086=TREEAS01
81091=TREEAS03
83050=TREEAS07
84029=TREEAS06
84043=BUTREE04
85030=TREEAS02
85043=BUTREE06
85044=BUTREE05
86030=TREEAS05
86076=TREEAS06
88065=TREEAS06
89035=BUTREE01
89084=TREEAS06
90075=TREEAS01
93080=TREEAS04
96047=BUTREE04
97049=TREEAS01
107068=TREEAS04
70029=STLITE03

[Triggers]
01000000=GDI,<none>,AI Auto Production GDI,0,1,1,1,0
01000002=GDI,<none>,Objective 1 Text,0,1,1,1,0
01000004=TDNOD,<none>,Objective 1 Complete,0,1,1,1,0
01000006=GDI,<none>,Objective 2 Text,1,1,1,1,0
01000008=GDI,<none>,Objective 2 Text Repeat,1,1,1,1,0
01000010=GDI,<none>,_Lose,0,1,1,1,0
01000012=GDI,<none>,_Win 1,0,1,1,1,0
01000014=GDI,<none>,_Win 2,1,1,1,1,0
01000019=GDI,<none>,GDI Ranger Attack,0,1,1,1,0
01000021=GDI,<none>,All GDI to Hunt,0,1,1,1,0
01000023=GDI,<none>,_Start,0,1,1,1,0

[Units]
0=TDNOD,TDMCV,256,104,60,224,Guard,None,0,-1,0,-1,1,0
1=TDNOD,BGGY,256,100,58,224,Guard,None,0,-1,0,-1,1,0
2=TDNOD,BGGY,256,101,57,224,Guard,None,0,-1,0,-1,1,0
3=TDNOD,BGGY,256,102,56,224,Guard,None,0,-1,0,-1,1,0
4=GDI,TDHARV,164,27,75,64,Guard,None,0,-1,0,-1,1,0
5=GDI,TDJEP,256,20,67,64,Area Guard,None,0,-1,0,-1,1,0
6=GDI,TDJEP,256,34,66,224,Area Guard,None,0,-1,0,-1,1,0
7=GDI,TDJEP,256,31,81,128,Area Guard,None,0,-1,0,-1,1,0
8=GDI,TDJEP,256,24,78,96,Area Guard,None,0,-1,0,-1,1,0

[Waypoints]
0=22079
1=25075
98=56100
99=56101

[Digest]
1=MleV85JLlEF+VU3oGjNufBIJpfc=

